Accuracy: 462/935 = 49.41%

[0] Roman: Ma bajaarma kehi tarkari ra phalaphul kinna jaandai chhu.
  Expected: म बजारमा केही तरकारी र फलफूल किन्न जाँदैछु।
  Got:      म बजारमा केही तर्करी र फलफुल किन्न जाँदै छु।
----------------------------------------
[6] Roman: Ma hijo Nepal aaipugeko hun ra ma dui hapta basne yojana ma chhu.
  Expected: म हिजो नेपाल आइपुगेको हुँ र म दुई हप्ता बस्ने योजनामा ​​छु।
  Got:      म हिजो नेपाल आइपुगेको हुन् र म दुई हप्ता बस्ने योजनामा छु।
----------------------------------------
[14] Roman: Tesaiile, ma yo katha sunauna ek chiso, andhyaaro sharad ritu ko raatma tapai kahaan aayeko chhu.
  Expected: त्यसैले, म यो कथा सुनाउन एक चिसो, अँध्यारो शरद ऋतुको रातमा तपाईंकहाँ आएको छु।
  Got:      त्यसैले, म यो कथा कथा एक चिसो, चिसो अँध्यारो शरद ऋतुको ‘तपाईं तपाईंकहाँ आएको छु।
----------------------------------------
[25] Roman: Malai laagdaina ki yo badhaichadhai ho, malai laagdaina ki yo bhanna dherai chha, ki yo mero jiwan ko sabai bhanda romanchak ra naatakiya barshaharu madhye ek bhaeko chha.
  Expected: मलाई लाग्दैन कि यो बढाइचढाइ हो, मलाई लाग्दैन कि यो भन्न धेरै छ, कि यो मेरो जीवनको सबैभन्दा रोमाञ्चक र नाटकीय वर्षहरू मध्ये एक भएको छ।
  Got:      मलाई लाग्दैन कि यो बधैचधै हो, मलाई लाग्दैन कि यो भन्न धेरै छ, कि यो मेरो जीवनको सबैभन्दा रोमाञ्चक र नातकिय वर्षहरू मध्ये एक भएको छ।
----------------------------------------
[27] Roman: Malai laagchha ki maile podcast ko laagi saanchoi ramro naya kaam srijana gareko chhu.
  Expected: मलाई लाग्छ कि मैले पोडकास्टको लागि साँच्चै राम्रो नयाँ काम सिर्जना गरेको छु।
  Got:      मलाई लाग्छ कि मैले पोद्चस्तको लागि साँच्चै राम्रो नयाँ काम सिर्जना गरेको छु।
----------------------------------------
[33] Roman: Bastavma, tyo samasya ho… Thata!
  Expected: वास्तवमा, त्यो समस्या हो ... ठट्टा!
  Got:      बस्तवम, त्यो समस्या हो... ठट्टा!
----------------------------------------
[42] Roman: Malai tyo pustak dherai man parchha.
  Expected: मलाई त्यो पुस्तक धेरै मन पर्छ।
  Got:      मलाई त्यो पुस्तक धेरै मन पार्छ।
----------------------------------------
[44] Roman: Ma sarne kaam ma dherai byasta bhaeko chhu, ra ma film herna jaanko laagi saanchoi utsaahit chhu, tara malai yo pani thaaha chha ki masanga esko baarema jatil bichaarharu hunechhan.
  Expected: म सर्ने काममा धेरै व्यस्त भएको छु, र म फिल्म हेर्न जानको लागि साँच्चै उत्साहित छु, तर मलाई यो पनि थाहा छ कि मसँग यसको बारेमा जटिल विचारहरू हुनेछन्।
  Got:      म सार्ने काममा धेरै व्यस्त भएको छु, र म फिल्म हेर्न जानको लागि साँच्चै उत्साहित छु, तर मलाई यो पनि थाहा छ कि मसँग यसको बारेमा जटिल बिचारहरु हुनेछन्।
----------------------------------------
[45] Roman: Kina bhane malai sangeet man parchha, tara jab jab ma sangeet herchhu, ma sochchhu ki pustak kati ramro chha, ra ma chahanchhu ki filmle upanyas bata thap lieko hos.
  Expected: किनभने मलाई संगीत मन पर्छ, तर जब जब म संगीत हेर्छु, म सोच्छु कि पुस्तक कति राम्रो छ, र म चाहन्छु कि फिल्मले उपन्यासबाट थप लिएको होस्।
  Got:      किनभने मलाई संगीत मन पार्छ, तर जब जब म संगीत हेर्छु, म सोच्छु कि पुस्तक कति राम्रो छ, र म चाहन्छु कि फिल्मले उपन्यासबाट थप लिइएको होस्।
----------------------------------------
[46] Roman: Maile saanchoi aasha gareko thien ki tiniharu le tyahi garnechhan, tara maile kehi samikshya padheko chhu ra yasto laagchha ki tyasto hoin.
  Expected: मैले साँच्चै आशा गरेको थिएँ कि तिनीहरूले त्यही गर्नेछन्, तर मैले केही समीक्षा पढेको छु र यस्तो लाग्छ कि त्यस्तो होइन।
  Got:      मैले साँच्चै आशा गरेको थिएन कि तिनीहरूले त्यही गर्नेछन, तर मैले केही समिक्ष्य पधेको छु र यस्तो लाग्छ कि त्यस्तो होइन।
----------------------------------------
[48] Roman: Je hos, um, tesmadhye dherai improvised thiyo, tara yo sabai tapaainko laagi utkrishta sunne abhyaas ho.
  Expected: जे होस्, उम, त्यसमध्ये धेरैimprovised थियो, तर यो सबै तपाईंको लागि उत्कृष्ट सुन्ने अभ्यास हो।
  Got:      जे होस्, उम, तेस्मध्ये धेरै इम्प्रोविसेद थियो, तर यो सबै तपाईंको लागि उत्कृष्ट सुन्ने अभ्यास हो।
----------------------------------------
[49] Roman: Samanyataya, tapaainle ma kasari abhinaya gariraheko chhu tesbata thaaha pauna saknuhunchha, ma ali tanavma chhu.
  Expected: सामान्यतया, तपाईंले म कसरी अभिनय गरिरहेको छु त्यसबाट थाहा पाउन सक्नुहुन्छ, म अलि तनावमा छु।
  Got:      सामान्यतया, तपाईंले मा कसरी अभिनय गरिरहेको छु त्यसबाट थाहा पाउन सक्नुहुन्छ, म अलि तनावमा छु।
----------------------------------------
[52] Roman: Bastavma, malai laagdaina ki maile mero jiwanma Christmas ko laagi yati dherai utsukta dekhaeko chhu.
  Expected: वास्तवमा, मलाई लाग्दैन कि मैले मेरो जीवनमा क्रिसमसको लागि यति धेरै उत्सुकता देखाएको छु।
  Got:      बस्तवम, मलाई लाग्दैन कि मैले मेरो जीवनमा क्रिसमसको लागि यति धेरै उत्सुक्त देखाएको छु।
----------------------------------------
[53] Roman: Aba, aanshik rupma yo kina bhane ma tanavma chhu ra ma khaali samaya, khaana ra alcohol ko laagi utsuk chhu, tara malai laagchha ki yo kina bhane ma Londonma basdai aaeko chhu ra, malai thaaha chhaina ki yo kewal barshauko British romantic comedies le London lai Christmas ma yati romantic dekhaeko ho, malai thaaha chhaina ki yo shaharko kendrama sundar Christmas battiharu hun, malai thaaha chhaina ki yo kewal kina bhane maile ghar chodeko chhu ra malai mero balyakaal ko baarema purano yaad aauchha, tara ma saanchoi Christmas ko laagi utsuk chhu.
  Expected: अब, आंशिक रूपमा यो किनभने म तनावमा छु र म खाली समय, खाना र अल्कोहलको लागि उत्सुक छु, तर मलाई लाग्छ कि यो किनभने म लन्डनमा बस्दै आएको छु र, मलाई थाहा छैन कि यो केवल वर्षौंको ब्रिटिश रोमान्टिक कमेडीहरूले लन्डनलाई क्रिसमसमा यति रोमान्टिक देखाएको हो, मलाई थाहा छैन कि यो शहरको केन्द्रमा सुन्दर क्रिसमस बत्तीहरू हुन्, मलाई थाहा छैन कि यो केवल किनभने मैले घर छोडेको छु र मलाई मेरो बाल्यकालको बारेमा पुरानो याद आउँछ, तर म साँच्चै क्रिसमसको लागि उत्सुक छु।
  Got:      अब, आंशिक रूपमा यो किनभने म तनावमा छु र म खाली समय, खाना र अल्चोहोलको लागि उत्सुक छु, तर मलाई लाग्छ कि यो किनभने म लन्डनमा बस्दै आएको छु र, मलाई थाहा छैन कि यो केवल बर्शौको ब्रिटिश रोमान्टिक कमेडीहरूले लन्डनलाई चृस्त्मसमा यति रोमान्टिक देखाएको हो, मलाई थाहा छैन कि यो शहरको केन्द्रमा सुँदर चृस्त्मस बत्तीहरु हुन्, मलाई थाहा छैन कि यो केवल किनभने मैले घर छोडेको छु र मलाई मेरो बल्यकालको बारेमा पुरानो याद आउछ, तर म साँच्चै क्रिसमसको लागि उत्सुक छु।
----------------------------------------
[54] Roman: Ra yo barsha, mero bhai ra meri bahini pani mero aamababu ko ma basnechhan, ra uff.
  Expected: र यो वर्ष, मेरो भाइ र मेरी बहिनी पनि मेरो आमाबाबुकोमा बस्नेछन्, र उफ।
  Got:      र यो वर्ष, मेरो भै र मेरी बहिनी पनि मेरो आमबबुकोमा बस्नेछन, र उफ्फ।
----------------------------------------
[57] Roman: Malai kasto laagchha bhane ma Bridget Jones’s Diary film ma chhu.
  Expected: मलाई कस्तो लाग्छ भने म Bridget Jones’s Diary फिल्ममा छु।
  Got:      मलाई कस्तो लाग्छ भने म बृद्गेत जोनेस’स दिअर्य फिल्ममा छु।
----------------------------------------
[58] Roman: Bridget Jones’s Diary ek pratishthit, ek dherai mahatwapurna, 90 ko dashak ko British romantic comedy film ho ra, ah, malai laagchha ki ma filmma Bridget bhanda premma ali badi safal chhu, tara nischit rupma Christmas ma London ko romantic watavaran film ko barema malai man parne kura ho.
  Expected: Bridget Jones’s Diary एक प्रतिष्ठित, एक धेरै महत्त्वपूर्ण, 90 को दशकको ब्रिटिश रोमान्टिक कमेडी फिल्म हो र, अह, मलाई लाग्छ कि म फिल्ममा Bridget भन्दा प्रेममा अलि बढी सफल छु, तर निश्चित रूपमा क्रिसमसमा लन्डनको रोमान्टिक वातावरण फिल्मको बारेमा मलाई मन पर्ने कुरा हो।
  Got:      बृद्गेत जोनेस’स दिअर्य एक प्रतिष्ठित, एक धेरै महत्त्वपूर्ण, 90को दशकको ब्रिटिश रोमान्टिक चोमेद्य फिल्म हो र, अह, मलाई लाग्छ कि म फिल्ममा बृद्गेतभन्दा प्रेममा अलि बढी सफल छु, तर निश्चित रूपमा चृस्त्मसमा लन्डनको रोमान्टिक वतवरन फिल्मको बारेमा मलाई मन पार्ने कुरा हो।
----------------------------------------
[61] Roman: Tiniharu le manisaharu lai sochna lagaauchhan ki yo UK ma harek barsha hiun parchha.
  Expected: तिनीहरूले मानिसहरूलाई सोच्न लगाउँछन् कि यो UK मा हरेक वर्ष हिउँ पर्छ।
  Got:      तिनीहरूले मानिसहरूलाई सोच्न लगाउछन कि यो उकमा हरेक वर्ष हिउँ पार्छ।
----------------------------------------
[62] Roman: Ra masanga ek vidyarthi thin jo yasto desh bata aauchhin jaha hiun pardaina, unale sodhin, khair, kahile hiun parna suru hunchha?
  Expected: र मसँग एक विद्यार्थी थिइन् जो यस्तो देशबाट आउँछिन् जहाँ हिउँ पर्दैन, उनले सोधिन्, खैर, कहिले हिउँ पर्न सुरु हुन्छ?
  Got:      र मसँग एक विद्यार्थी थिइन् जो यस्तो देशबाट आउँछिन् जहाँ हिउँ पर्दैन, उनले सोधिन्, खैर, कहिले हिउँ पार्न सुरु हुन्छ?
----------------------------------------
[64] Roman: Ra maile unlai bhannuparyo, um, yo lagbhag tin barshama ek patak hiun parchha, ra yo samanyataya paglana bina jaminma basna ko lagi paryapta baklo hundaiana.
  Expected: र मैले उनलाई भन्नुपर्‍यो, उम, यो लगभग तीन वर्षमा एक पटक हिउँ पर्छ, र यो सामान्यतया पग्लन बिना जमिनमा बस्नको लागि पर्याप्त बाक्लो हुँदैन।
  Got:      र मैले उनलाई भन्नुपर्‍यो, उम, यो लगभग तीन वर्षमा एक पटक हिउँ पार्छ, र यो सामान्यतया पग्लन बिना जमिनमा बस्नको लागि पर्याप्त बाक्लो हुँदैन।
----------------------------------------
[65] Roman: Tesaiile, tapaainle Bridget Jones’s Diary lai Londonma hiun parnechha bhanera sochna lagaeko ma dosh dina saknuhunchha.
  Expected: त्यसैले, तपाईंले Bridget Jones’s Diary लाई लन्डनमा हिउँ पर्नेछ भनेर सोच्न लगाएकोमा दोष दिन सक्नुहुन्छ।
  Got:      त्यसैले, तपाईंले बृद्गेत जोनेस’स दिअर्यलाई लन्डनमा हिउँ पर्नेछ भनेर सोच्न लगाएकोमा दोश दिन सक्नुहुन्छ।
----------------------------------------
[66] Roman: Yadi it does snow in the UK, yo uttarma, vishesh gari Scotlandma badi sambhawana hunchha.
  Expected: यदि UK मा हिउँ पर्छ भने, यो उत्तरमा, विशेष गरी स्कटल्याण्डमा बढी सम्भावना हुन्छ।
  Got:      यदि इत दोएस स्नोव इन द उक, यो उत्तरमा, विशेष गरी स्चोत्लँदमा बढी सम्भावना हुन्छ।
----------------------------------------
[67] Roman: Bastavma, malai laagchha ki tapaainle yo myth ko laagi vishesh gari Hugh Grant lai dosh dinuparchha ki UK ma harek barsha hiun parchha.
  Expected: वास्तवमा, मलाई लाग्छ कि तपाईंले यो मिथकको लागि विशेष गरी Hugh Grant लाई दोष दिनुपर्छ कि UK मा हरेक वर्ष हिउँ पर्छ।
  Got:      बस्तवम, मलाई लाग्छ कि तपाईंले यो म्य्थको लागि विशेष गरी हुघ ग्रँतलाई दोश दिनुपर्छ कि उकमा हरेक वर्ष हिउँ पार्छ।
----------------------------------------
[69] Roman: Tesaiile aajako katha ko barema kura garaun taki ma anantakalsamma kura garirahana naparos.
  Expected: त्यसैले आजको कथाको बारेमा कुरा गरौं ताकि म अनन्तकालसम्म कुरा गरिरहन नपरोस्।
  Got:      त्यसैले आजको कथाको बारेमा कुरा गरौन ताकि मा अनँतकल्सममा कुरा गरिरहन नपरोस।
----------------------------------------
[71] Roman: Yo kasari kehi astitwama aayo bhanne katha ho.
  Expected: यो कसरी केहि अस्तित्वमा आयो भन्ने कथा हो।
  Got:      यो कसरी केही अस्तित्वमा आयो भन्ने कथा हो।
----------------------------------------
[72] Roman: Jab hami sodhchhau ki kehi kasari astitwama aayo, hami sodhiraheka chhau ki yo kasari suru bhayo.
  Expected: जब हामी सोध्छौं कि केहि कसरी अस्तित्वमा आयो, हामी सोधिरहेका छौं कि यो कसरी सुरु भयो।
  Got:      जब हामी सोध्छौं कि केही कसरी अस्तित्वमा आयो, हामी सोधिरहेका छौं कि यो कसरी सुरु भयो।
----------------------------------------
[73] Roman: Udaharan ka laagi, kehi janawaraharu kasari astitwama aae bhanne barema dherai lokakathaharu chhan.
  Expected: उदाहरणका लागि, केही जनावरहरू कसरी अस्तित्वमा आए भन्ने बारेमा धेरै लोककथाहरू छन्।
  Got:      उदाहरणका लागि, केही जनवरहरु कसरी अस्तित्वमा आए भन्ने बारेमा धेरै लोककथहरु छन्।
----------------------------------------
[74] Roman: Aajako katha ma, hami siknechhau ki platypus haru kasari astitwama aae - tiniharu yati anautha janawaraharu hun ki tiniharu ko pachadi euta ramro katha hunuparchha!
  Expected: आजको कथामा, हामी सिक्नेछौं कि प्लेटिपसहरू कसरी अस्तित्वमा आए - तिनीहरू यति अनौठा जनावरहरू हुन् कि तिनीहरूको पछाडि एउटा राम्रो कथा हुनुपर्छ!
  Got:      आजको कथामा, हामी सिक्नेछौ कि प्लत्य्पुसहरु कसरी अस्तित्वमा आए - तिनीहरू यति अनौथ जनवरहरु हुन् कि तिनीहरूको पछाडि एउटा राम्रो कथा हुनुपर्छ!
----------------------------------------
[75] Roman: Ra tyo note ma, ma katha ka shabdaharu matra vyakhya garnechhu.
  Expected: र त्यस नोटमा, म कथाका शब्दहरू मात्र व्याख्या गर्नेछु।
  Got:      र त्यो नोटमा, म कथाका शब्दहरू मात्र व्याख्या गर्नेछु।
----------------------------------------
[78] Roman: Haansle sabai prakarka khana khana sakne bhayeta pani, ra yo haansko lagi nadima prasasta botbiruwaharu thie, usle sadhai aru manisaharu lai uniharu ko khana magthyo.
  Expected: हाँसले सबै प्रकारका खाना खान सक्ने भएता पनि, र यो हाँसको लागि नदीमा प्रशस्त बोटबिरुवाहरू थिए, उसले सधैं अरू मानिसहरूलाई उनीहरूको खाना माग्थ्यो।
  Got:      हाँसले सबै प्रकारका खाना खाना सक्ने भएता पनि, र यो हाँसको लागि नदीमा प्रशस्त बोटबिरुवाहरू थिए, उसले सधैं अरू मानिसहरूलाई उनीहरूको खाना माग्थ्यो।
----------------------------------------
[81] Roman: Usle pahile nai aphna aamababu, bahra jana dajubhai ra didibahini ra pachas jana kaka/phupuka chora chori harulai heraan garisakeko thiyo, ra kasaisita pani uslai dine khana thiena.
  Expected: उसले पहिले नै आफ्ना आमाबाबु, बाह्र जना दाजुभाइ र दिदीबहिनी र पचास जना काका/फुपुका छोराछोरीहरूलाई हैरान गरिसकेको थियो, र कसैसित पनि उसलाई दिने खाना थिएन।
  Got:      उसले पहिले नै आफ्ना आमबबु, बह्र जान दजुभै र दिदिबहिनी र पचस जान कक/फुपुका चोर चोरीहरुलाई हैरान गरिसकेको थियो, र कसैसित पनि उसलाई दिने खाना थिएन।
----------------------------------------
[84] Roman: Utkrista, haansle sochyo. Tyo beaverle jhuto bolna ra masanga khana chhaina bhanna sakdaina – ma teslai tyahin dekhna sakchhu!
  Expected: ‘उत्कृष्ट,’ हाँसले सोच्यो। ‘त्यो बीभरले झुटो बोल्न र मसँग खाना छैन भन्न सक्दैन – म त्यसलाई त्यहीँ देख्न सक्छु!’
  Got:      ‘उत्कृष्ट’, हाँसले सोच्यो। त्यो बीभरले झुटो बोल्न र मसँग खाना छैन भन्न सक्दैन –मा त्यसलाई त्यहीँ देख्न सक्छु’!
----------------------------------------
[85] Roman: Jaba beaverle haans aairheko dekho, usle bhanyo, "Oho hoina! Yo tyo haans ho jaslai aphno khana khojna wasta chhaina tesbaile usle aru sabaai lai uniharuko khana ko lagi heraan garchha!"
  Expected: जब बीभरले हाँस आइरहेको देख्यो, उसले भन्यो, ‘ओहो होइन! यो त्यो हाँस हो जसलाई आफ्नो खाना खोज्न वास्ता छैन त्यसैले उसले अरू सबैलाई उनीहरूको खानाको लागि हैरान गर्छ!’
  Got:      जब बीभरले हाँस आइरहेको देख्यो, उसले भन्यो, "‘ओहो होइन! यो त्यो हाँस हो जसलाई आफ्नो खाना खोज्न वास्ता छैन त्यसैले उसले अरू सबैलाई उनीहरूको खानाको लागि हैरान गर्छ!"
----------------------------------------
[86] Roman: Namaste, Susri Beaver! Haansle bhanyo. Bhannuhos, tyo kath swadist dekhinchha. Ke tapai masanga kehi badnuhunchha?
  Expected: ‘नमस्ते, सुश्री बीभर!’ हाँसले भन्यो। ‘भन्नुहोस्, त्यो काठ स्वादिष्ट देखिन्छ। के तपाइँ मसँग केही बाँड्नुहुन्छ?’
  Got:      नमस्ते, सुश्री बीभर! हाँसले भन्यो। ‘भन्नुहोस्, त्यो काठ स्वादिष्ट देखिन्छ। के ‘तपाईं मसँग केही बाँड्नुहुन्छ’?
----------------------------------------
[87] Roman: An, yo kath bastabma khana hoina, beaverle chhito sochdai bhanyo. Ma eslai tayar pardai chhu taki ma esbat bandh banauna sakun. Malai kathko harek sano tukra chahinchha, tapai dekhnuhunchha.
  Expected: ‘अँ, यो काठ वास्तवमा खाना होइन,’ बीभरले छिटो सोच्दै भन्यो। ‘म यसलाई तयार पार्दैछु ताकि म यसबाट बाँध बनाउन सकूँ। मलाई काठको हरेक सानो टुक्रा चाहिन्छ, तपाईं देख्नुहुन्छ।’
  Got:      अन, यो काठ वास्तवमा खाना होइन, बीभरले छिटो सोच्दै भन्यो। म एसलाई तयार पार्दै छु ताकि मा एस्बत ‘बाँध बनाउन सकुन। मलाई काठको हरेक सानो टुक्रा चाहिन्छ, ‘तपाईं देख्नुहुन्छ।
----------------------------------------
[89] Roman: Bandh ke ho? Hansle bhanyo.
  Expected: ‘बाँध के हो?’ हाँसले भन्यो।
  Got:      ‘बाँध के हो? हाँसले भन्यो।
----------------------------------------
[90] Roman: Yo ghar jastai ho, beaverle bhanyo. Oho, tara tapai hansharu gharma basnuhunna, hoina ra? Sunnuhos, yo dherai jatil chha. Beaverle aphno puchharle panima hirkayo. Bas thaha paunuhos ki malai bandh banauna mero sabai kath chahinchha ra tapai le kehi paunuhunna. Aba, ma kaam ma farkanu ramro hunchha. Bye!
  Expected: ‘यो घर जस्तै हो,’ बीभरले भन्यो। ‘ओहो, तर तपाईं हाँसहरू घरमा बस्नुहुन्न, होइन र? सुन्नुहोस्, यो धेरै जटिल छ।’ बीभरले आफ्नो पुच्छरले पानीमा हिर्कायो। ‘बस थाहा पाउनुहोस् कि मलाई बाँध बनाउन मेरो सबै काठ चाहिन्छ र तपाईंले केही पाउनुहुन्न। अब, म काममा फर्कनु राम्रो हुन्छ। बाइ!’
  Got:      यो घर जस्तै हो, बीभरले भन्यो। ‘ओहो, तर ‘तपाईं हँसहरु घरमा बस्नुहुन्न, होइन र? सुन्नुहोस, यो धेरै जटिल छ। बीभरले आफ्नो पुच्छरले पनिमा हिर्कयो। बस थाहा पौनुहोस कि मलाई ‘बाँध बनाउन मेरो सबै काठ चाहिन्छ र ‘तपाईंले केही पौनुहुन्न। अब, म काममा फर्कनु राम्रो हुन्छ। ब्ये!
----------------------------------------
[91] Roman: Malai thaha chha ghar ke ho! Hansle bhanyo. Ma murkha hoina!
  Expected: ‘मलाई थाहा छ घर के हो!’ हाँसले भन्यो। ‘म मूर्ख होइन!’
  Got:      मलाई थाहा छ घर के हो! हाँसले भन्यो। म मूर्ख होइन!
----------------------------------------
[93] Roman: Thulo galti.
  Expected: ठुलो गल्ती।
  Got:      ठूलो गल्ती।
----------------------------------------
[94] Roman: Tan ghinalagdo sano—!
  Expected: ‘तँ घिनलाग्दो सानो—!’
  Got:      ‘तँ घिनलाग्दो सानो—’!
----------------------------------------
[96] Roman: Mero khanabat hata! Beaverle bhanyo.
  Expected: ‘मेरो खानाबाट हट!’ बीभरले भन्यो।
  Got:      मेरो खानाबाट हट’! बीभरले भन्यो।
----------------------------------------
[97] Roman: Tesobhaye yo khana ho! Hansle bhanyo. Timile malai jhuto bolyau!
  Expected: ‘त्यसोभए यो खाना हो!’ हाँसले भन्यो। ‘तिमीले मलाई झुटो बोल्यौ!’
  Got:      ‘त्यसोभए यो खाना हो! हाँसले भन्यो। ‘तिमीले मलाई झुटो बोल्यौ’!
----------------------------------------
[102] Roman: Otter aphno khana ma dherai saawdhaan thiyo, ra paudi khelna jaanu aghi, usle das machha ganyo.
  Expected: ओटर आफ्नो खानामा धेरै सावधान थियो, र पौडी खेल्न जानुअघि, उसले दस माछा गन्यो।
  Got:      ओटर आफ्नो खानामा धेरै साव्धान थियो, र पौडी खेल्न जानु अघि, उसले दस माछा गन्यो।
----------------------------------------
[105] Roman: Ra aba tyo darlagdo haansle tyo garib beaverlai aakraman garirheko chha! Yo bilkulai hudaina.
  Expected: ‘र अब त्यो डरलाग्दो हाँसले त्यो गरिब बीभरलाई आक्रमण गरिरहेको छ! यो बिल्कुलै हुँदैन।’
  Got:      र अब त्यो डरलाग्दो हाँसले त्यो गरिब बीभरलाई आक्रमण गरिरहेको छ! यो बिल्कुलै हुँदैन।
----------------------------------------
[107] Roman: He, ek biruddha dui uchit chhaina! Hansle bhanyo.
  Expected: ‘हे, एक विरुद्ध दुई उचित छैन!’ हाँसले भन्यो।
  Got:      ‘हे, एक विरुद्ध दुई उचित छैन! हाँसले भन्यो।
----------------------------------------
[108] Roman: Khana chornu uchit chhaina! Beaver ra otterle bhane.
  Expected: ‘खाना चोर्नु उचित छैन!’ बीभर र ओटरले भने।
  Got:      खाना चोर्नु उचित छैन! बीभर र ओटरले भने।
----------------------------------------
[109] Roman: Aba ladainle dherai awaj matra nikali raheko thiena, tara esle pani pani hallai raheko thiyo.
  Expected: अब लडाइँले धेरै आवाज मात्र निकालिरहेको थिएन, तर यसले पानी पनि हल्लाइरहेको थियो।
  Got:      अब लडाइँले धेरै आवाज मात्र निकली रहेको थिएन, तर यसले पनि पनि हललाई रहेको थियो।
----------------------------------------
[110] Roman: Nadiko talatira, euta machhale pani hallirheko mahasus garyo ra ke bhairheko chha bhanera sochyo.
  Expected: नदीको तलतिर, एउटा माछाले पानी हल्लिरहेको महसुस गर्‍यो र के भइरहेको छ भनेर सोच्यो।
  Got:      नदीको तलतिर, एउटा माछाले पनि हल्लिरहेको महसुस गर्‍यो र के भइरहेको छ भनेर सोच्यो।
----------------------------------------
[112] Roman: Aah, yo tyo darlagdo otter ho! Machhale bhanyo.
  Expected: ‘आह, यो त्यो डरलाग्दो ओटर हो!’ माछाले भन्यो।
  Got:      ‘आह, यो त्यो डरलाग्दो ओटर हो! माछाले भन्यो।
----------------------------------------
[113] Roman: Kehi din aghi, otterle machha khana khojeko thiyo.
  Expected: केही दिन अघि, ओटरले माछा खान खोजेको थियो।
  Got:      केही दिन अघि, ओटरले माछा खाना खोजेको थियो।
----------------------------------------
[114] Roman: Abashya pani, otterharule harek din machha khanchhan, tara yo machha bilkulai khana chahandainthyo.
  Expected: अवश्य पनि, ओटरहरूले हरेक दिन माछा खान्छन्, तर यो माछा बिल्कुलै खान चाहँदैनथ्यो।
  Got:      अवश्य पनि, ओटरहरूले हरेक दिन माछा खान्छन्, तर यो माछा बिल्कुलै खाना चाहँदैनथ्यो।
----------------------------------------
[115] Roman: U bhagepachhi, usle bhanyo, "Yadi maile tyo otterlai feri dekhe bhane, ma teslai marnechhu!"
  Expected: ऊ भागेपछि, उसले भन्यो, ‘यदि मैले त्यो ओटरलाई फेरि देखे भने, म त्यसलाई मार्नेछु!’
  Got:      ऊ भागेपछि, उसले भन्यो, "यदि मैले त्यो ओटरलाई फेरि देखिए भने, म त्यसलाई मार्नेछु’!"
----------------------------------------
[118] Roman: Tapai yahan ke gardai hunuhunchha? Beaverle bhanyo. Tapai marinuhunechha!
  Expected: ‘तपाईं यहाँ के गर्दै हुनुहुन्छ?’ बीभरले भन्यो। ‘तपाईं मारिनुहुनेछ!’
  Got:      ‘तपाईं यहाँ के गर्दै हुनुहुन्छ? बीभरले भन्यो। ‘तपाईं मारिनुहुनेछ’!
----------------------------------------
[119] Roman: Ma tyo otterlai masangai tala lyaunechhu! Machhale bhanyo. Marna tayar hunuhos!
  Expected: ‘म त्यो ओटरलाई मसँगै तल ल्याउनेछु!’ माछाले भन्यो। ‘मर्न तयार हुनुहोस्!’
  Got:      म त्यो ओटरलाई मसँगै तल ल्याउनेछु’! माछाले भन्यो। ‘मर्न तयार हुनुहोस्’!
----------------------------------------
[123] Roman: "Ramro" hinsa "sahi prakarko" hinsa ho, jun uchit thaharinchha ra kehi sandarbhaharu ma manainchha pani, jastai Adolf Hitler lai marnu.
  Expected: "राम्रो" हिंसा "सही प्रकारको" हिंसा हो, जुन उचित ठहरिन्छ र केहि सन्दर्भहरूमा मनाइन्छ पनि, जस्तै एडोल्फ हिटलरलाई मार्नु।
  Got:      "राम्रो" हिंसा "सही प्रकारको" हिंसा हो, जुन उचित ठहरिन्छ र केही सन्दर्भहरूमा मनाइन्छ पनि, जस्तै एडोल्फ हिटलरलाई मार्नु।
----------------------------------------
[126] Roman: "Sahi prakarko" hinsa ra "galat prakarko" hinsa bichko bhinnata awashyak rupma hinsako karya aaphai ma hoina, baru esko sandarbha ra auchitya ho.
  Expected: "सही प्रकारको" हिंसा र "गलत प्रकारको" हिंसा बीचको भिन्नता आवश्यक रूपमा हिंसाको कार्य आफैंमा होइन, बरु यसको सन्दर्भ र औचित्य हो।
  Got:      "सही प्रकारको" हिंसा र "गलत प्रकारको" हिंसा बीचको भिन्नता आवश्यक रूपमा हिंसाको कार्य आफैँमा होइन, बरु यसको सन्दर्भ र औचित्य हो।
----------------------------------------
[127] Roman: "Sahi prakarko" hinsalai prayah samajik niyamharu, sanskritik mulyamanyataharu, wa dharmikta ko bhawnadwara uchit thaharinchha, jabaki "galat prakarko" hinsa uchit chhaina ra prayah vyaktigat labh, krodh, wa haawi hune ichchhadwara prerit hunchha.
  Expected: "सही प्रकारको" हिंसालाई प्रायः सामाजिक नियमहरू, सांस्कृतिक मूल्यमान्यताहरू, वा धार्मिकताको भावनाद्वारा उचित ठहराइन्छ, जबकि "गलत प्रकारको" हिंसा उचित छैन र प्रायः व्यक्तिगत लाभ, क्रोध, वा हावी हुने इच्छाद्वारा प्रेरित हुन्छ।
  Got:      "सही प्रकारको" हिंसालाई प्रायः सामाजिक नियमहरू, सांस्कृतिक मूल्यमान्यताहरू, वा धार्मिकताको भावनाद्वारा उचित ठहरिन्छ, जबकि "गलत प्रकारको" हिंसा उचित छैन र प्रायः व्यक्तिगत लाभ, क्रोध, वा हावी हुने इच्छाद्वारा प्रेरित हुन्छ।
----------------------------------------
[132] Roman: Yo janmajata aakramakta aadim watabaranma astitwako lagi awashyak thiyo, jaha shikaariharu ra pratispardhiharubat aafu ra aphno pariwarko raksha garne kshamta prajatiko prasar ko lagi mahatwapurna thiyo.
  Expected: यो जन्मजात आक्रामकता आदिम वातावरणमा अस्तित्वको लागि आवश्यक थियो, जहाँ शिकारीहरू र प्रतिस्पर्धीहरूबाट आफू र आफ्नो परिवारको रक्षा गर्ने क्षमता प्रजातिको प्रसारको लागि महत्वपूर्ण थियो।
  Got:      यो जन्मजात आक्रामकता आदिम वातावरणमा अस्तित्वको लागि आवश्यक थियो, जहाँ शिकारीहरू र प्रतिस्पर्धीहरूबाट आफू र आफ्नो परिवारको रक्षा गर्ने क्षमता प्रजातिको प्रसारको लागि महत्त्वपूर्ण थियो।
----------------------------------------
[136] Roman: "Ramro" hinsako awadharana dekha paryo, jaha shatruharuko hatya wa aphno shahar-rajyako rakshalai ek mahan ra uchit karyako rupma herieko thiyo.
  Expected: "राम्रो" हिंसाको अवधारणा देखा पर्‍यो, जहाँ शत्रुहरूको हत्या वा आफ्नो शहर-राज्यको रक्षालाई एक महान् र उचित कार्यको रूपमा हेरिएको थियो।
  Got:      "राम्रो" हिंसाको अवधारणा देखा पर्‍यो, जहाँ शत्रुहरूको हत्या वा आफ्नो शहर-राज्यको रक्षालाई एक महान र उचित कार्यको रूपमा हेरिएको थियो।
----------------------------------------
[140] Roman: Yahudi manisaharuko aphno matribhumima farkane baibliya katha pustadekhi chaliaaeko chha, dherai Yahudiharule bhumimathiko aphno dabii lai ishwariya rupma tokieko biswas garchhan.
  Expected: यहूदी मानिसहरूको आफ्नो मातृभूमिमा फर्कने बाइबलीय कथा पुस्तादेखि चलिआएको छ, धेरै यहूदीहरूले भूमिमाथिको आफ्नो दाबीलाई ईश्वरीय रूपमा तोकिएको विश्वास गर्छन्।
  Got:      यहुदी मानिसहरूको आफ्नो मतृभुमीमा फर्कने बैब्लिय कथा पुस्तदेखि चलिआएको छ, धेरै यहुदीहरुले भुमिमथीको आफ्नो दबीलाई इश्वरिय रूपमा तोकिएको विश्वास गर्छन्।
----------------------------------------
[146] Roman: Yuval Noah Hararile aphno pustak "Sapiens: Manavjatiko sankshipta itihas" ma ullekh garejhai, manisaharu shatabdiyau dekhi kalpanik kathaharu ma ladirheka chhan.
  Expected: युवल नोआ हरारीले आफ्नो पुस्तक "सेपियन्स: मानवजातिको संक्षिप्त इतिहास" मा उल्लेख गरेझैं, मानिसहरू शताब्दीयौंदेखि काल्पनिक कथाहरूमा लडिरहेका छन्।
  Got:      युवल नोअह हरारीले आफ्नो पुस्तक "सपिएँस: मानवजातिको संक्षिप्त इतिहास" मा उल्लेख गरेझै, मानिसहरू शतब्दियौदेखि काल्पनिक कथाहरूमा लडिरहेका छन्।
----------------------------------------
[152] Roman: Israili ra Palestinee dubai ko baliyo janjatiya pahichan chha jun uniharuko itihas, sanskriti ra dharma ma gahiro rupma nihit chha.
  Expected: इजरायली र प्यालेस्टिनी दुवैको बलियो जनजातीय पहिचान छ जुन उनीहरूको इतिहास, संस्कृति र धर्ममा गहिरो रूपमा निहित छ।
  Got:      इजरायली र प्यालेस्टिनी दुवैको बलियो जँजतिय पहिचान छ जुन उनीहरूको इतिहास, संस्कृति र धर्ममा गहिरो रूपमा निहित छ।
----------------------------------------
[153] Roman: Israiliharule aphulai prachin Israiliharuka bansajko rupma chinaauchhan, jabaki Palestineeharule aphulai prachin Kananiharu ra es kshetrak
  Expected: इजरायलीहरूले आफूलाई प्राचीन इजरायलीहरूका वंशजको रूपमा चिनाउँछन्, जबकि प्यालेस्टिनीहरूले आफूलाई प्राचीन कनानीहरू र यस क्षेत्रका अन्य आदिवासी मानिसहरूका वंशजको रूपमा चिनाउँछन्।
  Got:      इजरायलीहरुले आफूलाई प्राचीन इजरायलीहरूका बँसजको रूपमा चिनाउछन, जबकि प्यालेस्टिनीहरुले आफूलाई प्राचीन कननीहरु र एस क्षेत्र्क
----------------------------------------
[154] Roman: Aitihasik rupma, manawtale mrityu ra paralok warparaka astitwagat chintaharulai sambodhan garna dharmik kathaharu ma santwana khojyo.
  Expected: ऐतिहासिक रूपमा, मानवताले मृत्यु र परलोक वरपरका अस्तित्वगत चिन्ताहरूलाई सम्बोधन गर्न धार्मिक कथाहरूमा सान्त्वना खोज्यो।
  Got:      ऐतिहासिक रूपमा, मनव्तले मृत्यु र परलोक वरपरका अस्तित्वगत चिन्ताहरुलाई सम्बोधन गर्न धर्मिक कथाहरूमा सँत्वन खोज्यो।
----------------------------------------
[156] Roman: Hamro jiwanbhari sthapit prarambhik biswas pranali harule swargiya swarga wa narkiya patallai sharirik rupbat bida bhaeka aatmaharuko antim gantawyako rupma sthapit gare.
  Expected: हाम्रो जीवनभरि स्थापित प्रारम्भिक विश्वास प्रणालीहरूले स्वर्गीय स्वर्ग वा नरकीय पाताललाई शारीरिक रूपबाट बिदा भएका आत्माहरूको अन्तिम गन्तव्यको रूपमा स्थापित गरे।
  Got:      हाम्रो जिवँभरी स्थापित प्रारम्भिक विश्वास प्रणालीहरुले स्वर्गिय स्वर्ग वा नर्किय पतललाई शारीरिक रुप्बत बिद भएका आतमाहरुको अन्तिम गँतव्यको रूपमा स्थापित गरे।
----------------------------------------
[159] Roman: Man-sharir dwaitabad jasta baicharik dhanchahrule mansik sankayharu ra sharirik sharirharuko lagi alag sansthaharu prastav garchhan, jasle mrityupachhiko nirantar astitwalai sanket gardachha.
  Expected: मन-शरीर द्वैतवाद जस्ता वैचारिक ढाँचाहरूले मानसिक संकायहरू र शारीरिक शरीरहरूको लागि अलग संस्थाहरू प्रस्ताव गर्छन्, जसले मृत्युपछिको निरन्तर अस्तित्वलाई संकेत गर्दछ।
  Got:      मन-शरीर द्वैतवाद जस्ता वैचारिक ढाँचाहरूले मानसिक संकायहरू र शारीरिक शरीरहरूको लागि अलग संस्थाहरू प्रस्ताव गर्छन्, जसले मृत्युपछिको निरन्तर अस्तित्वलाई सङ्केत गर्दछ।
----------------------------------------
[161] Roman: Purna rupma baigyanik drishtikonbat, sahamatile swikardachha ki manav saar—bichar, bhawana, samjhana ra vyaktitwa bisheshtaharu samavesh—swabhawik rupma mastiska bhitrko snayu prakriyaharusanga jodiyeko chha.
  Expected: पूर्ण रूपमा वैज्ञानिक दृष्टिकोणबाट, सहमतिले स्वीकार गर्दछ कि मानव सार—विचार, भावना, सम्झना र व्यक्तित्व विशेषताहरू समावेश—स्वाभाविक रूपमा मस्तिष्क भित्रको स्नायु प्रक्रियाहरूसँग जोडिएको छ।
  Got:      पूर्ण रूपमा वैज्ञानिक दृश्तिकोँबत, सहमतिले स्वीकार्दछ कि मानव सार—बिचर, भावना, सम्झना र व्यक्तित्व विशेषताहरू समवेश—स्वभविक रूपमा मस्तिसका भित्रको स्नयु प्रक्रियाहरूसँग जोडिएको छ।
----------------------------------------
[162] Roman: Halsamma, kunai thos baigyanik pramanle sharirik mrityu pachhi paralok wa aatmako anyatra basain sarne prastav lai samarthan gardaina.
  Expected: हालसम्म, कुनै ठोस वैज्ञानिक प्रमाणले शारीरिक मृत्यु पछि परलोक वा आत्माको अन्यत्र बसाइँ सर्ने प्रस्तावलाई समर्थन गर्दैन।
  Got:      हालसम्म, कुनै ठोस वैज्ञानिक प्रमाणले शारीरिक मृत्यु पछि परलोक वा आत्माको अन्यत्र बसाइँ सार्ने प्रस्तावलाई समर्थन गर्दैन।
----------------------------------------
[166] Roman: Manavjatiko itihasma kehi dwandwaharule hamile biswas gareko kuralai hamile kati athak rupma pachhyaeka chhau bhanne praman ko rupma kam gardachha.
  Expected: मानवजातिको इतिहासमा केही द्वन्द्वहरूले हामीले विश्वास गरेको कुरालाई हामीले कति अथक रूपमा पछ्याएका छौं भन्ने प्रमाणको रूपमा काम गर्दछ।
  Got:      मानवजातिको इतिहासमा केही द्वन्द्वहरुले हामीले विश्वास गरेको कुरालाई हामीले कति अथक रूपमा पछ्यएका छौं भन्ने प्रमाणको रूपमा काम गर्दछ।
----------------------------------------
[173] Roman: Yasto thiyo ki ekmatra satya jun mahatwapurna thiyo tyo thiyo jun pratyek paksha ladna ra marna tayar thiyo.
  Expected: यस्तो थियो कि एकमात्र सत्य जुन महत्त्वपूर्ण थियो त्यो थियो जुन प्रत्येक पक्ष लड्न र मर्न तयार थियो।
  Got:      यस्तो थियो कि एकमात्र सत्य जुन महत्त्वपूर्ण थियो त्यो थियो जुन प्रत्येक पक्ष लड्न र ‘मर्न तयार थियो।
----------------------------------------
[175] Roman: Tiniharuko awaj prayah yuddhako awajma harayo, tara tiniharu ajhai pani euta smaran ho ki andhyaro samayama pani, hamima euta bhag chha jasle kehi ramroko lagi lalsa gardachha.
  Expected: तिनीहरूको आवाज प्रायः युद्धको आवाजमा हरायो, तर तिनीहरू अझै पनि एउटा स्मरण हो कि अँध्यारो समयमा पनि, हामीमा एउटा भाग छ जसले केहि राम्रोको लागि लालसा गर्दछ।
  Got:      तिनीहरूको आवाज प्रायः युद्धको आवाजमा हरायो, तर तिनीहरू अझै पनि एउटा स्मरण हो कि अँध्यारो समयमा पनि, हामीमा एउटा भाग छ जसले केही राम्रोको लागि लालसा गर्दछ।
----------------------------------------
[184] Roman: Yo awadhile hamro arthik, sanskritik, prabidhik pakshaharulai punah paribhasit garna sakchha.
  Expected: यो अवधिले हाम्रो आर्थिक, सांस्कृतिक, प्राविधिक पक्षहरूलाई पुन: परिभाषित गर्न सक्छ।
  Got:      यो अवधिले हाम्रो आर्थिक, सांस्कृतिक, प्राविधिक पक्षहरूलाई पुन परिभाषित गर्न सक्छ।
----------------------------------------
[187] Roman: Kalpana garnuhos, yadi tapaain chahanuhunchha bhane, ek kshan yati sukshma, yati purna rupmaa hamro dainik anubhavbhanda baahira, ki islai bujhna pani gaahro chha. Taipani, tyo bindu bhitra, sano bhanda sano paramaanu bhanda pani sano, sabai kura awasthit thiyo jun kahilyai hunechha. Tyaspachhi, ek vinashkari ghatnamaa jaslai hami Big Bang bhanchhau, yo bindu bisphot bhayo, jasle padartha ra urja matra nabai thau ra samaylai pani janma diyo. Yo antariksya bhitra bisphot thiyena, baru antariksya ko bisphot thiyo, yasto parimaan ko ghatana ki "Big Bang" shabdale isko brahmandiya mahattwa ko satah lai matra chhunchha.
  Expected: कल्पना गर्नुहोस्, यदि तपाईं चाहनुहुन्छ भने, एक क्षण यति सूक्ष्म, यति पूर्ण रूपमा हाम्रो दैनिक अनुभवभन्दा बाहिर, कि यसलाई बुझ्न पनि गाह्रो छ। तैपनि, त्यो बिन्दु भित्र, सानो भन्दा सानो परमाणु भन्दा पनि सानो, सबै कुरा अवस्थित थियो जुन कहिल्यै हुनेछ। त्यसपछि, एक विनाशकारी घटनामा जसलाई हामी बिग ब्याङ्ग भन्छौं, यो बिन्दु विस्फोट भयो, जसले पदार्थ र ऊर्जा मात्र नभई ठाउँ र समयलाई पनि जन्म दियो। यो अन्तरिक्ष भित्र विस्फोट थिएन, बरु अन्तरिक्ष को विस्फोट थियो, यस्तो परिमाणको घटना कि "बिग ब्याङ्ग" शब्दले यसको ब्रह्माण्डीय महत्त्वको सतहलाई मात्र छुन्छ।
  Got:      कल्पना गर्नुहोस्, यदि तपाईं चहनुहुन्छ भने, एक क्षण यति सूक्ष्म, यति पूर्ण रूपमा हाम्रो दैनिक अनुभवभन्दा बाहिर, कि यसलाई बुझ्न पनि गाह्रो छ। तैपनि, त्यो बिन्दु भित्र, सानोभन्दा सानो परमानुभन्दा पनि सानो, सबै कुरा अवस्थित थियो जुन कहिल्यै हुनेछ। त्यसपछि, एक विनाशकारी घत्नमा जसलाई हामी बिग ब्याङ्ग भन्छौ, यो बिन्दु विस्फोट भयो, जसले पदर्थ र ऊर्जा मात्र नभई ठाउँ र समयलाई पनि जन्म दियो। यो अँतरिक्स्य भित्र विस्फोट थिएन, बरु अँतरिक्स्यको विस्फोट थियो, यस्तो परिमानको घटना कि "बिग ब्याङ्ग" शब्दले इसको ब्रह्माण्डीय महत्त्वको सतहलाई मात्र छुन्छ।
----------------------------------------
[188] Roman: Second ko pahilo kshanik anshaharuma, brahmandale brahmandiya mudrasphiti bhanera chinine tivra vistar ko awadhi paar garyo. Islai awishwasniya rupmaa chhito phulaiyeko belun jasto sochnuhos. Ek palkama, brahmanda paramaanu bhanda sano dekhi lagbhag angur ko aakarmaa phulyo. Yo asadharan bistarle brahmandako prarambhik asamaanatalaai sahaj banaayo, jasle ek saman prishthabhumi pradaan garyo jasko viruddhmaa bhawishya ka sabai sanrachanaharoo bannechhan. Yo mudrasphiti mahatwapurna thiyo, jasle brahmandako byawasthit bikasko lagi marga prashast garyo.
  Expected: सेकेन्डको पहिलो क्षणिक अंशहरूमा, ब्रह्माण्डले ब्रह्माण्डीय मुद्रास्फीति भनेर चिनिने तीव्र विस्तारको अवधि पार गर्‍यो। यसलाई अविश्वसनीय रूपमा छिटो फुलाइएको बेलुन जस्तो सोच्नुहोस्। एक पलकमा, ब्रह्माण्ड परमाणु भन्दा सानो देखि लगभग अंगुरको आकारमा फुल्यो। यो असाधारण विस्तारले ब्रह्माण्डको प्रारम्भिक असमानतालाई सहज बनायो, जसले एक समान पृष्ठभूमि प्रदान गर्‍यो जसको विरुद्धमा भविष्यका सबै संरचनाहरू बन्नेछन्। यो मुद्रास्फीति महत्त्वपूर्ण थियो, जसले ब्रह्माण्डको व्यवस्थित विकासको लागि मार्ग प्रशस्त गर्‍यो।
  Got:      सेचोँदको पहिलो क्षणिक अँशहरुमा, ब्रह्माण्डले ब्रह्माण्डीय मुद्रस्फिती भनेर चिनिने तीव्र विस्तारको अवधि पार गर्‍यो। यसलाई अविश्वसनीय रूपमा छिटो फुलैयेको बेलुन जस्तो सोच्नुहोस्। एक पलकामा, ब्रह्माण्ड परमानुभन्दा सानोदेखि लगभग अङुरको आकर्मा फुल्यो। यो असाधारण विस्तारले ब्रह्माण्डको प्रारम्भिक असमानतलाइ सहज बनायो, जसले एक समान पृष्ठभूमि प्रदान गर्‍यो जसको विरुद्द्ह्मा भविश्यका सबै संरचनाहरू बन्नेछन। यो मुद्रस्फिती महत्त्वपूर्ण थियो, जसले ब्रह्माण्डको व्यवस्थित विकासको लागि मार्ग प्रशस्त गर्‍यो।
----------------------------------------
[189] Roman: Srishti ko yi prarambhik kshanhaharu maa, dherai mahatwapurna ghatnaharu bhaye. Prakriti ka aadharbhut shaktiharu—gurutwakarshan, vidyut chumbakatwa, ra baliyo ra kamjor aanwik shaktiharu—jun ekikrit bhaeka thie, alag bhaye ra swatantra rupmaa sanchalan huna thaale. Manchmaa aphno sthan line kalakarharu jastai, padartha ka aadharbhut nirman khandaharu, jastai quark ra electronharu, saakar bhaye. Yes binduma brahmanda ek awishwasniya rupmaa taato, ghana mishran thiyo, kanharu ra urja ko ek aadim soup, jun hamile hamro prayogshalaharuma punah srijana garna sakne kunai pani kurabhanda dherai para thiyo.
  Expected: सृष्टिको यी प्रारम्भिक क्षणहरूमा, धेरै महत्त्वपूर्ण घटनाहरू भए। प्रकृतिका आधारभूत शक्तिहरू—गुरुत्वाकर्षण, विद्युत चुम्बकत्व, र बलियो र कमजोर आणविक शक्तिहरू—जुन एकीकृत भएका थिए, अलग भए र स्वतन्त्र रूपमा सञ्चालन हुन थाले। मञ्चमा आफ्नो स्थान लिने कलाकारहरू जस्तै, पदार्थका आधारभूत निर्माण खण्डहरू, जस्तै क्वार्क र इलेक्ट्रोनहरू, साकार भए। यस बिन्दुमा ब्रह्माण्ड एक अविश्वसनीय रूपमा तातो, घना मिश्रण थियो, कणहरू र ऊर्जाको एक आदिम सूप, जुन हामीले हाम्रो प्रयोगशालाहरूमा पुन: सिर्जना गर्न सक्ने कुनै पनि कुराभन्दा धेरै पर थियो।
  Got:      सृश्तीको यी प्रारम्भिक क्षन्हहरु मा, धेरै महत्त्वपूर्ण घटनाहरू भए। प्रकृतिका आधारभूत शक्तिहरु—गुरुत्वकर्शन, विद्युत चुम्बकत्व, र बलियो र कमजोर आणविक शक्तिहरु—जुन एकिकृत भएका थिए, अलग भए र स्वतन्त्र रूपमा सञ्चालन हुन थाले। मँच्मा आफ्नो स्थान लिने कलकरहरु जस्तै, पदर्थका आधारभूत निर्माण खण्डहरू, जस्तै कुअर्क र इलेक्ट्रोनहरू, साकर भए। यस बिन्दुमा ब्रह्माण्ड एक अविश्वसनीय रूपमा तातो, घना मिश्रण थियो, कणहरू र ऊर्जाको एक आदिम सौप, जुन हामीले हाम्रो प्रयोग्शलहरुमा पुन सिर्जना गर्न सक्ने कुनै पनि कुराभन्दा धेरै पर थियो।
----------------------------------------
[190] Roman: Jab brahmanda bistar hundai gayo ra, mahatwapurna rupmaa, arko kehi saya hajar barshama chiso huna thalyo, thap rupantaranharu bhaye. Proton ra neutronharu, aanwik nabhika ghatakharu, bane ra tyaspachhi halka tatwaharuko nabhika srijana garna sanyukta bhaye: hydrogen ra helium. Yi prarambhik brahmandako bhattima baneka pahilo tatwaharu thie. Tyaspachhi, Big Bang ko lagbhag 380,000 barsha pachhi, ek nirnayak kshan aayo. Brahmanda yi nabhikaharusanga milauna paryapt chiso bhayo, purna paramaanuharu banaudai. Yasle pahilo patak prakashlai swatantra rupmaa yatra garna anumati diyo, punarsanyojan bhanera chinine awadhilai chinh lagaudai, ra brahmandiya microwave prishthabhumi wikiran jari gardai, Big Bang ko ek behos chamak jun hamile aaja pani patta lagauna sakchhau.
  Expected: जब ब्रह्माण्ड विस्तार हुँदै गयो र, महत्त्वपूर्ण रूपमा, अर्को केही सय हजार वर्षमा चिसो हुन थाल्यो, थप रूपान्तरणहरू भए। प्रोटोन र न्यूट्रोनहरू, आणविक नाभिका घटकहरू, बने र त्यसपछि हल्का तत्वहरूको नाभिका सिर्जना गर्न संयुक्त भए: हाइड्रोजन र हेलियम। यी प्रारम्भिक ब्रह्माण्डको भट्टीमा बनेका पहिलो तत्वहरू थिए। त्यसपछि, बिग ब्याङ्गको लगभग ३८०,००० वर्ष पछि, एक निर्णायक क्षण आयो। ब्रह्माण्ड यी नाभिकाहरूसँग मिलाउन पर्याप्त चिसो भयो, पूर्ण परमाणुहरू बनाउँदै। यसले पहिलो पटक प्रकाशलाई स्वतन्त्र रूपमा यात्रा गर्न अनुमति दियो, पुनर्संयोजन भनेर चिनिने अवधिलाई चिन्ह लगाउँदै, र ब्रह्माण्डीय माइक्रोवेभ पृष्ठभूमि विकिरण जारी गर्दै, बिग ब्याङ्गको एक बेहोस चमक जुन हामीले आज पनि पत्ता लगाउन सक्छौं।
  Got:      जब ब्रह्माण्ड विस्तार हुँदै गयो र, महत्त्वपूर्ण रूपमा, अर्को केही सय हजार वर्षमा चिसो हुन थाल्यो, थप रूपान्तरणहरू भए। प्रोटोन र न्यूट्रोनहरू, आणविक नाभिका घटकहरू, बने र त्यसपछि हल्का तत्वहरूको नाभिका सिर्जना गर्न संयुक्त भए: हाइड्रोजन र हेलियम। यी प्रारम्भिक ब्रह्माण्डको भट्टीमा बनेका पहिलो तत्वहरू थिए। त्यसपछि, बिग ब्याङ्गको लगभग 380,000 वर्ष पछि, एक निर्णायक क्षण आयो। ब्रह्माण्ड यी नाभिकाहरूसँग मिलाउन पर्याप्त चिसो भयो, पूर्ण परमाणुहरू बनाउँदै। यसले पहिलो पटक प्रकाशलाई स्वतन्त्र रूपमा यात्रा गर्न अनुमति दियो, पुनर्संयोजन भनेर चिनिने अवधिलाई चिन्ह लगाउँदै, र ब्रह्माण्डीय माइक्रोवेभ पृष्ठभूमि विकिरण जारी गर्दै, बिग ब्याङ्गको एक बेहोस चमक जुन हामीले आज पनि पत्ता लगाउन सक्छौं।
----------------------------------------
[191] Roman: Tyaspachhika karodaun barshaharuma, brahmandale aphno bikas jari rakhyo. Gurutwakarshan, brahmandako vastukarale aphno prabhav parna thalyo. Padarthako ghanatwama sano bhinnataharu, dherai prarambhik brahmandaka awasesharule warparaka samagri lai aakarshit garna thale, thulo ra ghana hundai gayo. Yi ghana kshetrahru antatah pahilo taraharuko lagi biu bane. Jab yi taraharu prajwolit bhaye, tinihrule brahmandalaai prakashmaa nuhaye ra nucleosynthesis ko prakriya shuru gare—tiniharuko jwalant core bhitra bhari tatwaharuko srijana. Taraharuko hridaymaa baneka yi tatwaharu antatah brahmandabhari charinechhan, grahaharu ra jiwan ko lagi pani nirman khandaharu bannechhan. Yi tarkiya nurseryharu tyaspachhi aakashgangaharu banauna eksath cluster bhaye, aaja hamile awlokan garne brahmandako bhawya, thulo-stariya sanrachana srijana gardai, awlokan yogya brahmandama phaliyeko arbaun aakashgangaharuko bishal brahmandiya jaal.
  Expected: त्यसपछिका करोडौं वर्षहरूमा, ब्रह्माण्डले आफ्नो विकास जारी राख्यो। गुरुत्वाकर्षण, ब्रह्माण्डको वास्तुकारले आफ्नो प्रभाव पार्न थाल्यो। पदार्थको घनत्वमा सानो भिन्नताहरू, धेरै प्रारम्भिक ब्रह्माण्डका अवशेषहरूले वरपरका सामग्रीलाई आकर्षित गर्न थाले, ठूलो र घना हुँदै गयो। यी घना क्षेत्रहरू अन्ततः पहिलो ताराहरूको लागि बीउ बने। जब यी ताराहरू प्रज्वलित भए, तिनीहरूले ब्रह्माण्डलाई प्रकाशमा नुहाए र न्युक्लियोसिन्थेसिसको प्रक्रिया सुरु गरे—तिनीहरूको ज्वलन्त कोर भित्र भारी तत्वहरूको सिर्जना। ताराहरूको हृदयमा बनेका यी तत्वहरू अन्ततः ब्रह्माण्डभरि छरिनेछन्, ग्रहहरू र जीवनको लागि पनि निर्माण खण्डहरू बन्नेछन्। यी तारकीय नर्सरीहरू त्यसपछि आकाशगंगाहरू बनाउन एकसाथ क्लस्टर भए, आज हामीले अवलोकन गर्ने ब्रह्माण्डको भव्य, ठूलो-स्तरीय संरचना सिर्जना गर्दै, अवलोकनयोग्य ब्रह्माण्डमा फैलिएको अरबौं आकाशगंगाहरूको विशाल ब्रह्माण्डीय जाल।
  Got:      त्यसपछिका करोदौन वर्षहरूमा, ब्रह्माण्डले आफ्नो विकास जारी रख्यो। गुरुत्वाकर्षण, ब्रह्माण्डको वस्तुकरले आफ्नो प्रभाव पार्न थाल्यो। पदार्थको घनत्वमा सानो भिन्नताहरू, धेरै प्रारम्भिक ब्रह्माण्डका अवशेषहरूले वरपरका सामग्रीलाई आकर्शित गर्न थाले, ठूलो र घना हुँदै गयो। यी घना क्षेत्रहरू अन्ततः पहिलो ताराहरूको लागि बिउ बने। जब यी ताराहरू प्रज्वलित भए, तिनीहरूले ब्रह्मँदलाइ प्रकश्मा नुहये र नुच्लेओस्य्न्थेसिसको प्रक्रिया सुरु गरे—तिनीहरुको ज्वलन्त कोर भित्र भारी तत्वहरूको सिर्जना। ताराहरूको हृदय्मा बनेका यी तत्वहरू अन्ततः ब्रह्माण्डभरि चरिनेछन, ग्रहहरू र जीवनको लागि पनि निर्माण खण्डहरू बन्नेछन। यी तर्किय नुर्सेर्यहरु त्यसपछि आकाशगंगाहरू बनाउन एकसाथ च्लुस्तेर भए, आज हामीले अवलोकन गर्ने ब्रह्माण्डको भव्य, ठूलो-स्तरिय संरचना सिर्जना गर्दै, अवलोकन योज्ञ ब्रह्माण्डमा फलियेको अरबौं आकाशगंगाहरूको विशाल ब्रह्माण्डीय जाल।
----------------------------------------
[192] Roman: Aba hamilai brahmandiya itihasko arbaun barshaharu, Big Bang ko lagbhag nau arba barsha pachi, Milky Way galaxy ko ek spiral bhuja bhitrako ek bisesh kshetrama, hamro galactic gharma chhito agadi badhaun. Yaha, ek vishal nebula bhitra, gas ra dhulo ko badal aphnai gurutwakarshan khichaw antargat sankuchit huna thalyo. Yo kunai sadharan badal thiyena; yo pahile bancheka ra mareka taraharuka awasesharule samriddha thiyo, taraharu jasle aphno jwalant bhattiharuma bhari tatwaharu baneka thie ra tiniharko mrityuma brahmandabhari chhareka thie. Yo badalle hamro sauryamandal banauna aawashyak parne samagriharu rakheko thiyo.
  Expected: अब हामीलाई ब्रह्माण्डीय इतिहासको अरबौं वर्षहरू, बिग ब्याङ्गको लगभग नौ अर्ब वर्ष पछि, मिल्की वे ग्यालेक्सीको एक सर्पिल भुजा भित्रको एक विशेष क्षेत्रमा, हाम्रो ग्यालेक्टिक घरमा छिटो अगाडि बढौं। यहाँ, एक विशाल नेबुला भित्र, ग्यास र धुलोको बादल आफ्नै गुरुत्वाकर्षण खिंचाव अन्तर्गत संकुचित हुन थाल्यो। यो कुनै साधारण बादल थिएन; यो पहिले बाँचेका र मरेका ताराहरूका अवशेषहरूले समृद्ध थियो, ताराहरू जसले आफ्नो ज्वलन्त भट्टीहरूमा भारी तत्वहरू बनाएका थिए र तिनीहरूको मृत्युमा ब्रह्माण्डभरि छरेका थिए। यो बादलले हाम्रो सौर्यमण्डल बनाउन आवश्यक पर्ने सामग्रीहरू राखेको थियो।
  Got:      अब हामीलाई ब्रह्माण्डीय इतिहासको अरबौं वर्षहरू, बिग ब्याङ्गको लगभग नौ अर्ब वर्ष पछि, मिल्की वे ग्यालेक्सीको एक सर्पिल भुजा भित्रको एक विशेष क्षेत्रमा, हाम्रो ग्यालेक्टिक घरमा छिटो अगाडि बढौं। यहाँ, एक विशाल नेबुला भित्र, ग्यास र धुलोको बादल आफ्नै गुरुत्वाकर्षण खिंचाव अन्तर्गत संकुचित हुन थाल्यो। यो कुनै साधारण बादल थिएन; यो पहिले बाँचेका र मरेका ताराहरूका अवशेषहरूले समृद्ध थियो, ताराहरू जसले आफ्नो ज्वलन्त भट्टीहरूमा भारी तत्वहरू बनेका थिए र तिनीहरूको मृत्युमा ब्रह्माण्डभरि छरेका थिए। यो बादलले हाम्रो सौर्यमण्डल बनाउन आवश्यक पार्ने सामग्रीहरू राखेको थियो।
----------------------------------------
[194] Roman: Badalko adhikaansh pinda, gurutwakarshandwara khichiyeko, kendrama jamma bhayo, ek ghana, taato core banaudai: ek proto-surya, hamro tarako purwawarti. Yo proto-surya ajhai vastavik tara thiyena; yo gas ko ball thiyo jun lagatar pinda jamma gardai ra taato hundai gairakheko thiyo. Esaibich, banki samagri, badhdo ghumaiko karanle sidhai kendrama khasna nasakne, proto-suryalai ghereko ghumne diskma samatal bhayo. Yo protoplanetary disk, ghumaiyeko brahmandiya pizza ko aata jastai, grahaharuko janmasthan banyo.
  Expected: बादलको अधिकांश पिण्ड, गुरुत्वाकर्षणद्वारा खिचिएको, केन्द्रमा जम्मा भयो, एक घना, तातो कोर बनाउँदै: एक प्रोटो-सूर्य, हाम्रो ताराको पूर्ववर्ती। यो प्रोटो-सूर्य अझै वास्तविक तारा थिएन; यो ग्यासको बल थियो जुन लगातार पिण्ड जम्मा गर्दै र तातो हुँदै गइरहेको थियो। यसैबीच, बाँकी सामग्री, बढ्दो घुमाईको कारणले सिधै केन्द्रमा खस्न नसक्ने, प्रोटो-सूर्यलाई घेरेको घुम्ने डिस्कमा समतल भयो। यो प्रोटोप्लानेटरी डिस्क, घुमाइएको ब्रह्माण्डीय पिज्जाको आटा जस्तै, ग्रहहरूको जन्मस्थान बन्यो।
  Got:      बादलको अधिकांश पिण्ड, गुरुत्वाकर्षणद्वारा खिचिएको, केन्द्रमा जम्मा भयो, एक घना, तातो कोर बनाउँदै: एक प्रोतो-सुर्य, हाम्रो ताराको पूर्ववर्ती। यो प्रोतो-सुर्य अझै वास्तविक तर थिएन; यो ग्यासको बल थियो जुन लगातार पिण्ड जम्मा गर्दै र तातो हुँदै गइरहेको थियो। यसैबीच, बाँकी सामग्री, बढ्दो घुमाईको कारणले सिधै केन्द्रमा खस्न नसक्ने, प्रोतो-सुर्यलाई घेरेको घुम्ने डिस्कमा समतल भयो। यो प्रोटोप्लानेटरी डिस्क, घुमाइएको ब्रह्माण्डीय पिज्जाको आटा जस्तै, ग्रहहरूको जन्मस्थान बन्यो।
----------------------------------------
[196] Roman: Antatah, padarthako yo ghumne disk ko kendrama, proto-surya aphno core ma aanwik fusion prajwolit garna paryapt taato ra ghana bhayo. Hydrogen paramaanuharu heliumma fuse huna thale, prakriyama thulo matrama urja jari gardai. Yasle hamro suryako vastavik janmalaai chinh lagayo, ek tara jasle aphno nawagathit graha pranali lai prakash ra nyanopan pradan garnechha. Yo nawa prajwolit tarako waripari, aath grahaharu, aphno kaksha safa garisakepachhi, aphno sambandhit margaharuma basobas gare. Yi grahaharu madhye euta sano, chattani sansar "Goldilocks zone" bhitra awasthit thiyo—ek kshetra suryako dherai najik taato hunko lagi, ra jameko hunko lagi dherai tadha chhaina. Yo graha, aphno satahama taral paani lai sambhawit rupma samarthan garna ko lagi purna rupma awasthit, prithivi thiyo, hamro ghar.
  Expected: अन्ततः, पदार्थको यो घुम्ने डिस्कको केन्द्रमा, प्रोटो-सूर्य आफ्नो कोरमा आणविक फ्युजन प्रज्वलित गर्न पर्याप्त तातो र घना भयो। हाइड्रोजन परमाणुहरू हेलियममा फ्युज हुन थाले, प्रक्रियामा ठूलो मात्रामा ऊर्जा जारी गर्दै। यसले हाम्रो सूर्यको वास्तविक जन्मलाई चिन्ह लगायो, एक तारा जसले आफ्नो नवगठित ग्रह प्रणालीलाई प्रकाश र न्यानोपन प्रदान गर्नेछ। यो नव प्रज्वलित ताराको वरिपरि, आठ ग्रहहरू, आफ्नो कक्ष सफा गरिसकेपछि, आफ्नो सम्बन्धित मार्गहरूमा बसोबास गरे। यी ग्रहहरू मध्ये एउटा सानो, चट्टानी संसार "गोल्डीलक्स जोन" भित्र अवस्थित थियो—एक क्षेत्र सूर्यको धेरै नजिक तातो हुनको लागि, र जमेको हुनको लागि धेरै टाढा छैन। यो ग्रह, आफ्नो सतहमा तरल पानीलाई सम्भावित रूपमा समर्थन गर्नको लागि पूर्ण रूपमा अवस्थित, पृथ्वी थियो, हाम्रो घर।
  Got:      अन्ततः, पदार्थको यो घुम्ने डिस्कको केन्द्रमा, प्रोतो-सुर्य आफ्नो कोरमा आणविक फुसिओन प्रज्वलित गर्न पर्याप्त तातो र घना भयो। हाइड्रोजन परमाणुहरू हेलियममा फुसे हुन थाले, प्रक्रियामा ठूलो मात्रामा ऊर्जा जारी गर्दै। यसले हाम्रो सूर्यको वास्तविक जँमलाइ चिन्ह लगायो, एक तर जसले आफ्नो नवगथित ग्रह प्रणालीलाई प्रकाश र ञनोपन प्रदान गर्नेछ। यो नव प्रज्वलित ताराको वरिपरि, आठ ग्रहहरू, आफ्नो कक्ष सफा गरिसकेपछी, आफ्नो सम्बन्धित मार्गहरूमा बसोबास गरे। यी ग्रहहरू मध्ये एउटा सानो, चत्तनी संसार "गोल्दिलोच्क्स जोने" भित्र अवस्थित थियो—एक क्षेत्र सूर्यको धेरै नजिक तातो हुन्को लागि, र जमेको हुन्को लागि धेरै टाढा छैन। यो ग्रह, आफ्नो सतहमा तरल पानीलाई सम्भवित रूपमा समर्थन गर्नको लागि पूर्ण रूपमा अवस्थित, पृथिवी थियो, हाम्रो घर।
----------------------------------------
[197] Roman: Aphno shaishawakalma, Prithvi aaja hamile chineko jiwant, jiwan-nirwah garne grahbhanda dherai pharak thiyo. Yasko astitwako pahilo kehi saya million barshako lagi, yo sanchhai shatrutapurna watabaran thiyo, tivra bhaugolik gatividhi ra athak bambaridwara aakar diyeko ek arajak kshetra. Pagliyeko chattanko satah bhayeko sansarko kalpana garnuhos, sauryamandal ko gathanbata banki malbaharuko prabhavle lagatar manthan gariyeko magma ko samudra. Yi prabhavharu, graha-nirman prakriyaka awasesharule yuwa Prithvilaai daag lagae, yasko paridrishyalaai urja ko hingsrak bisphotma punah aakar dindai.
  Expected: आफ्नो शैशवकालमा, पृथ्वी आज हामीले चिनेको जीवन्त, जीवन-निर्वाह गर्ने ग्रहभन्दा धेरै फरक थियो। यसको अस्तित्वको पहिलो केही सय मिलियन वर्षको लागि, यो साँच्चै शत्रुतापूर्ण वातावरण थियो, तीव्र भूवैज्ञानिक गतिविधि र अथक बमबारीद्वारा आकार दिइएको एक अराजक क्षेत्र। पग्लिएको चट्टानको सतह भएको संसारको कल्पना गर्नुहोस्, सौर्यमण्डलको गठनबाट बाँकी मलबाहरूको प्रभावले लगातार मन्थन गरिएको म्याग्माको समुद्र। यी प्रभावहरू, ग्रह-निर्माण प्रक्रियाका अवशेषहरूले युवा पृथ्वीलाई दाग लगाए, यसको परिदृश्यलाई ऊर्जाको हिंस्रक विस्फोटमा पुन: आकार दिँदै।
  Got:      आफ्नो शैशवकालमा, पृथ्वी आज हामीले चिनेको जीवन्त, जीवन-निर्वह गर्ने ग्रहभन्दा धेरै फरक थियो। यसको अस्तित्वको पहिलो केही सय मिलियन वर्षको लागि, यो साँच्चै शत्रुतापूर्ण वातावरण थियो, तीव्र भूवैज्ञानिक गतिविधि र अथक बमबारीद्वारा आकार दिइएको एक अराजक क्षेत्र। पग्लिएको चट्टानको सतह भएको संसारको कल्पना गर्नुहोस्, सौर्यमण्डलको गठनबाट बाँकी मलबाहरूको प्रभावले लगातार मन्थन गरिएको म्याग्माको समुद्र। यी प्रभावहरू, ग्रह-निर्माण प्रक्रियाका अवशेषहरूले युवा पृथ्वीलाई दाग लगाए, यसको परिदृश्यलाई ऊर्जाको हिंस्रक विस्फोटमा पुन आकार दिँदै।
----------------------------------------
[199] Roman: Yadyapi, yo spashta rupma ujaad watabaranma pani, prakriyaharu kaam ma thie jasle antatah Prithvilaai rupantaran garnechha. Graha vibhedikaran bhanera chinine ek prakriya huna thalyo. Ghana tatwaharu, jastai phalam ra nikal, gurutwakarshanko bal antargat grahako kendratir dubae, Prithiviko core banaudai. Halka tatwaharu, jastai silicon ra aluminium, satatir badhe, antatah aawaran ra crust banaudai. Samagriko yo bibhajan grahako bikasma ek mahatwapurna kadam thiyo.
  Expected: यद्यपि, यो स्पष्ट रूपमा उजाड वातावरणमा पनि, प्रक्रियाहरू काममा थिए जसले अन्ततः पृथ्वीलाई रूपान्तरण गर्नेछ। ग्रह विभेदीकरण भनेर चिनिने एक प्रक्रिया हुन थाल्यो। घना तत्वहरू, जस्तै फलाम र निकल, गुरुत्वाकर्षणको बल अन्तर्गत ग्रहको केन्द्रतर्फ डुबे, पृथ्वीको कोर बनाउँदै। हल्का तत्वहरू, जस्तै सिलिकन र एल्युमिनियम, सतहतिर बढे, अन्ततः आवरण र क्रस्ट बनाउँदै। सामग्रीको यो विभाजन ग्रहको विकासमा एक महत्त्वपूर्ण कदम थियो।
  Got:      यद्यपि, यो स्पष्ट रूपमा उजाद वातावरणमा पनि, प्रक्रियाहरू काममा थिए जसले अन्ततः पृथ्वीलाई रूपान्तरण गर्नेछ। ग्रह विभेदिकरन भनेर चिनिने एक प्रक्रिया हुन थाल्यो। घना तत्वहरू, जस्तै फलम र निकल, गुरुत्वाकर्षणको बल अन्तर्गत ग्रहको केँद्रतिर दुबए, पृथ्वीको कोर बनाउँदै। हल्का तत्वहरू, जस्तै सिलिचोन र अलुमिनिउम, सततिर बधे, अन्ततः आवरन र च्रुस्त बनाउँदै। सामग्रीको यो विभाजन ग्रहको विकासमा एक महत्त्वपूर्ण कदम थियो।
----------------------------------------
[200] Roman: Jab bambari kam bhayo ra Prithvi bistarai chiso bhayo, pagliyeko satahama ek thos crust thos huna thalyo. Yasle ek mahatwapurna sankramanlai chinh lagayo, kinaki grahale ajha sthir, yadyapi ajhai dherai sakriya, satah bikas garna thalyo. Ekai sath, jab graha thap chiso bhayo, watabaranma paaniko vashp gadha huna thalyo, musaldhare barshako rupma khasyo jasle nawagathit crust ko tallo kshetrahru bhariyo. Yasle Prithiviko mahasagarharuko janmalaai chinh lagayo, paanika vishal nikayharu jasle jiwanko udayma mahatwapurna bhumika khelnechha.
  Expected: जब बमबारी कम भयो र पृथ्वी बिस्तारै चिसो भयो, पग्लिएको सतहमा एक ठोस क्रस्ट ठोस हुन थाल्यो। यसले एक महत्त्वपूर्ण संक्रमणलाई चिन्ह लगायो, किनकि ग्रहले अझ स्थिर, यद्यपि अझै धेरै सक्रिय, सतह विकास गर्न थाल्यो। एकै साथ, जब ग्रह थप चिसो भयो, वातावरणमा पानीको वाष्प गाढा हुन थाल्यो, मुसलधारे वर्षाको रूपमा खस्यो जसले नवगठित क्रस्टको तल्लो क्षेत्रहरू भरियो। यसले पृथ्वीको महासागरहरूको जन्मलाई चिन्ह लगायो, पानीका विशाल निकायहरू जसले जीवनको उदयमा महत्त्वपूर्ण भूमिका खेल्नेछ।
  Got:      जब बमबारी काम भयो र पृथ्वी बिस्तारै चिसो भयो, पग्लिएको सतहमा एक ठोस च्रुस्त ठोस हुन थाल्यो। यसले एक महत्त्वपूर्ण संक्रमणलाई चिन्ह लगायो, किनकि ग्रहले अझ स्थिर, यद्यपि अझै धेरै सक्रिय, सतह विकास गर्न थाल्यो। एकै साथ, जब ग्रह थप चिसो भयो, वातावरणमा पानीको वश्प गध हुन थाल्यो, मुसल्धरे वर्षको रूपमा खस्यो जसले नवगथित च्रुस्तको तल्लो क्षेत्रहरू भरियो। यसले पृथ्वीको महासागरहरूको जँमलाइ चिन्ह लगायो, पानीका विशाल निकयहरु जसले जीवनको विशेष महत्त्वपूर्ण भूमिका खेल्नेछ।
----------------------------------------
[201] Roman: Prithiviko aawaran ko manthan, grahako aantarik taapdwara sanchalit, le pani mahatwapurna bhumika kheleko thiyo. Aawaran bhitrako sanwahan dharaharule crust ka bhagharulai sarna, thokkin ra subduct garna thalyo, jasle pahilo mahadwipharuko gathan garyo. Yi bhubhagharu, nawagathit mahasagarharubata uthdai, vividh watabaranharu pradan gare ra grahako jalwayu ra bhubigyanlai thap aakar diye. Yo prarambhik Prithvi, yasko nawagathit mahasagarharu, watabaran, ra mahadwipharuko saath, antatah yasko kathako arko asadharan adhyayako lagi marga prashast garyo: jiwanko uday, ek bikas jasle grahako itihasko margalaai sadhainko lagi pariwartan garnechha.
  Expected: पृथ्वीको आवरणको मन्थन, ग्रहको आन्तरिक तापद्वारा संचालित, ले पनि महत्त्वपूर्ण भूमिका खेलेको थियो। आवरण भित्रको संवहन धाराहरूले क्रस्टका भागहरूलाई सार्न, ठोक्किन र सबडक्ट गर्न थाल्यो, जसले पहिलो महाद्वीपहरूको गठन गर्‍यो। यी भूभागहरू, नवगठित महासागरहरूबाट उठ्दै, विविध वातावरणहरू प्रदान गरे र ग्रहको जलवायु र भूविज्ञानलाई थप आकार दिए। यो प्रारम्भिक पृथ्वी, यसको नवगठित महासागरहरू, वातावरण, र महाद्वीपहरूको साथ, अन्ततः यसको कथाको अर्को असाधारण अध्यायको लागि मार्ग प्रशस्त गर्‍यो: जीवनको उदय, एक विकास जसले ग्रहको इतिहासको मार्गलाई सधैंको लागि परिवर्तन गर्नेछ।
  Got:      पृथ्वीको आवरनको मन्थन, ग्रहको आन्तरिक ताप्द्वर सञ्चालित, ले पनि महत्त्वपूर्ण भूमिका खेलेको थियो। आवरन भित्रको सँवहन धरहरुले च्रुस्तका भागहरुलाई सार्न, थोक्किन र सुब्दुच्त गर्न थाल्यो, जसले पहिलो महद्विपहरुको गठन गर्‍यो। यी भुभगहरु, नवगथित महासागरहरूबाट उथ्दै, विविध वातावरणहरू प्रदान गरे र ग्रहको जलवायु र भुबिज्ञ्नलाई थप आकार दिये। यो प्रारम्भिक पृथ्वी, यसको नवगथित महासागरहरू, वातावरण, र महद्विपहरुको साथ, अन्ततः यसको कथाको अर्को असाधारण अध्यायको लागि मार्ग प्रशस्त गर्‍यो: जीवनको उदय, एक विकास जसले ग्रहको इतिहासको मर्गलाइ सधैंको लागि परिवर्तन गर्नेछ।
----------------------------------------
[203] Roman: Abayogenesisko Oparin-Haldane siddhantale kasari jiwan gair-jiwit padarthabata utpanna bhayeko huna sakchha bhanne bare ek badhyakari vyakhya pradan gardachha. Yo siddhantale prarambhik Prithiviko awasthaharu jiwanko aadharbhut nirman khandaharuko srijanako lagi adwitiya rupma upayukt thie bhanera bataunchha. Hydrogen, methane ra ammonia jasta gasaharuma samriddha watabaranle aawashyak kachcha padarthaharu pradan garyo. Vibhinna srotaharubata urja, jastai chatyang, suryabata parabaignani (UV) wikiran, ra samudrakobhuima hydrothermal ventsbata bhutapiya urjale rasayanik pratikriyaharuko lagi prerak shakti pradan garyo. Bishal mahasagarharule ek vishal pratikriya potko rupma sewa gare, jasle yi anuharulai antarkriya garna ra sanyojan garna anumati diyo.
  Expected: एबायोजेनेसिसको ओपारिन-हाल्डेन सिद्धान्तले कसरी जीवन गैर-जीवित पदार्थबाट उत्पन्न भएको हुन सक्छ भन्ने बारे एक बाध्यकारी व्याख्या प्रदान गर्दछ। यो सिद्धान्तले प्रारम्भिक पृथ्वीको अवस्थाहरू जीवनको आधारभूत निर्माण खण्डहरूको सृष्टिको लागि अद्वितीय रूपमा उपयुक्त थिए भनेर बताउँछ। हाइड्रोजन, मिथेन र अमोनिया जस्ता ग्यासहरूमा समृद्ध वातावरणले आवश्यक कच्चा पदार्थहरू प्रदान गर्‍यो। विभिन्न स्रोतहरूबाट ऊर्जा, जस्तै चट्याङ, सूर्यबाट पराबैंगनी (UV) विकिरण, र समुद्रको भुइँमा हाइड्रोथर्मल भेन्टहरूबाट भूतापीय ऊर्जाले रासायनिक प्रतिक्रियाहरूको लागि प्रेरक शक्ति प्रदान गर्‍यो। विशाल महासागरहरूले एक विशाल प्रतिक्रिया पोतको रूपमा सेवा गरे, जसले यी अणुहरूलाई अन्तरक्रिया गर्न र संयोजन गर्न अनुमति दियो।
  Got:      अबयोगेनेसिसको ओपरिन-हल्दने सिद्धान्तले कसरी जीवन गैर-जीवित पदर्थबाट उत्पन्न भएको हुन सक्छ भन्ने बारे एक बाध्यकारी व्याख्या प्रदान गर्दछ। यो सिद्धान्तले प्रारम्भिक पृथ्वीको अवस्थाहरू जीवनको आधारभूत निर्माण खण्डहरूको सिर्जनाको लागि अद्वितीय रूपमा उपयुक्त थिए भनेर बताउँछ। हाइड्रोजन, मेथने र अम्मोनिअ जस्ता गसहरुमा समृद्ध वातावरणले आवश्यक कच्च पदार्थहरू प्रदान गर्‍यो। विभिन्न स्रोतहरुबाट ऊर्जा, जस्तै चत्यङ, सुर्यबाट परबैग्ननी (उव) विकिरण, र समुद्रकोभुइम ह्य्द्रोथेर्मल वेँत्सबाट भुतपिय ऊर्जाले रासायनिक प्रतिक्रियाहरूको लागि प्रेरक शक्ति प्रदान गर्‍यो। विशाल महसगरहरुले एक विशाल प्रतिक्रिया पोतको रूपमा सेव गरे, जसले यी अणुहरुलाई अन्तरक्रिया गर्न र संयोजन गर्न अनुमति दियो।
----------------------------------------
[204] Roman: Yo "prathamik soup" bhitra, sadharan jaibik anuharu antarkriya garna ra thap jatil sanrachanaharu banauna thale. Amino acidharu, protein ka aadharbhut ghatakaharu, dekha pare. Nucleotideharu, deoxyribonucleic acid (DNA) ra ribonucleic acid (RNA) ka nirman khandaharu pani dekha pare. Lipidharu, jhilliharu banauna saksham fatty anuharu jasle koshikaharulai gherchha, pani bikasit bhaye. Yi jiwan ka lagi aawashyak samagriharu thie, prarambhik Prithiviko awasthama swatahspurt rupma bandai.
  Expected: यो "प्राथमिक सूप" भित्र, साधारण जैविक अणुहरू अन्तरक्रिया गर्न र थप जटिल संरचनाहरू बनाउन थाले। एमिनो एसिडहरू, प्रोटीनका आधारभूत घटकहरू, देखा परे। न्यूक्लियोटाइडहरू, डिऑक्सीराइबोन्यूक्लिक एसिड (DNA) र राइबोन्यूक्लिक एसिड (RNA) का निर्माण खण्डहरू पनि देखा परे। लिपिडहरू, झिल्लीहरू बनाउन सक्षम फ्याटी अणुहरू जसले कोशिकाहरूलाई घेर्छ, पनि विकसित भए। यी जीवनका लागि आवश्यक सामग्रीहरू थिए, प्रारम्भिक पृथ्वीको अवस्थामा स्वतःस्फूर्त रूपमा बन्दै।
  Got:      यो "प्राथमिक सौप" भित्र, साधारण जैविक अणुहरू अन्तरक्रिया गर्न र थप जटिल संरचनाहरू बनाउन थाले। अमिनो एसिडहरू, प्रोटिनका आधारभूत घटेकाहरु, देखा परे। नुच्लेओतिदेहरु, देओछ्यृबोनुच्लेइच एसिड (डीएनए) र रिबोनुच्लेइच एसिड (आरएनए) का निर्माण खण्डहरू पनि देखा परे। लिपिदहरु, झिल्लीहरू बनाउन सक्षम फत्त्य अणुहरू जसले कोशिकाहरूलाई घेर्छ, पनि विकसित भए। यी जीवनका लागि आवश्यक सामग्रीहरू थिए, प्रारम्भिक पृथ्वीको अवस्थामा स्वतह्स्पुर्त रूपमा बँदै।
----------------------------------------
[206] Roman: "RNA World" parikalpanale sujhaw dinchha ki RNA anuharu, aanuwanshik jankari bokna ra rasayanik pratikriyaharulai utprerit garna saksham, sabai jiwanka purwawarti thie. Yo siddhantale RNA, DNA hoin, prarambhik jiwan rupharuma prathamik aanuwanshik samagri thiyo bhanera prastaw gardachha. "Iron-Sulfur World" siddhantale samudrakobhuima hydrothermal ventsma jiwan utpanna bhayeko prastaw gardachha. Yi ventsharule Prithiviko bhitri bhagbata rasayanharu nikalchhan, prarambhik jiwanko lagi urja ra aawashyak rasayanik nirman khandaharu duwai pradan gardachha. "Lipid World" paridrishyale sujhaw dinchha ki aatma-pratikriti lipid vesiclesharu, lipidharudwara baneka sadharan golakar sanrachanharu, pahilo proto-koshikaharu, aadhunik koshikaharuka purwawarti thie.
  Expected: "RNA वर्ल्ड" परिकल्पनाले सुझाव दिन्छ कि RNA अणुहरू, आनुवंशिक जानकारी बोक्न र रासायनिक प्रतिक्रियाहरूलाई उत्प्रेरित गर्न सक्षम, सबै जीवनका पूर्ववर्ती थिए। यो सिद्धान्तले RNA, DNA होइन, प्रारम्भिक जीवन रूपहरूमा प्राथमिक आनुवंशिक सामग्री थियो भनेर प्रस्ताव गर्दछ। "आइरन-सल्फर वर्ल्ड" सिद्धान्तले समुद्रको भुइँमा हाइड्रोथर्मल भेन्टहरूमा जीवन उत्पन्न भएको प्रस्ताव गर्दछ। यी भेन्टहरूले पृथ्वीको भित्री भागबाट रसायनहरू निकाल्छन्, प्रारम्भिक जीवनको लागि ऊर्जा र आवश्यक रासायनिक निर्माण खण्डहरू दुवै प्रदान गर्दछ। "लिपिड वर्ल्ड" परिदृश्यले सुझाव दिन्छ कि आत्म-प्रतिकृति लिपिड भेसिकलहरू, लिपिडहरूद्वारा बनेका साधारण गोलाकार संरचनाहरू, पहिलो प्रोटो-कोशिकाहरू, आधुनिक कोशिकाहरूका पूर्ववर्ती थिए।
  Got:      "आरएनए वोर्ल्द" परिकल्पनाले सुझाव दिन्छ कि आरएनए अणुहरू, आनुवंशिक जानकारी बोक्न र रासायनिक प्रतिक्रियाहरूलाई उत्प्रेरित गर्न सक्षम, सबै जीवनका पूर्ववर्ती थिए। यो सिद्धान्तले आरएनए, डीएनए होइन, प्रारम्भिक जीवन रूपहरूमा प्राथमिक आनुवंशिक सामग्री थियो भनेर प्रस्ताव गर्दछ। "इरोन-सुल्फुर वोर्ल्द" सिद्धान्तले समुद्रकोभुइम ह्य्द्रोथेर्मल वेँत्समा जीवन उत्पन्न भएको प्रस्ताव गर्दछ। यी वेँत्सहरुले पृथ्वीको भित्री भागबाट रसायनहरू निकल्छन, प्रारम्भिक जीवनको लागि ऊर्जा र आवश्यक रासायनिक निर्माण खण्डहरू दुवै प्रदान गर्दछ। "लिपिद वोर्ल्द" परिदृश्यले सुझाव दिन्छ कि आतम-प्रतिकृति लिपिद वेसिच्लेसहरु, लिपिधरुद्वर बनेका साधारण गोलाकार संरचनाहरू, पहिलो प्रोतो-कोशिकाहरू, आधुनिक कोशिकाहरूका पूर्ववर्ती थिए।
----------------------------------------
[207] Roman: Satik sayantrako bawajud, Prithiviko prarambhik itihasko kunai binduma, yi jatil jaibik anuharule aphulai aatma-pratikriti sansthaharuma byawasthit gare. Yi aaja hamile chineka jasto purna rupma baneka koshikaharu thienan, baru purwawartiharu, jiwanko pahilo biuharu, aphulai pratilipi garna ra jankari pathauna saksham thie. Yasle hamro grahako itihasma ek gahiro modlai chinh lagayo, ek lamo ra jatil bikaswadi yatrko shuruwat jasle antatah aaja hamile dekheko jiwanko awishwasniya vividhtalaai nimtyaunechha.
  Expected: सटीक संयन्त्रको बावजुद, पृथ्वीको प्रारम्भिक इतिहासको कुनै बिन्दुमा, यी जटिल जैविक अणुहरूले आफूलाई आत्म-प्रतिकृति संस्थाहरूमा व्यवस्थित गरे। यी आज हामीले चिनेका जस्तो पूर्ण रूपमा बनेका कोशिकाहरू थिएनन्, बरु पूर्ववर्तीहरू, जीवनको पहिलो बीउहरू, आफैलाई प्रतिलिपि गर्न र जानकारी पठाउन सक्षम थिए। यसले हाम्रो ग्रहको इतिहासमा एक गहिरो मोडलाई चिन्ह लगायो, एक लामो र जटिल विकासवादी यात्राको सुरुवात जसले अन्ततः आज हामीले देखेको जीवनको अविश्वसनीय विविधतालाई निम्त्याउनेछ।
  Got:      सटीक संयन्त्रको बावजुद, पृथ्वीको प्रारम्भिक इतिहासको कुनै बिन्दुमा, यी जटिल जैविक अणुहरूले आफूलाई आतम-प्रतिकृति संस्थाहरूमा व्यवस्थित गरे। यी आज हामीले चिनेका जस्तो पूर्ण रूपमा बनेका कोशिकाहरू थिएनन्, बरु पूर्ववर्तीहरू, जीवनको पहिलो बीउहरू, आफूलाई प्रतिलिपि गर्न र जानकारी पठाउन सक्षम थिए। यसले हाम्रो ग्रहको इतिहासमा एक गहिरो मोडलाई चिन्ह लगायो, एक लामो र जटिल विकासवादी यात्राको सुरुवात जसले अन्ततः आज हामीले देखेको जीवनको अविश्वसनीय विविधतालाई निम्त्याउनेछ।
----------------------------------------
[208] Roman: Lagbhag 3.8 arba barsha pahile, Prithiviko itihasma ek nirnayak kshan aayo: pahilo jiwan rupharuko uday. Yi aaja hamile warpar dekheka jatil, bahu-koshiya jiwiharu thienan, baru sadharan, ekal-koshiya sansthaharu jaslai protocell bhannichha. Yi prarambhik jiwan rupharu aadhunik koshikaharu bhanda dherai pharak thie, koshiya bikasko thap aadim charanko pratinidhitwa gardachha.
  Expected: लगभग ३.८ अर्ब वर्ष पहिले, पृथ्वीको इतिहासमा एक निर्णायक क्षण आयो: पहिलो जीवन रूपहरूको उदय। यी आज हामीले वरपर देखेका जटिल, बहु-कोशिकीय जीवहरू थिएनन्, बरु साधारण, एकल-कोशिकीय संस्थाहरू जसलाई प्रोटोसेल भनिन्छ। यी प्रारम्भिक जीवन रूपहरू आधुनिक कोशिकाहरू भन्दा धेरै फरक थिए, कोशिकीय विकासको थप आदिम चरणको प्रतिनिधित्व गर्दछ।
  Got:      लगभग ३.।8 अर्ब वर्ष पहिले, पृथ्वीको इतिहासमा एक निर्णायक क्षण आयो: पहिलो जीवन रूपहरूको उदय। यी आज हामीले वरपर देखेका जटिल, बहु-कोशिकीय जीवहरू थिएनन्, बरु साधारण, एकल-कोशिकीय संस्थाहरू जसलाई प्रोटोसेल भनिन्छ। यी प्रारम्भिक जीवन रूपहरू आधुनिक कोशिकाहरूभन्दा धेरै फरक थिए, कोशिकीय विकासको थप आदिम चरणको प्रतिनिधित्व गर्दछ।
----------------------------------------
[209] Roman: Yi protocelharuma sambhawatah ek rudimentary aanuwanshik code thiyo, sambhawatah dheraijasto aadhunik jiwiharu dwara prayog gariyeko thap jatil DNA ko satta RNA ma aadharit. Yo saral aanuwanshik pranalile tiniharulai aadharbhut vanshanugat jankari bhandaran ra prasaran garna anumati diyo. Mahatwapurna kura, tiniharu aphno warpar ko watabaranbata urja prayog garna saksham thie, sambhawatah chemosynthesis (urjako lagi rasayan prayog garera) wa sayad prakash sanslesanko ek aadim rup marfat. Urja nikalne ra prayog garne yo kshamata tiniharuko aantarik prakriyaharu kayam rakhna ra jiwanlai nirantarta din aawashyak thiyo.
  Expected: यी प्रोटोसेलहरूमा सम्भवतः एक रुडिमेटरी आनुवंशिक कोड थियो, सम्भवतः धेरैजसो आधुनिक जीवहरूद्वारा प्रयोग गरिएको थप जटिल DNA को सट्टा RNA मा आधारित। यो सरल आनुवंशिक प्रणालीले तिनीहरूलाई आधारभूत वंशानुगत जानकारी भण्डारण र प्रसारण गर्न अनुमति दियो। महत्त्वपूर्ण कुरा, तिनीहरू आफ्नो वरपरको वातावरणबाट ऊर्जा प्रयोग गर्न सक्षम थिए, सम्भवतः केमोसिन्थेसिस (ऊर्जाको लागि रसायन प्रयोग गरेर) वा सायद प्रकाश संश्लेषणको एक आदिम रूप मार्फत। ऊर्जा निकाल्ने र प्रयोग गर्ने यो क्षमता तिनीहरूको आन्तरिक प्रक्रियाहरू कायम राख्न र जीवनलाई निरन्तरता दिन आवश्यक थियो।
  Got:      यी पुन सम्भवतह एक रुदिमेँतर्य आनुवंशिक कोड थियो, सम्भवतह धेरैजस्तो आधुनिक जीवहरू महत्त्वद्वारा प्रयोग गरिएको थप जटिल डीएनएको सट्टा आरएनएमा आधारित। यो सरल आनुवंशिक प्रणालीले तिनीहरूलाई आधारभूत वँशनुगत जानकारी भण्डारण र प्रसारण गर्न अनुमति दियो। महत्त्वपूर्ण कुरा, तिनीहरू आफ्नो वरपरको वातावरणबाट ऊर्जा प्रयोग गर्न सक्षम थिए, सम्भवतह चेमोस्य्न्थेसिस (ऊर्जाको लागि रसायन प्रयोग गरेर) वा सायद प्रकाश संश्लेषणको एक आदिम रूप मार्फत। ऊर्जा निकाल्ने र प्रयोग गर्ने यो क्षमता तिनीहरूको आन्तरिक प्रक्रियाहरू कायम राख्न र जीवनलाई निरन्तरता दिन आवश्यक थियो।
----------------------------------------
[210] Roman: Sabai bhanda mahatwapurna kura, yi protocelharuma punah utpadan garne kshamata thiyo, jiwanko ek paribhashit visheshta. Aphulai dohraune ra aphno visheshtaharu pachhika pustaharuma pathaune yo kshamata bikaswadi pariwartanko kunjithiyo. Punah utpadan ra vanshanugatiko yo prakriya marfat, bhinnataharu utpanna huna sakchhan, ra watabaranma phaaida pradan garne ti bhinnataharu pathaune sambhawana badi hunechha, jiwanko bikaslai aghi badhaudai.
  Expected: सबैभन्दा महत्त्वपूर्ण कुरा, यी प्रोटोसेलहरूमा पुन: उत्पादन गर्ने क्षमता थियो, जीवनको एक परिभाषित विशेषता। आफूलाई दोहोर्याउने र आफ्नो विशेषताहरू पछिका पुस्ताहरूमा पठाउने यो क्षमता विकासवादी परिवर्तनको कुञ्जी थियो। पुन: उत्पादन र वंशानुगतिको यो प्रक्रिया मार्फत, भिन्नताहरू उत्पन्न हुन सक्छन्, र वातावरणमा फाइदा प्रदान गर्ने ती भिन्नताहरू पठाउने सम्भावना बढी हुनेछ, जीवनको विकासलाई अघि बढाउँदै।
  Got:      सबैभन्दा महत्त्वपूर्ण कुरा, यी पुन पुन उत्पादन गर्ने क्षमता थियो, जीवनको एक विशेषता विशेषता। आफूलाई र र आफ्नो विशेषताहरू पुस्ताहरूमा पठाउने यो यो क्षमता विकासवादी कुञ्जी थियो। पुन उत्पादन र वंशानुगतिको यो प्रक्रिया मार्फत, भिन्नताहरू उत्पन्न हुन सक्छन्, र वातावरणमा फाइदा प्रदान गर्ने ती भिन्नताहरू यो सम्भावना बढी हुनेछ, जीवनको विकासलाई अघि बढाउँदै।
----------------------------------------
[212] Roman: Yi sadharan, ekal-koshiya shuruwatbata, jiwan ek asadharan bikaswadi yatrama lagyo, nirantar anukulan ra vividhikaran ko prakriya jasle aaja hamile chineko biosphere lai aakar diyeko chha. Aunuhos yas mahakawya gathaka kehi nirnayak kshanharuma chhito agadi badhaun:
  Expected: यी साधारण, एकल-कोशिकीय सुरुवातबाट, जीवन एक असाधारण विकासवादी यात्रामा लाग्यो, निरन्तर अनुकूलन र विविधीकरणको प्रक्रिया जसले आज हामीले चिनेको बायोस्फियरलाई आकार दिएको छ। आउनुहोस् यस महाकाव्य गाथाका केही निर्णायक क्षणहरूमा छिटो अगाडि बढौं:
  Got:      यी साधारण, एकल-कोशिकीय सुरुवातबाट, जीवन एक असाधारण विकासवादी यात्रामा लाग्यो, निरन्तर अनुकूलन र विविधीकरणको प्रक्रिया जसले आज हामीले चिनेको बायोस्फियरलाई आकार दिइएको छ। आउनुहोस् यस महाकाव्य गाथाका केही निर्णायक क्षणहरूमा छिटो अगाडि बढौं:
----------------------------------------
[213] Roman: Lagbhag 3 arba barsha pahile, ek krantikari bikas bhayo: prakash sanslesanko uday. Cyanobacteria, bacteriaka prarambhik rupharu, prakash sansleshan marfat suryako kiranbata urja prayog garne kshamata bikasit bhayo. Yo prakriyale, yi jiwiharuko lagi urja pradan garda, ek gahiro side effect thiyo: upa-utpadko rupma oxygenko utpadan. Yasle Prithiviko itihasko ek awadhi, mahan oxygenation ghatanako shuruwatlai chinh lagayo jab watabaranma oxygenko ekagrata natakiya rupma badhyo. Yo ghatana ek mahatwapurna mod thiyo, jasle Prithiviko watabaranlai tivra rupma pariwartan garyo ra oxygen-shwasprashwas garne jiwan rupharuko bikasko lagi marga prashast garyo. Yasle dherai anaerobic jiwiharuko samuhik wiluptiko karan pani banayo jun oxygenko upasthitima banchana sakenan.
  Expected: लगभग ३ अर्ब वर्ष पहिले, एक क्रान्तिकारी विकास भयो: प्रकाश संश्लेषणको उदय। साइनोब्याक्टेरिया, ब्याक्टेरियाका प्रारम्भिक रूपहरू, प्रकाश संश्लेषण मार्फत सूर्यको किरणबाट ऊर्जा प्रयोग गर्ने क्षमता विकसित भयो। यो प्रक्रियाले, यी जीवहरूको लागि ऊर्जा प्रदान गर्दा, एक गहिरो साइड इफेक्ट थियो: उप-उत्पादको रूपमा अक्सिजनको उत्पादन। यसले पृथ्वीको इतिहासको एक अवधि, महान अक्सिजनेशन घटनाको सुरुवातलाई चिन्ह लगायो जब वातावरणमा अक्सिजनको एकाग्रता नाटकीय रूपमा बढ्यो। यो घटना एक महत्वपूर्ण मोड थियो, जसले पृथ्वीको वातावरणलाई तीव्र रूपमा परिवर्तन गर्‍यो र अक्सिजन-श्वासप्रश्वास गर्ने जीवन रूपहरूको विकासको लागि मार्ग प्रशस्त गर्‍यो। यसले धेरै एनारोबिक जीवहरूको सामूहिक विलुप्तिको कारण पनि बनायो जुन अक्सिजनको उपस्थितिमा बाँच्न सकेनन्।
  Got:      लगभग ३. अर्ब वर्ष पहिले, एक क्रान्तिकारी विकास भयो: प्रकाश संश्लेषणको उदय। साइनोब्याक्टेरिया, ब्याक्टेरियाका प्रारम्भिक रूपहरू, प्रकाश संश्लेषण मार्फत सूर्यको किरणबाट ऊर्जा प्रयोग गर्ने क्षमता विकसित भयो। यो प्रक्रियाले, यी जीवहरूको लागि ऊर्जा प्रदान गर्दा, एक गहिरो साइड इफेक्ट थियो: उप-उत्पदको रूपमा अक्सिजनको उत्पादन। यसले पृथ्वीको इतिहासको एक अवधि, महान अक्सिजनेशन घटनाको सुरुवातलाई चिन्ह लगायो जब वातावरणमा अक्सिजनको एकाग्रता नाटकीय रूपमा बढ्यो। यो घटना एक महत्त्वपूर्ण मोड थियो, जसले पृथ्वीको वातावरणलाई तीव्र रूपमा परिवर्तन गर्‍यो र अक्सिजन-श्वासप्रश्वास गर्ने जीवन रूपहरूको विकासको लागि मार्ग प्रशस्त गर्‍यो। यसले धेरै एनारोबिक जीवहरूको सामूहिक विलुप्तिको कारण पनि बनायो जुन अक्सिजनको उपस्थितिमा बाँच्न सकेनन्।
----------------------------------------
[215] Roman: Lagbhag 1 arba barsha pahile, arko pramukh bikaswadi nawinata dekha paryo: bahukoshiyata. Byaktigat koshikaharule sahayog garna ra ekjut samuhaharu banauna thale, pahilo sadharan bahukoshiya jiwiharulai netritwa gardai. Ekal-koshiyabata bahukoshiya jiwanma yo sankramanle naya bikaswadi sambhawanaharuko ek vishal shrinkhala kholyo. Koshikaharule aba vibhinna karyaharuma biseshagya hasil garna sakdachhan, utakaharu, angaharu, ra antatah jatil anga pranaliharuko bikasko lagi netritwa gardai. Yasle thula, thap jatil jiwiharu ra jiwan rupharuko thulo vividhtako bikasko lagi marga prashast garyo.
  Expected: लगभग १ अर्ब वर्ष पहिले, अर्को प्रमुख विकासवादी नवीनता देखा पर्‍यो: बहुकोशिकीयता। व्यक्तिगत कोशिकाहरूले सहयोग गर्न र एकजुट समूहहरू बनाउन थाले, पहिलो साधारण बहुकोशिकीय जीवहरूलाई नेतृत्व गर्दै। एकल-कोशिकीयबाट बहुकोशिकीय जीवनमा यो संक्रमणले नयाँ विकासवादी सम्भावनाहरूको एक विशाल श्रृंखला खोल्यो। कोशिकाहरूले अब विभिन्न कार्यहरूमा विशेषज्ञता हासिल गर्न सक्दछन्, ऊतकहरू, अंगहरू, र अन्ततः जटिल अंग प्रणालीहरूको विकासको लागि नेतृत्व गर्दै। यसले ठूला, थप जटिल जीवहरू र जीवन रूपहरूको ठूलो विविधताको विकासको लागि मार्ग प्रशस्त गर्‍यो।
  Got:      लगभग १. अर्ब वर्ष पहिले, अर्को प्रमुख विकासवादी नवीनता देखा पर्‍यो: बहुकोशिकीयता। व्यक्तिगत कोशिकाहरूले सहयोग गर्न र एकजुट समूहहरू बनाउन थाले, पहिलो साधारण बहुकोशिकीय जीवहरूलाई नेतृत्व गर्दै। एकल-कोशिकीयबाट बहुकोशिकीय जीवनमा यो संक्रमणले नयाँ विकासवादी सम्भावनाहरूको एक विशाल श्रृंखला खोल्यो। कोशिकाहरूले अब विभिन्न कार्यहरूमा विशेषज्ञता हासिल गर्न सक्दछन्, ऊतकहरू, अंगहरू, र अन्ततः जटिल अंग प्रणालीहरूको विकासको लागि नेतृत्व गर्दै। यसले ठूला, थप जटिल जीवहरू र जीवन रूपहरूको ठूलो विविधताको विकासको लागि मार्ग प्रशस्त गर्‍यो।
----------------------------------------
[216] Roman: Tyaspachhi, lagbhag 541 million barsha pahile, Cambrian bisphot bhanera chinine ek ullekhniya ghatana ghatyo. Yo awadhile bikaswadi nawinatako ek bisphot, lagbhag 25 million barshako अपेक्षाकृत chhoto awadhi pratinidhitwa gardachha jasle jiwanko drut vividhikaran ra aaja hamile dekheka dheraijasto pramukh janawar samuhaharuko uday dekhyo. Yas bhaugolik rupma chhoto awadhima, jiwan mukhyatah sadharan, ekal-koshiya jiwiharu ra kehi sadharan bahukoshiya rupharbata vividh sharir yojanaharu ra paristhitik bhumikaharu bhaeka jatil, bahukoshiya praniharuko bistrit shrinkhalama vividhikaran bhayo. Jiwanko yo bisphotle biosphere lai natakiya rupma punah aakar diyo ra Prithiviko itihasko arko adhyayako lagi marga prashast garyo, jasma dinosaurs haruko uday ra patan samabes hunechha.
  Expected: त्यसपछि, लगभग ५४१ मिलियन वर्ष पहिले, क्याम्ब्रियन विस्फोट भनेर चिनिने एक उल्लेखनीय घटना घट्यो। यो अवधिले विकासवादी नवीनताको एक विस्फोट, लगभग २५ मिलियन वर्षको अपेक्षाकृत छोटो अवधि प्रतिनिधित्व गर्दछ जसले जीवनको द्रुत विविधीकरण र आज हामीले देखेका धेरैजसो प्रमुख जनावर समूहहरूको उदय देख्यो। यस भूवैज्ञानिक रूपमा छोटो अवधिमा, जीवन मुख्यतया साधारण, एकल-कोशिकीय जीवहरू र केही साधारण बहुकोशिकीय रूपहरूबाट विविध शरीर योजनाहरू र पारिस्थितिक भूमिकाहरू भएका जटिल, बहुकोशिकीय प्राणीहरूको विस्तृत श्रृंखलामा विविधीकरण भयो। जीवनको यो विस्फोटले बायोस्फियरलाई नाटकीय रूपमा पुन: आकार दियो र पृथ्वीको इतिहासको अर्को अध्यायको लागि मार्ग प्रशस्त गर्‍यो, जसमा डायनासोरहरूको उदय र पतन समावेश हुनेछ।
  Got:      त्यसपछि, लगभग 541 मिलियन वर्ष पहिले, चम्बृअन विस्फोट भनेर चिनिने एक उल्लेखनीय घटना घट्यो। यो अवधिले विकासवादी नवीनताको एक विस्फोट, लगभग 25 मिलियन वर्षको अपेक्षाकृत छोतो अवधि प्रतिनिधित्व गर्दछ जसले जीवनको द्रुत विविधीकरण र आज हामीले देखेका धेरैजस्तो प्रमुख जनावर समुहहरुको उदय देख्यो। यस भूवैज्ञानिक रूपमा छोतो अवधिमा, जीवन मुख्यतह साधारण, एकल-कोशिकीय जीवहरू र केही साधारण बहुकोशिकीय रुफरबाट विविध शरीर योजनहरु र पारिस्थितिक भूमिकाहरू भएका जटिल, बहुकोशिकीय प्राणीहरूको विस्तृत श्रृंखलामा विविधीकरण भयो। जीवनको यो विस्फोटले बायोस्फियरलाई नाटकीय रूपमा पुन आकार दियो र पृथ्वीको इतिहासको अर्को अध्यायको लागि मार्ग प्रशस्त गर्‍यो, जसमा दिनोसौर्सहरुको उदय र पतन समावेश हुनेछ।
----------------------------------------
[217] Roman: Lagbhag 245 million barsha pahile, Permian-Triassic wiluptiko ghatanako parinamama, Prithiviko itihasko sabai bhanda gambhir samuhik wilupti, sarisripaharuko euta naya samuhale jaminma aphno prabhutwa jamauna thalyo: dinosaurs haru. Yo wilupti ghatana, jasle Prithivima jiwanko vishal bahumatlai nasta garyo, paristhitik riktataharu srijana garyo jasle dinosaurs harulai phastauna ra vividhikaran garna anumati diyo.
  Expected: लगभग २४५ मिलियन वर्ष पहिले, पर्मियन-ट्रायासिक विलुप्तिको घटनाको परिणाममा, पृथ्वीको इतिहासको सबैभन्दा गम्भीर सामूहिक विलुप्ति, सरीसृपहरूको एउटा नयाँ समूहले जमिनमा आफ्नो प्रभुत्व जमाउन थाल्यो: डायनासोरहरू। यो विलुप्ति घटना, जसले पृथ्वीमा जीवनको विशाल बहुमतलाई नष्ट गर्‍यो, पारिस्थितिक रिक्तताहरू सिर्जना गर्‍यो जसले डायनासोरहरूलाई फस्टाउन र विविधीकरण गर्न अनुमति दियो।
  Got:      लगभग २४५ मिलियन वर्ष पहिले, पेर्मिअन-तृअस्सिच विलुप्तिको घटनाको परिणाममा, पृथ्वीको इतिहासको सबैभन्दा गम्भीर सामूहिक विलुप्ति, सरीसृपहरूको एउटा नयाँ समूहले जमिनमा आफ्नो प्रभुत्व जमाउन थाल्यो: डायनासोरहरू। यो विलुप्ति घटना, जसले पृथ्वीमा जीवनको विशाल बहुमतलाई नष्ट गर्‍यो, पारिस्थितिक रिक्तताहरू सिर्जना गर्‍यो जसले डायनासोरहरूलाई फस्टाउन र विविधीकरण गर्न अनुमति दियो।
----------------------------------------
[218] Roman: 180 million barsha bhanda badhiko aashcharyajanak awadhiko lagi, dinosaurs haru sthaliya sansarko nirbiwad shasak ko rupma sarbochcha shasan gare. Yas samayama, Mesozoic yugako rupma chininchha, tiniharu kalpana garna sakinne lagbhag harek sthaliya nichma kabja gardai, asadharan rupharuko shrinkhalama bikasit bhaye. Tiniharuko vividhta sanchhai ullekhniya thiyo:
  Expected: १८० मिलियन वर्ष भन्दा बढीको आश्चर्यजनक अवधिको लागि, डायनासोरहरू स्थलीय संसारको निर्विवाद शासकको रूपमा सर्वोच्च शासन गरे। यस समयमा, मेसोजोइक युगको रूपमा चिनिन्छ, तिनीहरू कल्पना गर्न सकिने लगभग हरेक स्थलीय निचमा कब्जा गर्दै, असाधारण रूपहरूको श्रृंखलामा विकसित भए। तिनीहरूको विविधता साँच्चै उल्लेखनीय थियो:
  Got:      १८० मिलियन वर्षभन्दा बढीको आश्चर्यजनक अवधिको लागि, डायनासोरहरू स्थलीय संसारको निर्बिवद शसकको रूपमा सर्बोच्च शसन गरे। यस समयमा, मेसोजोइच युगको रूपमा चिनिन्छ, तिनीहरू कल्पना गर्न बुझ्न लगभग हरेक स्थलीय निचमा कब्जा गर्दै, असाधारण रूपहरूको श्रृंखलामा विकसित भए। तिनीहरूको विविधता साँच्चै उल्लेखनीय थियो:
----------------------------------------
[219] Roman: Lamo ghaanti bhaeka sauropodharu, jastai Brachiosaurus ra Apatosaurus, Prithivima hindne sabai bhanda thula sthaliya janawarharu madhye thie. Tiniharuko vishal aakar ra lamo ghaantile tiniharulai pataharuko lagi rukhaharuma uchcha pugna anumati diyo.
  Expected: लामो घाँटी भएका सौरोपोडहरू, जस्तै ब्राकियोसौरस र एपेटोसरस, पृथ्वीमा हिँड्ने सबैभन्दा ठूला स्थलीय जनावरहरूमध्ये थिए। तिनीहरूको विशाल आकार र लामो घाँटीले तिनीहरूलाई पातहरूको लागि रूखहरूमा उच्च पुग्न अनुमति दियो।
  Got:      लामो घाँती भएका सौरोपोदहरु, जस्तै ब्रचिओसौरुस र अपतोसौरुस, पृथ्वीमा हिँद्ने सबैभन्दा ठूला स्थलीय जनावरहरू मध्ये थिए। तिनीहरूको विशाल आकार र लामो घाँतीले तिनीहरूलाई पतहरुको लागि रुखहरुमा उच्च पुग्न अनुमति दियो।
----------------------------------------
[223] Roman: Dinosaurs haruko ullekhniya safaltalai dherai mukhya karakharulai shreya din sakincha. Tiniharuko sidha mudra, tiniharuko sharirko thik tala awasthit khuttaharu sahit, phailiyeko angaharu bhaeka pahileka sarisripaharuko tulnama thap kushal aandolanko lagi anumati diyo. Yo mudrale tiniharulai chhito daudana ra thulo duri kawar garna saksham banayo. Dherai dinosaur prajatiharu sambhawatah taato ragat bhaeka thie (wa kamtima madhyawarti chayapachayako kehi rup thiyo), jasle digo gatividhi starharu ra vibhinna jalwayuharuma thulo anukulanko lagi anumati diyo. Antama, dinosaurs harule sana mehatar ra kitabhakshidekhi vishal shakahari ra apex shikariharusamma paristhitik nichharuko bistrit shrinkhala ogateka thie, uplabdha srotaharuko mahattam upayog gardai.
  Expected: डायनासोरहरूको उल्लेखनीय सफलतालाई धेरै मुख्य कारकहरूलाई श्रेय दिन सकिन्छ। तिनीहरूको सीधा मुद्रा, तिनीहरूको शरीरको ठीक तल अवस्थित खुट्टाहरू सहित, फैलिएको अंगहरू भएका पहिलेका सरीसृपहरूको तुलनामा थप कुशल आन्दोलनको लागि अनुमति दियो। यो मुद्राले तिनीहरूलाई छिटो दौडन र ठूलो दूरी कभर गर्न सक्षम बनायो। धेरै डायनासोर प्रजातिहरू सम्भवतः तातो रगत भएका थिए (वा कम्तिमा मध्यवर्ती चयापचयको केही रूप थियो), जसले दिगो गतिविधि स्तरहरू र विभिन्न जलवायुहरूमा ठूलो अनुकूलनको लागि अनुमति दियो। अन्तमा, डायनासोरहरूले साना मेहतर र कीटभक्षीदेखि विशाल शाकाहारी र एपेक्स शिकारीहरूसम्म पारिस्थितिक निचहरूको विस्तृत श्रृंखला ओगटेका थिए, उपलब्ध स्रोतहरूको अधिकतम उपयोग गर्दै।
  Got:      दिनोसौर्सहरुको उल्लेखनीय सफलतालाई धेरै मुख्य कारकहरुलाई श्रेय दिन सकिन्छ। तिनीहरूको सिधा मुद्रा, तिनीहरूको शरीरको ठीक तल अवस्थित खुत्तहरु सहित, फैलियेको अंगहरू भएका पहिलेका सरीसृपहरूको तुलनामा थप कुशल आँदोलनको लागि अनुमति दियो। यो मुद्राले तिनीहरूलाई छिटो दौदन र ठूलो दूरी कवर गर्न सक्षम बनायो। धेरै दिनोसौर प्रजातिहरू सम्भवतह तातो रगत भएका थिए (वा कम्तीमा मध्यवर्ती चयपचयको केही रूप थियो), जसले दिगो गतिविधि स्तरहरू र विभिन्न जलवायुहरुमा ठूलो अनुकूलनको लागि अनुमति दियो। अन्तमा, दिनोसौर्सहरुले साना मेहतर र कितभक्षीदेखि विशाल शकहरी र अपेछ शिकरिहरुसममा पारिस्थितिक निचहरुको विस्तृत श्रृंखला ओगटेका थिए, उपलब्ध स्रोतहरुको महत्तम उपयोग गर्दै।
----------------------------------------
[227] Roman: Jabaki tatkal parinamharu bhayanak thie, yo dirghakalin watabaraniya ra jalwayu pariwartanharu thie jasle antatah gair-avian dinosaurharuko bhagyalaai mohar lagayo. Watabaranma dhulo ra aerosolsle "impact winter" bhanera chinine ek ghatana nimtyayo, jaha vishwabyapi tapkram natakiya rupma ghatyo. Suryako kiranako awarodhale prakash sansleshanlai gambhir rupma badha puryayo, jasle garda banaspati jiwan oilaera maryo. Khadya shrinkhalako aadharma prathamik utpadakharuko yo patanle sampurna paristhitiki pranalima cascading prabhavharu pareko thiyo, jasle byapak bhokmari ra wiluptiko netritwa garyo.
  Expected: जबकि तत्काल परिणामहरू भयानक थिए, यो दीर्घकालीन वातावरणीय र जलवायु परिवर्तनहरू थिए जसले अन्ततः गैर-एभियन डायनासोरहरूको भाग्यलाई मोहर लगायो। वातावरणमा धुलो र एरोसोलहरूले "इम्प्याक्ट विन्टर" भनेर चिनिने एक घटना निम्त्यायो, जहाँ विश्वव्यापी तापक्रम नाटकीय रूपमा घट्यो। सूर्यको किरणको अवरोधले प्रकाश संश्लेषणलाई गम्भीर रूपमा बाधा पुर्‍यायो, जसले गर्दा वनस्पति जीवन ओइलाएर मर्यो। खाद्य श्रृंखलाको आधारमा प्राथमिक उत्पादकहरूको यो पतनले सम्पूर्ण पारिस्थितिकी प्रणालीमा क्यास्केडिङ प्रभावहरू पारेको थियो, जसले व्यापक भोकमरी र विलुप्तिको नेतृत्व गर्‍यो।
  Got:      जबकि तत्काल परिणामहरू भयानक थिए, यो दीर्घकालीन वातावरणीय र जलवायु परिवर्तनहरू थिए जसले अन्ततः गैर-अविअन डायनासोरहरूको भाग्यलाई मोहर लगायो। वातावरणमा धुलो र एरोसोलहरूले "इम्प्याक्ट विन्टर" भनेर चिनिने एक घटना निम्त्यायो, जहाँ विश्वव्यापी तापक्रम नाटकीय रूपमा घट्यो। सूर्यको किरणको अवरोधले प्रकाश संश्लेषणलाई गम्भीर रूपमा बाधा पुर्‍यायो, जसले गर्दा वनस्पति जीवन ओइलाएर मर्यो। खाद्य श्रृंखलाको आधारमा प्राथमिक उत्पादकहरूको यो पतनले सम्पूर्ण पारिस्थितिकी प्रणालीमा क्यास्केडिङ प्रभावहरू परेको थियो, जसले व्यापक भोकमरी र विलुप्तिको नेतृत्व गर्‍यो।
----------------------------------------
[228] Roman: Yo vinashkari ghatanako parinamama, Prithivika lagbhag 75% banaspati ra janawar prajatiharu nasta bhaye. Gair-avian dinosaurharu, 180 million barsha bhanda badhi samayadekhi sthaliya paristhitiki pranaliharuma hawi bhaeka, pramukh hatahatmadhye thie. Yadyapi, yo samuhik wilupti jati vinashkari thiyo, yasle naya paristhitik awasarharu pani srijana garyo. Prabhavshali dinosaurharulai drishyabata hataiepachhi (charaharu bahek, tiniharka pratyaksh vanshajharu), jiwankaruko anya samuhaharule naya uplabdha paristhitik nichharuma vividhikaran ra phastaune mauka pae.
  Expected: यो विनाशकारी घटनाको परिणाममा, पृथ्वीका लगभग ७५% वनस्पति र जनावर प्रजातिहरू नष्ट भए। गैर-एभियन डायनासोरहरू, १८० मिलियन वर्ष भन्दा बढी समयदेखि स्थलीय पारिस्थितिकी प्रणालीहरूमा हावी भएका, प्रमुख हताहतहरूमध्ये थिए। यद्यपि, यो सामूहिक विलुप्ति जति विनाशकारी थियो, यसले नयाँ पारिस्थितिक अवसरहरू पनि सिर्जना गर्‍यो। प्रभावशाली डायनासोरहरूलाई दृश्यबाट हटाइएपछि (चराहरू बाहेक, तिनीहरूका प्रत्यक्ष वंशजहरू), जीवहरूको अन्य समूहहरूले नयाँ उपलब्ध पारिस्थितिक निचहरूमा विविधीकरण र फस्टाउने मौका पाए।
  Got:      यो विनाशकारी घटनाको परिणाममा, पृथ्वीका लगभग ७५% वनस्पति र जनावर प्रजातिहरू नष्ट भए। गैर-अविअन डायनासोरहरू, १८० मिलियन वर्षभन्दा बढी समयदेखि स्थलीय पारिस्थितिकी प्रणालीहरूमा हावी भएका, प्रमुख हताहतहरूमध्ये थिए। यद्यपि, यो सामूहिक विलुप्ति जति विनाशकारी थियो, यसले नयाँ पारिस्थितिक अवसरहरू पनि सिर्जना गर्‍यो। प्रभावशाली डायनासोरहरूलाई दृश्यबाट हटाइएपछि (चराहरू बाहेक, तिनीहरूका प्रत्यक्ष वंशजहरू), जीवहरूको अन्य समूहहरूले नयाँ उपलब्ध पारिस्थितिक निचहरूमा विविधीकरण र फस्टाउने मौका पाए।
----------------------------------------
[229] Roman: Yi awasarwadiharumadhye stanadhariharu thie, sana ra apeksik rupma aspasta praniharu jun dinosaurharusanga sahaastitwama thie. Dinosaurharuko wiluptile stanadhariharulai vibhinna rupharuma vividhikaran garna anumati diyo, dinosaurharudwara pahile ogateka paristhitik bhumikaharu bhardai. Prithiviko itihasko yo nirnayak kshanle stanadhariharuko ek bisesh samuhako udayko lagi marga prashast garyo jasle antatah manishharulai janma dinnechha: primetharu. Yasle Prithivima jiwanko kathama ek mahatwapurna modlai chinh lagayo, hamro aphnai vanshako udayko lagi marga prashast gardai.
  Expected: यी अवसरवादीहरूमध्ये स्तनधारीहरू थिए, साना र अपेक्षाकृत अस्पष्ट प्राणीहरू जुन डायनासोरहरूसँग सहअस्तित्वमा थिए। डायनासोरहरूको विलुप्तिले स्तनधारीहरूलाई विभिन्न रूपहरूमा विविधीकरण गर्न अनुमति दियो, डायनासोरहरूद्वारा पहिले ओगटेका पारिस्थितिक भूमिकाहरू भर्दै। पृथ्वीको इतिहासको यो निर्णायक क्षणले स्तनधारीहरूको एक विशेष समूहको उदयको लागि मार्ग प्रशस्त गर्‍यो जसले अन्ततः मानिसहरूलाई जन्म दिनेछ: प्राइमेटहरू। यसले पृथ्वीमा जीवनको कथामा एक महत्त्वपूर्ण मोडलाई चिन्ह लगायो, हाम्रो आफ्नै वंशको उदयको लागि मार्ग प्रशस्त गर्दै।
  Got:      यी अवसरवादीहरूमध्ये स्तनधारीहरू थिए, साना र अपेक्सिक रूपमा अस्पष्ट प्राणीहरू जुन डायनासोरहरूसँग सहअस्तित्वमा थिए। डायनासोरहरूको विलुप्तिले स्तनधारीहरूलाई विभिन्न रूपहरूमा विविधीकरण गर्न अनुमति दियो, डायनासोरहरूद्वारा पहिले ओगटेका पारिस्थितिक भूमिकाहरू भर्दै। पृथ्वीको इतिहासको यो निर्णायक क्षणले स्तनधारीहरूको एक विशेष समूहको उदयको लागि मार्ग प्रशस्त गर्‍यो जसले अन्ततः मानिसहरूलाई जन्म दिनेछ: प्राइमेटहरू। यसले पृथ्वीमा जीवनको कथामा एक महत्त्वपूर्ण मोडलाई चिन्ह लगायो, हाम्रो आफ्नै वंशको उदयको लागि मार्ग प्रशस्त गर्दै।
----------------------------------------
[230] Roman: Ke-Pg wilupti ghatanako parinamama, sansar dherai pharak thau thiyo. Gair-avian dinosaurharu gaepachhi, tiniharudwara pahile ogateka paristhitik nichharu aba khula thie, jiwankaruko anya samuhaharulai vividhikaran ra phastauna awasarharu srijana gardai. Yi madhye sana, nishachar, rukhma basne stanadhariharuko euta samuh thiyo jasle antatah Prithiviko sabai bhanda ullekhniya vanshaharu madhye ekalai janma dinnechha: primetharu. Yi prarambhik primetharule adwitiya visheshtaharuko ek set bikasit garna thale jun tiniharuko pachhiko bikaswadi yatrama mahatwapurna sabit hunechha.
  Expected: के-पीजी विलुप्ति घटनाको परिणाममा, संसार धेरै फरक ठाउँ थियो। गैर-एभियन डायनासोरहरू गएपछि, तिनीहरूद्वारा पहिले ओगटेका पारिस्थितिक निचहरू अब खुला थिए, जीवहरूको अन्य समूहहरूलाई विविधीकरण र फस्टाउन अवसरहरू सिर्जना गर्दै। यी मध्ये साना, निशाचर, रूखमा बस्ने स्तनधारीहरूको एउटा समूह थियो जसले अन्ततः पृथ्वीको सबैभन्दा उल्लेखनीय वंशहरू मध्ये एकलाई जन्म दिनेछ: प्राइमेटहरू। यी प्रारम्भिक प्राइमेटहरूले अद्वितीय विशेषताहरूको एक सेट विकसित गर्न थाले जुन तिनीहरूको पछिको विकासवादी यात्रामा महत्त्वपूर्ण साबित हुनेछ।
  Got:      के-प्ग विलुप्ति घटनाको परिणाममा, संसार धेरै फरक ठाउँ थियो। गैर-अविअन डायनासोरहरू गएपछि, तिनीहरूद्वारा पहिले ओगटेका पारिस्थितिक निचहरू अब खुला थिए, जीवहरूको अन्य समूहहरूलाई विविधीकरण र फस्टाउन अवसरहरू सिर्जना गर्दै। यी मध्ये साना, निशाचर, रूखमा बस्ने स्तनधारीहरूको एउटा समूह थियो जसले अन्ततः पृथ्वीको सबैभन्दा उल्लेखनीय वंशहरू मध्ये एकलाई जन्म दिनेछ: प्राइमेटहरू। यी प्रारम्भिक प्राइमेटहरूले अद्वितीय विशेषताहरूको एक सेट विकसित गर्न थाले जुन तिनीहरूको पछिको विकासवादी यात्रामा महत्त्वपूर्ण साबित हुनेछ।
----------------------------------------
[231] Roman: Dherai mukhya anukulanhurule yi prarambhik primetharulai alag garyo. Sabai bhanda mahatwapurna madhye ek samatne haat ra khuttaharuko bikas thiyo. Biparit aulaharu ra, kehi awasthama, biparit thula aulaharuko bikasle hagaruma dherai baliyo ra thap satik pakadko lagi anumati diyo. Yo anukulan arboreal watabaran navigate garnako lagi ekdam aawashyak thiyo ra pachi upakaran prayogko lagi ek mahatwapurna purwa-anukulan sabit hunechha.
  Expected: धेरै मुख्य अनुकूलनहरूले यी प्रारम्भिक प्राइमेटहरूलाई अलग गर्‍यो। सबैभन्दा महत्त्वपूर्ण मध्ये एक समात्ने हात र खुट्टाहरूको विकास थियो। विपरित औंलाहरू र, केही अवस्थामा, विपरित ठूला औंलाहरूको विकासले हाँगाहरूमा धेरै बलियो र थप सटीक पकडको लागि अनुमति दियो। यो अनुकूलन आर्बोरियल वातावरण नेभिगेट गर्नको लागि एकदम आवश्यक थियो र पछि उपकरण प्रयोगको लागि एक महत्त्वपूर्ण पूर्व-अनुकूलन साबित हुनेछ।
  Got:      धेरै मुख्य अनुकूलनहरूले यी प्रारम्भिक प्राइमेटहरूलाई अलग गर्‍यो। सबैभन्दा महत्त्वपूर्ण मध्ये एक समात्ने हात र खुट्टाहरूको विकास थियो। विपरित औंलाहरू र, केही अवस्थामा, विपरित ठूला औंलाहरूको विकासले हाँगाहरूमा धेरै बलियो र थप सटीक पकडको लागि अनुमति दियो। यो अनुकूलन आर्बोरियल वातावरण नेभिगेट गर्नको लागि एकदम आवश्यक थियो र पछि उपकरण प्रयोगको लागि एक महत्त्वपूर्ण पुर्व-अनुकूलन साबित हुनेछ।
----------------------------------------
[232] Roman: Arko paribhashit visheshta dwinetri drishtiko bikas thiyo. Tiniharuko tauko ko chheuma aakha bhaeka dheraijasto stanadhariharu bhanda pharak, prarambhik primetharule agadi pharkeka aakha bikasit gare. Yo configurationle drishtiko overlapping kshetrahru pradan garyo, jasko parinamswarup gahiraiko dharana bhayo, rukhaharuma hagaru bich uphranda sahi rupma duriharu anuman garnako lagi ek mahatwapurna anukulan. Yo badhaieko gahiraiko dharanale kiraharu ra anya sana shikarharuko shikarama pani sahayog garyo.
  Expected: अर्को परिभाषित विशेषता द्विनेत्री दृष्टिको विकास थियो। तिनीहरूको टाउकोको छेउमा आँखा भएका धेरैजसो स्तनधारीहरू भन्दा फरक, प्रारम्भिक प्राइमेटहरूले अगाडि फर्केका आँखा विकसित गरे। यो कन्फिगरेसनले दृष्टिको ओभरल्यापिङ क्षेत्रहरू प्रदान गर्‍यो, जसको परिणामस्वरूप गहिराइको धारणा भयो, रूखहरूमा हाँगाहरू बीच उफ्रँदा सही रूपमा दूरीहरू अनुमान गर्नको लागि एक महत्वपूर्ण अनुकूलन। यो बढाइएको गहिराइको धारणाले कीराहरू र अन्य साना शिकारहरूको शिकारमा पनि सहयोग गर्‍यो।
  Got:      अर्को विशेषता विशेषता द्विनेतृ दृश्तीको विकास थियो। तिनीहरूको तौकोको छेउमा आख भएका धेरैजस्तो स्तनधारीहरूभन्दा फरक, प्रारम्भिक प्राइमेटहरूले अगाडि फर्केका आख विकसित गरे। यो चोँफिगुरतिओनले दृश्तीको ओवेर्लप्पिङ क्षेत्रहरू प्रदान गर्‍यो, जसको परिनम्स्वरुप गहिरैको धारणा भयो, रुखहरुमा हगरु बीच उफ्रँद सही रूपमा दूरीहरू अनुमान गर्नको लागि एक महत्त्वपूर्ण अनुकूलन। यो बधैएको गहिरैको धारणाले किरहरु र अन्य साना शिकारहरुको शिकरमा पनि सहयोग गर्‍यो।
----------------------------------------
[236] Roman: Aphno pustak "Brief Answers to the Big Questions" ko shuruwati adhyayma, Stephen Hawking Ishwar ko astitwa warpar ko purano bahasbhitra sidhai prabesh garchhan, ek prashna jasle sahasrabdidhekhi manawtalai mohit ra bibhajit gareko chha. Kewal "Ke Ishwar hunuhunchha?" shirshak ko adhyayale bigyan ra dharma bichko najuk ra prayah bibadaspad sambandhma Hawkingko drishtikonko aadharbhut anwesanko rupma karya gardachha. Sadharan ho wa hoin jawaf prastut garnuko satta, Hawkingle aphno drishtikonlai sawadhanipurbak barnan gardachhan, baigyanik anusandhanko badhdo shaktilai ti ghatanaharulai vyakhya garna jod dindai jun ek patak ishwariya kshetrama puryaieko thiyo. Unale bataunchhan ki dharma, yasko prarambhik rupharuma, aadharbhut astitwagat prashnaharusanga jujhnako lagi manawtako pahilo prayas thiyo. Hami yaha kina chhau? Hami kahabata aayau? Yi gahiro sodhpuachharule dharmik kathaharu ra brahmandiya wishwashharuko bikaslai prerit garyo, Hawking sujhaw dinchhan. Yadyapi, jab bhautik bigyan ra brahmand bigyanko kshetrama bisesh gari baigyanik bujhai agadi badhyo, naya vyakhyaharu dekha paryo, awlokan, prayog, ra kathor bisleshanma aadharit bujhaiko lagi baikalpik dhachaharu pradan gardai. Hawkingle spashta parchhan ki, unko bicharma, yi baigyanik vyakhyaharu dharmik siddhantaharu dwara pradan gariyeka bhanda badhdo rupma baliyo ra bharpardho chhan. Taipani, unale swikar garchhan ki dharmik dhachaharu bhitra prayah paine aaram ra uddeshyako bhawana dheraka lagi ek badhyakari karak baneko chha, jasle garda baigyanik vishwa drishtikonlai purna rupma angalna hichkichichahat hunchha. Yo hichkichichahat, unale sanket gardachhan, baigyanik anusandhanko prakriya ra nishkarshaharuma wishwashko kami wa aadharbhut galatfahamibata utpanna huna sakchha.
  Expected: आफ्नो पुस्तक "Brief Answers to the Big Questions" को सुरुवाती अध्यायमा, स्टीफन हकिङ ईश्वरको अस्तित्व वरपरको पुरानो बहसभित्र सिधै प्रवेश गर्छन्, एक प्रश्न जसले सहस्राब्दीदेखि मानवतालाई मोहित र विभाजित गरेको छ। केवल "के ईश्वर हुनुहुन्छ?" शीर्षकको अध्यायले विज्ञान र धर्म बीचको नाजुक र प्रायः विवादास्पद सम्बन्धमा हकिङको दृष्टिकोणको आधारभूत अन्वेषणको रूपमा कार्य गर्दछ। साधारण हो वा होइन जवाफ प्रस्तुत गर्नुको सट्टा, हकिङले आफ्नो दृष्टिकोणलाई सावधानीपूर्वक वर्णन गर्दछन्, वैज्ञानिक अनुसन्धानको बढ्दो शक्तिलाई ती घटनाहरूलाई व्याख्या गर्न जोड दिँदै जुन एक पटक ईश्वरीय क्षेत्रमा पुर्‍याइएको थियो। उनले बताउँछन् कि धर्म, यसको प्रारम्भिक रूपहरूमा, आधारभूत अस्तित्वगत प्रश्नहरूसँग जुझ्नको लागि मानवताको पहिलो प्रयास थियो। हामी यहाँ किन छौं? हामी कहाँबाट आयौं? यी गहिरो सोधपुछहरूले धार्मिक कथाहरू र ब्रह्माण्डीय विश्वासहरूको विकासलाई प्रेरित गर्‍यो, हकिङ सुझाव दिन्छन्। यद्यपि, जब भौतिक विज्ञान र ब्रह्माण्ड विज्ञानको क्षेत्रमा विशेष गरी वैज्ञानिक बुझाइ अगाडि बढ्यो, नयाँ व्याख्याहरू देखा पर्‍यो, अवलोकन, प्रयोग, र कठोर विश्लेषणमा आधारित बुझाइको लागि वैकल्पिक ढाँचाहरू प्रदान गर्दै। हकिङले स्पष्ट पार्छन् कि, उनको विचारमा, यी वैज्ञानिक व्याख्याहरू धार्मिक सिद्धान्तहरूद्वारा प्रदान गरिएका भन्दा बढ्दो रूपमा बलियो र भरपर्दो छन्। तैपनि, उनले स्वीकार गर्छन् कि धार्मिक ढाँचाहरू भित्र प्रायः पाइने आराम र उद्देश्यको भावना धेरैका लागि एक बाध्यकारी कारक बनेको छ, जसले गर्दा वैज्ञानिक विश्व दृष्टिकोणलाई पूर्ण रूपमा अँगाल्न हिचकिचाहट हुन्छ। यो हिचकिचाहट, उनले संकेत गर्दछ, वैज्ञानिक अनुसन्धानको प्रक्रिया र निष्कर्षहरूमा विश्वासको कमी वा आधारभूत गलतफहमीबाट उत्पन्न हुन सक्छ।
  Got:      आफ्नो पुस्तक "बृएफ अँस्वेर्स तो द बिग कुएस्तिओँस" को सुरुवाती अध्ययमा, स्तेफेन हकिङ ईश्वरको अस्तित्व वरपरको पुरानो बहस्भित्र सिधै प्रवेश गर्छन्, एक प्रश्न जसले सहस्रब्दिधेखी मनव्तलाई मोहित र बिभजित गरेको छ। केवल "के इश्वर हुनुहुन्छ?" शीर्षकको अध्यायले बिज्ञ्न र धर्म बीचको नाजुक र प्रायः बिबदस्पद सम्बन्धमा हकिङको दृष्टिकोणको आधारभूत अँवेसनको रूपमा कार्य गर्दछ। साधारण हो वा होइन जवफ प्रस्तुत गर्नुको सट्टा, हकिङले आफ्नो दृष्टिकोणलाई सवधनिपुर्बक बर्नन गर्दछन्, वैज्ञानिक अनुसन्धानको बढ्दो शक्तिलाई ती घटनाहरुलाई व्याख्या गर्न जोड दिँदै जुन एक पटक इश्वरिय क्षेत्रमा पुर्यैएको थियो। उनले बताउँछन् कि धर्म, यसको प्रारम्भिक रूपहरूमा, आधारभूत अस्तित्वगत प्रश्नहरूसँग जुझ्नको लागि मानवताको पहिलो प्रयास थियो। हामी यहाँ किन छौं? हामी कहबाट आयौ? यी गहिरो सोध्पुअचहरुले धर्मिक कथाहरू र ब्रह्माण्डीय विश्वासहरुको विकासलाई प्रेरित गर्‍यो, हकिङ सुझाव दिन्छन्। यद्यपि, जब भौतिक बिज्ञ्न र ब्रह्माण्ड विज्ञानको क्षेत्रमा विशेष गरी वैज्ञानिक बुझाइ अगाडि बढ्यो, नयाँ व्याख्याहरू देखा पर्‍यो, अवलोकन, प्रयोग, र कठोर विश्लेषणमा आधारित बुझाइको लागि वैकल्पिक ढाँचाहरू प्रदान गर्दै। हकिङले स्पष्ट पर्छन कि, उनको विचारमा, यी वैज्ञानिक व्याख्याहरू धर्मिक सिद्धान्तहरू महत्त्वद्वारा प्रदान गरिएकाभन्दा बढ्दो रूपमा बलियो र भर्पर्धो छन्। तैपनि, उनले स्वीकार गर्छन् कि धर्मिक ढाँचाहरू भित्र प्रायः पाइने आराम र उद्देश्यको भावना धेरका लागि एक बाध्यकारी कारक बनेको छ, जसले गर्दा वैज्ञानिक विश्व दृष्टिकोणलाई पूर्ण रूपमा अङल्न हिच्किचिचहत हुन्छ। यो हिच्किचिचहत, उनले सङ्केत गर्दछन्, वैज्ञानिक अनुसन्धानको प्रक्रिया र निश्कर्शहरुम विश्वासको कमी वा आधारभूत गलत्फहमीबाट उत्पन्न हुन सक्छ।
----------------------------------------
[238] Roman: Yas adhyayma prastut gariyeka sabai bhanda रोचक bicharharu madhye ek Hawkingko shunyabata brahmandako swatahspurt srishtiko awadharana ho. Unale islai darshanik dabiko rupma hoin baru bhautik bigyanka niyamharuko sambhawit parinamko rupma prastaw gardachhan, bisesh gari urja ra gurutwakarshansanga sambandhit niyamharu. Islai chitran garna, Hawkingle ek vyaktile khaldo khanera pahad banayeko upama prayog gardachhan. Pahadsanga sambandhit sakaratmak urja, vastavma, khaldoko nakaratmak urjadwara santulit hunchha. Tyaspachhi unale islai Big Bangma bistar gardachhan, gyat brahmandako shuruwatlai chinh lagaune ghatana. Hawkingka anusar Big Bangko samayama utpanna bhaeko sakaratmak urjako vishal matralai nakaratmak urjako barabar matrale santulit gareko thiyo, jasko parinamswarup shunyako shuddha urja hunchha. Yo bichar, birodhabhasi dekhe pani, kasari brahmanda pahileko karan wa srishtikartako aawashyakta bina astitwama auna sakchha bhanne sambhawit vyakhya pradan gardachha. Unale sujhaw dinchhan ki brahmanda purwa-awasthit padartha wa urjabata utpanna bhaeko hoin baru duwaiko anupasthitibata, jaha bhautik bigyanka niyamharule yasko swatahspurt udayko lagi anumati diyeko thiyo.
  Expected: यस अध्यायमा प्रस्तुत गरिएका सबैभन्दा रोचक विचारहरू मध्ये एक हकिङको शून्यबाट ब्रह्माण्डको स्वतःस्फूर्त सृष्टिको अवधारणा हो। उनले यसलाई दार्शनिक दाबीको रूपमा होइन बरु भौतिक विज्ञानका नियमहरूको सम्भावित परिणामको रूपमा प्रस्ताव गर्दछन्, विशेष गरी ऊर्जा र गुरुत्वाकर्षणसँग सम्बन्धित नियमहरू। यसलाई चित्रण गर्न, हकिङले एक व्यक्तिले खाल्डो खनेर पहाड बनाएको उपमा प्रयोग गर्दछ। पहाडसँग सम्बन्धित सकारात्मक ऊर्जा, वास्तवमा, खाल्डोको नकारात्मक ऊर्जाद्वारा सन्तुलित हुन्छ। त्यसपछि उनले यसलाई बिग ब्याङ्गमा विस्तार गर्दछन्, ज्ञात ब्रह्माण्डको सुरुवातलाई चिन्ह लगाउने घटना। हकिङका अनुसार बिग ब्याङ्गको समयमा उत्पन्न भएको सकारात्मक ऊर्जाको विशाल मात्रालाई नकारात्मक ऊर्जाको बराबर मात्राले सन्तुलित गरेको थियो, जसको परिणामस्वरूप शून्यको शुद्ध ऊर्जा हुन्छ। यो विचार, विरोधाभासी देखिए पनि, कसरी ब्रह्माण्ड पहिलेको कारण वा सृष्टिकर्ताको आवश्यकता बिना अस्तित्वमा आउन सक्छ भन्ने सम्भावित व्याख्या प्रदान गर्दछ। उनले सुझाव दिन्छन् कि ब्रह्माण्ड पूर्व-अवस्थित पदार्थ वा ऊर्जाबाट उत्पन्न भएको होइन बरु दुवैको अनुपस्थितिबाट, जहाँ भौतिक विज्ञानका नियमहरूले यसको स्वतःस्फूर्त उदयको लागि अनुमति दिएको थियो।
  Got:      यस अध्ययमा प्रस्तुत गरिएका सबैभन्दा रोचक विचारहरू मध्ये एक हकिङको शून्यबाट ब्रह्माण्डको स्वतह्स्पुर्त सृश्तीको अवधारणा हो। उनले यसलाई दार्शनिक दाबीको रूपमा होइन बरु भौतिक बिज्ञ्नका नियमहरूको सम्भवित परिणामको रूपमा प्रस्ताव गर्दछन्, विशेष गरी ऊर्जा र गुरुत्वाकर्षणसँग सम्बन्धित नियमहरू। यसलाई चित्रण गर्न, हकिङले एक व्यक्तिले खल्दो खनेर पहद बनयेको उपमा प्रयोग गर्दछन्। पहदसँग सम्बन्धित सकारात्मक ऊर्जा, वास्तवमै, खल्दोको नकारात्मक उर्जद्वर सन्तुलित हुन्छ। त्यसपछि उनले यसलाई बिग ब्याङ्गमा विस्तार गर्दछन्, ज्ञात ब्रह्माण्डको सुरुवातलाई चिन्ह लगाउने घटना। हकिङका अनुसार बिग ब्याङ्गको समयमा उत्पन्न भएको सकारात्मक ऊर्जाको विशाल मात्रलाई नकारात्मक ऊर्जाको बराबर मात्रले सन्तुलित गरेको थियो, जसको परिनम्स्वरुप शून्यको शुद्ध ऊर्जा हुन्छ। यो विचार, बिरोधभसी देखिए पनि, कसरी ब्रह्माण्ड पहिलेको कारण वा सृश्तिकर्तको आवश्यकता बिना अस्तित्वमा औन सक्छ भन्ने सम्भवित व्याख्या प्रदान गर्दछ। उनले सुझाव दिन्छन् कि ब्रह्माण्ड पुर्व-अवस्थित पदर्थ वा ऊर्जाबाट उत्पन्न भएको होइन बरु दुवैको अनुपस्थितीबाट, जहाँ भौतिक बिज्ञ्नका नियमहरुले यसको स्वतह्स्पुर्त उदयको लागि अनुमति दिइएको थियो।
----------------------------------------
[239] Roman: Hawkingle jod diyeko arko mukhya bunda samayko prakriti ra Big Bangsanga yasko sambandha ho. Unale tarka gardachhan ki Big Bang aghiko "aghi" ko awadharana nai arthahin chha kinabhane tyo kshan aghi samay aaphai astitwama thiyena. Islai spashta parna, unale Prithiviko dakshini dhruwako upama prastut gardachhan. Jasari dakshini dhruwako dakshinma ke chha bhanera sodhnu arthahin chha, tesari nai Big Bang aghi ke aayo bhanne prashna pani tyastai niradhar chha, kinaki tyaha kunai asthayi ayam thiyena jasma tyo prashna lagu huna sakchha. Prithvi kunai kinara nabhaeko gola ho, jasari Hawking prastaw gardachhan, brahmanda ek nirantar astitwa ho, paramparagat arthma kunai khas shuruwat bina. Tarkako yo rekhale karanata ra samayko raikhik pragatiko paramparagat dharanaharulai चुनौती dinchha, tiniharulai brahmandako bisesh sanrachanako sandarbhama rakhdachha.
  Expected: हकिङले जोड दिएको अर्को मुख्य बुँदा समयको प्रकृति र बिग ब्याङ्गसँग यसको सम्बन्ध हो। उनले तर्क गर्दछन् कि बिग ब्याङ्ग अघिको "अघि" को अवधारणा नै अर्थहीन छ किनभने त्यो क्षण अघि समय आफैं अस्तित्वमा थिएन। यसलाई स्पष्ट पार्न, उनले पृथ्वीको दक्षिणी ध्रुवको उपमा प्रस्तुत गर्दछन्। जसरी दक्षिणी ध्रुवको दक्षिणमा के छ भनेर सोध्नु अर्थहीन छ, त्यसरी नै बिग ब्याङ्ग अघि के आयो भन्ने प्रश्न पनि त्यस्तै निराधार छ, किनकि त्यहाँ कुनै अस्थायी आयाम थिएन जसमा त्यो प्रश्न लागू हुन सक्छ। पृथ्वी कुनै किनारा नभएको गोला हो, जसरी हकिङले प्रस्ताव गर्दछन्, ब्रह्माण्ड एक निरन्तर अस्तित्व हो, परम्परागत अर्थमा कुनै खास सुरुवात बिना। तर्कको यो रेखाले कारणता र समयको रैखिक प्रगतिको परम्परागत धारणाहरूलाई चुनौती दिन्छ, तिनीहरूलाई ब्रह्माण्डको विशेष संरचनाको सन्दर्भमा राख्दछ।
  Got:      हकिङले जोड दिइएको अर्को मुख्य बुँदा समयको प्रकृति र बिग ब्याङ्गसँग यसको सम्बन्ध हो। उनले तर्क गर्दछन् कि बिग ब्याङ्ग अघिको "अघि" को अवधारणा नै अर्थहीन छ किनभने त्यो क्षण अघि समय आफैं अस्तित्वमा थिएन। यसलाई स्पष्ट पार्न, उनले पृथ्वीको दक्षिणी ध्रुवको उपमा प्रस्तुत गर्दछन्। जसरी दक्षिणी ध्रुवको दक्षिणमा के छ भनेर सोध्नु अर्थहीन छ, त्यसरी नै बिग ब्याङ्ग अघि के आयो भन्ने प्रश्न पनि त्यस्तै निराधार छ, किनकि त्यहाँ कुनै अस्थायी आयाम थिएन जसमा त्यो प्रश्न लागू हुन सक्छ। पृथ्वी कुनै किनारा नभएको गोला हो, जसरी हकिङ प्रस्ताव गर्दछन्, ब्रह्माण्ड एक निरन्तर अस्तित्व हो, परम्परागत अर्थमा कुनै खास सुरुवात बिना। तर्कको यो रेखाले कारणता र समयको रैखिक प्रगतिको परम्परागत धारणाहरूलाई चुनौती दिन्छ, तिनीहरूलाई ब्रह्माण्डको विशेष संरचनाको सन्दर्भमा राख्दछ।
----------------------------------------
[240] Roman: Antama, Hawkingle aphno drishtikonlai punah pushti garera adhyayako nishkarsha nikalchhan ki, unko bicharma, Ishwarko astitwa kewal wishwash wa darshanko prashna hoin baru ek baidh baigyanik anusandhan ho. Unale sujhaw dinchhan ki yadi Ishwar astitwama hunuhunthyo bhane, "Ishwarko man" bujhunuko artha aniwarya rupma prakritika aadharbhut niyamharu bujhnu ho. Yasle vastavma bigyan ra dharma bichko paramparagat bahaslai punah paribhashit gardachha, tiniharulai eutai antarnihit vastawikta bujhne vibhinna drishtikonko rupma rakhdai. Baigyanik drishtikonbata "Ishwarko man" brahmandako karyaharuko gahiro ra sabai bhanda byapak gyanko barabar hunechha. Hawkingko drishtikon yasto chha jaha baigyanik gyanko khoji astitwako barema param satyaharu bujhne khojko paryayawachi ho, chahe antatah kunai ishwariya sanstha samabes hos wa nahos. Yaso garera, unale bigyanko nirantar anweshanlai amantrit gardachhan, ra jod dinchhan ki yo ek shaktishali upakaran ho jasle ek patak awlokan garna nasakinne ra athahko kshetrama puryaieka prashnaharuko jawaf din sakchha.
  Expected: अन्तमा, हकिङले आफ्नो दृष्टिकोणलाई पुन: पुष्टि गरेर अध्यायको निष्कर्ष निकाल्छन् कि, उनको विचारमा, ईश्वरको अस्तित्व केवल विश्वास वा दर्शनको प्रश्न होइन बरु एक वैध वैज्ञानिक अनुसन्धान हो। उनले सुझाव दिन्छन् कि यदि ईश्वर अस्तित्वमा हुनुहुन्थ्यो भने, "ईश्वरको मन" बुझ्नुको अर्थ अनिवार्य रूपमा प्रकृतिका आधारभूत नियमहरू बुझ्नु हो। यसले वास्तवमा विज्ञान र धर्म बीचको परम्परागत बहसलाई पुन: परिभाषित गर्दछ, तिनीहरूलाई एउटै अन्तर्निहित वास्तविकता बुझ्ने विभिन्न दृष्टिकोणको रूपमा राख्दै। वैज्ञानिक दृष्टिकोणबाट "ईश्वरको मन" ब्रह्माण्डको कार्यहरूको गहिरो र सबैभन्दा व्यापक ज्ञानको बराबर हुनेछ। हकिङको दृष्टिकोण यस्तो छ जहाँ वैज्ञानिक ज्ञानको खोजी अस्तित्वको बारेमा परम सत्यहरू बुझ्ने खोजको पर्यायवाची हो, चाहे अन्ततः कुनै ईश्वरीय संस्था समावेश होस् वा नहोस्। यसो गरेर, उनले विज्ञानको निरन्तर अन्वेषणलाई आमन्त्रित गर्दछन्, र जोड दिन्छन् कि यो एक शक्तिशाली उपकरण हो जसले एक पटक अवलोकन गर्न नसकिने र अथाहको क्षेत्रमा पुर्‍याइएका प्रश्नहरूको जवाफ दिन सक्छ।
  Got:      अन्तमा, हकिङले आफ्नो दृष्टिकोणलाई पुन पुश्ती गरेर अध्यायको निश्कर्श निकल्छन कि, उनको विचारमा, ईश्वरको अस्तित्व केवल विश्वास वा दर्शनको प्रश्न होइन बरु एक बैध वैज्ञानिक अनुसन्धान हो। उनले सुझाव दिन्छन् कि यदि इश्वर अस्तित्वमा हुनुहुँथ्यो भने, "ईश्वरको मन" बुझुनुको अर्थ अनिवर्य रूपमा प्रकृतिका आधारभूत नियमहरू बुझ्नु हो। यसले वास्तवमै बिज्ञ्न र धर्म बीचको परम्परागत बहसलाई पुन विशेषता गर्दछ, तिनीहरूलाई एउटै अन्तर्निहित वस्तविक्त बुझ्ने विभिन्न दृष्टिकोणको रूपमा ध्यानमा। वैज्ञानिक दृष्टिकोणबाट "ईश्वरको मन" ब्रह्माण्डको कार्यहरूको गहिरो र सबैभन्दा व्यापक ज्ञानको बराबर हुनेछ। हकिङको दृष्टिकोण यस्तो छ जहाँ वैज्ञानिक ज्ञानको खोजी अस्तित्वको बारेमा परम सत्यहरू बुझ्ने खोजको पर्ययवची हो, चाहे अन्ततः कुनै इश्वरिय संस्था समावेश होस् वा नहोस। यसो गरेर, उनले विज्ञानको निरन्तर अन्वेषणलाई अमँतृत गर्दछन्, र जोड दिन्छन् कि यो एक शक्तिशाली उपकरण हो जसले एक पटक अवलोकन गर्न नसकिन्ने र अथाहको क्षेत्रमा पुर्यैएका प्रश्नहरुको जवफ दिन सक्छ।
----------------------------------------
[241] Roman: Stephen Hawkingko maranoparant kriti, "Brief Answers to the Big Questions" ko adhyay 2, "Yo sabai kasari shuru bhayo?", hamro brahmandako utpatiko ek aakarshak anweshanma lagdachha. Yo adhyay baigyanik ra bauddhik yatrama gahiro dubai ho jasle Big Bangko hamro bartaman bujhaiko netritwa garyo, Hawkingko aphnai byaktigat upakhyan ra chunautiharusanga jodiyeko. Unale 1960 ko dashakko shuruma manch sthapana garera shuru garchhan, jab brahmandako shuruwat thiyo ki thiyena bhanne aadharbhut prashnasanga brahmand bigyan judhirheko thiyo. Baigyanik samudayako ek mahatwapurna hissa simit shuruwatko sambhawanalaai manoranjan garna hichkichau thiyo, kinaki uniharulaai dar thiyo ki yasle srishtikartako astitwalaai aawashyak banaudachha, ek awadharana jun uniharule baigyanik anusandhanko dayara bahira mahasus gare. Yi baigyanikharule wishwash garthe ki bhautik bigyanka niyamharu, jasari tiniharulai thaha thiyo, utpatiko binduma matra tutnechha, kunai pani baigyanik anusandhanlai byartha banaudachha. Prachalit bhawana yo thiyo ki yadi srishtiko ghatana awasthit chha bhane, islai swabhawik rupma ishwariya hastakshepko aawashyakta pardachha, jun tyo samayama brahmand bigyanko wishuddha baigyanik drishtikonsanga asangat dekhinthiyo. Yo prarambhik aashanka le bigyan ra dharma bichko jatil sambandha, ra gahiro rupma rakhieka wishwashharulai चुनौती dina sakne awadharanaharu anweshan garna kehiko antarnihit anichchhalaai jod dinchha.
  Expected: स्टीफन हकिङको मरणोपरान्त कृति, "Brief Answers to the Big Questions" को अध्याय २, "यो सबै कसरी सुरु भयो?", हाम्रो ब्रह्माण्डको उत्पत्तिको एक आकर्षक अन्वेषणमा लाग्दछ। यो अध्याय वैज्ञानिक र बौद्धिक यात्रामा गहिरो डुबाइ हो जसले बिग ब्याङ्गको हाम्रो वर्तमान बुझाइको नेतृत्व गर्‍यो, हकिङको आफ्नै व्यक्तिगत उपाख्यान र चुनौतीहरूसँग जोडिएको। उनले १९६० को दशकको सुरुमा मञ्च स्थापना गरेर सुरु गर्छन्, जब ब्रह्माण्डको सुरुवात थियो कि थिएन भन्ने आधारभूत प्रश्नसँग ब्रह्माण्ड विज्ञान जुधिरहेको थियो। वैज्ञानिक समुदायको एक महत्त्वपूर्ण हिस्सा सीमित सुरुवातको सम्भावनालाई मनोरञ्जन गर्न हिचकिचाउँथ्यो, किनकि उनीहरूलाई डर थियो कि यसले सृष्टिकर्ताको अस्तित्वलाई आवश्यक बनाउँदछ, एक अवधारणा जुन उनीहरूले वैज्ञानिक अनुसन्धानको दायरा बाहिर महसुस गरे। यी वैज्ञानिकहरूले विश्वास गर्थे कि भौतिक विज्ञानका नियमहरू, जसरी तिनीहरूलाई थाहा थियो, उत्पत्तिको बिन्दुमा मात्र टुट्नेछ, कुनै पनि वैज्ञानिक अनुसन्धानलाई व्यर्थ बनाउँदछ। प्रचलित भावना यो थियो कि यदि सृष्टिको घटना अवस्थित छ भने, यसलाई स्वाभाविक रूपमा ईश्वरीय हस्तक्षेपको आवश्यकता पर्दछ, जुन त्यस समयमा ब्रह्माण्ड विज्ञानको विशुद्ध वैज्ञानिक दृष्टिकोणसँग असंगत देखिन्थ्यो। यो प्रारम्भिक आशंकाले विज्ञान र धर्म बीचको जटिल सम्बन्ध, र गहिरो रूपमा राखिएका विश्वासहरूलाई चुनौती दिन सक्ने अवधारणाहरू अन्वेषण गर्न केहीको अन्तर्निहित अनिच्छालाई जोड दिन्छ।
  Got:      स्तेफेन हकिङको मरनोपरँत कृति, "बृएफ अँस्वेर्स तो द बिग कुएस्तिओँस" को अध्यय २, "यो सबै कसरी सुरु भयो?", हाम्रो ब्रह्माण्डको उत्पत्तिको एक आकर्षक अन्वेषणमा लग्दछ। यो अध्यय वैज्ञानिक र बौद्धिक यात्रामा गहिरो दुवै हो जसले बिग ब्याङ्गको हाम्रो वर्तमान बुझाइको नेतृत्व गर्‍यो, हकिङको आफ्नै व्यक्तिगत उपाख्यान र चुनौतीहरूसँग जोडिएको। उनले 1960को दशकको सुरुमा मँच स्थापना गरेर सुरु गर्छन्, जब ब्रह्माण्डको सुरुवात थियो कि थिएन भन्ने आधारभूत प्रश्नसँग ब्रह्माण्ड बिज्ञ्न जुधिर्हेको थियो। वैज्ञानिक समुदायको एक महत्त्वपूर्ण हिस्स सीमित सुरुवातको सम्भवनलाइ मनोरँजन गर्न हिच्किचौ थियो, किनकि उनिहरुलाइ दर थियो कि यसले सृश्तिकर्तको अस्तित्वलाई आवश्यक बनौदछ, एक अवधारणा जुन उनीहरुले वैज्ञानिक अनुसन्धानको दायरा बाहिर महसुस गरे। यी वैज्ञानिकहरूले विश्वास गर्थे कि भौतिक बिज्ञ्नका नियमहरू, जसरी तिनीहरूलाई थाहा थियो, उत्पत्तिको बिन्दुमा मात्र तुत्नेछ, कुनै पनि वैज्ञानिक अनुसन्धानलाई ब्यर्थ बनौदछ। प्रचलित भावना यो थियो कि यदि सृश्तीको घटना अवस्थित छ भने, यसलाई स्वभविक रूपमा इश्वरिय हस्तक्षेपको आवश्यकता पार्दछ, जुन त्यो समयमा ब्रह्माण्ड विज्ञानको विशुद्द्ह वैज्ञानिक दृष्टिकोणसँग असङत देखिँथियो। यो प्रारम्भिक आशनकाले बिज्ञ्न र धर्म बीचको जटिल सम्बन्ध, र गहिरो रूपमा रखिएका विश्वासहरुलाई चुनौती दिन सक्ने अवधारणाहरू अन्वेषण गर्न केहीको अन्तर्निहित अनिच्छलाइ जोड दिन्छ।
----------------------------------------
[242] Roman: Yas bishayko Hawkingko anweshan kewal ek bauddhik abhyas matra thiyena; yo unko PhD thesisko ek mahatwapurna tatwa thiyo. Aphno doctorate karya pura garne ichchha unko lagi brahmandako utpatiko prashnasanga pratyaksh rupma jujhnako lagi utprerak banyo. Unale ganitgya Roger Penroseko kamlai puzzleko ek mahatwapurna tukra pradan gareko ma shreya dinchhan. Penrosele pradarshan gareka thie ki ek marne tara ek singularityma patan huna sakchha, ananta ghanatwako ek bindu, jaha gyat bhautik bigyanka niyamharu lagu huna banda hunechhan. Yo groundbreaking khojle Hawkingko dimagma ek mahatwapurna anubhuti jagayo: yadi yasto ghatana taraharu bhitra huna sakchha bhane, sayad yo sampurna brahmandama pani lagu garna sakincha. Yadi Einstein ko samanya sapekshatako siddhanta, jasle gurutwakarshanlai spacetimeko bakratako rupma barnan gardachha, vastavma sahi thiyo bhane, tarkik rupma yo nishkarsha nikalieko thiyo ki brahmanda ek singularitybata utpanna bhaeko hunuparchha. Yo anubhutile shuruwatko bicharlaai wishuddha dharmik awadharanabata baigyanik prastawma parinat garyo, anusandhan ra bujhaiko lagi naya margaharu kholdai. Yo prarambhik aadhar, ki brahmanda ek singularityko rupma shuru bhayo, jag banaunchha jasma adhyayako banki bhag nirman gariyeko chha, kinaki Hawkingle sawadhanipurbak unale ra anya brahmandawidharule yasko prabhavharu anweshan garna chaleka kadamharu rakhchhan.
  Expected: यस विषयको हकिङको अन्वेषण केवल एक बौद्धिक अभ्यास मात्र थिएन; यो उनको पीएचडी थेसिसको एक महत्वपूर्ण तत्व थियो। आफ्नो डॉक्टरेट कार्य पूरा गर्ने इच्छा उनको लागि ब्रह्माण्डको उत्पत्तिको प्रश्नसँग प्रत्यक्ष रूपमा जुध्नको लागि उत्प्रेरक बन्यो। उनले गणितज्ञ रोजर पेनरोसको कामलाई पजलको एक महत्त्वपूर्ण टुक्रा प्रदान गरेकोमा श्रेय दिन्छन्। पेनरोसले प्रदर्शन गरेका थिए कि एक मर्ने तारा एक सिंगुलैरिटीमा पतन हुन सक्छ, अनन्त घनत्वको एक बिन्दु, जहाँ ज्ञात भौतिक विज्ञानका नियमहरू लागू हुन बन्द हुनेछन्। यो ग्राउन्डब्रेकिंग खोजले हकिङको दिमागमा एक महत्त्वपूर्ण अनुभूति जगायो: यदि यस्तो घटना ताराहरू भित्र हुन सक्छ भने, सायद यो सम्पूर्ण ब्रह्माण्डमा पनि लागू गर्न सकिन्छ। यदि आइन्स्टाइनको सामान्य सापेक्षताको सिद्धान्त, जसले गुरुत्वाकर्षणलाई स्पेसटाइमको वक्रताको रूपमा वर्णन गर्दछ, वास्तवमा सही थियो भने, तार्किक रूपमा यो निष्कर्ष निकालियो कि ब्रह्माण्ड एक सिंगुलैरिटीबाट उत्पन्न भएको हुनुपर्छ। यो अनुभूतिले सुरुवातको विचारलाई विशुद्ध धार्मिक अवधारणाबाट वैज्ञानिक प्रस्तावमा परिणत गर्‍यो, अनुसन्धान र बुझाइको लागि नयाँ मार्गहरू खोल्दै। यो प्रारम्भिक आधार, कि ब्रह्माण्ड एक सिंगुलैरिटीको रूपमा सुरु भयो, जग बनाउँछ जसमा अध्यायको बाँकी भाग निर्माण गरिएको छ, किनकि हकिङले सावधानीपूर्वक उनले र अन्य ब्रह्माण्डविद्हरूले यसको प्रभावहरू अन्वेषण गर्न चालेका कदमहरू राख्छन्।
  Got:      यस बिशयको हकिङको अन्वेषण केवल एक बौद्धिक अभ्यास मात्र थिएन; यो उनको फ्द थेसिसको एक महत्त्वपूर्ण तत्व थियो। आफ्नो दोच्तोरते कार्य पूरा गर्ने इच्छा उनको लागि ब्रह्माण्डको उत्पत्तिको प्रश्नसँग प्रत्यक्ष रूपमा जुझ्नको लागि उत्प्रेरक बन्यो। उनले गनित्ज्ञ रोगेर पेँरोसेको कामलाई पजलको एक महत्त्वपूर्ण टुक्रा प्रदान गरेकोमा श्रेय दिन्छन्। पेँरोसेले प्रदर्शन गरेका थिए कि एक मर्ने तर एक सिंगुलारिटीमा पतन हुन सक्छ, अनन्त घनत्वको एक बिन्दु, जहाँ ज्ञात भौतिक बिज्ञ्नका नियमहरू लागू हुन बन्द हुनेछन्। यो ग्राउन्डब्रेकिंग खोजले हकिङको दिमगमा एक महत्त्वपूर्ण अनुभूति जगयो: यदि यस्तो घटना ताराहरू भित्र हुन सक्छ भने, सायद यो सम्पूर्ण ब्रह्माण्डमा पनि लागू गर्न सकिन्छ। यदि आइन्स्टाइनको सामान्य सापेक्षताको सिद्धान्त, जसले गुरुत्वाकर्षणलाई स्पचेतिमेको बक्रतको रूपमा बर्नन गर्दछ, वास्तवमै सही थियो भने, तार्किक रूपमा यो निश्कर्श निकलिएको थियो कि ब्रह्माण्ड एक सिंगुलारिटीबाट उत्पन्न भएको हुनुपर्छ। यो अनुभूतिले सुरुवातको विचारलाई विशुद्द्ह धर्मिक अवधारणाबाट वैज्ञानिक प्रस्तावमा परिणत गर्‍यो, अनुसन्धान र बुझाइको लागि नयाँ मार्गहरू खोल्दै। यो प्रारम्भिक आधार, कि ब्रह्माण्ड एक सिंगुलारिटीको रूपमा सुरु भयो, जग बनाउँछ जसमा अध्यायको बाँकी भाग निर्माण गरिएको छ, किनकि हकिङले सवधनिपुर्बक उनले र अन्य ब्रह्मँदविदहरुले यसको प्रभावहरू अन्वेषण गर्न चलेका कदमहरू राख्छन्।
----------------------------------------
[243] Roman: Aphno baigyanik khojharu bahek, Hawkingle aphno byaktigat jiwanko jhalak pani sajha garchhan, aphno bauddhik yatrama aphno pariwar ko gahiro prabhavlai prakash pardai. Unale July 1965 ma Jensangako aphno biwaha ra tyaspachhika aphna tin chhorachhori, Robert, Lucy ra Timothyko janmako barnan garchhan. Ek bubako rupma, Hawkingle aphna chhorachhoriharuma jigyasa ko bhawana ra prashna garne nidar drishtikon jagaune prayas gare. Unale uniharulai paramparagat sochlai चुनौती dina ra sabai bhanda betuka bicharharu prastaw garnabata kahilyai nadarauna protsahit gare. Alochanatmak soch ra gyanako athak khojima yo jodle unko aphnai baigyanik darshanlai pratidhwanit gardachha, jasle dekhaunchha ki khojko lagi unko drishtikon unko kamama matra simit thiyena. Yo ek drishtikon thiyo jun unale sakriya rupma aphno pariwar ra arusanga sajha garna khojeka thie. Jigyasalai poshan garne yo jodle anweshan ra bauddhik swatantratako prakriyama unale rakheko mulyalai prakash pardachha.
  Expected: आफ्नो वैज्ञानिक खोजहरू बाहेक, हकिङले आफ्नो व्यक्तिगत जीवनको झलक पनि साझा गर्छन्, आफ्नो बौद्धिक यात्रामा आफ्नो परिवारको गहिरो प्रभावलाई प्रकाश पार्दै। उनले जुलाई १९६५ मा जेनसंगको आफ्नो विवाह र त्यसपछिका आफ्ना तीन छोराछोरी, रोबर्ट, लुसी र टिमोथीको जन्मको वर्णन गर्छन्। एक बुबाको रूपमा, हकिङले आफ्ना छोराछोरीहरूमा जिज्ञासाको भावना र प्रश्न गर्ने निडर दृष्टिकोण जगाउने प्रयास गरे। उनले उनीहरूलाई परम्परागत सोचलाई चुनौती दिन र सबैभन्दा बेतुका विचारहरू प्रस्ताव गर्नबाट कहिल्यै नडराउन प्रोत्साहित गरे। आलोचनात्मक सोच र ज्ञानको अथक खोजीमा यो जोडले उनको आफ्नै वैज्ञानिक दर्शनलाई प्रतिध्वनित गर्दछ, जसले देखाउँदछ कि खोजको लागि उनको दृष्टिकोण उनको काममा मात्र सीमित थिएन। यो एक दृष्टिकोण थियो जुन उनले सक्रिय रूपमा आफ्नो परिवार र अरूसँग साझा गर्न खोजेका थिए। जिज्ञासालाई पोषण गर्ने यो जोडले अन्वेषण र बौद्धिक स्वतन्त्रताको प्रक्रियामा उनले राखेको मूल्यलाई प्रकाश पार्दछ।
  Got:      आफ्नो वैज्ञानिक खोजहरू बाहेक, हकिङले आफ्नो व्यक्तिगत जीवनको झलक पनि साझा गर्छन्, आफ्नो बौद्धिक यात्रामा आफ्नो परिवारको गहिरो प्रभावलाई प्रकाश पार्दै। उनले जुल्य 1965मा जेनसँगको आफ्नो बिवह र त्यसपछिका आफ्ना तीन छोरछोरी, रोबर्ट, लुच्य र तिमोथ्यको जन्मको बर्नन गर्छन्। एक बुबको रूपमा, हकिङले आफ्ना छोरछोरीहरुमा जिज्ञ्सको भावना र प्रश्न गर्ने निदर दृष्टिकोण जगौने प्रयास गरे। उनले उनीहरूलाई परम्परागत सोचलाई चुनौती दिन र सबैभन्दा बेतुका विचारहरू प्रस्ताव गर्नबाट कहिल्यै नदरौन प्रोत्सहित गरे। आलोचनात्मक सोच र ज्ञ्नको अथक खोजीमा यो जोडले उनको आफ्नै वैज्ञानिक दर्शनलाई प्रतिध्वनित गर्दछ, जसले देखाउँछ कि खोजको लागि उनको दृष्टिकोण उनको काममा मात्र सीमित थिएन। यो एक दृष्टिकोण थियो जुन उनले सक्रिय रूपमा आफ्नो परिवर र अरूसँग साझा गर्न खोजेका थिए। जिज्ञ्सलाई पोशन गर्ने यो जोडले अन्वेषण र बौद्धिक र प्रक्रियामा उनले राखेको मुल्यलाई प्रकाश पार्दछ।
----------------------------------------
[244] Roman: Adhyayale Hawkingko careerko ek nirnayak kshanko thap biwaran dinchha, jun 1970 ma bhaeko thiyo jab uni bistarai aphulai ochhyanma laijandai thie, jun unko ashaktatalai dhyanma rakhda bisesh gari chunautipurna karya thiyo. Sharirik sangharshako yo karyale apratyashit rupma black holeharuko unko bujhaima ek safalta lyayo. Unale pahichan gare ki unale singularity prameyaharuko lagi bikasit gareko ganitiya dhacha black holeharuma pani lagu garna sakincha. Yo anubhuti, saral dekhe pani, gahiro prabhav thiyo. Yasle unlai event horizonko groundbreaking awadharanama puryayo, black holeko seema jasbhanda bahira kehi pani, prakash pani bhagna sakdaina. Yas bicharlai bisesh gari mahatwapurna banaune kura yo khoj thiyo ki event horizonko satah kshetra sadhain badhchha, ek dharana jasle thermodynamicsko dosro niyamlai pratibimbit gardachha, jasle entropy, wa gadbadi, sadhain samaysangai badhchha bhanera bataunchha. Black hole ra thermodynamics bichko yo sambandhale gurutwakarshan, quantum mechanics, ra thermodynamics bichko gahiro, thap aadharbhut linklai sanket garyo, jasle unko anusandhanlai prerit garirahanechha. Hawking ra unka sahakarmiharule kunai pani awlokan pushtiko abhawama pani black hole siddhantama mahatwapurna pragati gare, tiniharuko saiddhantik karyako bhabishyasuk shakti pradarshan gardai.
  Expected: अध्यायले हकिङको करियरको एक निर्णायक क्षणको थप विवरण दिन्छ, जुन १९७० मा भएको थियो जब उनी बिस्तारै आफूलाई ओछ्यानमा लैजाँदै थिए, जुन उनको अशक्ततालाई ध्यानमा राख्दा विशेष गरी चुनौतीपूर्ण कार्य थियो। शारीरिक संघर्षको यो कार्यले अप्रत्याशित रूपमा ब्ल्याक होलहरूको उनको बुझाइमा एक सफलता ल्यायो। उनले पहिचान गरे कि उनले सिंगुलैरिटी प्रमेयहरूको लागि विकसित गरेको गणितीय ढाँचा ब्ल्याक होलहरूमा पनि लागू गर्न सकिन्छ। यो अनुभूति, सरल देखिए पनि, गहिरो प्रभाव थियो। यसले उनलाई इभेन्ट होराइजनको ग्राउन्डब्रेकिंग अवधारणामा पुर्‍यायो, ब्ल्याक होलको सीमा जसभन्दा बाहिर केही पनि, प्रकाश पनि भाग्न सक्दैन। यस विचारलाई विशेष गरी महत्त्वपूर्ण बनाउने कुरा यो खोज थियो कि इभेन्ट होराइजनको सतह क्षेत्र सधैं बढ्छ, एक धारणा जसले थर्मोडायनामिक्सको दोस्रो नियमलाई प्रतिबिम्बित गर्दछ, जसले एन्ट्रोपी, वा गडबडी, सधैं समयसँगै बढ्छ भनेर बताउँछ। ब्ल्याक होल र थर्मोडायनामिक्स बीचको यो सम्बन्धले गुरुत्वाकर्षण, क्वान्टम मेकानिक्स, र थर्मोडायनामिक्स बीचको गहिरो, थप आधारभूत लिङ्कलाई सङ्केत गर्‍यो, जसले उनको अनुसन्धानलाई प्रेरित गरिरहनेछ। हकिङ र उनका सहकर्मीहरूले कुनै पनि अवलोकन पुष्टिको अभावमा पनि ब्ल्याक होल सिद्धान्तमा महत्त्वपूर्ण प्रगति गरे, तिनीहरूको सैद्धान्तिक कार्यको भविष्यसूचक शक्ति प्रदर्शन गर्दै।
  Got:      अध्यायले हकिङको करियरको एक निर्णायक क्षणको थप विवरण दिन्छ, जुन १९७०मा भएको थियो जब उनी बिस्तारै आफूलाई ओछ्यानमा लैजाँदै थिए, जुन उनको अशक्ततालाई ध्यानमा राख्दा विशेष गरी चुनौतीपूर्ण कार्य थियो। शारीरिक संघर्षको यो कार्यले अप्रत्याशित रूपमा ब्ल्याक होलहरूको उनको बुझाइमा एक सफलता ल्यायो। उनले पहिचान गरे कि उनले सिंगुलारिटी प्रमेयहरूको लागि विकसित गरेको गणितीय ढाँचा ब्ल्याक होलहरूमा पनि लागू गर्न सकिन्छ। यो अनुभूति, सरल देखिए पनि, गहिरो प्रभाव थियो। यसले उनलाई इभेन्ट होराइजनको ग्राउन्डब्रेकिंग अवधारणामा पुर्‍यायो, ब्ल्याक होलको सीमा जसभन्दा बाहिर केही पनि, प्रकाश पनि भाग्न सक्दैन। यस विचारलाई विशेष गरी महत्त्वपूर्ण बनाउने कुरा यो खोज थियो कि इभेन्ट होराइजनको सतह क्षेत्र सधैं बढ्छ, एक धारणा जसले थर्मोडायनामिक्सको दोस्रो नियमलाई प्रतिबिम्बित गर्दछ, जसले एन्ट्रोपी, वा गडबडी, सधैं समयसँगै बढ्छ भनेर बताउँछ। ब्ल्याक होल र थर्मोडायनामिक्स बीचको यो सम्बन्धले गुरुत्वाकर्षण, क्वान्टम मेकानिक्स, र थर्मोडायनामिक्स बीचको गहिरो, थप आधारभूत लिङ्कलाई सङ्केत गर्‍यो, जसले उनको अनुसन्धानलाई प्रेरित गरिरहनेछ। हकिङ र उनका सहकर्मीहरूले कुनै पनि अवलोकन पुष्टिको अभावमा पनि ब्ल्याक होल सिद्धान्तमा महत्त्वपूर्ण प्रगति गरे, तिनीहरूको सैद्धान्तिक कार्यको भविष्यसूचक शक्ति प्रदर्शन गर्दै।
----------------------------------------
[245] Roman: Hawkingko baigyanik yatra bikasit hundai gayo, jasle unlai samanya sapekshatalaai quantum siddhantasanga merge garne lagbhag asambhaw karyako barema sochna prerit garyo. Unale "atomic black hole" ko kalpanik astitwa anweshan garna thale, saiddhantik sanrachanaharu jaha paramanuko kendrak ek laghu black hole hunechha. Yo bichar prayogle brahmandako thulo-thulo sanrachanaharu ra quantum mechanicsko sano sansar bichko antarkriya bujhne unko nirantar khojlai darshauchha. 1981 ma, Moscowko ek yatrale brahmandako utpatiko thap anweshanako lagi utprerakko rupma kam garyo. Yi chalfalharubata prerit bhaera, unale Jim Hartlesanga ek kattarpandhi siddhantama sahakarya gare jasma brahmandako kunai seema chhaina, yasari utpatiko ek vishisht binduko aawashyaktalai hataudachha. Tiniharuko modelma, prarambhik brahmanda ek yasto awasthama pariwartan hunchha jaha samay antariksh jastai hunchha, jasko parinamswarup brahmanda simit ra aseem duwai hunchha. Yo upanyas awadharanale brahmandako shuruwatko param
  Expected: हकिङको वैज्ञानिक यात्रा विकसित हुँदै गयो, जसले उनलाई सामान्य सापेक्षतालाई क्वान्टम सिद्धान्तसँग मर्ज गर्ने लगभग असम्भव कार्यको बारेमा सोच्न प्रेरित गर्‍यो। उनले "एटमिक ब्ल्याक होल" को काल्पनिक अस्तित्व अन्वेषण गर्न थाले, सैद्धान्तिक संरचनाहरू जहाँ परमाणुको केन्द्रक एक लघु ब्ल्याक होल हुनेछ। यो विचार प्रयोगले ब्रह्माण्डको ठूलो-ठूलो संरचनाहरू र क्वान्टम मेकानिक्सको सानो संसार बीचको अन्तरक्रिया बुझ्ने उनको निरन्तर खोजलाई दर्शाउँछ। १९८१ मा, मस्कोको एक यात्राले ब्रह्माण्डको उत्पत्तिको थप अन्वेषणको लागि उत्प्रेरकको रूपमा काम गर्‍यो। यी छलफलहरूबाट प्रेरित भएर, उनले जिम हार्टलेसँग एक कट्टरपन्थी सिद्धान्तमा सहकार्य गरे जसमा ब्रह्माण्डको कुनै सीमा छैन, यसरी उत्पत्तिको एक विशिष्ट बिन्दुको आवश्यकतालाई हटाउँदछ। तिनीहरूको मोडेलमा, प्रारम्भिक ब्रह्माण्ड एक यस्तो अवस्थामा परिवर्तन हुन्छ जहाँ समय अन्तरिक्ष जस्तै हुन्छ, जसको परिणामस्वरूप ब्रह्माण्ड सीमित र असीम दुवै हुन्छ। यो उपन्यास अवधारणाले ब्रह्माण्डको सुरुवातको परम्परागत बुझाइलाई चुनौती दियो, एक विकल्प प्रदान गर्दै जसलाई परम्परागत अर्थमा प्रारम्भिक सिंगुलैरिटीको आवश्यकता पर्दैन। यो दृष्टिकोण उत्पत्तिको बिन्दुबाट एक अवधारणामा सर्‍यो जुन अस्तित्वको पहिलो उदाहरणमा नटुटिकन गणितीय रूपमा मोडेल गर्न सकिन्छ।
  Got:      हकिङको वैज्ञानिक यात्रा विकसित हुँदै गयो, जसले उनलाई सामान्य सपेक्षतलाइ क्वान्टम सिद्धान्तसँग मेर्गे गर्ने लगभग असम्भव कार्यको बारेमा सोच्न प्रेरित गर्‍यो। उनले "अतोमिच ब्ल्याक होल" को काल्पनिक अस्तित्व अन्वेषण गर्न थाले, सैद्धान्तिक संरचनाहरू जहाँ परमनुको केन्द्रक एक लघु ब्ल्याक होल हुनेछ। यो विचार प्रयोगले ब्रह्माण्डको ठूलो-ठूलो संरचनाहरू र क्वान्टम मेकानिक्सको सानो संसार बीचको अन्तरक्रिया बुझ्ने उनको निरन्तर खोजलाई दर्शौछ। 1981मा, मोस्चोवको एक यात्राले ब्रह्माण्डको उत्पत्तिको थप अन्वेषणको लागि उत्प्रेरकको रूपमा काम गर्‍यो। यी चल्फलहरुबाट प्रेरित भएर, उनले जिम हर्तलेसँग एक कट्टरपन्थी सिद्धान्तमा सहकर्य गरे जसमा ब्रह्माण्डको कुनै सीमा छैन, यसरी उत्पत्तिको एक विशिष्ट बिन्दुको आवश्यकतालाई हतौदछ। तिनीहरूको मोडेलमा, प्रारम्भिक ब्रह्माण्ड एक यस्तो अवस्थामा परिवर्तन हुन्छ जहाँ समय अन्तरिक्ष जस्तै हुन्छ, जसको परिनम्स्वरुप ब्रह्माण्ड सीमित र असीम दुवै हुन्छ। यो उपन्यास अवधारणाले ब्रह्माण्डको सुरुवातको परम
----------------------------------------
[246] Roman: Adhyay Hawkingko jiwan ra unko sanchar garne kshamatalai gahiro rupma asar garne ek mahatwapurna byaktigat chunautiko chalfalko sath samapt hunchha. 1985 ma, yatra garda, unlai pneumonia bhayo, ek rog jasle jiwan bachaune tracheostomiko netritwa garyo. Yo prakriyale unko gyan bachae pani, yasle unko bolne kshamata pani khosyo. Kehi samayako lagi, unale akshar akshar shabdaharu hijje garera matra sanchar garna sakthe, ek dhilo ra kathin prakriya jaslai athak prayas aawashyak thiyo. Yadyapi, ek computer programmerko sahayogma, uni antatah ek pranalima pariwartan bhaye jasle unlai switch prayog garera shabdaharu chayan garna anumati diyo. Yo pranali barshaunma bikasit bhayo, ra antatah unale Intel dwara bikasit Acat namak ek karyakram apnae, jasle unlai kewal galako chal prayog garera aphno computer sanchalan garna ra internet pahunch garna anumati diyo. Unko sharirik simitataharuko bawajud, yo prabidhik pragatile Hawkingko aphno kam jari rakhne athak dridhatalai jod diyo, jasle pramanit garyo ki unko buddhile unale samana gareka chunautiharubata aprabhawit rahyo. Yo byaktigat upakhyanle manishko awishwasniya lachakta ra dridhatalai jod dinchha, jasle unale samana gareka ullekhniya badhaharuko bawajud baigyanik bujhaiko seemaharulai dhakelirhe. Adhyay baigyanik safaltako notema matra hoin, manav bhawanako lachaktako pramanma pani samapt hunchha.
  Expected: अध्याय हकिङको जीवन र उनको सञ्चार गर्ने क्षमतालाई गहिरो रूपमा असर गर्ने एक महत्त्वपूर्ण व्यक्तिगत चुनौतीको छलफलको साथ समाप्त हुन्छ। १९८५ मा, यात्रा गर्दा, उनलाई निमोनिया भयो, एक रोग जसले जीवन बचाउने ट्रेकियोस्टोमीको नेतृत्व गर्‍यो। यो प्रक्रियाले उनको ज्यान बचाए पनि, यसले उनको बोल्ने क्षमता पनि खोस्यो। केही समयको लागि, उनले अक्षर अक्षर शब्दहरू हिज्जे गरेर मात्र सञ्चार गर्न सक्थे, एक ढिलो र कठिन प्रक्रिया जसलाई अथक प्रयास आवश्यक थियो। यद्यपि, एक कम्प्युटर प्रोग्रामरको सहयोगमा, उनी अन्ततः एक प्रणालीमा परिवर्तन भए जसले उनलाई स्विच प्रयोग गरेर शब्दहरू चयन गर्न अनुमति दियो। यो प्रणाली वर्षौंमा विकसित भयो, र अन्ततः उनले इन्टेलद्वारा विकसित Acat नामक एक कार्यक्रम अपनाए, जसले उनलाई केवल गालाको चाल प्रयोग गरेर आफ्नो कम्प्युटर सञ्चालन गर्न र इन्टरनेट पहुँच गर्न अनुमति दियो। उनको शारीरिक सीमितताहरूको बावजुद, यो प्राविधिक प्रगतिले हकिङको आफ्नो काम जारी राख्ने अथक दृढतालाई जोड दियो, जसले प्रमाणित गर्‍यो कि उनको बुद्धिले उनले सामना गरेका चुनौतीहरूबाट अप्रभावित रह्यो। यो व्यक्तिगत उपाख्यानले मानिसको अविश्वसनीय लचकता र दृढतालाई जोड दिन्छ, जसले उनले सामना गरेका उल्लेखनीय बाधाहरूको बावजुद वैज्ञानिक बुझाइको सीमाहरूलाई धकेलिरहे। अध्याय वैज्ञानिक सफलताको नोटमा मात्र होइन, मानव भावनाको लचकताको प्रमाणमा पनि समाप्त हुन्छ।
  Got:      अध्यय हकिङको जीवन र उनको सञ्चार गर्ने क्षमतालाई गहिरो रूपमा असर गर्ने एक महत्त्वपूर्ण व्यक्तिगत चुनौतीको चल्फलको साथ समप्त हुन्छ। 1985मा, यात्रा गर्दा, उनलाई प्नेउमोनिअ भयो, एक रोग जसले जीवन बचौने त्र्चेओस्तोमीको नेतृत्व गर्‍यो। यो प्रक्रियाले उनको ज्ञान बचए पनि, यसले उनको बोल्ने क्षमता पनि खोस्यो। केही समयको लागि, उनले अक्षर अक्षर शब्दहरू हिज्जे गरेर मात्र सञ्चार गर्न सक्थे, एक ढिलो र कठिन प्रक्रिया जसलाई अथक प्रयास आवश्यक थियो। यद्यपि, एक कम्प्युटर प्रोग्रम्मेरको सहयोगमा, उनी अन्ततः एक प्रणालीमा परिवर्तन भए जसले उनलाई स्विच प्रयोग गरेर शब्दहरू चयन गर्न अनुमति दियो। यो प्रणाली बर्शौनमा विकसित भयो, र अन्ततः उनले इँतेल महत्त्वद्वारा विकसित अचत नमक एक कर्यक्रम अप्नए, जसले उनलाई केवल गलको चल प्रयोग गरेर आफ्नो कम्प्युटर सञ्चालन गर्न र इन्टरनेट पहुँच गर्न अनुमति दियो। उनको शारीरिक सिमिततहरुको बावजुद, यो प्राविधिक प्रगतिले हकिङको आफ्नो काम जारी राख्ने अथक दृधतलाई जोड दियो, जसले प्रमाणित गर्‍यो कि उनको बुद्द्हीले उनले सामना गरेका चुनौतीहरूबाट अप्रभवित रह्यो। यो व्यक्तिगत उपाख्यानले मनिशको अविश्वसनीय लचक्त र दृधतलाई जोड दिन्छ, जसले उनले सामना गरेका उल्लेखनीय बाधाहरुको बावजुद वैज्ञानिक बुझाइको सीमाहरूलाई धकेलिर्हे। अध्यय वैज्ञानिक सफलताको नोटमा मात्र होइन, मानव भावनाको लचकताको प्रमाणमा पनि समप्त हुन्छ।
----------------------------------------
[248] Roman: Uhaale manavakendrit drishtikonlai ch चुनौती dinuhunchha ki jeevan anibarya roopma hami jastai hunuparchha, yo kurama jod dindai ki jivit pranali ko aadharbhut vishesta bhaneko aatma-sthayi huna sakne ra pratikriti banauna sakne kshamata ho, saathsaathai nirdeshanaharuko set ra ti nirdeshanaharu karyanwayan garne sayantra hunu ho.
  Expected: उहाँले मानवकेन्द्रित दृष्टिकोणलाई चुनौती दिनुहुन्छ कि जीवन अनिवार्य रूपमा हामी जस्तै हुनुपर्छ, यो कुरामा जोड दिँदै कि जीवित प्रणालीको आधारभूत विशेषता भनेको आत्म-स्थायी हुन सक्ने र प्रतिकृति बनाउन सक्ने क्षमता हो, साथसाथै निर्देशनहरूको सेट र ती निर्देशनहरू कार्यान्वयन गर्ने संयन्त्र हुनु हो।
  Got:      उहाँले मनवकेँदृत दृष्टिकोणलाई चुनौती चुनौती दिनुहुन्छ कि जीवन अनिवार्य रूपमा हामी जस्तै हुनुपर्छ, यो कुरामा जोड दिँदै कि जीवित प्रणालीको आधारभूत विशेस्त भनेको आतम-स्थायी हुन सक्ने र प्रतिकृति बनाउन सक्ने क्षमता हो, - निर्देशनहरुको सेट र ती निर्देशनहरु कार्यान्वयन गर्ने संयन्त्र अघि हो।
----------------------------------------
[249] Roman: Uhaale kushaltapurvak aounlyaunuhunchha ki carbonma adharit jeevbigyan, hamile abalokan gareko jeevanko ek matra roop ho, tara yo jivit pranali haruko lagi ek matra sambhavit marga nahuna sakchha.
  Expected: उहाँले कुशलतापूर्वक औंल्याउनुहुन्छ कि कार्बनमा आधारित जीवविज्ञान, हामीले अवलोकन गरेको जीवनको एक मात्र रूप हो, तर यो जीवित प्रणालीहरूको लागि एक मात्र सम्भावित मार्ग नहुन सक्छ।
  Got:      उहाँले कुशलतापूर्वक अऔँल्यौनुहुन्छ कि कार्बनमा आधारित जीवविज्ञान, हामीले अवलोकन गरेको जीवनको एक मात्र रूप हो, तर यो जीवित प्रणालीहरूको लागि एक मात्र सम्भावित मार्ग नहुन सक्छ।
----------------------------------------
[251] Roman: karya ko aadharma jeevanlai paribhasit garera, hakingle brahmandbhari jeevanko vividh roopaharu ko sambhavanalai hamro dimagma kholnuhunchha. yasle "jeevan" ko dherai roopaharu huna sakchhan bhanne kuralai dhyanma rakhchha jun hamilai purna roopma aparichit chhan, hamile kalpana pani nagareko vatavaranma awasthit chhan ra pranali haru marphat sanchalan bhairheka chhan jun hamile "jivit" bhanera chinn pani sakdainau.
  Expected: कार्यको आधारमा जीवनलाई परिभाषित गरेर, हकिङले ब्रह्माण्डभरि जीवनको विविध रूपहरूको सम्भावनालाई हाम्रो दिमागमा खोल्नुहुन्छ। यसले "जीवन" को धेरै रूपहरू हुन सक्छन् भन्ने कुरालाई ध्यानमा राख्छ जुन हामीलाई पूर्ण रूपमा अपरिचित छन्, हामीले कल्पना पनि नगरेको वातावरणमा अवस्थित छन् र प्रणालीहरू मार्फत सञ्चालन भइरहेका छन् जुन हामीले "जीवित" भनेर चिन्न पनि सक्दैनौं।
  Got:      कार्यको आधारमा जीवनलाई परिभाषित गरेर, हकिङले ब्रह्मँद्भरी जीवनको विविध रूपहरुको सम्भावनालाई हाम्रो दिमगमा खोल्नुहुन्छ। यसले "जीवन" को धेरै रूपहरु हुन सक्छन् भन्ने कुरालाई ध्यानमा राख्छ जुन हामीलाई पूर्ण रूपमा अपरिचित छन्, हामीले कल्पना पनि नगरेको वातावरणमा अवस्थित छन् र प्रणालीहरू मार्फत सञ्चालन भइरहेका छन् जुन हामीले "जीवित" भनेर चिन्न पनि सक्दैनौ।
----------------------------------------
[252] Roman: tyaspachhi hakingle bauddhik jeevanko vikasama bhashako mahatwapurna bhumika, visheshgari likhit bhashale pradan gareko phadkoko barema bataunuhunchha.
  Expected: त्यसपछि हकिङले बौद्धिक जीवनको विकासमा भाषाको महत्त्वपूर्ण भूमिका, विशेष गरी लिखित भाषाले प्रदान गरेको फड्कोको बारेमा बताउनुहुन्छ।
  Got:      त्यसपछि हकिङले बौद्धिक जीवनको विकसमा भाषाको महत्त्वपूर्ण भूमिका, गरी लिखित भाषाले प्रदान गरेको फड्कोको बारेमा बताउनुहुन्छ।
----------------------------------------
[253] Roman: Uhaale swikarnuhunchha ki likhit bhashale DNA bhanda dherai uchcha dakshatakah sath pustaharuma suchana sthanantaran garna saksham banaunchha.
  Expected: उहाँले स्वीकार्नुहुन्छ कि लिखित भाषाले डीएनए भन्दा धेरै उच्च दक्षताका साथ पुस्ताहरूमा सूचना स्थानान्तरण गर्न सक्षम बनाउँछ।
  Got:      उहाँले स्वीकार्नुहुन्छ कि लिखित भाषाले डीएनएभन्दा धेरै उच्च दक्षताका साथ पठाउने सूचना स्थानान्तरण गर्न सक्षम बनाउँछ।
----------------------------------------
[255] Roman: bahya memory ko roopma likhit bhashako yo abadharana gahiro chha, jasle bauddhik praniharu ko lagi bikaswadi kshamata ko naya starma sankramanlai sanket gardachha. likhit bhashama sankramanle jyan ko abadharanalaai vishuddha jaibik hune kurabata kunai ek vyaktiko swatantra roopma awasthit huna sakne kurama pani pariwartan gardachha.
  Expected: बाह्य मेमोरीको रूपमा लिखित भाषाको यो अवधारणा गहिरो छ, जसले बौद्धिक प्राणीहरूको लागि विकासवादी क्षमताको नयाँ स्तरमा संक्रमणलाई संकेत गर्दछ। लिखित भाषामा संक्रमणले ज्ञानको अवधारणालाई विशुद्ध जैविक हुने कुराबाट कुनै एक व्यक्तिको स्वतन्त्र रूपमा अवस्थित हुन सक्ने कुरामा पनि परिवर्तन गर्दछ।
  Got:      बाह्य मेमोरीको रूपमा लिखित भाषाको यो अवधारणा गहिरो छ, जसले बौद्धिक प्राणीहरूको लागि विकासवादी क्षमताको नयाँ स्तरमा संक्रमणलाई सङ्केत गर्दछ। लिखित भाषामा संक्रमणले ज्ञानको अवधारणालाई विशुद्ध जैविक हुने कुराबाट कुनै एक व्यक्तिको स्वतन्त्र रूपमा अवस्थित हुन सक्ने कुरामा पनि परिवर्तन गर्दछ।
----------------------------------------
[256] Roman: yo "bahya prasaran" ko unko siddhantama parinat hunchha, jahan manav sabhyata ek naya charanma pravesh gareko chha jahan suchanako bahya record - pustakaharu, internet, ra anya prakaraka mediaharu - hamro DNA bhitra code gariyeko suchanako matra bhanda badhi bhayeko chha.
  Expected: यो "बाह्य प्रसारण" को उनको सिद्धान्तमा परिणत हुन्छ, जहाँ मानव सभ्यता एक नयाँ चरणमा प्रवेश गरेको छ जहाँ सूचनाको बाह्य रेकर्ड - पुस्तकहरू, इन्टरनेट, र अन्य प्रकारका मिडियाहरू - हाम्रो डीएनए भित्र कोड गरिएको सूचनाको मात्रा भन्दा बढी भएको छ।
  Got:      यो "बाह्य प्रसारण" को उनको सिद्धान्तमा परिणत हुन्छ, जहाँ मानव सभ्यता एक नयाँ चरणमा प्रवेश गरेको छ जहाँ सूचनाको बाह्य रेकर्ड - पुस्तकहरू, इन्टरनेट, र अन्य प्रकारका मिडियाहरू - हाम्रो डीएनए भित्र कोड गरिएको सूचनाको मात्रभन्दा बढी भएको छ।
----------------------------------------
[259] Roman: uha suchana sanchayako gatima bhayeko yo thulo bridhilaai ek naya prakarko bikasko aadharako roopma dekhnuhunchha: "aatma-design vikas".
  Expected: उहाँ सूचना सञ्चयको गतिमा भएको यो ठूलो वृद्धिलाई एक नयाँ प्रकारको विकासको आधारको रूपमा देख्नुहुन्छ: "आत्म-डिजाइन विकास।"
  Got:      उहाँ सूचना सञ्चयको गतिमा भएको यो ठूलो वृद्धिलाई एक नयाँ प्रकारको विकासको आधारको रूपमा देख्नुहुन्छ: "आतम-डिजाइन विकास"।
----------------------------------------
[260] Roman: uha anuman garnuhunchha ki yas charanma, manishharule janajanai aphno DNA pariwartan garne kshamata prapta garnechhan, jasle garda bhabisyaka pustaharulai sansarka chunautiharu ko lagi ajha ramrosanga tayar garna sambhav hunechha.
  Expected: उहाँ अनुमान गर्नुहुन्छ कि यस चरणमा, मानिसहरूले जानाजानी आफ्नो डीएनए परिवर्तन गर्ने क्षमता प्राप्त गर्नेछन्, जसले गर्दा भविष्यका पुस्ताहरूलाई संसारका चुनौतीहरूको लागि अझ राम्रोसँग तयार गर्न सम्भव हुनेछ।
  Got:      उहाँ अनुमान गर्नुहुन्छ कि यस चरणमा, मनिशहरुले जनजनै आफ्नो डीएनए परिवर्तन गर्ने क्षमता प्राप्त गर्नेछन, जसले गर्दा भविष्यका पुस्तहरुलाई संसारका चुनौतीहरूको लागि अझ राम्रोसँग तयार गर्न सम्भव हुनेछ।
----------------------------------------
[261] Roman: yas sambhavanako naitik prabhavaharu mahatwapurna chhan, ra hakingle tiniharulai swikar garna bata pachhi hatnuhunna, yo kura swikardai ki sambhavit phaidaharu dherai bhaye tapani, yasta kshamatabaru niyantran garna asadharan roopma gahro hunechha. yasle hamile yo aparichit chhetrama navigate garda naitik chhalphal ra dhachaharu ko mahatwapurna aawashyaktalai jod dinchha.
  Expected: यस सम्भावनाको नैतिक प्रभावहरू महत्त्वपूर्ण छन्, र हकिङले तिनीहरूलाई स्वीकार गर्नबाट पछि हट्नुहुन्न, यो कुरा स्वीकार्दै कि सम्भावित फाइदाहरू धेरै भए तापनि, यस्ता क्षमताहरू नियन्त्रण गर्न असाधारण रूपमा गाह्रो हुनेछ। यसले हामीले यो अपरिचित क्षेत्रमा नेभिगेट गर्दा नैतिक छलफल र ढाँचाहरूको महत्त्वपूर्ण आवश्यकतालाई जोड दिन्छ।
  Got:      यस सम्भावनाको नैतिक प्रभावहरू महत्त्वपूर्ण छन्, र हकिङले तिनीहरूलाई स्वीकार गर्नबाट पछि हत्नुहुन्न, यो कुरा स्वीकार्दै कि सम्भावित फाइदाहरू धेरै भए तापनि, यस्ता क्षमतबरु नियन्त्रण गर्न असाधारण रूपमा गह्रो हुनेछ। यसले हामीले यो अपरिचित क्षेत्रमा नेभिगेट गर्दा नैतिक छलफल र ढाँचाहरूको महत्त्वपूर्ण आवश्यकतालाई जोड दिन्छ।
----------------------------------------
[273] Roman: yadyapi, 20aum shatabdima quantum mechanics ko bikasle yas niyatibadi vishwadrishtilai natakiya roopma ch चुनौती diyo.
  Expected: यद्यपि, २०औँ शताब्दीमा क्वान्टम मेकानिक्सको विकासले यस नियतिवादी विश्वदृष्टिलाई नाटकीय रूपमा चुनौती दियो।
  Got:      यद्यपि, २०औँ शताब्दीमा क्वान्टम मेकानिक्सको विकासले यस नियतिवादी विश्वदृश्तीलाई नाटकीय रूपमा चुनौती चुनौती दियो।
----------------------------------------
[274] Roman: hakingle bataunuhunchha ki quantum stharma, kanaharuko paribhasit sthiti ra gati hundai na; baru, tiniharuko astitwa sambhavyata tarangaharu dwara paribhasit hunchha.
  Expected: हकिङले बताउनुहुन्छ कि क्वान्टम स्तरमा, कणहरूको परिभाषित स्थिति र गति हुँदैन; बरु, तिनीहरूको अस्तित्व सम्भाव्यता तरंगहरूद्वारा परिभाषित हुन्छ।
  Got:      हकिङले बताउनुहुन्छ कि क्वान्टम स्तरमा, कणहरूको परिभाषित स्थिति र गति हुँदै न; बरु, तिनीहरूको अस्तित्व सम्भव्यत तरङहरु महत्त्वद्वारा परिभाषित हुन्छ।
----------------------------------------
[276] Roman: yas bodhako artha ho ki niyatibadi model upa-parmanu stharma tukra-tukra hunchha, jahan kanaharu nishchit sthiti ra gatiharuko satta sambhawana anusar sanchalan hunchhan.
  Expected: यस बोधको अर्थ हो कि नियतिवादी मोडेल उप-परमाणु स्तरमा टुक्रा-टुक्रा हुन्छ, जहाँ कणहरू निश्चित स्थिति र गतिहरूको सट्टा सम्भावना अनुसार सञ्चालन हुन्छन्।
  Got:      यस बोधको अर्थ हो कि नियतिवादी मोडेल उप-पर्मनु स्तरमा टुक्रा-टुक्रा हुन्छ, जहाँ कणहरू निश्चित स्थिति र गतिहरूको सट्टा सम्भावना अनुसार सञ्चालन हुन्छन्।
----------------------------------------
[278] Roman: tyaspachhi haking quantum mechanics ra samanya sapekshata ko aakarshak pratichchhedanma, visheshgari black holko sandarbhma bistrit roopma janchhan.
  Expected: त्यसपछि हकिङ क्वान्टम मेकानिक्स र सामान्य सापेक्षताको आकर्षक प्रतिच्छेदनमा, विशेष गरी ब्ल्याक होलको सन्दर्भमा विस्तृत रूपमा जान्छन्।
  Got:      त्यसपछि हकिङ क्वान्टम मेकानिक्स र सामान्य सापेक्षताको आकर्षक विशेष, गरी ब्ल्याक होलको सन्दर्भमा विस्तृत रूपमा जान्छन्।
----------------------------------------
[279] Roman: uha bataunuhunchha ki kasari samanya sapekshata le vishal taraharuko eklatama patan hune bhavisyawani gardachha, ananta ghanatwaka binduharu jahan gurutwakarshan yati tivra hunchha ki prakash samet bhagna sakdaina.
  Expected: उहाँ बताउनुहुन्छ कि कसरी सामान्य सापेक्षताले विशाल ताराहरूको एकलतामा पतन हुने भविष्यवाणी गर्दछ, अनन्त घनत्वका बिन्दुहरू जहाँ गुरुत्वाकर्षण यति तीव्र हुन्छ कि प्रकाशसमेत भाग्न सक्दैन।
  Got:      उहाँ बताउनुहुन्छ कि कसरी सामान्य सापेक्षताले विशाल ताराहरूको एक्लतमा पतन हुने भविष्यवाणी गर्दछ, अनन्त घनत्वका बिन्दुहरू जहाँ गुरुत्वाकर्षण यति तीव्र हुन्छ कि प्रकाश समेत भाग्न सक्दैन।
----------------------------------------
[280] Roman: uha black hole siddhantama aphno abhutpurva kamko punarabalokan garnuhunchha, visheshgari ghatna kshitijko abadharana, tyo seema jahan bata bhagna asambhav chha.
  Expected: उहाँ ब्ल्याक होल सिद्धान्तमा आफ्नो अभूतपूर्व कामको पुनरावलोकन गर्नुहुन्छ, विशेष गरी घटना क्षितिजको अवधारणा, त्यो सीमा जहाँबाट भाग्न असम्भव छ।
  Got:      उहाँ ब्ल्याक होल सिद्धान्तमा आफ्नो अभूतपूर्व कामको पुनरावलोकन गर्नुहुन्छ, गरी घटना क्षितिजको अवधारणा, त्यो सीमा जहाँबाट भाग्न असम्भव छ।
----------------------------------------
[283] Roman: adhyayko charamotkarsha hakingko 1973 ko khojma raheko chha ki black holharu purna roopma kalo hundai nan; tiniharule vikiran utsarjan garchhan, jaslai ahile haking vikiran bhannchha.
  Expected: अध्यायको चरमोत्कर्ष हकिङको १९७३ को खोजमा रहेको छ कि ब्ल्याक होलहरू पूर्ण रूपमा कालो हुँदैनन्; तिनीहरूले विकिरण उत्सर्जन गर्छन्, जसलाई अहिले हकिङ विकिरण भनिन्छ।
  Got:      अध्ययको चरमोत्कर्श हकिङको 1973को खोजमा रहेको छ कि ब्ल्याक होलहरु पूर्ण रूपमा कालो हुँदै हुँदैन; तिनीहरूले विकिरण उत्सर्जन गर्छन्, जसलाई अहिले हकिङ विकिरण भन्न्छ।
----------------------------------------
[284] Roman: yo khoj, saiddhantik bhaye tapani, paramparagat bhautikshastrako lagi euta gahiro ch चुनौती khada garyo, jasle "suchana birodhabhas" bhanera chinine kuralai janma diyo.
  Expected: यो खोज, सैद्धान्तिक भए तापनि, परम्परागत भौतिकशास्त्रको लागि एउटा गहिरो चुनौती खडा गर्‍यो, जसले "सूचना विरोधाभास" भनेर चिनिने कुरालाई जन्म दियो।
  Got:      यो खोज, सैद्धान्तिक भए तापनि, परम्परागत भौतिक्षस्त्रको लागि एउटा गहिरो चुनौती चुनौती खद गर्‍यो, जसले "सूचना विरोधाभास" भनेर चिनिने कुरालाई जन्म दियो।
----------------------------------------
[285] Roman: birodhabhas utpanna hunchha kinaki yadi black hole le vikiran utsarjan garchha bhane, yasle bistaarai dravyamaan gumaunchha ra antata vashpikaran hunchha, yasma ke khasyo bhanne barema kunai pani jankarilai nasta gare jasto dekhinchha.
  Expected: विरोधाभास उत्पन्न हुन्छ किनकि यदि ब्ल्याक होलले विकिरण उत्सर्जन गर्छ भने, यसले बिस्तारै द्रव्यमान गुमाउँछ र अन्ततः वाष्पीकरण हुन्छ, यसमा के खस्यो भन्ने बारेमा कुनै पनि जानकारीलाई नष्ट गरे जस्तो देखिन्छ।
  Got:      विरोधाभास उत्पन्न हुन्छ किनकि यदि ब्ल्याक होलले विकिरण उत्सर्जन गर्छ भने, यसले बिस्तारै द्रव्यमान गुमौन्छ र अन्ततः वश्पिकरन हुन्छ, यसमा के खस्यो भन्ने बारेमा कुनै पनि जानकारीलाई नष्ट गरे जस्तो देखिन्छ।
----------------------------------------
[286] Roman: yas samasyale quantum mechanics ko jaglai ch चुनौती diyo, ra black holema khasda jankari kahan janchha bhanne prashna saiddhantik bhautikshastrama bahas ko pramukh bishaya baneko chha.
  Expected: यस समस्याले क्वान्टम मेकानिक्सको जगलाई चुनौती दियो, र ब्ल्याक होलमा खस्दा जानकारी कहाँ जान्छ भन्ने प्रश्न सैद्धान्तिक भौतिकशास्त्रमा बहसको प्रमुख विषय बनेको छ।
  Got:      यस समस्याले क्वान्टम मेकानिक्सको जगलाई चुनौती चुनौती दियो, र ब्ल्याक होलमा खस्द जानकारी कहन लैजान्छ भन्ने प्रश्न सैद्धान्तिक भौतिक्षस्त्रमा बहसको प्रमुख विषय बनेको छ।
----------------------------------------
[295] Roman: prithvima dui-aayamik pranile aphno sansarko bujhai pauchha jun hamile chineko manak Euclidean jyamitibhanda pharak hunchha.
  Expected: पृथ्वीमा दुई-आयामिक प्राणीले आफ्नो संसारको बुझाइ पाउँछ जुन हामीले चिनेको मानक युक्लिडियन ज्यामितिभन्दा फरक हुन्छ।
  Got:      पृथ्वीमा दुई-आयमिक प्राणीले आफ्नो संसारको बुझाइ पाउँछ जुन हामीले चिनेको मानक युक्लिडियन ज्यामितिभन्दा फरक हुन्छ।
----------------------------------------
[297] Roman: yo samanatale pathaklai yo bicharko lagi utkrishta roopma tayar gardachha ki hamro tri-aayamik brahmand pani ghumaauro huna sakchha ra uchcha-aayamik chhetrakko satahma awasthit huna sakchha.
  Expected: यो समानताले पाठकलाई यो विचारको लागि उत्कृष्ट रूपमा तयार गर्दछ कि हाम्रो त्रि-आयामिक ब्रह्माण्ड पनि घुमाउरो हुन सक्छ र उच्च-आयामिक क्षेत्रको सतहमा अवस्थित हुन सक्छ।
  Got:      यो समानताले पाठकलाई यो विचारको लागि उत्कृष्ट रूपमा तयार गर्दछ कि हाम्रो तृ-आयमिक ब्रह्माण्ड पनि घुमाउरो हुन सक्छ र उच्च-आयमिक क्षेत्रको सतहमा अवस्थित हुन सक्छ।
----------------------------------------
[299] Roman: yas bicharle antarishko hamro paramparagat dharnalai ch चुनौती dinchha, ra sujhab dinchha ki hamile "samatal antarish" ko roopma anubhav garne kura chitrako sano bhag matra huna sakchha.
  Expected: यस विचारले अन्तरिक्षको हाम्रो परम्परागत धारणालाई चुनौती दिन्छ, र सुझाव दिन्छ कि हामीले "समतल अन्तरिक्ष" को रूपमा अनुभव गर्ने कुरा चित्रको सानो भाग मात्र हुन सक्छ।
  Got:      यस विचारले अन्तरिक्षको हाम्रो परम्परागत धारणालाई चुनौती चुनौती दिन्छ, र सुझाव दिन्छ कि हामीले "समतल अन्तरिक्ष" को रूपमा अनुभव गर्ने कुरा चित्रको सानो भाग मात्र हुन सक्छ।
----------------------------------------
[300] Roman: yo paripekshya le hamilai uchcha-aayamik astitwako satahma awasthit hune sambhavanatarfa hamro bujhailai pariwartan garchha, jahan hamro kathit tin aayamharu kul vastavikata ko simit upsamuh matra hun.
  Expected: यो परिप्रेक्ष्यले हामीलाई उच्च-आयामिक अस्तित्वको सतहमा अवस्थित हुने सम्भावनातर्फ हाम्रो बुझाइलाई परिवर्तन गर्छ, जहाँ हाम्रो कथित तीन आयामहरू कुल वास्तविकताको सीमित उपसमूह मात्र हुन्।
  Got:      यो परिप्रेक्ष्यले हामीलाई उच्च-आयमिक अस्तित्वको सतहमा अवस्थित हुने सम्भावनातर्फ हाम्रो बुझाइलाई परिवर्तन गर्छ, जहाँ हाम्रो कथित तीन आयामहरू कुल वास्तविकताको सीमित उपसमूह मात्र हुन्।
----------------------------------------
[302] Roman: Einstein ko samanya sapekshata siddhanta, san 1915 ma prakashit, gurutwakarshanko hamro bujhaima krantikari pariwartanko roopma prastut gariyeko chha, jun aba ek balko roopma hoina, tara spacetimko wakratako parinamko roopma dekhieko chha.
  Expected: आइन्स्टाइनको सामान्य सापेक्षता सिद्धान्त, सन् १९१५ मा प्रकाशित, गुरुत्वाकर्षणको हाम्रो बुझाइमा क्रान्तिकारी परिवर्तनको रूपमा प्रस्तुत गरिएको छ, जुन अब एक बलको रूपमा होइन, तर स्पेसटाइमको वक्रताको परिणामको रूपमा देखिएको छ।
  Got:      आइन्स्टाइनको सामान्य सापेक्षताको सिद्धान्त, सन 1915मा प्रकशित, गुरुत्वाकर्षणको हाम्रो बुझाइमा क्रान्तिकारी कुञ्जी रूपमा प्रस्तुत गरिएको छ, जुन अब एक बलको रूपमा होइन, तर स्पेसटाइमको वक्रताको परिणामको रूपमा देखिएको छ।
----------------------------------------
[304] Roman: hakingle bataunuhunchha ki siddhantale black holharuko astitwako bhavishyavani gardachha, jahan spacetim yati natakiya roopma ghumaieko chha ki kehi pani, prakash samet bhagna sakdaina.
  Expected: हकिङले बताउनुहुन्छ कि सिद्धान्तले ब्ल्याक होलहरूको अस्तित्वको भविष्यवाणी गर्दछ, जहाँ स्पेसटाइम यति नाटकीय रूपमा घुमाइएको छ कि केही पनि, प्रकाशसमेत भाग्न सक्दैन।
  Got:      हकिङले बताउनुहुन्छ कि सिद्धान्तले ब्ल्याक होलहरुको अस्तित्वको भविश्यवनी गर्दछ, जहाँ स्पेसटाइम यति नाटकीय रूपमा घुमाइएको छ कि केही पनि, प्रकाश समेत भाग्न सक्दैन।
----------------------------------------
[312] Roman: uhaale aounlyaunuhunchha ki Einstein ko sapekshata ko vishesh siddhantale samaya nirapeksh nabai paryabekshak ko gatisanga sapeksh hune kura dekhaeko chha.
  Expected: उहाँले औंल्याउनुहुन्छ कि आइन्स्टाइनको सापेक्षताको विशेष सिद्धान्तले समय निरपेक्ष नभई पर्यवेक्षकको गतिसँग सापेक्ष हुने कुरा देखाएको छ।
  Got:      उहाँले अऔँल्यौनुहुन्छ कि आइन्स्टाइनको सापेक्षताको विशेष सिद्धान्तले समय निरपेक्ष नभई पर्यबेक्षकको गतिसँग सपेक्ष हुने कुरा देखाएको छ।
----------------------------------------
[313] Roman: prakashko gatima adhiktam gati simalai pratinidhitva gardachha, jun sapekshatako niyam anusar saiddhantik roopma atitma samaya yatralai aswikar garnuparchha kinaki yasako lagi yo gati abarodhlai naghna aawashyak hunchha.
  Expected: प्रकाशको गतिले अधिकतम गति सीमालाई प्रतिनिधित्व गर्दछ, जुन सापेक्षताको नियमअनुसार सैद्धान्तिक रूपमा अतीतमा समय यात्रालाई अस्वीकार गर्नुपर्छ किनकि यसको लागि यो गति अवरोधलाई नाघ्न आवश्यक हुन्छ।
  Got:      प्रकाशको गतिमा अधिकतम गति सिमालाई प्रतिनिधित्व गर्दछ, जुन सापेक्षताको नियम अनुसार सैद्धान्तिक रूपमा अतितमा समय यात्रालाई अस्वीकार गर्नुपर्छ किनकि यसको लागि यो गति अबरोधलाई नघ्न आवश्यक हुन्छ।
----------------------------------------
[314] Roman: uhaale yo kuralai nirantar jod dinuhunchha ki yo Einstein ko sapekshata ko samanya siddhant matra ho jasle ghumaauro spacetimko madhyambata yas sambhavanalaai pheri kholchha.
  Expected: उहाँले यो कुरालाई निरन्तर जोड दिनुहुन्छ कि यो आइन्स्टाइनको सापेक्षताको सामान्य सिद्धान्त मात्र हो जसले घुमाउरो स्पेसटाइमको माध्यमबाट यस सम्भावनालाई फेरि खोल्छ।
  Got:      उहाँले यो कुरालाई निरन्तर जोड दिनुहुन्छ कि यो आइन्स्टाइनको सापेक्षताको सामान्य सिद्द्हँत मात्र हो जसले घुमाउरो स्पेसटाइमको माध्यमबाट यस सम्भावनालाई फेरि खोल्छ।
----------------------------------------
[319] Roman: tyaspachhi uha samaya yatrasanga sambandhit birodhabhasaharusanga sangharsha garnuhunchha, jastai hajurbaa birodhabhas, jahan ek samaya yatri le bigat lai pariwartan garna sakdachha, jasle garda samayrekhama asangat haru auna sakchhan, visheshgari aphno janmalaai rokn sakchhan.
  Expected: त्यसपछि उहाँ समय यात्रासँग सम्बन्धित विरोधाभासहरूसँग संघर्ष गर्नुहुन्छ, जस्तै हजुरबुबा विरोधाभास, जहाँ एक समय यात्रीले विगतलाई परिवर्तन गर्न सक्दछ, जसले गर्दा समयरेखामा असंगतिहरू आउन सक्छन्, विशेष गरी आफ्नो जन्मलाई रोक्न सक्छन्।
  Got:      त्यसपछि उहाँ समय यात्रासँग सम्बन्धित विरोधाभासहरूसँग सङ्हर्श गर्नुहुन्छ, जस्तै हजुर्बा विरोधाभास, जहाँ एक समय यतृले बिगतलाई परिवर्तन गर्न सक्दछ, जसले गर्दा समयरेखामा असङतहरु औन सक्छन्, गरी आफ्नो जँमलाइ रोक्न सक्छन्।
----------------------------------------
[323] Roman: hakingle, tathapi, spashta roopma sangat itihas parikalpanalaai prathamikata dinuhunchha, kinaki yo quantum mechanicsma sum-over-history drishtikonsanga sangat chha, jasle prastav gardachha ki pratek sambhavana kehi hadsamma karyanwayan hunchha, tara bibhinna sambhavanaharusanga.
  Expected: हकिङले, तथापि, स्पष्ट रूपमा संगत इतिहास परिकल्पनालाई प्राथमिकता दिनुहुन्छ, किनकि यो क्वान्टम मेकानिक्समा सम-ओभर-हिस्ट्री दृष्टिकोणसँग संगत छ, जसले प्रस्ताव गर्दछ कि प्रत्येक सम्भावना केही हदसम्म कार्यान्वयन हुन्छ, तर विभिन्न सम्भावनाहरूसँग।
  Got:      हकिङले, तथापि, स्पष्ट रूपमा संगत इतिहास परिकल्पनालाई प्राथमिकता दिनुहुन्छ, किनकि यो क्वान्टम मेकानिक्समा सुम-ओवेर-हिस्तोर्य दृष्टिकोणसँग संगत छ, जसले प्रस्ताव गर्दछ कि प्रत्येक सम्भावना केही हदसम्म कार्यान्वयन हुन्छ, तर विभिन्न सम्भावनाहरूसँग।
----------------------------------------
[326] Roman: yo sthitiko baigyanik satyako lagi sunaulo mapdandako roopma anubhavjanya praman prati uhako gahiro pratibaddhatalai prakash parchha.
  Expected: यो स्थितिको वैज्ञानिक सत्यको लागि सुनौलो मापदण्डको रूपमा अनुभवजन्य प्रमाणप्रति उहाँको गहिरो प्रतिबद्धतालाई प्रकाश पार्छ।
  Got:      यो स्थितिको वैज्ञानिक सत्यको लागि सुनौलो मप्दँदको रूपमा अनुभव्जञ प्रमाण प्रति उहाँको गहिरो प्रतिबद्धतालाई प्रकाश पार्छ।
----------------------------------------
[328] Roman: adhyaya 7 le gambhir mod linchha, manavjatiko astitwama raheka khataraharuma dhyan kendrit gardachha.
  Expected: अध्याय ७ ले गम्भीर मोड लिन्छ, मानवजातिको अस्तित्वमा रहेका खतराहरूमा ध्यान केन्द्रित गर्दछ।
  Got:      अध्याय ७ले गम्भीर मोड लिइन्छ, मानवजातिको अस्तित्वमा रहेका खतराहरूमा ध्यान केन्द्रित गर्दछ।
----------------------------------------
[330] Roman: uhanko prakshepan anusar, 2600 samma ma, jansankhya yati thulo hunechha ki tinhiharu kadh ma kadh jodera ubhinechhan, ra bijuli khapatle prithvilaai rato tato banaunechha, yo samasyako gambhirtako ek spashta chitran ho.
  Expected: उहाँको प्रक्षेपण अनुसार, २६०० सम्ममा, जनसंख्या यति ठूलो हुनेछ कि तिनीहरू काँधमा काँध जोडेर उभिनेछन्, र बिजुली खपतले पृथ्वीलाई रातो तातो बनाउनेछ, यो समस्याको गम्भीरताको एक स्पष्ट चित्रण हो।
  Got:      उहाँको प्रक्षेपन अनुसार, 2600 समयसम्ममा, जनसंख्या यति ठूलो हुनेछ कि तिनीहरू कधमा कध जोडेर उभिनेछन, र बिजुली खपतले पृथ्वीलाई रातो ततो बनाउनेछ, यो समस्याको गम्भिर्तको एक स्पष्ट चित्रण हो।
----------------------------------------
[331] Roman: uhaale prakritik strotaharuko kamidekhi pradushan, jalvayu pariwartan, ra aanavik yuddha wa kshudragraha prabhavharu jasta binaskari vishwavaypi ghatana harusamma hamile haal samana garirheka khataraharuko suchi dinuhunchha.
  Expected: उहाँले प्राकृतिक स्रोतहरूको कमीदेखि प्रदूषण, जलवायु परिवर्तन, र आणविक युद्ध वा क्षुद्रग्रह प्रभावहरू जस्ता विनाशकारी विश्वव्यापी घटनाहरूसम्म हामीले हाल सामना गरिरहेका खतराहरूको सूची दिनुहुन्छ।
  Got:      उहाँले प्राकृतिक स्त्रोतहरुको कमीदेखि प्रदुशन, जल्वयु परिवर्तन, र आनविक युद्ध वा क्षुद्रग्रह प्रभावहरू जस्ता विनाशकारी विश्वव्यापी घटना हरुसममा हामीले हाल सामना गरिरहेका खतराहरूको सुची दिनुहुन्छ।
----------------------------------------
[335] Roman: yo jimmevari digo bhabisyatarfa kam garnama pani bistarit chha, jasko lagi hamro baniharuma paryapta pariwartanharu aawashyak pardachha.
  Expected: यो जिम्मेवारी दिगो भविष्यतर्फ काम गर्नमा पनि विस्तारित छ, जसको लागि हाम्रो बानीहरूमा पर्याप्त परिवर्तनहरू आवश्यक पर्दछ।
  Got:      यो जिम्मेवारी दिगो भविष्यतर्फ काम गर्नमा पनि विस्तारित छ, जसको लागि हाम्रो बानीहरूमा पर्याप्त परिवर्तनहरू आवश्यक पार्दछ।
----------------------------------------
[338] Roman: yasle sujhab dinchha ki yadi hami dherai grahaharuma jansankhya rakhna saksham bhayau bhane binaskari vishwavaypi ghatana kam khatra hunechha, ra prithvima binaskari ghatanaharubata surakshako upaye pradan gardachha.
  Expected: यसले सुझाव दिन्छ कि यदि हामी धेरै ग्रहहरूमा जनसंख्या राख्न सक्षम भयौं भने विनाशकारी विश्वव्यापी घटना कम खतरा हुनेछ, र पृथ्वीमा विनाशकारी घटनाहरूबाट सुरक्षाको उपाय प्रदान गर्दछ।
  Got:      यसले सुझाव दिन्छ कि यदि हामी धेरै ग्रहहरूमा जनसंख्या राख्न सक्षम भयौं भने विनाशकारी विश्वव्यापी घटना काम खतरा हुनेछ, र पृथ्वीमा विनाशकारी घटनाहरूबाट सुरक्षाको उपाय प्रदान गर्दछ।
----------------------------------------
[341] Roman: uha jod dinuhunchha ki anya grahaharule thap strotaharu ra prithvima dabab kam garne madhyam prastav garna sakchhan.
  Expected: उहाँ जोड दिनुहुन्छ कि अन्य ग्रहहरूले थप स्रोतहरू र पृथ्वीमा दबाब कम गर्ने माध्यम प्रस्ताव गर्न सक्छन्।
  Got:      उहाँ जोड दिनुहुन्छ कि अन्य ग्रहहरूले थप स्रोतहरू र पृथ्वीमा दबाब काम गर्ने माध्यम प्रस्ताव गर्न सक्छन्।
----------------------------------------
[343] Roman: hakingle yatra duriko tarkik samasyaharu, antariksh ra anya grahaharuko kathor vatavaran, ra strot simitataharu jasta dherai ch चुनौती harulaai swikarnuhunchha.
  Expected: हकिङले यात्रा दूरीको तार्किक समस्याहरू, अन्तरिक्ष र अन्य ग्रहहरूको कठोर वातावरण, र स्रोत सीमितताहरू जस्ता धेरै चुनौतीहरूलाई स्वीकार्नुहुन्छ।
  Got:      हकिङले यात्रा दूरीको तार्किक समस्याहरू, अन्तरिक्ष र अन्य ग्रहहरूको कठोर वातावरण, र स्रोत सीमितताहरू जस्ता धेरै चुनौती चुनौती हरुलाइ स्वीकार्नुहुन्छ।
----------------------------------------
[344] Roman: yadyapi, uha vishwas garnuhunchha ki robotics, thridi printing, ra closed-loop life support system jasta prabidhimaharuma bhayeka pragatile bhabishyama yaslaai ajha sambhav banaunechha.
  Expected: यद्यपि, उहाँ विश्वास गर्नुहुन्छ कि रोबोटिक्स, थ्रीडी प्रिन्टिङ, र क्लोज-लूप लाइफ सपोर्ट सिस्टम जस्ता प्रविधिहरूमा भएका प्रगतिले भविष्यमा यसलाई अझ सम्भव बनाउनेछ।
  Got:      यद्यपि, उहाँ विश्वास गर्नुहुन्छ कि रोबोटिक्स, थ्रीडी प्रिन्टिङ, र च्लोसेद-लुप लाइफ सपोर्ट सिस्टम जस्ता प्रविधिहरूमा भएका प्रगतिले भविष्यमा यसलाई अझ सम्भव बनाउनेछ।
----------------------------------------
[345] Roman: yasle manav aavishkarma uhanko vishwas ra yasle yi ch चुनौती harulaai par garne kshamatalaai prakash parchha.
  Expected: यसले मानव आविष्कारमा उहाँको विश्वास र यसले यी चुनौतीहरूलाई पार गर्ने क्षमतालाई प्रकाश पार्छ।
  Got:      यसले मानव हुनुमा उहाँको विश्वास र यसले यी चुनौती चुनौती हरुलाइ पार गर्ने क्षमतलाइ प्रकाश पार्छ।
----------------------------------------
[350] Roman: ridle kushaltapurvak tarka garnuhunchha ki prakritik chayan mukhytaya jean ko starma sanchalan hunchha, jasle tyaspachhi jivalai yasako prasaranako lagi ek madhyamko roopma aakar dinchha. yo abadharana jiva ko starma kam garne prakritik chayan ko adhik paramparagat drishtikonbata prasthan gardachha.
  Expected: रिडले कुशलतापूर्वक तर्क गर्नुहुन्छ कि प्राकृतिक चयन मुख्यतया जीनको स्तरमा सञ्चालन हुन्छ, जसले त्यसपछि जीवलाई यसको प्रसारणको लागि एक माध्यमको रूपमा आकार दिन्छ। यो अवधारणा जीवको स्तरमा काम गर्ने प्राकृतिक चयनको अधिक परम्परागत दृष्टिकोणबाट प्रस्थान गर्दछ।
  Got:      रिडले कुशलतापूर्वक तर्क गर्नुहुन्छ कि प्राकृतिक चयन मुख्य्तय जीनको स्तरमा सञ्चालन हुन्छ, जसले त्यसपछि जिवलाई यसको प्रसरनको लागि एक माध्यमको रूपमा आकार दिन्छ। यो अवधारणा जिवको स्तरमा काम गर्ने प्राकृतिक चयनको अधिक परम्परागत दृष्टिकोणबाट प्रस्थन गर्दछ।
----------------------------------------
[351] Roman: ridle swarthi jean ko prabhavlai eks ra wai cromozomharuko aaphno parikshanma spashta roopma chitran garnuhunchha, jasle jaibik linga nirdharan gardachha. uhaale dui bich ek bikaswadi "birodha" ko anumaan garnuhunchha, jahan ek cromozomama jeanharule arkolaai hani puryaudaa pani tyo vishesh lingalaai phaida puryauna bikasit huna sakchha.
  Expected: रिडले स्वार्थी जीनको प्रभावलाई एक्स र वाई क्रोमोजोमहरूको आफ्नो परीक्षणमा स्पष्ट रूपमा चित्रण गर्नुहुन्छ, जसले जैविक लिङ्ग निर्धारण गर्दछ। उहाँले दुई बीच एक विकासवादी "विरोध" को अनुमान गर्नुहुन्छ, जहाँ एक क्रोमोजोममा जीनहरूले अर्कोलाई हानि पुर्‍याउँदा पनि त्यो विशेष लिङ्गलाई फाइदा पुर्‍याउन विकसित हुन सक्छ।
  Got:      रिडले स्वार्थी जीनको प्रभावलाई एक्स र वाई च्रोमोजोमहरुको आफ्नो परीक्षणमा स्पष्ट रूपमा चित्रण गर्नुहुन्छ, जसले जैविक लिङ निर्धारण गर्दछ। उहाँले दुई बीच एक विकासवादी "बिरोध" को अनुमान गर्नुहुन्छ, जहाँ एक क्रोमोजोममा जीनहरूले अर्कोलाइ हानी पुर्यौदा पनि त्यो विशेष लिङलाइ फाइदा पुर्‍याउन विकसित हुन सक्छ।
----------------------------------------
[352] Roman: udaharanaka lagi, Y cromozomama bhayeka jeanharule prajananma purushharulai phaida dina bikasit huna sakchha, yadi yasale mahilako swasthya wa prajanan safalatama nakaratmak asar pare pani.
  Expected: उदाहरणका लागि, Y क्रोमोजोममा भएका जीनहरूले प्रजननमा पुरुषहरूलाई फाइदा दिन विकसित हुन सक्छ, यदि यसले महिलाको स्वास्थ्य वा प्रजनन सफलतामा नकारात्मक असर पारे पनि।
  Got:      उदाहरणका लागि, Y क्रोमोजोममा भएका जीनहरूले प्रजननमा पुरुषहरूलाई फाइदा दिन विकसित हुन सक्छ, यदि यसले महिलाको स्वस्थ वा प्रजनन सफलतामा नकारात्मक असर परे पनि।
----------------------------------------
[354] Roman: yo aantarik aanuwanshik sangharshle jaibik pranali haruko prakritiko barema gahiro kuralai prakash pardachha: ki tinhiharu sadhai samanjasyapurna wa prajatiko "ramro" ko lagi kam garirheka hudainan. baru, pratispardhi aanuwanshik tatwaharu bich nirantar tanatan chha.
  Expected: यो आन्तरिक आनुवंशिक संघर्षले जैविक प्रणालीहरूको प्रकृतिको बारेमा गहिरो कुरालाई प्रकाश पार्दछ: कि तिनीहरू सधैं सामंजस्यपूर्ण वा प्रजातिको "राम्रो" को लागी काम गरिरहेका हुँदैनन्। बरु, प्रतिस्पर्धी आनुवंशिक तत्वहरू बीच निरन्तर तानातान छ।
  Got:      यो आन्तरिक आनुवंशिक संघर्षले जैविक प्रणालीहरूको प्रकृतिको बारेमा गहिरो कुरालाई प्रकाश पार्दछ: कि तिनीहरू सधैं समँजस्यपुर्न वा प्रजातिको "राम्रो" को लागि काम गरिरहेका हुदैनन। बरु, प्रतिस्पर्धी आनुवंशिक तत्वहरू बीच निरन्तर तनतन छ।
----------------------------------------
[355] Roman: ridleko udhharan, "dui cromozomaharu aba ekarkako hitlai manma rakhdainan, prajatiharuko samagra roopma ta kurai chhodau," yas mahatwapurna kuralai jod dinchha. uhaale dekhaunuhunchha ki jinko stharma chayanle tyasta parinamharu nimtyauna sakchha jun jeevko hitko biparit dekhinchha.
  Expected: रिडलेको उद्धरण, "दुई क्रोमोजोमहरू अब एकअर्काको हितलाई मनमा राख्दैनन्, प्रजातिहरूको समग्र रूपमा त कुरै छोडौं," यस महत्त्वपूर्ण कुरालाई जोड दिन्छ। उहाँले देखाउनुहुन्छ कि जीनको स्तरमा चयनले त्यस्ता परिणामहरू निम्त्याउन सक्छ जुन जीवको हितको विपरीत देखिन्छ।
  Got:      रिडलेको उद्धरण, "दुई क्रोमोजोमहरू अब एकअर्काको हितलाई मनमा राख्दैनन्, प्रजातिहरूको समग्र रूपमा त कुरै छोडौं," यस महत्त्वपूर्ण कुरालाई जोड दिन्छ। उहाँले देखाउनुहुन्छ कि जीनको स्तरमा चयनले त्यस्ता परिणामहरू निम्त्याउन सक्छ जुन जीवको हितको विपरित देखिन्छ।
----------------------------------------
[356] Roman: pahichanko prakriti: siddhartha mukherjee ko the jean le ek vyaktiko pahichanlai aakar dinma jean ra vatavaran bichko jatil sambandhako anweshan gardachha. ridleko mukhyatya vikaswadi paripekshako biparit, mukherjee le aanuwanshik vanshanugat ra bahya karakharuko jatil antarkriyam dhyan kendrit garnuhunchha, jasle hami vyaktigat roopma ko haun bhanera nirdharan gardachha.
  Expected: पहिचानको प्रकृति: सिद्धार्थ मुखर्जीको द जीन ले एक व्यक्तिको पहिचानलाई आकार दिनमा जीन र वातावरण बीचको जटिल सम्बन्धको अन्वेषण गर्दछ। रिडलेको मुख्यतया विकासवादी परिप्रेक्ष्यको विपरीत, मुखर्जीले आनुवंशिक वंशानुगत र बाह्य कारकहरूको जटिल अन्तरक्रियामा ध्यान केन्द्रित गर्नुहुन्छ, जसले हामी व्यक्तिगत रूपमा को हौं भनेर निर्धारण गर्दछ।
  Got:      पहिचानको प्रकृति: सिद्द्हर्थ मुखर्जीकोको द जीनले एक व्यक्तिको पहिचानलाई आकार दिनमा जीन र वातावरण बीचको जटिल सम्बन्धको अन्वेषण गर्दछ। रिडलेको मुख्यतया विकस्वदी परिपेक्षको विपरित, मुखर्जीले आनुवंशिक वँशनुगत र बाह्य कारकहरुको जटिल अँतर्कृयम ध्यान केन्द्रित गर्नुहुन्छ, जसले हामी व्यक्तिगत रूपमाको हौन भनेर निर्धारण गर्दछ।
----------------------------------------
[357] Roman: uhaale sizophrenia ra dwidhruvi vikarko aaphnai pariwar ko itihasbata chitran gardai mansik rogko jatiltama gahiriyera januhunchha. uhaako uttarko khojle uhalaai yi awasthaharu kasari aanuwanshik prabrittiko karan prabhavit huna sakchhan bhanera jancha garna netritwa gardachha, saathai bahiri tatwaharu, jastai palanposhan ra samajik karakaharuko mahatwapurna bhumikalaai swikar gardai.
  Expected: उहाँले सिजोफ्रेनिया र द्विध्रुवी विकारको आफ्नै परिवारको इतिहासबाट चित्रण गर्दै मानसिक रोगको जटिलतामा गहिरिएर जानुहुन्छ। उहाँको उत्तरको खोजीले उहाँलाई यी अवस्थाहरू कसरी आनुवंशिक प्रवृत्तिको कारण प्रभावित हुन सक्छन् भनेर जाँच गर्न नेतृत्व गर्दछ, साथै बाहिरी तत्वहरू, जस्तै पालनपोषण र सामाजिक कारकहरूको महत्त्वपूर्ण भूमिकालाई स्वीकार गर्दै।
  Got:      उहाँले सिजोफ्रेनिया र द्विध्रुवी विकारको आफ्नै परिवारको इतिहासबाट चित्रण गर्दै मानसिक रोगको जटिलतामा गहिरिएर जानुहुन्छ। उहाँको उत्तरको खोजले उहाँलाई यी अवस्थाहरू कसरी आनुवंशिक प्रवृत्तिको कारण प्रभावित हुन सक्छन् भनेर जान्छ गर्न नेतृत्व गर्दछ, साथै बाहिरी तत्वहरू, जस्तै पालनपोषण र सामाजिक कारकहरूको महत्त्वपूर्ण भूमिकालाई स्वीकार गर्दै।
----------------------------------------
[359] Roman: tara, uhaale laingik pahichanko jatiltaharuma chhalphal garera agaadi badhnuhunchha, visheshgari david raimar ko dukhad mamalama, ek keta jasko jaibik lingalai chikitsa durghatna pachhi punah assign gariyeko thiyo. raimar ko kathale jaibik linga ra laingik pahichan sadhai panktibaddha nahune ra aphno laingik anubhavma yogdan garne karakharu samanya aanuwanshikibhanda dherai jatil bhayeko kura prakat gardachha.
  Expected: तर, उहाँले लैङ्गिक पहिचानको जटिलताहरूमा छलफल गरेर अगाडि बढ्नुहुन्छ, विशेष गरी डेभिड राइमरको दुखद मामलामा, एक केटा जसको जैविक लिङ्गलाई चिकित्सा दुर्घटना पछि पुन: असाइन गरिएको थियो। राइमरको कथाले जैविक लिङ्ग र लैङ्गिक पहिचान सधैं पङ्क्तिबद्ध नहुने र आफ्नो लैङ्गिक अनुभवमा योगदान गर्ने कारकहरू सामान्य आनुवंशिकीभन्दा धेरै जटिल भएको कुरा प्रकट गर्दछ।
  Got:      तर, उहाँले लैङिक पहिचानको जटिलताहरूमा छलफल गरेर अगाडि बध्नुहुन्छ, गरी दविद रैमरको दुखद ममलमा, एक केत जसको जैविक लिङलाई चिकित्सा दुर्घत्न पछि पुन अस्सिग्न गरिएको थियो। रैमरको कथाले जैविक लिङ र लैङिक पहिचान सधैं पन्क्तिबद्द्ह नहुने र आफ्नो लैङिक अनुभवमा योगदान गर्ने कारकहरू सामान्य आनुवँशिकीभन्दा धेरै जटिल भएको कुरा प्रकट गर्दछ।
----------------------------------------
[360] Roman: mukherjee ko udharan "abhed dosh," uhale bhannubhayo. pahichanma kami; ek aanuwanshik rog; ek dag jun aafubata alag garna sakidaina," le hamra jeanharu ra aatmabodko bichma gahiro ra kahilekaahi pidadayee sambandhlai kaid gardachha. yasle yo sanket gardachha ki aanuwanshik awasthaharu hamro pahichansanga yati antarsambandhit huna sakchhan, tiniharu hami ko hau bhanne kurabata abibhajya chhan, ra yaslaai sadharan "kami" ko roopma matra herna sakidaina.
  Expected: मुखर्जीको उद्धरण "अभेद दोष" , उहाँले भन्नुभयो। पहिचानमा कमी; एक आनुवंशिक रोग; एक दाग जुन आफूबाट अलग गर्न सकिँदैन," ले हाम्रा जीनहरू र आत्मबोधको बीचमा गहिरो र कहिलेकाहीँ पीडादायी सम्बन्धलाई कैद गर्दछ। यसले यो संकेत गर्दछ कि आनुवंशिक अवस्थाहरू हाम्रो पहिचानसँग यति अन्तरसम्बन्धित हुन सक्छन्, तिनीहरू हामी को हौं भन्ने कुराबाट अविभाज्य छन्, र यसलाई साधारण "कमी" को रूपमा मात्र हेर्न सकिँदैन।
  Got:      मुखर्जीकोको अभेद "दोष दोश," उहाँले भन्नुभयो। पहिचानमा कमी; एक आनुवंशिक रोग; एक दाग जुन आफूबाट अलग गर्न सकिँदैन," ले हाम्रा जीनहरू र आत्मबोधको बीचमा गहिरो र कहिलेकाहीँ पीडादायी सम्बन्धलाई कैद गर्दछ। यसले यो सङ्केत गर्दछ कि आनुवंशिक अवस्थाहरू हाम्रो पहिचानसँग यति अन्तरसम्बन्धित हुन सक्छन्, तिनीहरू हामीको हौं भन्ने कुराबाट अविभाज्य छन्, र यसलाई साधारण "कमी" को रूपमा मात्र हेर्न सकिँदैन।
----------------------------------------
[361] Roman: aanuwanshik khojharuko shakti ra khatara: james D. watsonko The Double Helix le DNAko sanrachanako khojko pahilo bibaran pradan gardachha, baigyanik anusandhanako tivra pratispardhi vatavaranko jhalak pradan gardachha.
  Expected: आनुवंशिक खोजहरूको शक्ति र खतरा: जेम्स डी. वाटसनको द डबल हेलिक्स ले डीएनएको संरचनाको खोजको पहिलो विवरण प्रदान गर्दछ, वैज्ञानिक अनुसन्धानको तीव्र प्रतिस्पर्धी वातावरणको झलक प्रदान गर्दछ।
  Got:      आनुवंशिक खोजहरूको शक्ति र खतरा: जेम्स डी.। वाटसनको द डबल हेलिक्सले डीएनएको संरचनाको खोजको पहिलो विवरण प्रदान गर्दछ, वैज्ञानिक अनुसन्धानको तीव्र प्रतिस्पर्धी वातावरणको झलक प्रदान गर्दछ।
----------------------------------------
[362] Roman: uhanko kathale baigyanik pragatiko lagi aawashyak pratibha ra samarpana matra hoina, sanlagna bhayekaharuko kahilekaahi trutipurna ra tivra roopma mahatwakanshi vyaktitwalaai pani highlight gardachha. yasle baigyanik safaltama toli karya ra sahayogko mahattwa, saathai sanyogko mahattwalaai pani pradarshan gardachha.
  Expected: उहाँको कथाले वैज्ञानिक प्रगतिको लागि आवश्यक प्रतिभा र समर्पण मात्र होइन, संलग्न भएकाहरूको कहिलेकाहीं त्रुटिपूर्ण र तीव्र रूपमा महत्वाकांक्षी व्यक्तित्वलाई पनि हाइलाइट गर्दछ। यसले वैज्ञानिक सफलतामा टोली कार्य र सहयोगको महत्त्व, साथै संयोगको महत्त्वलाई पनि प्रदर्शन गर्दछ।
  Got:      उहाँको कथाले वैज्ञानिक प्रगतिको लागि आवश्यक प्रतिभा र समर्पण मात्र होइन, संलग्न भएकाहरूको कहिलेकाहीँ त्रुटिपूर्ण र तीव्र रूपमा महत्वाकांक्षी व्यक्तित्वलाई पनि हाइलाइट गर्दछ। यसले वैज्ञानिक सफलतामा टोली कार्य र सहयोगको महत्त्व, साथै संयोगको महत्त्वलाई पनि प्रदर्शन गर्दछ।
----------------------------------------
[363] Roman: ekdam biparit, rebeka sklootko the immortal life of henrietta lacks le henrietta lacks ko kathama dhyan kendrit garera, yasta ground breaking khojharuko naitik prabhavharu prakat gardachha, ek africi american mahila jasko cancer koshikaharu unko jyan wa sahamati bina lieko thiyo.
  Expected: एकदम विपरीत, रेबेका स्क्लूटको द इमोर्टल लाइफ अफ हेनरिटा ल्याक्स ले हेनरिटा ल्याक्सको कथामा ध्यान केन्द्रित गरेर, यस्ता ग्राउन्ड ब्रेकिंग खोजहरूको नैतिक प्रभावहरू प्रकट गर्दछ, एक अफ्रिकी अमेरिकी महिला जसको क्यान्सर कोशिकाहरू उनको ज्ञान वा सहमति बिना लिइएको थियो।
  Got:      एकदम विपरित, रेबेका स्क्लूटको द इम्मोर्तल लाइफ ओफ हेनरिटा लच्क्सले हेनरिटा ल्याक्सको कथामा ध्यान केन्द्रित गरेर, यस्ता ग्रौँद ब्रेअकिङ खोजहरूको नैतिक प्रभावहरू प्रकट गर्दछ, एक अफृची अमेरिचन महिल जसको क्यान्सर कोशिकाहरू उनको ज्ञान वा सहमति बिना लिइएको थियो।
----------------------------------------
[366] Roman: yasle baigyanik gyanko khoji ra vyaktiharuko adhikar ko raksha garna naitik dayitwaharubichko mahatwapurna tanablaai jod dinchha.
  Expected: यसले वैज्ञानिक ज्ञानको खोजी र व्यक्तिहरूको अधिकारको रक्षा गर्न नैतिक दायित्वहरू बीचको महत्त्वपूर्ण तनावलाई जोड दिन्छ।
  Got:      यसले वैज्ञानिक ज्ञानको खोजी र व्यक्तिहरूको अधिकारकोको रक्षा गर्न नैतिक बीचको महत्त्वपूर्ण तनावलाई जोड दिन्छ।
----------------------------------------
[367] Roman: sklootko udhharan, "yadi malaai kahilyai kehi paisa milyo bhane," deborale bhannin, "ma euta aarbhi paunechhu jahan ma barambar jana sakchhu ra malaai kahilyai ekai thauma basnu pardaina. tapai chalirahanubhako bela kasaile pani tapailai badha puryauna sakdaina," le yi naitik ullanghanharuko sthayi prabhavlai prakat gardachha, pariwaralaai nirantar pachyaiyeko ra tinharko swatantratabata banchit gariyeko bhavanalaai highlight gardai. yasle gopaniyata ra swatantratako lagi gahiro ichhalaai pratibimbit gardachha jun tinhara bata chorieko thiyo.
  Expected: स्क्लूटको उद्धरण, "यदि मलाई कहिल्यै केही पैसा मिल्यो भने," देबोराले भनिन्, "म एउटा आरभी पाउनेछु जहाँ म बारम्बार जान सक्छु र मलाई कहिल्यै एकै ठाउँमा बस्नु पर्दैन। तपाईं चलिरहनु भएको बेला कसैले पनि तपाईंलाई बाधा पुर्‍याउन सक्दैन," ले यी नैतिक उल्लङ्घनहरूको स्थायी प्रभावलाई प्रकट गर्दछ, परिवारलाई निरन्तर पछ्याइएको र तिनीहरूको स्वायत्तताबाट वञ्चित गरिएको भावनालाई हाइलाइट गर्दै। यसले गोपनीयता र स्वतन्त्रताको लागि गहिरो इच्छालाई प्रतिबिम्बित गर्दछ जुन तिनीहरूबाट चोरिएको थियो।
  Got:      स्क्लूटको उद्धरण, "यदि मलाई कहिल्यै केही पैसा मिल्यो भने," देबोराले भनिन्, "मा एउटा आरभी पाउनेछु जहाँमा बारम्बार जान सक्छु’ र मलाई कहिल्यै एकै ठाउँमा बस्नु पर्दैन। ‘तपाईं चलिरहनु भएको बेला पनि पनि बाधा पुर्‍याउन सक्दैन," ले यी नैतिक नैतिक स्थायी प्रभावलाई प्रकट गर्दछ, परिवारलाई निरन्तर निरन्तर र तिनीहरूको तिनीहरूको स्वायत्तताबाट गरिएको गरिएको हाइलाइट गर्दै। यसले गोपनीयता र र लागि गहिरो गहिरो प्रतिबिम्बित गर्दछ जुन जुनबाट चोरिएको थियो।
----------------------------------------
[368] Roman: junk DNA ko mahatwa: ridle pahileko dharanalaai ch चुनौती dinuhunchha ki gair-coding DNA anukramaharu, jaslai praayah "junk DNA" label lagainchha, bikasko arthahin abashesh matra hun.
  Expected: जंक डीएनएको महत्त्व: रिडले पहिलेको धारणालाई चुनौती दिनुहुन्छ कि गैर-कोडिङ डीएनए अनुक्रमहरू, जसलाई प्राय: "जंक डीएनए" लेबल लगाइन्छ, विकासको अर्थहीन अवशेष मात्र हुन्।
  Got:      जंक डीएनएको महत्त्व: रिडले पहिलेको धारणालाई चुनौती चुनौती दिनुहुन्छ कि गैर-चोदिङ डीएनए अनुक्रमहरू, जसलाई प्रायः "जंक डीएनए" लेबल लगाइन्छ, विकासको अर्थहीन अवशेष मात्र हुन्।
----------------------------------------
[369] Roman: baru, uhaale prastav garnuhunchha ki yi gair-coding chhetraharule, tinile pratyaksh roopma proteinharuko lagi code nagare pani, jean abhivyakti ra anya cellular karyaharuma mahatwapurna niyamak bhumika khelne sambhavana chha.
  Expected: बरु, उहाँले प्रस्ताव गर्नुहुन्छ कि यी गैर-कोडिङ क्षेत्रहरूले, तिनीहरूले प्रत्यक्ष रूपमा प्रोटीनहरूको लागि कोड नगरे पनि, जीन अभिव्यक्ति र अन्य सेलुलर कार्यहरूमा महत्त्वपूर्ण नियामक भूमिका खेल्ने सम्भावना छ।
  Got:      बरु, उहाँले प्रस्ताव गर्नुहुन्छ कि यी गैर-चोदिङ क्षेत्रहरूले, तिनीहरूले प्रत्यक्ष रूपमा प्रोटीनहरूको लागि कोड नगरे पनि, जीन अभिव्यक्ति र अन्य सेलुलर कार्यहरूमा महत्त्वपूर्ण नियामक भूमिका खेल्ने सम्भावना छ।
----------------------------------------
[370] Roman: ridle bibhinna prakaraka swarthi DNA khandaharuko varnan gardachha, jasama transposonharu (mobile aanuwanshik tatwaharu jun genomko waripari jana sakchhan) ra pseudogenharu (jeenharuko gair-karyatmak pratikripiharu) samavesh chhan.
  Expected: रिडले विभिन्न प्रकारका स्वार्थी डीएनए खण्डहरूको वर्णन गर्दछ, जसमा ट्रान्सपोजोनहरू (मोबाइल आनुवंशिक तत्वहरू जुन जीनोमको वरिपरि जान सक्छन्) र स्यूडोजीनहरू (जीनहरूको गैर-कार्यात्मक प्रतिलिपिहरू) समावेश छन्।
  Got:      रिडले विभिन्न प्रकारका स्वार्थी डीएनए खण्डहरूको वर्णन गर्दछ, जसमा ट्रान्सपोजोनहरू (मोबाइल आनुवंशिक तत्वहरू जुन जीनोमको वरिपरि जान सक्छन्) र स्यूडोजीनहरू (जीनहरूको गैर-कर्यत्मक प्रतिलिपिहरू) समावेश छन्।
----------------------------------------
[371] Roman: yi tatwaharu, jun ek patak arthahin maninthiyo, aba genom bikas ra sthirtalaai mahatwapurna roopma prabhav parne ra hamro DNAma pariwartanko nirantar strot pradan garne roopma bujhinchha. hamro gair-coding DNAko yo nirantar pariwartan ra bikasle hamro genomko abiswasniya gatishil prakritilaai pradarshan gardachha.
  Expected: यी तत्वहरू, जुन एक पटक अर्थहीन मानिन्थ्यो, अब जीनोम विकास र स्थिरतालाई महत्त्वपूर्ण रूपमा प्रभाव पार्ने र हाम्रो डीएनएमा परिवर्तनको निरन्तर स्रोत प्रदान गर्ने रूपमा बुझिन्छ। हाम्रो गैर-कोडिङ डीएनएको यो निरन्तर परिवर्तन र विकासले हाम्रो जीनोमको अविश्वसनीय गतिशील प्रकृतिलाई प्रदर्शन गर्दछ।
  Got:      यी तत्वहरू, जुन एक पटक अर्थहीन मानिन्थ्यो, अब जीनोम विकास र स्थिरतालाई महत्त्वपूर्ण रूपमा प्रभाव पार्ने र हाम्रो डीएनएमा कुञ्जी निरन्तर स्रोत प्रदान गर्ने रूपमा बुझिन्छ। हाम्रो गैर-चोदिङ डीएनएको यो निरन्तर परिवर्तन र विकासले हाम्रो जीनोमको अविश्वसनीय गतिशील प्रकृतिलाई प्रदर्शन गर्दछ।
----------------------------------------
[372] Roman: aanuwanshik niyatibad banam swatantra ichchha: mukherjee le hamro jeanharule hamra karyaharu ra chhanotaharu purwanirdharit gardachha ki bhanne jatil prashnako sath sangharsh garnuhunchha, yo abadharanalaai aanuwanshik niyatibadko roopma chininchha.
  Expected: आनुवंशिक नियतिवाद बनाम स्वतन्त्र इच्छा: मुखर्जीले हाम्रो जीनहरूले हाम्रा कार्यहरू र छनोटहरू पूर्वनिर्धारित गर्दछ कि भन्ने जटिल प्रश्नको साथ संघर्ष गर्नुहुन्छ, यो अवधारणालाई आनुवंशिक नियतिवादको रूपमा चिनिन्छ।
  Got:      आनुवंशिक नियतिबद बनम स्वतन्त्र इच्छा: मुखर्जीले हाम्रो जीनहरूले हाम्रा कार्यहरू र छनोतहरु पूर्वनिर्धारित गर्दछ कि भन्ने जटिल प्रश्नको साथ संघर्ष गर्नुहुन्छ, यो अवधारणालाई आनुवंशिक नियतिवादको रूपमा चिनिन्छ।
----------------------------------------
[374] Roman: uhaale antata ek sukshma paripekshyako sujhab dinuhunchha, tarka gardai ki jeanharule hamra prabrittiharulai prabhav pare pani, tinile hamilai purna roopma niyantran gardainan. uhaale swatantra ichchhako bhumika ra bahiri karakaharuko mahatwama jod dinuhunchha, jastai hamro samajik vatavaran, vyaktigat chhanotharu, ra palanposhan, hami ko hau ra hamile garne chhanotharulaai aakar dinma.
  Expected: उहाँले अन्ततः एक सूक्ष्म परिप्रेक्ष्यको सुझाव दिनुहुन्छ, तर्क गर्दै कि जीनहरूले हाम्रा प्रवृत्तिहरूलाई प्रभाव पारे पनि, तिनीहरूले हामीलाई पूर्ण रूपमा नियन्त्रण गर्दैनन्। उहाँले स्वतन्त्र इच्छाको भूमिका र बाहिरी कारकहरूको महत्त्वमा जोड दिनुहुन्छ, जस्तै हाम्रो सामाजिक वातावरण, व्यक्तिगत छनोटहरू, र पालनपोषण, हामी को हौं र हामीले गर्ने छनोटहरूलाई आकार दिनमा।
  Got:      उहाँले अन्ततः एक सूक्ष्म परिप्रेक्ष्यको सुझाव दिनुहुन्छ, तर्क गर्दै कि जीनहरूले हाम्रा प्रवृत्तिहरूलाई प्रभाव परे पनि, तिनीहरूले हामीलाई पूर्ण रूपमा नियन्त्रण गर्दैनन्। उहाँले स्वतन्त्र इच्छाको भूमिका र बाहिरी कारकहरूको महत्त्वमा जोड दिनुहुन्छ, जस्तै हाम्रो सामाजिक वातावरण, व्यक्तिगत छनोटहरू, र पालनपोषण, हामीको हौं र हामीले गर्ने छनोटहरूलाई आकार दिनमा।
----------------------------------------
[375] Roman: uha dridha hunuhunchha ki hamra jeanharu hamro purna bhagya hoina.
  Expected: उहाँ दृढ हुनुहुन्छ कि हाम्रा जीनहरू हाम्रो पूर्ण भाग्य होइनन्।
  Got:      उहाँ दृढ हुनुहुन्छ कि हाम्रा जीनहरू हाम्रो पूर्ण भाग्य होइन।
----------------------------------------
[382] Roman: lekhak, siddhartha mukherjee le pustakalaai frame garna "jiwani" ko rupak prayog garnuhunchha, cancerlai kebal chikitsa awasthako satta aphnai jiwan katha bhayeko bishaya banaunuhunchha.
  Expected: लेखक, सिद्धार्थ मुखर्जीले पुस्तकलाई फ्रेम गर्न "जीवनी" को रूपक प्रयोग गर्नुहुन्छ, क्यान्सरलाई केवल चिकित्सा अवस्थाको सट्टा आफ्नै जीवन कथा भएको विषय बनाउनुहुन्छ।
  Got:      लेखक, सिद्द्हर्थ मुखर्जीले पुस्तकलाइ फ्रमे गर्न "जीवनी" को रूपक प्रयोग गर्नुहुन्छ, क्यान्सरलाई केवल चिकित्सा अवस्थाको सट्टा आफ्नै जीवन कथा भएको विषय बनौनुहुन्छ।
----------------------------------------
[390] Roman: yasle cellular ra aanwik jeevbigyantirphko kadamko bisleshan gardachha, jasle cancerlai aniyantrit cellular bridhhiko rogko roopma punah paribhasit garyo.
  Expected: यसले सेलुलर र आणविक जीवविज्ञानतर्फको कदमको विश्लेषण गर्दछ, जसले क्यान्सरलाई अनियन्त्रित सेलुलर वृद्धिको रोगको रूपमा पुन: परिभाषित गर्‍यो।
  Got:      यसले सेलुलर र आणविक जीवविज्ञानतर्फको कदमको विश्लेषण गर्दछ, जसले क्यान्सरलाई अनियन्त्रित सेलुलर वृद्धिको रोगको रूपमा पुन परिभाषित गर्‍यो।
----------------------------------------
[391] Roman: vyaktigat kathaharu: pustakma lekhakako cancer vishegyako roopma vyaktigat anubhav ra pratibimbaharu samavesh chhan, jasle cancer rogi haruko upachar garne ch चुनौती haru ra bhavanatmak tolko ek aatmiya drishya pradan gardachha.
  Expected: व्यक्तिगत कथाहरू: पुस्तकमा लेखकको क्यान्सर विशेषज्ञको रूपमा व्यक्तिगत अनुभव र प्रतिबिम्बहरू समावेश छन्, जसले क्यान्सर रोगीहरूको उपचार गर्ने चुनौतीहरू र भावनात्मक टोलको एक आत्मीय दृश्य प्रदान गर्दछ।
  Got:      व्यक्तिगत कथाहरू: पुस्तकमा लेखकाको क्यान्सर विशेज्ञको रूपमा व्यक्तिगत अनुभव र प्रतिबिम्बहरु समावेश छन्, जसले क्यान्सर रोगीहरुको उपचार गर्ने चुनौती चुनौतीहरू र भावनात्मक तोलको एक आत्मिय दृश्य प्रदान गर्दछ।
----------------------------------------
[394] Roman: samajik ra rajnitik aayamharu: pustakle cancerko samajik ra rajnitik pakshaharulai highlight gardachha, sanskritik drishtikon ra samajik shaktiharule rogko dharna ra upachar lai kasari prabhav pareko chha bhanera anweshan gardachha.
  Expected: सामाजिक र राजनीतिक आयामहरू: पुस्तकले क्यान्सरको सामाजिक र राजनीतिक पक्षहरूलाई हाइलाइट गर्दछ, सांस्कृतिक दृष्टिकोण र सामाजिक शक्तिहरूले रोगको धारणा र उपचारलाई कसरी प्रभाव पारेको छ भनेर अन्वेषण गर्दछ।
  Got:      सामाजिक र राजनीतिक आयामहरू: पुस्तकले क्यान्सरको सामाजिक र राजनीतिक पक्षहरूलाई हाइलाइट गर्दछ, सांस्कृतिक दृष्टिकोण र सामाजिक शक्तिहरूले रोगको धारणा र उपचारलाई कसरी प्रभाव परेको छ भनेर अन्वेषण गर्दछ।
----------------------------------------
[401] Roman: "cancer biruddhako yuddha": pustakle cancer anusandhan lai gati din sanyukta rajya americama gariyeko pramukh pahal "cancer biruddhako yuddha" ma mahatwapurna dhyan kendrit gardachha. yasle yas prayasko safalta ra asafaltaharu, ra baki raheka nirantar chunautiharu ko janch gardachha.
  Expected: "क्यान्सर विरुद्धको युद्ध": पुस्तकले क्यान्सर अनुसन्धानलाई गति दिन संयुक्त राज्य अमेरिकामा गरिएको प्रमुख पहल "क्यान्सर विरुद्धको युद्ध" मा महत्त्वपूर्ण ध्यान केन्द्रित गर्दछ। यसले यस प्रयासको सफलता र असफलताहरू, र बाँकी रहेका निरन्तर चुनौतीहरूको जाँच गर्दछ।
  Got:      "क्यान्सर विरुद्धको युद्ध": पुस्तकले क्यान्सर अनुसन्धानलाई गति दिन संयुक्त राज्य अमेरिचमा गरिएको प्रमुख पहल "क्यान्सर विरुद्धको युद्ध" मा महत्त्वपूर्ण ध्यान केन्द्रित गर्दछ। यसले यस प्रयासको सफलता र असफल्तहरु, र बाँकी रहेका निरन्तर चुनौतीहरूको जँच गर्दछ।
----------------------------------------
[403] Roman: cancerko jatilta: pustakle cancerko jatilta spashta parcha, yo jod dindai ki yo ekal rog nabhaera dherai pharak rogharuko sangraha ho. lekhakle cancerko vividhta ra anukulanashilata lai dhyanma rakhdai yaslai bujhna ra upachar garnama nihit ch चुनौती haru ra kathinaiharu ullekh gareka chhan.
  Expected: क्यान्सरको जटिलता: पुस्तकले क्यान्सरको जटिलता स्पष्ट पार्छ, यो जोड दिँदै कि यो एकल रोग नभएर धेरै फरक रोगहरूको संग्रह हो। लेखकले क्यान्सरको विविधता र अनुकूलनशीलतालाई ध्यानमा राख्दै यसलाई बुझ्न र उपचार गर्नमा निहित चुनौतीहरू र कठिनाइहरू उल्लेख गरेका छन्।
  Got:      क्यान्सरको जटिलता: पुस्तकले क्यान्सरको जटिलता स्पष्ट पार्छ, यो जोड दिँदै कि यो एकल रोग नभएर धेरै फरक रोगहरूको रोगहरूको हो। लेखकले क्यान्सरको विविधता र र ध्यानमा ध्यानमा यसलाई बुझ्न र उपचार गर्नमा निहित चुनौती चुनौतीहरू र कठिनाइहरू उल्लेख गरेका छन्।
----------------------------------------
[405] Roman: aasha ra lachakataka bishayabastuharu: cancerko bhayanak vastavikataharuko bawajud, pustakle aasha ra lachakatako sandesh pani dinchha, thula ch चुनौती haruko samnama manav bhawanako dridha rahane kshamata ko utsav manaunchha. yasle baigyanik safaltako atirikta biramiko herchahako mahattwabaare pani chhalphal gardachha.
  Expected: आशा र लचकताका विषयवस्तुहरू: क्यान्सरको भयानक वास्तविकताहरूको बावजुद, पुस्तकले आशा र लचकताको सन्देश पनि दिन्छ, ठूला चुनौतीहरूको सामनामा मानव भावनाको दृढ रहने क्षमताको उत्सव मनाउँछ। यसले वैज्ञानिक सफलताको अतिरिक्त बिरामीको हेरचाहको महत्त्वबारे पनि छलफल गर्दछ।
  Got:      आशा र लचकतका विषयवस्तुहरू: क्यान्सरको भयानक गम्भीरहरुको बावजुद, पुस्तकले आशा र लचकतको सन्देश पनि दिन्छ, ठूला चुनौती चुनौतीहरुको सामनामा मानव भावनाको दृढ रहने क्षमताको उत्सव मनाउँछ। यसले वैज्ञानिक सफलताको अतिरिक्त बिरामीको हेरचाहको महत्त्वबारे पनि छलफल गर्दछ।
----------------------------------------
[408] Roman: Siddharth Mukherjee ko Sabai Rogharuko Samrat: Cancer ko Jivani ko Adhyaya 1, "Kalo rangko, bina umaleko," cancer ko lamo ra jatil itihasko lagi ek badhyakari parichayko roopma karya gardachha.
  Expected: सिद्धार्थ मुखर्जीको सबै रोगहरूको सम्राट: क्यान्सरको जीवनी को अध्याय १, "कालो रंगको, बिना उमालेको," क्यान्सरको लामो र जटिल इतिहासको लागि एक बाध्यकारी परिचयको रूपमा कार्य गर्दछ।
  Got:      सिद्द्हर्थ मुखर्जीकोको सबै रोगहरूको सम्राट: क्यान्सरको जिवनीको अध्याय १., "कालो रंगको, बिना उमालेको," क्यान्सरको लामो र जटिल इतिहासको लागि एक बाध्यकारी परिचयको रूपमा कार्य गर्दछ।
----------------------------------------
[409] Roman: Mukherjee le baigyanik antardristisanga aitihasik sandarbhalai kushalata purvak jodnuhunchha ki cancer aadhunik rog hoina tara ek pida ho jasle prachinkal dekhi nai manavtalaai sataeko chha.
  Expected: मुखर्जीले वैज्ञानिक अन्तर्दृष्टिसँग ऐतिहासिक सन्दर्भलाई कुशलतापूर्वक जोड्नुहुन्छ कि क्यान्सर आधुनिक रोग होइन तर एक पीडा हो जसले प्राचीनकालदेखि नै मानवतालाई सताएको छ।
  Got:      मुखर्जीले वैज्ञानिक अन्तर्दृष्टिसँग ऐतिहासिक सन्दर्भलाई कुशलतापूर्वक जोड्नुहुन्छ जोद्नुहुन्छ कि क्यान्सर आधुनिक रोग होइन तर एक पीडा हो जसले प्राचीनकालदेखि नै मानवतालाई सताएको छ।
----------------------------------------
[412] Roman: Mukherjee le cancerko prachin jaraharu lai jod diyera shuru garnuhunchha, lagbhag 1600 isa purv ko prachin Ijiptbata aayeko Edwin Smith Papyrus ma dhyan aakrisht garnuhunchha.
  Expected: मुखर्जीले क्यान्सरको प्राचीन जराहरूलाई जोड दिएर सुरु गर्नुहुन्छ, लगभग १६०० ईसा पूर्वको प्राचीन इजिप्टबाट आएको एडविन स्मिथ प्यापिरस मा ध्यान आकर्षित गर्नुहुन्छ।
  Got:      मुखर्जीले क्यान्सरको प्राचीन जराहरूलाई जोड दिएर सुरु गर्नुहुन्छ, लगभग 1600 इस पुर्वको प्राचीन इजिप्टबाट आएको एडविन स्मिथ पप्य्रुसमा ध्यान आकृश्त गर्नुहुन्छ।
----------------------------------------
[415] Roman: yo sankshipta notle prachin chikitsako simitta ra yo rogle utpanna gareko asahayata ko gahiro bhawanako barema dherai kura bataunchha.
  Expected: यो संक्षिप्त नोटले प्राचीन चिकित्साको सीमितता र यो रोगले उत्पन्न गरेको असहायताको गहिरो भावनाको बारेमा धेरै कुरा बताउँछ।
  Got:      यो संक्षिप्त नोतले प्राचीन चिकित्साको सिमित्त र यो रोगले उत्पन्न गरेको असहयतको गहिरो भावनाको बारेमा धेरै कुरा बताउँछ।
----------------------------------------
[416] Roman: mukherjee le upacharko yo kamilaai papirusma varnan gariyeka anya awasthaharusanga tulana gardachha, jasama dheraile bibhinna upacharharuko lamo chhalphal samavesh gardachhan (yadi antata prashamak bhaye pani), prarambhik abhilekhharubata cancerko anautho ch चुनौती purna prakritilai highlight gardai.
  Expected: मुखर्जीले उपचारको यो कमीलाई प्यापिरसमा वर्णन गरिएका अन्य अवस्थाहरूसँग तुलना गर्दछ, जसमा धेरैले विभिन्न उपचारहरूको लामो छलफल समावेश गर्दछन् (यदि अन्ततः प्रशामक भए पनि), प्रारम्भिक अभिलेखहरूबाट क्यान्सरको अनौठो चुनौतीपूर्ण प्रकृतिलाई हाइलाइट गर्दै।
  Got:      मुखर्जीले उपचारको यो कमिलाइ प्यापिरसमा वर्णन गरिएका अन्य अवस्थाहरूसँग तुलन गर्दछ, जसमा धेरैले विभिन्न उपचारहरूको लामो छलफल समावेश गर्दछन् (यदि अन्ततः प्रशमक भए पनि), प्रारम्भिक अभिलेखहरूबाट क्यान्सरको अनौठो चुनौती चुनौती पूर्ण प्रकृतिलाई हाइलाइट गर्दै।
----------------------------------------
[417] Roman: tyas samayaka sabaibhanda kushal chikitsakharule pani cancerko upachar garna kunai samadhan bhetauna nasaknu le tyas samayama rogko bujhaiko starlai prakat gardachha.
  Expected: त्यस समयका सबैभन्दा कुशल चिकित्सकहरूले पनि क्यान्सरको उपचार गर्न कुनै समाधान फेला पार्न नसक्नुले त्यस समयमा रोगको बुझाइको स्तरलाई प्रकट गर्दछ।
  Got:      त्यस समयका सबैभन्दा कुशल चिकित्सकहरूले पनि क्यान्सरको उपचार गर्न कुनै समाधान फेला पार्नले त्यस समयमा रोगको बुझाइको स्तरलाई प्रकट गर्दछ।
----------------------------------------
[418] Roman: adhyayale tyaspachhi rogharuko namkaran garne karyako anweshan gardachha, aushadhiko sahityik aayamlai highlight gardai, jun praayah baigyanik bujhaibhanda agaadi hunchha.
  Expected: अध्यायले त्यसपछि रोगहरूको नामकरण गर्ने कार्यको अन्वेषण गर्दछ, औषधीको साहित्यिक आयामलाई हाइलाइट गर्दै, जुन प्रायः वैज्ञानिक बुझाइभन्दा अगाडि हुन्छ।
  Got:      अध्यायले त्यसपछि रोगहरूको नामकरण गर्ने कार्यको अन्वेषण गर्दछ, औषधिको साहित्यिक आयामलाई हाइलाइट गर्दै, जुन प्रायः वैज्ञानिक बुझाइभन्दा अगाडि हुन्छ।
----------------------------------------
[419] Roman: mukherjee le "typhus" ra "influenza" jasta shabdhaharuko utpatiko sandarbhama yo kura chitran garnuhunchha, rogharuko namle tinharko prakriti ra karanako barema prachalt vishwasharulai kasari pratibimbit gardachha bhanera pradarshan gardai.
  Expected: मुखर्जीले "टाइफस" र "इन्फ्लुएन्जा" जस्ता शब्दहरूको उत्पत्तिको सन्दर्भमा यो कुरा चित्रण गर्नुहुन्छ, रोगहरूको नामले तिनीहरूको प्रकृति र कारणको बारेमा प्रचलित विश्वासहरूलाई कसरी प्रतिबिम्बित गर्दछ भनेर प्रदर्शन गर्दै।
  Got:      मुखर्जीले "त्य्फुस" र "इँफ्लुएँज" जस्ता शब्धहरुको उत्पत्तिको सन्दर्भमा यो कुरा चित्रण गर्नुहुन्छ, रोगहरूको नामले तिनीहरूको प्रकृति र करनको बारेमा प्रचल्त विश्वासहरुलाई कसरी प्रतिबिम्बित गर्दछ भनेर प्रदर्शन गर्दै।
----------------------------------------
[420] Roman: uhaale jod dinuhunchha ki dherai tarikama, rogko varnan ra namkaran garne prakriya yasako sayantra bujhna jattikai mahatwapurna chha, kinaki yasle hami rogharu ra chikitsa awasthaharulai kasari herchhau bhanne kurama pariwartanlai sanket gardachha.
  Expected: उहाँले जोड दिनुहुन्छ कि धेरै तरिकामा, रोगको वर्णन र नामकरण गर्ने प्रक्रिया यसको संयन्त्र बुझ्न जत्तिकै महत्त्वपूर्ण छ, किनकि यसले हामी रोगहरू र चिकित्सा अवस्थाहरूलाई कसरी हेर्छौं भन्ने कुरामा परिवर्तनलाई संकेत गर्दछ।
  Got:      उहाँले जोड दिनुहुन्छ कि धेरै तरिकामा, रोगको वर्णन र नामकरण गर्ने प्रक्रिया यसको संयन्त्र बुझ्न जत्तिकै महत्त्वपूर्ण छ, किनकि यसले हामी रोगहरू र चिकित्सा अवस्थाहरूलाई कसरी हेर्छौं भन्ने कुरामा परिवर्तनलाई सङ्केत गर्दछ।
----------------------------------------
[422] Roman: hasya siddhanta, mukhya roopma greek chikitsak hippocrates sanga sambandhit, cancerlai shatabdiyaunsamma kasari bujhieko thiyo bhanne barema pramukh prabhavko roopma prastut gariyeko chha.
  Expected: हास्य सिद्धान्त, मुख्य रूपमा ग्रीक चिकित्सक हिप्पोक्रेटसँग सम्बन्धित, क्यान्सरलाई शताब्दीयौंसम्म कसरी बुझिएको थियो भन्ने बारेमा प्रमुख प्रभावको रूपमा प्रस्तुत गरिएको छ।
  Got:      हास्य सिद्धान्त, मुख्य रूपमा ग्रीक चिकित्सक हिप्पोच्रतेससँग सम्बन्धित, क्यान्सरलाई शताब्दीयौंसम्म कसरी बुझिएको थियो भन्ने बारेमा प्रमुख प्रभावको रूपमा प्रस्तुत गरिएको छ।
----------------------------------------
[423] Roman: hippocrateko siddhantale prastav gareko chha ki swasthya char sharirik taral padartha, wa "hasya" ko santulan dwara nirdharan gariinchha: ragat, kaph, pahelo pitta, ra kalo pitta.
  Expected: हिप्पोक्रेटको सिद्धान्तले प्रस्ताव गरेको छ कि स्वास्थ्य चार शारीरिक तरल पदार्थ, वा "हास्य" को सन्तुलनद्वारा निर्धारण गरिन्छ: रगत, कफ, पहेंलो पित्त, र कालो पित्त।
  Got:      हिप्पोच्रतेको सिद्धान्तले प्रस्ताव गरेको छ कि स्वस्थ चार शारीरिक तरल पदर्थ, वा "हास्य" को सन्तुलन महत्त्वद्वारा निर्धारण गरिन्छ: रगत, कफ, पहेंलो पित्त, र कालो पित्त।
----------------------------------------
[426] Roman: yo drishtikon tyas samayama rogko aadharbhut bujhaiko praman ho. cancer "kalo pitta" ko rog thiyo bhanne bichar dherai lamo samay samma rahayo, shatabdiyaunsamma chikitsa bichardharama havi rahyo.
  Expected: यो दृष्टिकोण त्यस समयमा रोगको आधारभूत बुझाइको प्रमाण हो। क्यान्सर "कालो पित्त" को रोग थियो भन्ने विचार धेरै लामो समयसम्म रह्यो, शताब्दीयौंसम्म चिकित्सा विचारधारामा हावी रह्यो।
  Got:      यो दृष्टिकोण त्यस समयमा रोगको आधारभूत बुझाइको प्रमाण हो। क्यान्सर "कालो पित्त" को रोग थियो भन्ने विचार धेरै लामो समय समयसम्म रह्यो, शताब्दीयौंसम्म चिकित्सा विचारधारामा हावी रह्यो।
----------------------------------------
[428] Roman: 16aum shatabdika sharir rachnabid andreas vesaliusko kamsanga euta thulo pariwartan huna thalyo, jasko manav sharirko bistrit adhyayanle rogko purano, adhik rahasyamay vyakhyalaai ch चुनौती diyo, jabaki rogko sharirik bujhaitirph ajha badhna thalyo.
  Expected: १६औँ शताब्दीका शरीर रचनाविद् एन्ड्रियस भेसालियसको कामसँगै एउटा ठूलो परिवर्तन हुन थाल्यो, जसको मानव शरीरको विस्तृत अध्ययनले रोगको पुरानो, अधिक रहस्यमय व्याख्यालाई चुनौती दियो, जबकि रोगको शारीरिक बुझाइतर्फ अझ बढ्न थाल्यो।
  Got:      16औम शताब्दीका शरीर रच्नबिद अँद्रेअस भेसालियसको कामसँग एउटा ठूलो परिवर्तन हुन थाल्यो, जसको मानव शरीरको विस्तृत अध्ययनले रोगको पुरानो, अधिक रहस्यमय व्यख्यलाइ चुनौती चुनौती दियो, जबकि रोगको शारीरिक बुझैतिर्फ अझ बध्न थाल्यो।
----------------------------------------
[430] Roman: samanya sharir rachnako uhanko bistrit adhyayanle bigatka kam aadharma adharit siddhantaharuko pratirodhko roopma kam garyo, abalokan-adharit aushadhitirphko challaai chinhit gardai.
  Expected: सामान्य शरीर रचनाको उहाँको विस्तृत अध्ययनले विगतका कम आधारमा आधारित सिद्धान्तहरूको प्रतिरोधको रूपमा काम गर्‍यो, अवलोकन-आधारित औषधितर्फको चाललाई चिन्हित गर्दै।
  Got:      सामान्य शरीर रचनाको उहाँको विस्तृत अध्ययनले विगतका काम आधारमा आधारित सिद्धान्तहरूको प्रतिरोधको रूपमा काम गर्‍यो, अवलोकन-आधारित औषधितर्फको चाललाई चिन्हित गर्दै।
----------------------------------------
[432] Roman: yo ek pramukh pariwartan thiyo kinabhane yasle samanya sharirma kendrit vesaliusko lensko biparit roggrasta sharirlaai ulto lensbata heryo, jasle garda sharirrachanama rogko prabhavko gahiro anweshan garna anumati diyo. rog prakriyaharu bujhnama yo naya lens mahatwapurna thiyo.
  Expected: यो एक प्रमुख परिवर्तन थियो किनभने यसले सामान्य शरीरमा केन्द्रित भेसालियसको लेन्सको विपरित रोगग्रस्त शरीरलाई उल्टो लेन्सबाट हेर्‍यो, जसले गर्दा शरीररचनामा रोगको प्रभावको गहिरो अन्वेषण गर्न अनुमति दियो। रोग प्रक्रियाहरू बुझ्नमा यो नयाँ लेन्स महत्वपूर्ण थियो।
  Got:      यो एक प्रमुख परिवर्तन थियो किनभने यसले सामान्य शरीरमा केन्द्रित भेसालियसको लेन्सको विपरित रोगग्रस्त शरीरलाई उल्टो लेन्सबाट हेर्‍यो, जसले गर्दा शरीररचनामा रोगको प्रभावको गहिरो अन्वेषण गर्न अनुमति दियो। रोग प्रक्रियाहरू बुझ्नमा यो नयाँ लेन्स महत्त्वपूर्ण थियो।
----------------------------------------
[435] Roman: prarambhik surgeonharule tumourlai tukra-tukra pare ra sabadhanipurvak utkhanan garna thale, shalyakriya dwara hataune prarambhik roopaharu pradarshan gardai. yasle william halsted jasta vyaktitwaharuko parichaya garaunchha, jasko kattarpandhi mastectomy prakriyaharu sankshipt roopma ullekh gariyeko chha, shalya chikitsa upacharko lagi ek drishtikon pradarshan gardai jun bold ra abishwasniya roopma aakramak thiyo.
  Expected: प्रारम्भिक सर्जनहरूले ट्युमरलाई टुक्रा-टुक्रा पारेर सावधानीपूर्वक उत्खनन गर्न थाले, शल्यक्रियाद्वारा हटाउने प्रारम्भिक रूपहरू प्रदर्शन गर्दै। यसले विलियम हलस्टेड जस्ता व्यक्तित्वहरूको परिचय गराउँछ, जसको कट्टरपन्थी मास्टेक्टोमी प्रक्रियाहरू संक्षिप्त रूपमा उल्लेख गरिएको छ, शल्य चिकित्सा उपचारको लागि एक दृष्टिकोण प्रदर्शन गर्दै जुन बोल्ड र अविश्वसनीय रूपमा आक्रामक थियो।
  Got:      प्रारम्भिक सर्जनहरूले ट्युमरलाई टुक्रा-टुक्रा परे र सावधानीपूर्वक उत्खनन गर्न थाले, शल्यक्रिया महत्त्वद्वारा हटाउने प्रारम्भिक रूपहरु प्रदर्शन गर्दै। यसले विलियम हलस्टेड जस्ता व्यक्तित्वहरूको परिचय गराउँछ, जसको कट्टरपन्थी मास्टेक्टोमी प्रक्रियाहरू सन्क्षिप्त रूपमा उल्लेख गरिएको छ, शल्य चिकित्सा उपचारको लागि एक दृष्टिकोण प्रदर्शन गर्दै जुन बोल्द र अबिश्वस्निय रूपमा आक्रामक थियो।
----------------------------------------
[436] Roman: yadyapi, adhyayale yo dharnalaai sukshma roopma prastut gardachha ki yo kattarpandhi shalya chikitsa drishtikon nishchit jawab nahuna sakchha, ra rogko thap sukshma bujhaiko aawashyaktako sanket dinchha.
  Expected: यद्यपि, अध्यायले यो धारणालाई सूक्ष्म रूपमा प्रस्तुत गर्दछ कि यो कट्टरपन्थी शल्य चिकित्सा दृष्टिकोण निश्चित जवाफ नहुन सक्छ, र रोगको थप सूक्ष्म बुझाइको आवश्यकताको संकेत दिन्छ।
  Got:      यद्यपि, अध्यायले यो धारणालाई सूक्ष्म रूपमा प्रस्तुत गर्दछ कि यो कट्टरपन्थी शल्य चिकित्सा दृष्टिकोण निश्चित जवाफ नहुन सक्छ, र रोगको थप सूक्ष्म बुझाइको आवश्यकताको सङ्केत दिन्छ।
----------------------------------------
[437] Roman: halstedko kam, jun yasako sharirik shuddhatako lagi ullekhniya thiyo, cancerko lagi sababhanda prabhavkari upacharko roopma kattarpandhi shalyakriyama vishwas dwara samarthit thiyo. halstedle shalyakriyako simaharulaai dhakele, praayah harek awasthama ghantima shalyakriya garne, praman ko bawajud pani, sabadhanipurvak gariyeka shalyakriyaharuma pani atyadhik nirbhartako simitataharu pradarshan gardai.
  Expected: हलस्टेडको काम, जुन यसको शारीरिक शुद्धताको लागि उल्लेखनीय थियो, क्यान्सरको लागि सबैभन्दा प्रभावकारी उपचारको रूपमा कट्टरपन्थी शल्यक्रियामा विश्वासद्वारा समर्थित थियो। हलस्टेडले शल्यक्रियाको सीमाहरूलाई धकेले, प्रायः हरेक अवस्थामा घाँटीमा शल्यक्रिया गर्ने, प्रमाणको बावजुद पनि, सावधानीपूर्वक गरिएका शल्यक्रियाहरूमा पनि अत्यधिक निर्भरताको सीमितताहरू प्रदर्शन गर्दै।
  Got:      हलस्टेडको काम, जुन यसको शारीरिक शुद्द्हतको लागि उल्लेखनीय थियो, क्यान्सरको लागि सबैभन्दा प्रभावकारी उपचारको रूपमा कट्टरपन्थी शल्यक्रियामा विश्वास महत्त्वद्वारा समर्थित थियो। हलस्टेडले शल्यक्रियाको सिमहरुलाइ धकेले, प्रायः हरेक अवस्थामा घँतीमा शल्यक्रिया गर्ने, प्रमाणको बावजुद पनि, सावधानीपूर्वक गरिएका शल्यक्रियाहरुमा पनि अत्यधिक निर्भरताको सीमितताहरू प्रदर्शन गर्दै।
----------------------------------------
[442] Roman: uha anibarya roopma yo bicharlaai ghumaudai hunuhunthiyo ki ek asamanya cellaai lakshit garna, pahile samanya cellko jeevbigyan bujhnu pardachha, jun aaja cancer anusandhanma ek mahatwapurna bichar ho.
  Expected: उहाँ अनिवार्य रूपमा यो विचारलाई घुमाउँदै हुनुहुन्थ्यो कि एक असामान्य सेललाई लक्षित गर्न, पहिले सामान्य सेलको जीवविज्ञान बुझ्नुपर्दछ, जुन आज क्यान्सर अनुसन्धानमा एक महत्वपूर्ण विचार हो।
  Got:      उहाँ अनिवार्य रूपमा यो विचारलाई घुमाउँदै हुनुहुँथियो कि एक असामान्य असामान्य लक्षित गर्न, पहिले सामान्य सामान्य जीवविज्ञान बुझ्नु पार्दछ, जुन आज क्यान्सर अनुसन्धानमा एक महत्त्वपूर्ण विचार हो।
----------------------------------------
[443] Roman: antama, mukherjee le pratibimbit garnuhunchha ki kasari cancer rog bata ek prakarko "rahasyamay, yadi kehi hadsamma bikrit, aainama raheko chhabi" ma roopantaran huna sakchha - euta rupak jasle hamile kati sajilai cancerlaai ek pahichan dinchhau, baru yaslai jatil chikitsa itihasko roopma herna sakchhau bhanne kuralai jod dinchha.
  Expected: अन्तमा, मुखर्जीले प्रतिबिम्बित गर्नुहुन्छ कि कसरी क्यान्सर रोगबाट एक प्रकारको "रहस्यमय, यदि केही हदसम्म विकृत, ऐनामा रहेको छवि" मा रूपान्तरण हुन सक्छ - एउटा रूपक जसले हामीले कति सजिलै क्यान्सरलाई एक पहिचान दिन्छौं, बरु यसलाई जटिल चिकित्सा इतिहासको रूपमा हेर्न सक्छौं भन्ने कुरालाई जोड दिन्छ।
  Got:      अन्तमा, मुखर्जीले प्रतिबिम्बित गर्नुहुन्छ कि कसरी क्यान्सर रोगबाट एक प्रकारको "रहस्यमय, यदि केही हदसम्म बिकृत, आइनम रहेको छविहरू" मा रूपान्तरण हुन सक्छ - एउटा रूपक जसले हामीले कति सजिलै चँचेर्लाइ एक पहिचान दिन्छौ, बरु यसलाई जटिल चिकित्सा इतिहासको रूपमा हेर्न सक्छौं भन्ने कुरालाई जोड दिन्छ।
----------------------------------------
[446] Roman: mukherjee le baigyanik kathorta, vyaktigat pratibimba, ra cancerko lamo, ch चुनौती purna ra bikashshil kathama pathaklaai tannako lagi badhyakari aitihasik upakhyanharu mishran gardai kathako lagi kushalatapurvak swar set garnuhunchha.
  Expected: मुखर्जीले वैज्ञानिक कठोरता, व्यक्तिगत प्रतिबिम्ब, र क्यान्सरको लामो, चुनौतीपूर्ण र विकासशील कथामा पाठकलाई तान्नको लागि बाध्यकारी ऐतिहासिक उपाख्यानहरू मिश्रण गर्दै कथाको लागि कुशलतापूर्वक स्वर सेट गर्नुहुन्छ।
  Got:      मुखर्जीले वैज्ञानिक कठोरता, व्यक्तिगत प्रतिबिम्ब, र क्यान्सरको लामो, चुनौती चुनौती पूर्ण र विकासशील कथामा पथक्लाइ तन्नको लागि बाध्यकारी ऐतिहासिक उपाख्यानहरू मिश्रण गर्दै कथाको लागि कुशलतपुर्वक स्वर सेट गर्नुहुन्छ।
----------------------------------------
[447] Roman: Siddhartha Mukherjee ko "Sabai Rogharuko Samrat" ko Adhyaya 2, "Ragatko Pip" shirshakma, cancerko jatil itihasko anweshanlai nirantarta dinchha, yas palta shalya chikitsa upacharko bikas ra chemotherapyko nabjat awadharanaharuma kendrit chha.
  Expected: सिद्धार्थ मुखर्जीको "सबै रोगहरूको सम्राट" को अध्याय २, "रगतको पिप" शीर्षकमा, क्यान्सरको जटिल इतिहासको अन्वेषणलाई निरन्तरता दिन्छ, यस पटक शल्य चिकित्सा उपचारको विकास र केमोथेरापीको नवजात अवधारणाहरूमा केन्द्रित छ।
  Got:      सिद्द्हर्थ मुखर्जीकोको "सबै रोगहरूको सम्राट" को अध्याय २, "रगतको पिप" शीर्षकमा, क्यान्सरको जटिल इतिहासको अन्वेषणलाई निरन्तरता दिन्छ, यस पल्त शल्य चिकित्सा उपचारको विकास र केमोथेरापीको नवजात अवधारणाहरुमा केन्द्रित छ।
----------------------------------------
[449] Roman: Mukherjee le cancerko bujhailai punah paribhasit garna shuru hune pratiman pariwartanko lagi aadhar tayar gardai aanwik jeevbigyanko barema prarambhik bicharharuko saath shalya chikitsa abhyasma bhayeka pragatiko kushaltapurvak mishran garnuhunchha.
  Expected: मुखर्जीले क्यान्सरको बुझाइलाई पुन: परिभाषित गर्न सुरु हुने प्रतिमान परिवर्तनको लागि आधार तयार गर्दै आणविक जीवविज्ञानको बारेमा प्रारम्भिक विचारहरूको साथ शल्य चिकित्सा अभ्यासमा भएका प्रगतिको कुशलतापूर्वक मिश्रण गर्नुहुन्छ।
  Got:      मुखर्जीले क्यान्सरको बुझाइलाई पुन परिभाषित गर्न सुरु हुने प्रतिमन कुञ्जी लागि आधार तयार गर्दै आणविक जीवविज्ञानको बारेमा प्रारम्भिक विचारहरुको साथ शल्य चिकित्सा अभ्यासमा भएका प्रगतिको कुशलतापूर्वक मिश्रण गर्नुहुन्छ।
----------------------------------------
[451] Roman: adhyaya purano hasya siddhantaharuko badhdo aswikritiko bawajud pani prarambhik shalya chikitsa abhyasharuko gambhir seemaharulai highlight gardai shuru hunchha.
  Expected: अध्याय पुरानो हास्य सिद्धान्तहरूको बढ्दो अस्वीकृतिको बाबजुद पनि प्रारम्भिक शल्य चिकित्सा अभ्यासहरूको गम्भीर सीमाहरूलाई हाइलाइट गर्दै सुरु हुन्छ।
  Got:      अध्याय पुरानो हास्य सिद्धान्तहरूको बढ्दो अस्वीकृतिको बावजुद पनि प्रारम्भिक शल्य चिकित्सा अभ्यासहरूको गम्भीर सीमाहरूलाई हाइलाइट गर्दै सुरु हुन्छ।
----------------------------------------
[452] Roman: sharirik adhyayantirphko pariwartanle sharirko adhik satik bujhai pradan gare pani, prarambhik surgeonharule ajhai pani kathin ch चुनौती haruko samana garirheka thie.
  Expected: शारीरिक अध्ययनतर्फको परिवर्तनले शरीरको अधिक सटीक बुझाइ प्रदान गरे पनि, प्रारम्भिक सर्जनहरूले अझै पनि कठिन चुनौतीहरूको सामना गरिरहेका थिए।
  Got:      शारीरिक अध्ययँतिर्फको परिवर्तनले शरीरको अधिक सटीक बुझाइ प्रदान गरे पनि, प्रारम्भिक सर्जनहरूले अझै पनि कठिन चुनौती चुनौतीहरुको सामना गरिरहेका थिए।
----------------------------------------
[454] Roman: anesthesia ko aavishkar hunu aghi, shalyakriya dukhaira pida kam garna sakasamma chhito garine samaya biruddhako daud thiyo, jasako artha biramiharule asahya pida anubhav gardathe.
  Expected: एनेस्थेसियाको आविष्कार हुनु अघि, शल्यक्रिया दुखाइ र पीडा कम गर्न सकेसम्म छिटो गरिने समय विरुद्धको दौड थियो, जसको अर्थ बिरामीहरूले असह्य पीडा अनुभव गर्थे।
  Got:      एनेस्थेसियाकोको हुनु अघि अघि, शल्यक्रिया र पीडा काम गर्न सकेसम्म छिटो गरिने समय विरुद्धको दौड थियो, जसको अर्थ बिरामीहरूले असह्य पीडा अनुभव गर्थे।
----------------------------------------
[455] Roman: yasbhaheka, antiseptisko kami, sankramanlai kasari rokn bhanne barema aadharbhut bujhaiko kamile sankramanlai shalya chikitsa hastakshep haruko ek samanya ra ghatak jattilta banayo, antiseptic prabidhiharuko aagaman aghi shalya chikitsa prakriyaharu katiko khatarnak thie bhanera pradarshan gardai.
  Expected: यसबाहेक, एन्टीसेप्सिसको कमी, संक्रमणलाई कसरी रोक्ने भन्ने बारेमा आधारभूत बुझाइको कमीले संक्रमणलाई शल्य चिकित्सा हस्तक्षेपहरूको एक सामान्य र घातक जटिलता बनायो, एन्टीसेप्टिक प्रविधिहरूको आगमन अघि शल्य चिकित्सा प्रक्रियाहरू कत्तिको खतरनाक थिए भनेर प्रदर्शन गर्दै।
  Got:      यसबाहेक, अँतिसेप्तिसको कमी, संक्रमणलाई कसरी रोक्न भन्ने बारेमा आधारभूत बुझाइको कमीले संक्रमणलाई शल्य चिकित्सा हस्तक्षेपहरूको एक सामान्य र घातक जत्तिल्त बनायो, एन्टीसेप्टिक प्रविधिहरूको आगमन अघि शल्य चिकित्सा प्रक्रियाहरू कत्तिको खतरनाक थिए भनेर प्रदर्शन गर्दै।
----------------------------------------
[456] Roman: charam pida, shuddhatako kami, ra ghatak sankramanko uchcha darko sanyojanko artha thiyo ki shalyakriya prayah antima upaaya thiyo, mrityuko uchcha jokhim sanga jodieko.
  Expected: चरम पीडा, शुद्धताको कमी, र घातक संक्रमणको उच्च दरको संयोजनको अर्थ थियो कि शल्यक्रिया प्रायः अन्तिम उपाय थियो, मृत्युको उच्च जोखिमसँग जोडिएको।
  Got:      चरम पीडा, शुद्द्हतको कमी, र घातक संक्रमणको उच्च दरको संयोजनको अर्थ थियो कि शल्यक्रिया प्रायः अन्तिम उपाय थियो, मृत्युको उच्च जोखिमसँग जोडिएको।
----------------------------------------
[458] Roman: yadyapi, sabaibhanda mahatwapurna pariwartan josef listerko antiseptic prabidhiharuko krantikari bikassangai aayo. kinwan ra bigreko kurama louis pasteurko kam bata prerit bhaera, listerle yo kurako sambandha sthapit garnubhayo ki sukshmajeevaharu, praayah surgeonko hatbata pravesh garaieka, shalyakriya pachhiko sankramanko karan thie.
  Expected: यद्यपि, सबैभन्दा महत्त्वपूर्ण परिवर्तन जोसेफ लिस्टरको एन्टीसेप्टिक प्रविधिहरूको क्रान्तिकारी विकाससँगै आयो। किण्वन र बिग्रेको कुरामा लुइस पाश्चरको कामबाट प्रेरित भएर, लिस्टरले यो कुराको सम्बन्ध स्थापित गर्नुभयो कि सूक्ष्मजीवहरू, प्रायः सर्जनको हातबाट प्रवेश गराइएका, शल्यक्रिया पछिको संक्रमणको कारण थिए।
  Got:      यद्यपि, सबैभन्दा महत्त्वपूर्ण परिवर्तन जोसेफ लिस्टरको एन्टीसेप्टिक प्रविधिहरूको क्रान्तिकारी विकाससँगै आयो। किँवन र बिग्रेको कुरामा लौइस पस्तेउरको कामबाट प्रेरित भएर, लिस्टरले यो कुराको सम्बन्ध स्थापित गर्नुभयो कि सुक्ष्मजीवहरु, प्रायः सर्जनको हतबाट प्रवेश गरैएका, शल्यक्रिया पछिको संक्रमणको कारण थिए।
----------------------------------------
[460] Roman: yo ek mahatwapurna kshan thiyo, kinaki aba yo pahichan bhayo ki sankraman shalyakriyako apariharya parinam hunuko satta rokn sakincha. listerko kamle prakriyako bujhailai pani pariwartan garyo, kinaki yasle sukshmajeevaharuko adrishya sansar ra rogma tinharko bhumikako barema jagarukta lyayo.
  Expected: यो एक महत्वपूर्ण क्षण थियो, किनकि अब यो पहिचान भयो कि संक्रमण शल्यक्रियाको अपरिहार्य परिणाम हुनुको सट्टा रोक्न सकिन्छ। लिस्टरको कामले प्रक्रियाको बुझाइलाई पनि परिवर्तन गर्‍यो, किनकि यसले सूक्ष्मजीवहरूको अदृश्य संसार र रोगमा तिनीहरूको भूमिकाको बारेमा जागरूकता ल्यायो।
  Got:      यो एक महत्त्वपूर्ण क्षण थियो, किनकि अब यो पहिचान भयो कि संक्रमण शल्यक्रियाको अपरिहार्य परिणाम हुनुको सट्टा रोक्न सकिन्छ। लिस्टरको कामले प्रक्रियाको बुझाइलाई पनि परिवर्तन गर्‍यो, किनकि यसले सूक्ष्मजीवहरूको अदृश्य संसार र रोगमा तिनीहरूको भूमिकाको बारेमा जागरूकता ल्यायो।
----------------------------------------
[469] Roman: thap shalyakriyale prabhavkari upacharma anuwad garirheko thiena, kinaki dherai birami yi gahan roopma aakramak shalyakriya pachi pani rogko shikar bhairheka thie.
  Expected: थप शल्यक्रियाले प्रभावकारी उपचारमा अनुवाद गरिरहेको थिएन, किनकि धेरै बिरामीहरू यी गहन रूपमा आक्रामक शल्यक्रिया पछि पनि रोगको सिकार भइरहेका थिए।
  Got:      थप शल्यक्रियाले प्रभावकारी उपचारमा अनुवाद गरिरहेको थिएन, किनकि धेरै बिरामी यी गहन रूपमा आक्रामक शल्यक्रिया पछि पनि रोगको शिकार भइरहेका थिए।
----------------------------------------
[471] Roman: yasle mahatwapurna roopma krantikari dekhine chikitsa hastakshep haruko prabhavkaritako mulyankan garnuparne mahattwalai jod dinchha. yasle yo pani dekhaunchha ki vigyan ra aushadhi sadhai purna roopma bastunishtha hundai nan tara baigyanikharuko manovigyan ra purwagraharubata pani gahiro roopma prabhavit huna sakchha.
  Expected: यसले महत्वपूर्ण रूपमा क्रान्तिकारी देखिने चिकित्सा हस्तक्षेपहरूको प्रभावकारिताको मूल्याङ्कन गर्नुपर्ने महत्त्वलाई जोड दिन्छ। यसले यो पनि देखाउँछ कि विज्ञान र औषधि सधैं पूर्ण रूपमा वस्तुनिष्ठ हुँदैन तर वैज्ञानिकहरूको मनोविज्ञान र पूर्वाग्रहहरूबाट पनि गहिरो रूपमा प्रभावित हुन सक्छ।
  Got:      यसले महत्त्वपूर्ण रूपमा क्रान्तिकारी देखिने चिकित्सा हस्तक्षेपहरूको प्रभावकारिताको मूल्याङ्कन गर्नुपर्ने महत्त्वलाई जोड दिन्छ। यसले यो पनि देखाउँछ कि विज्ञान र औषधि सधैं पूर्ण रूपमा रूपमा हुँदै हुँदैन तर वैज्ञानिकहरूको मनोविज्ञान र पूर्वाग्रहहरूबाट पनि गहिरो रूपमा प्रभावित हुन सक्छ।
----------------------------------------
[475] Roman: yo krantikari abadharana rang udyogma rasayanharuko prayog bata prerit thiyo, visheshgari ehrlichko aphnai aniline rangaharusangako kambata, ra salvarsanko khojbata pani, ek aushadhi jasle vishesh roopma syphilislaai lakshit garyo.
  Expected: यो क्रान्तिकारी अवधारणा रङ उद्योगमा रसायनहरूको प्रयोगबाट प्रेरित थियो, विशेष गरी एर्लिचको आफ्नै एनिलिन रङहरूसँगको कामबाट, र साल्वरसनको खोजबाट पनि, एक औषधि जसले विशेष रूपमा सिफिलिसलाई लक्षित गर्‍यो।
  Got:      यो क्रान्तिकारी अवधारणा रङ उद्योगमा रसायनहरूको प्रयोगबाट प्रेरित थियो, गरी एर्लिचको आफ्नै एनिलिन रङहरूसँगको कामबाट, र साल्वरसनको खोजबाट पनि, एक औषधि जसले विशेष रूपमा सिफिलिसलाई लक्षित गर्‍यो।
----------------------------------------
[476] Roman: ehrlichko antardrishtipurna abalokan ki asamanya cellaai lakshit garna, pahile samanya cellko jeevbigyan bujhnuparchha bhanne kura mahatwapurna chha ra yasle cancerko itihasma ra samanya roopma aushadhiko itihasma euta mahatwapurna mod dekhaunchha.
  Expected: एर्लिचको अन्तरदृष्टिपूर्ण अवलोकन कि असामान्य सेललाई लक्षित गर्न, पहिले सामान्य सेलको जीवविज्ञान बुझ्नुपर्छ भन्ने कुरा महत्वपूर्ण छ र यसले क्यान्सरको इतिहासमा र सामान्य रूपमा औषधिको इतिहासमा एउटा महत्वपूर्ण मोड देखाउँछ।
  Got:      एर्लिचको अन्तरदृष्टिपूर्ण अवलोकन कि असामान्य असामान्य लक्षित गर्न, पहिले सामान्य सामान्य जीवविज्ञान बुझ्नुपर्छ भन्ने कुरा महत्त्वपूर्ण छ र यसले क्यान्सरको इतिहासमा र सामान्य रूपमा औषधिको इतिहासमा एउटा महत्त्वपूर्ण मोड देखाउँछ।
----------------------------------------
[480] Roman: adhyayale yi prarambhik rasayanik upacharka seemaharulai pani sanket gardachha, yi prarambhik rasayanik upacharharu sadhai prabhavkari nahune ra prayah vishakta side effect huna sakne kuralai ullekh gardai, yo kura darshaudai ki yo aashajanak marga vaye taapani, ajhai laamo baato jaana baaki thiyo.
  Expected: अध्यायले यी प्रारम्भिक रासायनिक उपचारका सीमाहरूलाई पनि सङ्केत गर्दछ, यी प्रारम्भिक रासायनिक उपचारहरू सधैं प्रभावकारी नहुने र प्रायः विषाक्त साइड इफेक्टहरू हुन सक्ने कुरालाई उल्लेख गर्दै, यो कुरा दर्शाउँदै कि यो आशाजनक मार्ग भए तापनि, अझै लामो बाटो जान बाँकी थियो।
  Got:      अध्यायले यी प्रारम्भिक रासायनिक उपचारका सीमाहरूलाई पनि सङ्केत गर्दछ, यी प्रारम्भिक रासायनिक उपचारहरू सधैं प्रभावकारी नहुने र प्रायः विषाक्त साइड इफेक्ट हुन सक्ने कुरालाई उल्लेख गर्दै, यो कुरा दर्शाउँदै कि यो आशाजनक मार्ग भए तापनि, अझै लामो बाटो जान बाँकी थियो।
----------------------------------------
[481] Roman: Siddhartha Mukherjee dwara likhit "Sabai Rogharuko Samrat" euta samanya chikitsa pathyapustak matra hoina; baru, cancer namak athak virodhiko waripari kendrit ek manamohak ra gahiro manaviya kathako roopma prastut hunchha.
  Expected: सिद्धार्थ मुखर्जीद्वारा लिखित "सबै रोगहरूको सम्राट" एउटा सामान्य चिकित्सा पाठ्यपुस्तक मात्र होइन; बरु, क्यान्सर नामक अथक विरोधीको वरिपरि केन्द्रित एक मनमोहक र गहिरो मानवीय कथाको रूपमा प्रस्तुत हुन्छ।
  Got:      सिद्द्हर्थ मुखर्जीको महत्त्वद्वारा लिखित "सबै रोगहरूको सम्राट" एउटा सामान्य चिकित्सा पथ्यपुस्तक मात्र होइन; बरु, क्यान्सर नमक अथक विरोधीको वरिपरि केन्द्रित एक मनमोहक र गहिरो मानवीय कथाको रूपमा प्रस्तुत हुन्छ।
----------------------------------------
[483] Roman: drishtikondharuko yo tapestry le cancerko bahuaayamik ra prayah jatil prakritilai anavaran gardachha, yo dekhaudai ki yo kebal jaibik bisangati matra hoina tara manav itihasbhari yasako bujhai ra prabhavlai aakar dine shaktiharuko jatil antarkriya ho.
  Expected: दृष्टिकोणहरूको यो टेपेस्ट्रीले क्यान्सरको बहुआयामिक र प्रायः जटिल प्रकृतिलाई अनावरण गर्दछ, यो देखाउँदै कि यो केवल जैविक विसंगति मात्र होइन तर मानव इतिहासभरि यसको बुझाइ र प्रभावलाई आकार दिने शक्तिहरूको जटिल अन्तरक्रिया हो।
  Got:      दृष्टिकोणहरूको यो तपेस्त्र्यले क्यान्सरको बहुआयामिक र प्रायः जटिल प्रकृतिलाई अनावरण गर्दछ, यो देखाउँदै कि यो केवल जैविक बिसङती मात्र होइन तर मानव इतिहासभरि यसको बुझाइ र प्रभावलाई आकार दिने शक्तिहरूको जटिल अन्तरक्रिया हो।
----------------------------------------
[486] Roman: Mukherjee le hamilai lagbhag 1600 isa purvko prachin Ijiptian dastavej Edwin Smith Papyrus sanga kushalatapurvak parichay garaunuhunchha.
  Expected: मुखर्जीले हामीलाई लगभग १६०० ईसा पूर्वको प्राचीन इजिप्टियन दस्तावेज एडविन स्मिथ प्यापिरस सँग कुशलतापूर्वक परिचय गराउनुहुन्छ।
  Got:      मुखर्जीले हामीलाई लगभग 1600 इस पुर्वको प्राचीन इजिप्तिअन दस्तावेज एडविन स्मिथ पप्य्रुससँग कुशलतपुर्वक परिचय गराउनुहुन्छ।
----------------------------------------
[489] Roman: yo sankshipta, tara abiswasniya roopma shaktishali shilalekhale tyas samayama chikitsako gahiro seemaharu ra yo rogle prerit gareko asahayata ko bhawanalaai jod dinchha, yo rahasyamay rogko barema kati thore bujhieko thiyo ra chikitsakharuko pratikriya dine simit kshamtalaai prakash pardachha.
  Expected: यो संक्षिप्त, तर अविश्वसनीय रूपमा शक्तिशाली शिलालेखले त्यस समयमा चिकित्साको गहिरो सीमाहरू र यो रोगले प्रेरित गरेको असहायताको भावनालाई जोड दिन्छ, यो रहस्यमय रोगको बारेमा कति थोरै बुझिएको थियो र चिकित्सकहरूको प्रतिक्रिया दिने सीमित क्षमतालाई प्रकाश पार्दछ।
  Got:      यो संक्षिप्त, तर अविश्वसनीय रूपमा शक्तिशाली शिललेखले त्यस समयमा चिकित्साको गहिरो सीमाहरू र यो रोगले प्रेरित गरेको असहयतको भवनलाइ जोड दिन्छ, यो रहस्यमय रोगको बारेमा कति थोरै बुझिएको थियो र चिकित्सकहरुको प्रतिक्रिया दिने सीमित क्षम्तलाइ प्रकाश पार्दछ।
----------------------------------------
[490] Roman: adhyaya tyaspachhi pramukh hasya siddhantako anweshan tirpha kendrit chha, ek chikitsa siddhanta jun prachin greek chikitsak hippocrates dwara champion gariyeko thiyo.
  Expected: अध्याय त्यसपछि प्रमुख हास्य सिद्धान्तको अन्वेषणतर्फ केन्द्रित छ, एक चिकित्सा सिद्धान्त जुन प्राचीन ग्रीक चिकित्सक हिप्पोक्रेटद्वारा च्याम्पियन गरिएको थियो।
  Got:      अध्याय त्यसपछि प्रमुख हास्य सिद्धान्तको अन्वेषण तिर्फ केन्द्रित छ, एक चिकित्सा सिद्धान्त जुन प्राचीन ग्रीक चिकित्सक हिप्पोच्रतेस महत्त्वद्वारा चम्पिओन गरिएको थियो।
----------------------------------------
[491] Roman: yo prabhavshali siddhantale prastav gareko chha ki swasthya char sharirik taral padartha wa "hasya" ko najuk santulan dwara kayam rakhieko thiyo: ragat, kaph, pahelo pitta ra kalo pitta.
  Expected: यो प्रभावशाली सिद्धान्तले प्रस्ताव गरेको छ कि स्वास्थ्य चार शारीरिक तरल पदार्थ वा "हास्य" को नाजुक सन्तुलनद्वारा कायम राखिएको थियो: रगत, कफ, पहेंलो पित्त र कालो पित्त।
  Got:      यो प्रभावशाली सिद्धान्तले प्रस्ताव गरेको छ कि स्वस्थ चार शारीरिक तरल पदर्थ वा "हास्य" को नाजुक सन्तुलन महत्त्वद्वारा कायम राखिएको थियो: रगत, कफ, पहेंलो पित्त र कालो पित्त।
----------------------------------------
[492] Roman: yo bujhai anusar, cancer jasta rogharu yi taral padarthharuma asantulanko karanle hunchhan bhanne soch thiyo, visheshgari "kalo pitta" ko adhikata le.
  Expected: यो बुझाइ अनुसार, क्यान्सर जस्ता रोगहरू यी तरल पदार्थहरूमा असंतुलनको कारणले हुन्छन् भन्ने सोच थियो, विशेष गरी "कालो पित्त" को अधिकताले।
  Got:      यो बुझाइ अनुसार, क्यान्सर जस्ता रोगहरू यी तरल पदार्थहरूमा असंतुलनको कारणले हुन्छन् भन्ने सोच थियो, गरी "कालो पित्त" को कोले।
----------------------------------------
[495] Roman: tara, 16aum shatabdika krantikari sharir rachnabid andreas vesaliusko aagamansanga chikitsa bujhaiko lahar pariwartan huna thalyo.
  Expected: तर, १६ औं शताब्दीका क्रान्तिकारी शरीर रचनाविद् एन्ड्रियस भेसालियसको आगमनसँगै चिकित्सा बुझाइको लहर परिवर्तन हुन थाल्यो।
  Got:      तर, 16औम शताब्दीका क्रान्तिकारी शरीर रच्नबिद अँद्रेअस भेसालियसको आगमनसँग चिकित्सा बुझाइको लहर परिवर्तन हुन थाल्यो।
----------------------------------------
[496] Roman: sabadhanipurvak abalokan ra bichhedanma aadharit manav sharirko uhanko sabadhanipurvak ra agragami adhyayanharule lamo samaydekhi chaliaaeko hasya manyatalaai ch चुनौती diyo.
  Expected: सावधानीपूर्वक अवलोकन र विच्छेदनमा आधारित मानव शरीरको उहाँको सावधानीपूर्वक र अग्रगामी अध्ययनहरूले लामो समयदेखि चलिआएको हास्य मान्यतालाई चुनौती दियो।
  Got:      सावधानीपूर्वक अवलोकन र विच्छेदनमा आधारित मानव शरीरको उहाँको सावधानीपूर्वक र अग्रगामी अध्ययनहरुले लामो समयदेखि चलिआएको हास्य मञतलाइ चुनौती चुनौती दियो।
----------------------------------------
[497] Roman: vesaliusko bistrit sharirik mappingle aushadhiko lagi thap sharirik roopma aadharit drishtikoko lagi aadhar tayar paryo, roglaai taral padarthama asantulanko satta sharirko bhautik sanrachanaharuko awarodhko roopma bujhne bato prashast gardai.
  Expected: भेसालियसको विस्तृत शारीरिक म्यापिङले औषधिको लागि थप शारीरिक रूपमा आधारित दृष्टिकोणको लागि आधार तयार पार्‍यो, रोगलाई तरल पदार्थमा असंतुलनको सट्टा शरीरको भौतिक संरचनाहरूको अवरोधको रूपमा बुझ्ने बाटो प्रशस्त गर्दै।
  Got:      भेसालियसको विस्तृत शारीरिक म्यापिङले औषधिको लागि थप शारीरिक रूपमा आधारित दृष्टिकोणको लागि आधार तयार पर्‍यो, रोगलाई तरल पदार्थमा असंतुलनको सट्टा शरीरको भौतिक संरचनाहरूको अवरोधको रूपमा बुझ्ने बाटो प्रशस्त गर्दै।
----------------------------------------
[507] Roman: yasle cancermathi vishuddha sharirik drishtikonbata adhik rasayanik ra jaibik pratimanatirph ek mahatwapurna pariwartanlai chihnit garyo, yo kura swikardai ki cancerko upacharko kunji bhautik roopma hataunu nahuna sakchha, baru rasayanik prakriyaharuko bujhai ra herphera huna sakchha jasle roglaai indhan dinchha.
  Expected: यसले क्यान्सरमाथि विशुद्ध शारीरिक दृष्टिकोणबाट अधिक रासायनिक र जैविक प्रतिमानतर्फ एक महत्वपूर्ण परिवर्तनलाई चिन्हित गर्‍यो, यो कुरा स्वीकार्दै कि क्यान्सरको उपचारको कुञ्जी भौतिक रूपमा हटाउनु नहुन सक्छ, बरु रासायनिक प्रक्रियाहरूको बुझाइ र हेरफेर हुन सक्छ जसले रोगलाई इन्धन दिन्छ।
  Got:      यसले क्यान्सरमाथि विशुद्ध शारीरिक दृष्टिकोणबाट अधिक रासायनिक र जैविक प्रतिमानतर्फ एक महत्त्वपूर्ण परिवर्तनलाई चिन्हित गर्‍यो, यो कुरा स्वीकार्दै कि क्यान्सरको उपचारको कुञ्जी भौतिक रूपमा हटाउनु नहुन सक्छ, बरु रासायनिक प्रक्रियाहरूको बुझाइ र हेरफेर हुन सक्छ जसले रोगलाई इन्धन दिन्छ।
----------------------------------------
[512] Roman: kinwan ra bigreko kurama sukshmajeevaharuko bhumikama louis pasteurko abhutpurva khojharubata prerit bhaera, listerle yo mahatwapurna sambandha sthapit garnubhayo ki yi sukshmajeevaharu nai shalyakriya pachhiko sankramanko mukhya karan thie, jun praayah surgeonko asankramit hatmarphat ghauma pravesh gardathe.
  Expected: किण्वन र बिग्रेको कुरामा सूक्ष्मजीवहरूको भूमिकामा लुइस पाश्चरको अभूतपूर्व खोजहरूबाट प्रेरित भएर, लिस्टरले यो महत्त्वपूर्ण सम्बन्ध स्थापित गर्नुभयो कि यी सूक्ष्मजीवहरू नै शल्यक्रिया पछिको संक्रमणको मुख्य कारण थिए, जुन प्रायः सर्जनको असंक्रमित हातहरू मार्फत घाउमा प्रवेश गर्थे।
  Got:      किँवन र बिग्रेको कुरामा सूक्ष्मजीवहरूको भूमिकामा लौइस पस्तेउरको अभूतपूर्व खोजहरूबाट प्रेरित भएर, लिस्टरले यो महत्त्वपूर्ण सम्बन्ध स्थापित गर्नुभयो कि यी सुक्ष्मजीवहरु नै शल्यक्रिया पछिको संक्रमणको मुख्य कारण थिए, जुन प्रायः सर्जनको असन्क्रमित हत्मर्फत घाउमा प्रवेश गर्थे।
----------------------------------------
[513] Roman: listerle shalya chikitsa prakriyakko samayama carbolic acid spray prayog garna thale, jasle shalya kriya pachhiko sankraman darma thulo kami lyayo ra shalya kriyalai biramiharuko lagi surakshit, ra adhik vyavharya vikalpako roopma sthapit garyo.
  Expected: लिस्टरले शल्य चिकित्सा प्रक्रियाको समयमा कार्बोलिक एसिड स्प्रे प्रयोग गर्न थाले, जसले शल्यक्रिया पछिको संक्रमण दरमा ठूलो कमी ल्यायो र शल्यक्रियालाई बिरामीहरूको लागि सुरक्षित, र अधिक व्यवहार्य विकल्पको रूपमा स्थापित गर्‍यो।
  Got:      लिस्टरले शल्य चिकित्सा प्रकृयकको समयमा कार्बोलिक एसिड स्प्रे प्रयोग गर्न थाले, जसले शल्य कृय पछिको संक्रमण दरमा ठूलो कमी ल्यायो र शल्य कृयलाई बिरामीहरूको लागि सुरक्षित, र अधिक व्यवहार्य विकल्पको रूपमा स्थापित गर्‍यो।
----------------------------------------
[514] Roman: yasle shalya chikitasko itihasma ek mahatwapurna mod ra birami herchahama ek mahatwapurna kadamlai chihnit garyo.
  Expected: यसले शल्य चिकित्साको इतिहासमा एक महत्वपूर्ण मोड र बिरामी हेरचाहमा एक महत्वपूर्ण कदमलाई चिन्हित गर्‍यो।
  Got:      यसले शल्य चिकित्साको इतिहासमा एक महत्त्वपूर्ण मोड र बिरामी हेरचाहमा एक महत्त्वपूर्ण कदमलाई चिन्हित गर्‍यो।
----------------------------------------
[519] Roman: yas adhyayale kathama ek mahatwapurna modlai chihnit gardachha, kattarpandhi shalya chikitsa drishtikonharuma prarambhik vishwas kamjor huna thalchha.
  Expected: यस अध्यायले कथामा एक महत्वपूर्ण मोडलाई चिन्हित गर्दछ, कट्टरपन्थी शल्य चिकित्सा दृष्टिकोणहरूमा प्रारम्भिक विश्वास कमजोर हुन थाल्छ।
  Got:      यस अध्यायले कथामा एक महत्त्वपूर्ण मोडलाई चिन्हित गर्दछ, कट्टरपन्थी शल्य चिकित्सा दृष्टिकोणहरूमा प्रारम्भिक विश्वास कमजोर हुन थाल्छ।
----------------------------------------
[521] Roman: ek patak shalya chikitshadwara cancer jitne dishama spashta roopma dekhine margale aphnai mahatwapurna seemaharu dekhauna thalyo.
  Expected: एक पटक शल्य चिकित्साद्वारा क्यान्सर जित्ने दिशामा स्पष्ट रूपमा देखिने मार्गले आफ्नै महत्वपूर्ण सीमाहरू देखाउन थाल्यो।
  Got:      एक पटक शल्य चिकित्साद्वारा क्यान्सर जित्ने दिशामा स्पष्ट रूपमा देखिने मार्गले आफ्नै महत्त्वपूर्ण सीमाहरू देखाउन थाल्यो।
----------------------------------------
[522] Roman: adhyayako yo bhagale bhautik kurama atyadhik nirbhartabata rogko upachar garne thap bicharshil ra vishleshanatmak tarikama aawashyak sankraman dekhaunchha, jaslai cancer pahilo patak dekheko bhanda dherai jatil thiyo bhanne kura swikar garna aawashyak thiyo.
  Expected: अध्यायको यो भागले भौतिक कुरामा अत्यधिक निर्भरताबाट रोगको उपचार गर्ने थप विचारशील र विश्लेषणात्मक तरिकामा आवश्यक संक्रमण देखाउँछ, जसलाई क्यान्सर पहिलो पटक देखिएको भन्दा धेरै जटिल थियो भन्ने कुरा स्वीकार गर्न आवश्यक थियो।
  Got:      अध्यायको यो भागले भौतिक कुरामा अत्यधिक निर्भरताबाट रोगको उपचार गर्ने थप विचारशील र विश्लेषणात्मक तरिकामा आवश्यक संक्रमण देखाउँछ, जसलाई क्यान्सर पहिलो पटक देखेकोभन्दा धेरै जटिल थियो भन्ने कुरा स्वीकार गर्न आवश्यक थियो।
----------------------------------------
[525] Roman: koshikaharuko lagi "jadui goli" ko ehrlichko abadharanale lakshit cancer upacharko bhabisyako lagi saiddhantik aadhar tayar garyo, cancerko upachar garne kuralaai rasayanik agent le lakshit garnema dhyan kendrit garyo.
  Expected: कोशिकाहरूको लागि "जादुई गोली" को एर्लिचको अवधारणाले लक्षित क्यान्सर उपचारको भविष्यको लागि सैद्धान्तिक आधार तयार गर्‍यो, क्यान्सरको उपचार गर्ने कुरालाई रासायनिक एजेन्टले लक्षित गर्नेमा ध्यान केन्द्रित गर्‍यो।
  Got:      कोशिकाहरूको लागि "जादुई गोली" को एर्लिचको अवधारणाले लक्षित क्यान्सर उपचारको भविष्यको लागि सैद्धान्तिक आधार तयार गर्‍यो, क्यान्सरको उपचार गर्ने कुरलाइ रासायनिक अगेँतले लक्षित गर्नेमा ध्यान केन्द्रित गर्‍यो।
----------------------------------------
[530] Roman: "Sho Businessko Bhalai" shirshakko adhyaya 3 le shalya kriyakko bhautik karyama kendrit hunubata kathalai rasayan chikitsako pariwartankari sambhavanatirha pariwartan gardai euta mahatwapurna modlai chihnit gardachha.
  Expected: "शो बिजनेसको भलाइ" शीर्षकको अध्याय ३ ले शल्यक्रियाको भौतिक कार्यमा केन्द्रित हुनुबाट कथालाई रसायन चिकित्साको परिवर्तनकारी सम्भावनातर्फ परिवर्तन गर्दै एउटा महत्वपूर्ण मोडलाई चिन्हित गर्दछ।
  Got:      "शो बिजनेसको भलाइ" शीर्षकको अध्याय ३ शल्य शल्यक्रियाको भौतिक कार्यमा केन्द्रित हुनुबाट कथालाई रसायन चिकित्साको परिवर्तनकारी सम्भावनातर्फ परिवर्तन गर्दै एउटा महत्त्वपूर्ण मोडलाई चिन्हित गर्दछ।
----------------------------------------
[532] Roman: adhyayale balbalikako leukemia ko udayma, visheshgari acute lymphoblastic leukemia (ALL) lai yo naya drishtikonko lagi atisambedanshil huna sakne rogko roopma kendrit gardachha. farberko abhutpurva karya aghi, ALL lai balbalikako lagi sadhai ghatak nidan maninthiyo, jasle aadhunik cancer herchahalaai aakar dinma uhanko kam katiko gahiro hunechha bhanne kuralai highlight gardachha.
  Expected: अध्यायले बालबालिकाको ल्युकेमियाको उदयमा, विशेष गरी एक्यूट लिम्फोब्लास्टिक ल्युकेमिया (ALL) लाई यो नयाँ दृष्टिकोणको लागि अतिसंवेदनशील हुन सक्ने रोगको रूपमा केन्द्रित गर्दछ। फार्बरको अभूतपूर्व कार्य अघि, ALL लाई बालबालिकाको लागि सधैं घातक निदान मानिन्थ्यो, जसले आधुनिक क्यान्सर हेरचाहलाई आकार दिनमा उहाँको काम कत्तिको गहिरो हुनेछ भन्ने कुरालाई हाइलाइट गर्दछ।
  Got:      अध्यायले बालबालिकाको ल्युकेमियाको विशेष, गरी एक्यूट लिम्फोब्लास्टिक ल्युकेमियाको (ALL) लाई यो नयाँ दृष्टिकोणको लागि अतिसंवेदनशील हुन सक्ने रोगको रूपमा केन्द्रित गर्दछ। फार्बरको अभूतपूर्व कार्य अघि, ALLलाई बालबालिकाको लागि सधैं घातक निदान मानिन्थ्यो, जसले आधुनिक क्यान्सर हेरचाहलाई आकार दिनमा उहाँको काम कत्तिको गहिरो हुनेछ भन्ने कुरालाई हाइलाइट गर्दछ।
----------------------------------------
[533] Roman: farberko anusandhanma sabadhanipurvak drishtikon yas adhyayako mukhya bishaya ho. uhaale kebal aushadhiharu matrai dirheka thienan; baru, uhaale upachar prakriyalaai baigyanikko parishuddhata ra kathortakah sath samparka gare, aphna biramiharuko awasthako harek bibaranlai sabadhanipurvak abalokan, dastavej ra bisleshan garnubhayo.
  Expected: फर्बरको अनुसन्धानमा सावधानीपूर्वक दृष्टिकोण यस अध्यायको मुख्य विषय हो। उहाँले केवल औषधिहरू मात्रै दिइरहेका थिएनन्; बरु, उहाँले उपचार प्रक्रियालाई वैज्ञानिकको परिशुद्धता र कठोरताका साथ सम्पर्क गरे, आफ्ना बिरामीहरूको अवस्थाको हरेक विवरणलाई सावधानीपूर्वक अवलोकन, दस्तावेज र विश्लेषण गर्नुभयो।
  Got:      फार्बरको अनुसन्धानमा सावधानीपूर्वक दृष्टिकोण यस अध्यायको मुख्य विषय हो। उहाँले केवल औषधिहरू मात्रै दिइरहेका थिएनन्; बरु, उहाँले उपचार प्रक्रियालाई वैज्ञानिकको परिशुद्धता र कठोरताका साथ सम्पर्क गरे, आफ्ना बिरामीहरूको अवस्थाको हरेक विवरणलाई सावधानीपूर्वक अवलोकन, दस्तावेज र विश्लेषण गर्नुभयो।
----------------------------------------
[536] Roman: adhyayale farberko aminopterin, ek antifolate aushadhiko sahasi ra agragami prayogko barema bataunchha. jabaki yasle ALL bhayeka bachchaharuma prerit gareko mafi, durbhagyavash, asthai thiyo, tara tiniharu krantikari bhanda kam thienan.
  Expected: अध्यायले फर्बरको एमिनोप्टेरिन, एक एन्टीफोलेट औषधिको साहसी र अग्रगामी प्रयोगको बारेमा बताउँछ। जबकि यसले ALL भएका बच्चाहरूमा प्रेरित गरेको माफी, दुर्भाग्यवश, अस्थायी थियो, तर तिनीहरू क्रान्तिकारीभन्दा कम थिएनन्।
  Got:      अध्यायले फार्बरको अमिनोप्तेरिन, एक अँतिफोलते औषधिको सहसी र अग्रगामी प्रयोगको बारेमा बताउँछ। जबकि यसले ALL भएका बच्चहरुमा प्रेरित गरेको मफी, दुर्भज्ञ्वश, लक्षणहरूको थियो, तर तिनीहरू क्रान्तिकारीभन्दा काम थिएनन्।
----------------------------------------
[537] Roman: manav itihasma pahilo patak, ek rasayanik agentle pahile upachar garna nasakine cancerlai pradarshan kari roopma niyantran garna saksham bhayeko pramanit bhayeko thiyo, yadyapi sankshipt roopma.
  Expected: मानव इतिहासमा पहिलो पटक, एक रासायनिक एजेन्टले पहिले उपचार गर्न नसकिने क्यान्सरलाई प्रदर्शनकारी रूपमा नियन्त्रण गर्न सक्षम भएको प्रमाणित भएको थियो, यद्यपि संक्षिप्त रूपमा।
  Got:      मानव इतिहासमा पहिलो पटक, एक रासायनिक अगेँतले पहिले उपचार गर्न नसकिने क्यान्सरलाई प्रदर्शन करी रूपमा नियन्त्रण गर्न सक्षम भएको प्रमाणित भएको थियो, यद्यपि सन्क्षिप्त रूपमा।
----------------------------------------
[538] Roman: yo safaltale chikitsa samudaya bhitra thulo aasha jagayo ra chemotherapyko mukhya abadharanalaai manya garyo, yaslai cancer sanga ladhne ek vaidh drishtikon ko roopma sthapit garyo.
  Expected: यो सफलताले चिकित्सा समुदायभित्र ठूलो आशा जगायो र केमोथेरापीको मुख्य अवधारणालाई मान्य गर्‍यो, यसलाई क्यान्सरसँग लड्ने एक वैध दृष्टिकोणको रूपमा स्थापित गर्‍यो।
  Got:      यो सफलताले चिकित्सा समुदाय भित्र ठूलो आशा जगयो र केमोथेरापीको मुख्य अवधारणालाई मान्य गर्‍यो, यसलाई क्यान्सरसँग लध्ने एक वैध दृष्टिकोणको रूपमा स्थापित गर्‍यो।
----------------------------------------
[539] Roman: adhyayale "mafi" ko abadharana pani prastut gardachha - rogka lakshanharuko asthai roopma gayab hunu - saathsaathai lagbhag apariharya punarabrittiko gambhir vastavikata, jasle cancer herchahama naya prakarko ch चुनौती lyayo, ra jun aaja pani vastavikata ho.
  Expected: अध्यायले "माफी" को अवधारणा पनि प्रस्तुत गर्दछ - रोगका लक्षणहरूको अस्थायी रूपमा गायब हुनु - साथसाथै लगभग अपरिहार्य पुनरावृत्तिको गम्भीर वास्तविकता, जसले क्यान्सर हेरचाहमा नयाँ प्रकारको चुनौती ल्यायो, र जुन आज पनि वास्तविकता हो।
  Got:      अध्यायले "मफी" को अवधारणा पनि प्रस्तुत गर्दछ - - रोगका लक्षणहरूको रूपमा रूपमा अघि - - लगभग अपरिहार्य अपरिहार्य गम्भीर गम्भीर, जसले क्यान्सर हेरचाहमा नयाँ प्रकारको चुनौती चुनौती ल्यायो, र जुन आज पनि गम्भीर हो।
----------------------------------------
[540] Roman: adhyayako shirshak, "sho businessko bhalai," le farberko aphno anusandhanlai samarthan garna jansamparka ra kosh sankalanko aashcharyajanak roopma nipuna ra chatur prayog lai janaunchha.
  Expected: अध्यायको शीर्षक, "शो बिजनेसको भलाइ," ले फर्बरको आफ्नो अनुसन्धानलाई समर्थन गर्न जनसम्पर्क र कोष सङ्कलनको आश्चर्यजनक रूपमा निपुण र चतुर प्रयोगलाई जनाउँछ।
  Got:      अध्यायको शिर्शक, "शो बिजनेसको भलाइ," ले फार्बरको आफ्नो अनुसन्धानलाई समर्थन गर्न जँसम्परका र कोष सङ्कलनको आश्चर्यजनक रूपमा निपुन र चतुर प्रयोगलाई जनौन्छ।
----------------------------------------
[541] Roman: uhaale spashta roopma bujhnubhako thiyo ki anusandhanlai agaadi badhauna sarvajanik samarthan ra kosh ekdamai mahatwapurna thiyo. uhaale visheshgari jimmy kosh marphat, sarvajanik jagarukta badhauna, aasha jagauna, ra aphno kamko lagi mahatwapurna bittiya strotaharu surakshit garna mediako prabhavkari roopma prayog garnubhayo.
  Expected: उहाँले स्पष्ट रूपमा बुझ्नुभएको थियो कि अनुसन्धानलाई अगाडि बढाउन सार्वजनिक समर्थन र कोष एकदमै महत्वपूर्ण थियो। उहाँले विशेष गरी जिम्मी कोष मार्फत, सार्वजनिक जागरूकता बढाउन, आशा जगाउन, र आफ्नो कामको लागि महत्त्वपूर्ण वित्तीय स्रोतहरू सुरक्षित गर्न मिडियाको प्रभावकारी रूपमा प्रयोग गर्नुभयो।
  Got:      उहाँले स्पष्ट रूपमा बुझ्नुभको थियो कि अनुसन्धानलाई अगाडि बढाउन सार्वजनिक समर्थन र कोष एकदमै महत्त्वपूर्ण थियो। उहाँले गरी जिम्म्य कोष मार्फत, सार्वजनिक जागरूकता बढाउन, आशा जगौन, र आफ्नो कामको लागि महत्त्वपूर्ण बित्तिय स्रोतहरू सुरक्षित गर्न मेदिअको प्रभावकारी रूपमा प्रयोग गर्नुभयो।
----------------------------------------
[543] Roman: "Ek Adhir Yuddha" shirshakko adhyaya 4 le 20aum shatabdiko madhyatir cancer anusandhanlai natakiya roopma aakar dine jatil rajnitik ra samajik shaktiharuko anweshan gardachha, jasama adhyayale sanyukta rajya amerikama "cancer biruddhako yuddha" ko ghoshnama dhyan kendrit gardachha.
  Expected: "एक अधीर युद्ध" शीर्षकको अध्याय ४ ले २०औँ शताब्दीको मध्यतिर क्यान्सर अनुसन्धानलाई नाटकीय रूपमा आकार दिने जटिल राजनीतिक र सामाजिक शक्तिहरूको अन्वेषण गर्दछ, जसमा अध्यायले संयुक्त राज्य अमेरिकामा "क्यान्सर विरुद्धको युद्ध" को घोषणामा ध्यान केन्द्रित गर्दछ।
  Got:      "एक अधीर युद्ध" शीर्षकको अध्याय ४.ले २०औँ शताब्दीको मध्यतिर क्यान्सर अनुसन्धानलाई नाटकीय रूपमा आकार दिने जटिल राजनीतिक र सामाजिक शक्तिहरूको अन्वेषण गर्दछ, जसमा अध्यायले संयुक्त राज्य अमेरिकामा "क्यान्सर विरुद्धको युद्ध" को घोषणामा ध्यान केन्द्रित गर्दछ।
----------------------------------------
[545] Roman: laskarko strot parichalan garne, rajnitigya ra janta dubai bata samarthan jutaune, ra cancerko barema sarvajanik jagarukta badhaune athak ra bhavuk prayashharule cancer anusandhanlai mahatwapurna roopma agaadi badhayo, yaslai adhyayanko ek vishesh chhetrabata rastriya prathamikatama pariwartan garyo.
  Expected: लास्करको स्रोत परिचालन गर्ने, राजनीतिज्ञ र जनता दुवैबाट समर्थन जुटाउने, र क्यान्सरको बारेमा सार्वजनिक जागरूकता बढाउने अथक र भावुक प्रयासहरूले क्यान्सर अनुसन्धानलाई महत्त्वपूर्ण रूपमा अगाडि बढायो, यसलाई अध्ययनको एक विशेष क्षेत्रबाट राष्ट्रिय प्राथमिकतामा परिवर्तन गर्‍यो।
  Got:      लास्करको स्रोत परिचालन गर्ने, रज्नितिज्ञ र जँत दुवैबाट समर्थन जुतौने, र क्यान्सरको बारेमा सार्वजनिक जागरूकता बधौने अथक र भवुक प्रयशहरुले क्यान्सर अनुसन्धानलाई महत्त्वपूर्ण रूपमा अगाडि बधयो, यसलाई अध्ययनको एक विशेष क्षेत्रबाट राष्ट्रिय प्राथमिकतामा परिवर्तन गर्‍यो।
----------------------------------------
[549] Roman: tatkal samadhanma kendrit anuprayukta vigyan ra aadharbhut vigyanko praayah dhilo ra kam tatkal pragati bichko yo tanav chikitsa anusandhan bhitra ek sandarbhik ra nirantar bahas rahanchha, ra biomedicinma dubai prakaraka anusandhanko aawashyaktalai santulanma rakhne prayaskaka ch चुनौती harulai ujagar gardachha.
  Expected: तत्काल समाधानमा केन्द्रित अनुप्रयुक्त विज्ञान र आधारभूत विज्ञानको प्रायः ढिलो र कम तत्काल प्रगति बीचको यो तनाव चिकित्सा अनुसन्धान भित्र एक सान्दर्भिक र निरन्तर बहस रहन्छ, र बायोमेडिसिनमा दुवै प्रकारका अनुसन्धानको आवश्यकतालाई सन्तुलनमा राख्ने प्रयासका चुनौतीहरूलाई उजागर गर्दछ।
  Got:      तत्काल समाधानमा केन्द्रित अनुप्रयुक्त विज्ञान र आधारभूत विज्ञानको प्रायः ढिलो र काम तत्काल प्रगति बीचको यो तनव चिकित्सा अनुसन्धान भित्र एक सान्दर्भिक र निरन्तर बहस रहन्छ, र बिओमेदिचिनम दुवै प्रकारका अनुसन्धानको आवश्यकतालाई सन्तुलनमा राख्ने प्रयासकाका चुनौती चुनौतीहरुलाई उजागर गर्दछ।
----------------------------------------
[550] Roman: yasle dekhaunchha ki tatkal samadhanko chahana, bujhna sakinne bhaye pani, aadharbhut vigyanko mahattwa dwara kam garnupardachha, jun dhilo huna sakchha tara lamo samayasamma adhik aadharbhut huna sakchha.
  Expected: यसले देखाउँछ कि तत्काल समाधानको चाहना, बुझ्न सकिने भए पनि, आधारभूत विज्ञानको महत्त्वद्वारा कम गर्नुपर्दछ, जुन ढिलो हुन सक्छ तर लामो समयसम्म अधिक आधारभूत हुन सक्छ।
  Got:      यसले देखाउँछ कि तत्काल समाधानको समाधानको, बुझ्न बुझ्न भए पनि, आधारभूत विज्ञानको महत्त्व महत्त्वद्वारा काम गर्नुपर्दछ, जुन ढिलो हुन सक्छ तर लामो समयसम्म अधिक आधारभूत हुन सक्छ।
----------------------------------------
[552] Roman: yo drishtikon, ekal-agent chemotherapy bhanda praayah prabhavkari bhaye pani, gambhir side effectharu ra biramiharuma, ra chikitsakharu, nurseharu, ra anya chikitsa karmachariharuma pani thulo bhavanatmak bojhko sath aayo, jasle yi gahan prakriyaharu pura garnupareko thiyo.
  Expected: यो दृष्टिकोण, एकल-एजेन्ट केमोथेरापी भन्दा प्रायः प्रभावकारी भए पनि, गम्भीर साइड इफेक्टहरू र बिरामीहरूमा, र चिकित्सकहरू, नर्सहरू, र अन्य चिकित्सा कर्मचारीहरूमा पनि ठूलो भावनात्मक बोझको साथ आयो, जसले यी गहन प्रक्रियाहरू पूरा गर्नुपरेको थियो।
  Got:      यो दृष्टिकोण, एकल-अगेँत केमोथेरापीभन्दा प्रायः प्रभावकारी भए पनि, गम्भीर साइड इफेक्टहरू र बिरामीहरूमा, र चिकित्सकहरू, नर्सहरू, र अन्य चिकित्सा कर्मचारीहरूमा पनि ठूलो भावनात्मक बोझको साथ आयो, जसले यी गहन प्रक्रियाहरू पूरा गर्नुपरेको थियो।
----------------------------------------
[553] Roman: adhyayale leukemia ko lagi VAMP protocol jasta sanyojan chemotherapy protocolharuko bikas ko barema bistrit jankari dinchha, jasle cancer upacharko badhdo jatilta ra bishaktalaai prabhavkaritasanga kasari ramrosanga santulanma rakhne bhanne barema chalirheka ch चुनौती haru pradarshan gardachha.
  Expected: अध्यायले ल्युकेमियाको लागि VAMP प्रोटोकल जस्ता संयोजन केमोथेरापी प्रोटोकलहरूको विकासको बारेमा विस्तृत जानकारी दिन्छ, जसले क्यान्सर उपचारको बढ्दो जटिलता र विषाक्ततालाई प्रभावकारितासँग कसरी राम्रोसँग सन्तुलनमा राख्ने भन्ने बारेमा चलिरहेका चुनौतीहरू प्रदर्शन गर्दछ।
  Got:      अध्यायले ल्युकेमियाको लागि VAMP प्रोटोकल जस्ता संयोजन केमोथेरापी प्रोटोकलहरूको विकासको बारेमा विस्तृत जानकारी दिन्छ, जसले क्यान्सर उपचारको बढ्दो जटिलता र विषाक्ततालाई प्रभावकारितासँग कसरी राम्रोसँग सन्तुलनमा राख्ने भन्ने बारेमा बारेमा चुनौती चुनौतीहरू प्रदर्शन गर्दछ।
----------------------------------------
[555] Roman: yasle naya upacharharuko prabhavkaritako vastunishtha mulyankan garna ra baigyanik pramanma aadharit jankarimulak sipharishharu garnama tathyaankabid, data bishleshakharu, ra anya anusandhan professionalharuko mahatwapurna bhumikalaai jod dinchha.
  Expected: यसले नयाँ उपचारहरूको प्रभावकारिताको वस्तुनिष्ठ मूल्याङ्कन गर्न र वैज्ञानिक प्रमाणमा आधारित जानकारीमूलक सिफारिसहरू गर्नमा तथ्याङ्कविद्, डेटा विश्लेषकहरू, र अन्य अनुसन्धान पेशेवरहरूको महत्त्वपूर्ण भूमिकालाई जोड दिन्छ।
  Got:      यसले नयाँ उपचारहरूको प्रभावकारिताको वस्तुनिष्ठ मूल्याङ्कन गर्न र वैज्ञानिक प्रमाणमा आधारित जानकारीमूलक सिफारिसहरू गर्नमा तथ्याङ्कविद्, डाटा विश्लेषकहरू, र अन्य अनुसन्धान पेशेवरहरूको महत्त्वपूर्ण भूमिकालाई जोड दिन्छ।
----------------------------------------
[557] Roman: adhyayale mastishkma cancerko "abhayarnya" ko abadharanalaai thap anweshan gardachha, jahan rakta-mastishka badha, ek surakshak jhillile dherai chemotherapy aushadhiharulai cancer koshikaharuma prabhavkari roopma pugnabata rokeko thiyo, jasle garda praayah punarabritti hunthyo ra prabhavkari upachartirphako batoma arko thulo badha prastut garyo.
  Expected: अध्यायले मस्तिष्कमा क्यान्सरको "अभयारण्य" को अवधारणालाई थप अन्वेषण गर्दछ, जहाँ रक्त-मस्तिष्क बाधा, एक सुरक्षात्मक झिल्लीले धेरै केमोथेरापी औषधिहरूलाई क्यान्सर कोशिकाहरूमा प्रभावकारी रूपमा पुग्नबाट रोकेको थियो, जसले गर्दा प्रायः पुनरावृत्ति हुन्थ्यो र प्रभावकारी उपचारतर्फको बाटोमा अर्को ठूलो बाधा प्रस्तुत गर्‍यो।
  Got:      अध्यायले मस्तिष्कमा क्यान्सरको "अभयारण्य" को अवधारणालाई थप अन्वेषण गर्दछ, जहाँ रक्त-मस्तिशका बाधा, एक सुरक्षात्मक झिल्लीले धेरै केमोथेरापी औषधिहरूलाई क्यान्सर कोशिकाहरूमा प्रभावकारी रूपमा पुग्नबाट रोकेको थियो, जसले गर्दा प्रायः पुनरावृत्ति हुन्थ्यो र प्रभावकारी उपचारतर्फको बाटोमा अर्को ठूलो बाधा प्रस्तुत गर्‍यो।
----------------------------------------
[558] Roman: "Lamo Prayasko Phal" shirshakko adhyaya 5 le chemotherapyko prarambhik din dekhi cancer upacharma bhayeko pragatiko bistrit simhabalokan pradan gardachha, ra yasle baki raheka dherai chunautiharko imandar mulyankan pradan gardachha.
  Expected: "लामो प्रयासको फल" शीर्षकको अध्याय ५ ले केमोथेरापीको प्रारम्भिक दिनदेखि क्यान्सर उपचारमा भएको प्रगतिको विस्तृत सिंहावलोकन प्रदान गर्दछ, र यसले बाँकी रहेका धेरै चुनौतीहरूको इमानदार मूल्याङ्कन प्रदान गर्दछ।
  Got:      "लामो प्रयासको फलस्वरूप" शीर्षकको अध्याय ५.ले केमोथेरापीको प्रारम्भिक दिनदेखि क्यान्सर उपचारमा भएको प्रगतिको विस्तृत सिम्हबलोकन प्रदान गर्दछ, र यसले बाँकी रहेका धेरै चुनौतिहरको इमँदर मूल्याङ्कन प्रदान गर्दछ।
----------------------------------------
[563] Roman: adhyayale vikiran therapyma bhayeka pragatiharuko bistrit jankari dinchha, visheshgari hodgkin rogko lagi bistarit field vikiran therapyko bikas, jun pahileka drishtikondharu bhanda adhik satik ra prabhavkari thiyo, ra saathai MOPP protocol jasta thap prabhavkari chemotherapy sanyojanharuko bikas.
  Expected: अध्यायले विकिरण थेरापीमा भएका प्रगतिहरूको विस्तृत जानकारी दिन्छ, विशेष गरी होडकिन रोगको लागि विस्तारित फिल्ड विकिरण थेरापीको विकास, जुन पहिलेका दृष्टिकोणहरू भन्दा अधिक सटीक र प्रभावकारी थियो, र साथै MOPP प्रोटोकल जस्ता थप प्रभावकारी केमोथेरापी संयोजनहरूको विकास।
  Got:      अध्यायले विकिरण थेरप्यमा भएका प्रगतिहरूको विस्तृत जानकारी दिन्छ, गरी होद्ग्किन रोगको लागि विस्तारित फिएल्द विकिरण थेरप्यको विकास, जुन पहिलेका दृष्टिकोणहरूभन्दा अधिक सटीक र प्रभावकारी थियो, र साथै मोप्प प्रोटोकल जस्ता थप प्रभावकारी केमोथेरापी संयोजनहरुको विकास।
----------------------------------------
[565] Roman: cancerko "multi-hit" siddhanta prastut gariyeko chha, jasle bataunchha ki samanya koshika cancer koshikama roopantaran hunako lagi praayah dherai aanuwanshik utparibartanharu aawashyak hunchhan.
  Expected: क्यान्सरको "मल्टी-हिट" सिद्धान्त प्रस्तुत गरिएको छ, जसले बताउँछ कि सामान्य कोशिका क्यान्सर कोशिकामा रूपान्तरण हुनको लागि प्रायः धेरै आनुवंशिक उत्परिवर्तनहरू आवश्यक हुन्छन्।
  Got:      क्यान्सरको "मुल्ती-हित" सिद्धान्त प्रस्तुत गरिएको छ, जसले बताउँछ कि सामान्य कोशिका क्यान्सर कोशिकामा रूपान्तरण हुनको लागि प्रायः धेरै आनुवंशिक उत्परिवर्तनहरू आवश्यक हुन्छन्।
----------------------------------------
[569] Roman: "Ke Ma Thik Huna Sakina Bhane, Ke Tapai Malaai Bahira Nikalnu Hunchha?" shirshakko adhyaya 6 le cancer herchahako naitik ra bhavanatmak aayamharuma dhyan kendrit gardachha.
  Expected: "के म ठिक हुन सकिन भने, के तपाईं मलाई बाहिर निकाल्नु हुन्छ?" शीर्षकको अध्याय ६ ले क्यान्सर हेरचाहको नैतिक र भावनात्मक आयामहरूमा ध्यान केन्द्रित गर्दछ।
  Got:      "के मा ठीक हुन सकिन भने, के ‘तपाईं मलाई बाहिर निकाल्नु हुन्छ?" शीर्षकको अध्याय ६ले क्यान्सर हेरचाहको नैतिक र भावनात्मक आयामहरूमा ध्यान केन्द्रित गर्दछ।
----------------------------------------
[570] Roman: yasle kathin nidanharu sanchar garne ch चुनौती haru, birami-kendrit herchahako mahattwa, ra birami wakalatko udayko barema khojchha.
  Expected: यसले कठिन निदानहरू सञ्चार गर्ने चुनौतीहरू, बिरामी-केन्द्रित हेरचाहको महत्त्व, र बिरामी वकालतको उदयको बारेमा खोज्छ।
  Got:      यसले कठिन निदानहरू सञ्चार गर्ने चुनौती चुनौतीहरू, बिरामी-केन्द्रित हेरचाहको महत्त्व, र बिरामी उदयको उदयको बारेमा खोज्छ।
----------------------------------------
[573] Roman: adhyayale biramilaai kebal rogko roopma matra nabai ek sampurna vyaktiko roopma vyavahar garnuparne mahattwama jod dinchha. yasle doctor-birami sambandhma sahanubhuti, karuna ra imandariko mahatwapurna bhumikalaai prakash parchha.
  Expected: अध्यायले बिरामीलाई केवल रोगको रूपमा मात्र नभई एक सम्पूर्ण व्यक्तिको रूपमा व्यवहार गर्नुपर्ने महत्त्वमा जोड दिन्छ। यसले डाक्टर-बिरामी सम्बन्धमा सहानुभूति, करुणा र इमानदारीको महत्त्वपूर्ण भूमिकालाई प्रकाश पार्छ।
  Got:      अध्यायले बिरामीलाई केवल रोगको रूपमा मात्र नभई एक सम्पूर्ण व्यक्तिको रूपमा व्यवहार गर्नुपर्ने महत्त्वमा जोड दिन्छ। यसले दोच्तोर-बिरामी सम्बन्धमा सहानुभूति, करुणा र इमानदारीको महत्त्वपूर्ण भूमिकालाई प्रकाश पार्छ।
----------------------------------------
[574] Roman: shirshakle aaphaima dherai cancer rogi harule aphno upachar asafal bhayema tyagine dar mahasus garne kuralai pratibimbit gardachha.
  Expected: शीर्षकले आफैँमा धेरै क्यान्सर रोगीहरूले आफ्नो उपचार असफल भएमा त्यागिने डर महसुस गर्ने कुरालाई प्रतिबिम्बित गर्दछ।
  Got:      शीर्षकले आफैँमा धेरै क्यान्सर रोगीहरूले आफ्नो उपचार असफल भएमा त्यागिने दर महसुस गर्ने कुरालाई प्रतिबिम्बित गर्दछ।
----------------------------------------
[575] Roman: adhyaya 7, "shatru lai chinnu," le cancer koshikaharuko bhittri karya ra tinharko aanuwanshik aadharlaai anweshan gardai cancerko cellular ra aanwik jeevbigyanako barema bataunchha.
  Expected: अध्याय ७, "शत्रुलाई चिन्नु," ले क्यान्सर कोशिकाहरूको भित्री कार्य र तिनीहरूको आनुवंशिक आधारलाई अन्वेषण गर्दै क्यान्सरको सेलुलर र आणविक जीवविज्ञानको बारेमा बताउँछ।
  Got:      अध्याय ७, "शत्रुलाई चिन्नु," ले क्यान्सर कोशिकाहरूको भित्री कार्य र तिनीहरूको आनुवंशिक आधर्लाइ अन्वेषण गर्दै क्यान्सरको सेलुलर र आणविक जीव्बिज्ञ्नको बारेमा बताउँछ।
----------------------------------------
[576] Roman: yasle cancer bikaslai chalaune aadharbhut jaibik prakriyaharu bujhnako lagi euta dhancha pradan gardai, "cancerka chhaota visheshtaharu" prastut gardachha: briddhi sanketharuma aatma-paryaptata, briddhi-awarodhak sanketharupati asambedanshilata, program gariyeko cell mrityu (apoptosis) ko bewasta, aseemit pratikriti kshamata, nirantar angiogenesis (naya rakta naliharuko gathan), ra tantu aakraman ra metastasis.
  Expected: यसले क्यान्सर विकासलाई चलाउने आधारभूत जैविक प्रक्रियाहरू बुझ्नको लागि एउटा ढाँचा प्रदान गर्दै, "क्यान्सरका छवटा विशेषताहरू" प्रस्तुत गर्दछ: वृद्धि सङ्केतहरूमा आत्म-पर्याप्तता, वृद्धि-अवरोधक सङ्केतहरूप्रति असंवेदनशीलता, प्रोग्राम गरिएको सेल मृत्यु (एपोप्टोसिस) को बेवास्ता, असीमित प्रतिकृति क्षमता, निरन्तर एन्जियोजेनेसिस (नयाँ रक्त नलीहरूको गठन), र तन्तु आक्रमण र मेटास्टेसिस।
  Got:      यसले क्यान्सर विकासलाई चलाउने आधारभूत जैविक प्रक्रियाहरू बुझ्नको लागि एउटा ढाँचा प्रदान गर्दै, "क्यान्सरका छवटा विशेषताहरू" प्रस्तुत गर्दछ: वृद्धि सङ्केतहरूमा आतम-पर्यप्तत, वृद्धि-अवरोधक सङ्केतहरूप्रति असंवेदनशीलता, प्रोग्राम गरिएको सेल मृत्यु (एपोप्टोसिस) को बेवास्ता, असीमित प्रतिकृति क्षमता, निरन्तर एन्जियोजेनेसिस (नयाँ रक्त नलीहरूको गठन), र तन्तु आक्रमण र मेटास्टेसिस।
----------------------------------------
[580] Roman: "Hamro Samanya Swaroopko Bikrit Sanskaran" shirshakko upasamharle "Sabai Rogharuko Samrat" ko kathalai purna chakrama lyaunchha, lekhak ra unaka biramiharuko vyaktigat anubhavma farkera, visheshgari carlako kathama, ek birami jasko upachar margale pustakma khoyieka dherai bishayabastuharulai pratibimbit gardachha, visheshgari cancersanga ladne manav lagat, ra upacharko bistarit margako vastavikata.
  Expected: "हाम्रो सामान्य स्वरूपको विकृत संस्करण" शीर्षकको उपसंहारले "सबै रोगहरूको सम्राट" को कथालाई पूर्ण चक्रमा ल्याउँछ, लेखक र उनका बिरामीहरूको व्यक्तिगत अनुभवमा फर्केर, विशेष गरी कार्लोको कथामा, एक बिरामी जसको उपचार मार्गले पुस्तकमा खोजिएका धेरै विषयवस्तुहरूलाई प्रतिबिम्बित गर्दछ, विशेष गरी क्यान्सरसँग लड्ने मानव लागत, र उपचारको विस्तारित मार्गको वास्तविकता।
  Got:      "हाम्रो सामान्य F1को बिकृत संस्करण" शीर्षकको उपसंहारले "सबै रोगहरूको सम्राट" को कथालाई पूर्ण चक्रमा ल्याउँछ, लेखक र उनका बिरामीहरूको व्यक्तिगत अनुभवमा फर्केर, गरी चर्लको कथामा, एक बिरामी जसको उपचार मार्गले पुस्तकमा खोयिएका धेरै विषयवस्तुहरुलाई प्रतिबिम्बित गर्दछ, गरी क्यान्सरसँग लद्ने मानव लागत, र उपचारको विस्तारित मार्गको गम्भीर।
----------------------------------------
[581] Roman: yo vyaktigat kathale cancerko manaviya anubhavko marmik ra aawashyak anusmarakko roopma kam gardachha, ra sahanubhuti ra karunako nirantar aawashyakata, ra birami ra pariwarharule samana garne ch चुनौती haruko barema pani bataunchha.
  Expected: यो व्यक्तिगत कथाले क्यान्सरको मानवीय अनुभवको मार्मिक र आवश्यक अनुस्मारकको रूपमा काम गर्दछ, र सहानुभूति र करुणाको निरन्तर आवश्यकता, र बिरामी र परिवारहरूले सामना गर्ने चुनौतीहरूको बारेमा पनि बताउँछ।
  Got:      यो व्यक्तिगत कथाले क्यान्सरको मानवीय अनुभवको मार्मिक र आवश्यक अनुस्मरकको रूपमा काम गर्दछ, र सहानुभूति र करुणाको निरन्तर आवश्यकता, र बिरामी र परिवरहरुले सामना गर्ने चुनौती चुनौतीहरुको बारेमा पनि बताउँछ।
----------------------------------------
[582] Roman: upasamharle cancer upacharma bhayeko dhilo ra kramik pragatima pani pratibimbit gardachha, yo kura swikardai ki tyahan ajhai ekal, nishchit "jadui goli" chhaina, tara pani dashakaundekhi astitwa darma mahatwapurna sudharharu hasil gariyeka chhan.
  Expected: उपसंहारले क्यान्सर उपचारमा भएको ढिलो र क्रमिक प्रगतिमा पनि प्रतिबिम्बित गर्दछ, यो कुरा स्वीकार्दै कि त्यहाँ अझै एकल, निश्चित "जादुई गोली" छैन, तर पनि दशकौंदेखि अस्तित्व दरमा महत्वपूर्ण सुधारहरू हासिल गरिएका छन्।
  Got:      उपसंहारले क्यान्सर उपचारमा भएको ढिलो र क्रमिक प्रगतिमा पनि प्रतिबिम्बित गर्दछ, यो कुरा स्वीकार्दै कि त्यहाँ अझै एकल, निश्चित "जादुई गोली" छैन, तर पनि दशकौंदेखि अस्तित्व दरमा महत्त्वपूर्ण सुधारहरू हासिल गरिएका छन्।
----------------------------------------
[583] Roman: upasamharle, tathapi, yo kura ma jod dinchha ki cancer ek darlagdo shatru ho, yo ajhai pani upachar garna abiswashniya roopma gahro chha, ra yasko biruddhako ladai nirantar, bahuaayamik ra sadhai bikasit bhairheko prakriya ho, ra hami yo sangharshako antyatir kahin pani chhainaun.
  Expected: उपसंहारले, तथापि, यो कुरामा जोड दिन्छ कि क्यान्सर एक डरलाग्दो शत्रु हो, यो अझै पनि उपचार गर्न अविश्वसनीय रूपमा गाह्रो छ, र यसको विरुद्धको लडाइँ निरन्तर, बहुआयामिक र सधैँ विकसित भइरहेको प्रक्रिया हो, र हामी यो सङ्घर्षको अन्त्यतिर कतै पनि छैनौं।
  Got:      उपसंहारले, तथापि, यो कुरा मा जोड दिन्छ कि क्यान्सर एक डरलाग्दो शत्रु हो, यो अझै पनि उपचार गर्न अविश्वसनीय रूपमा गह्रो छ, र यसको विरुद्धको लदै निरन्तर, बहुआयामिक र सधैं विकसित भइरहेको प्रक्रिया हो, र हामी यो संघर्षको अँत्यतिर कहिन पनि छैनौन।
----------------------------------------
[586] Roman: antama, lekhakle aushadhiko roopko sthayi prakritima pratibimbit gardachha, yasako samagri pariwartan bhaye tapani. uhaale hamilai samjhaunuhunchha ki vigyan ra prabidhile pragati garirahada, yasto lagatar ra jatil ch चुनौती ko samana garna samarpana ra manav sambandhko nirantar aawashyakata chha, ra jatil ra ghatak rogharuisanga ladirheka biramiharuko lagi herchah pradan garna aawashyak chha.
  Expected: अन्तमा, लेखकले औषधिको रूपको स्थायी प्रकृतिमा प्रतिबिम्बित गर्दछ, यसको सामग्री परिवर्तन भए तापनि। उहाँले हामीलाई सम्झाउनुहुन्छ कि विज्ञान र प्रविधिले प्रगति गरिरहँदा, यस्तो लगातार र जटिल चुनौतीको सामना गर्न समर्पण र मानव सम्बन्धको निरन्तर आवश्यकता छ, र जटिल र घातक रोगहरूसँग लडिरहेका बिरामीहरूको लागि हेरचाह प्रदान गर्न आवश्यक छ।
  Got:      अन्तमा, लेखकले औषधिको रूपको स्थायी प्रकृतिमा प्रतिबिम्बित गर्दछ, यसको सामग्री परिवर्तन भए तापनि। उहाँले हामीलाई सम्झौनुहुन्छ कि विज्ञान र र प्रगति प्रगति, यस्तो लगातार र जटिल चुनौती चुनौतीको सामना गर्न समर्पण र मानव सम्बन्धको निरन्तर आवश्यकता छ, र जटिल र घातक रोगहरूसँग लडिरहेका बिरामीहरूको लागि हेरचाह प्रदान गर्न आवश्यक छ।
----------------------------------------
[587] Roman: aaunuhos, mitochondria, ATP, ra cellular urja utpadanma tinharko mahatwapurna bhumikaharuko jatil sansarma gahiriyera jaaun.
  Expected: आउनुहोस्, माइटोकोन्ड्रिया, एटीपी, र सेलुलर ऊर्जा उत्पादनमा तिनीहरूको महत्त्वपूर्ण भूमिकाहरूको जटिल संसारमा गहिरिएर जाऔं।
  Got:      आउनुहोस्, माइटोकोन्ड्रिया, ATP, र सेलुलर ऊर्जा उत्पादनमा तिनीहरूको महत्त्वपूर्ण भूमिकाहरूको जटिल संसारमा गहिरिएर जाऔं।
----------------------------------------
[588] Roman: eukaryotic koshikaharu (kendrak bhayeka koshikaharu) bhitra sarvavyapi angaharu, mitochondrialaai praayah "koshikako powerhouse" bhanera upanam dinchha, cellular urja utpadanma tinharko kendriya bhumikalaai dhyanma rakhdai yo upayukta nam ho.
  Expected: युकेरियोटिक कोशिकाहरू (केन्द्रक भएका कोशिकाहरू) भित्र सर्वव्यापी अंगहरू, माइटोकोन्ड्रियालाई प्रायः "कोशिकाको पावरहाउस" भनेर उपनाम दिइन्छ, सेलुलर ऊर्जा उत्पादनमा तिनीहरूको केन्द्रीय भूमिकालाई ध्यानमा राख्दै यो उपयुक्त नाम हो।
  Got:      युकेरियोटिक कोशिकाहरू (केन्द्रक भएका कोशिकाहरू) भित्र सर्वव्यापी अंगहरू, माइटोकोन्ड्रियालाई प्रायः "कोशिकाको पावरहाउस" भनेर उपनाम दिन्छ, सेलुलर ऊर्जा उत्पादनमा तिनीहरूको केन्द्रीय भूमिकालाई ध्यानमा ध्यानमा यो उपयुक्त नाम हो।
----------------------------------------
[589] Roman: yi gatishil, dohoro jhill-badhieka sanrachanaharoo kebal sthir urja karkhanaharu matra hoainan; tiniharu atyadhik anukulaney chhan ra urja utpadanbhanda bahira bibhinna cellular prakriyaharuma bhag linchhan, jasama calcium sanketan, koshika mrityu (apoptosis), ra cellular metabolism samavesh chhan.
  Expected: यी गतिशील, दोहोरो झिल्ली-बाँधिएका संरचनाहरू केवल स्थिर ऊर्जा कारखानाहरू मात्र होइनन्; तिनीहरू अत्यधिक अनुकूलनीय छन् र ऊर्जा उत्पादनभन्दा बाहिर विभिन्न सेलुलर प्रक्रियाहरूमा भाग लिन्छन्, जसमा क्याल्सियम सङ्केतन, कोशिका मृत्यु (एपोप्टोसिस), र सेलुलर मेटाबोलिज्म समावेश छन्।
  Got:      यी गतिशील, दोहोरो झिल्ली-बधिएका संरचनाहरू केवल स्थिर ऊर्जा कारखानाहरू मात्र होइनन्; तिनीहरू अत्यधिक अनुकूलनीय छन् र ऊर्जा उत्पादनभन्दा बाहिर विभिन्न सेलुलर प्रक्रियाहरूमा भाग लिन्छन्, जसमा क्याल्सियम सङ्केतन, कोशिका मृत्यु (एपोप्टोसिस), र सेलुलर मेटाबोलिज्म समावेश छन्।
----------------------------------------
[595] Roman: yo anutho aanuwanshik samagrile mitochondria lai aaphnai kehi proteinharu sansleshan garna anumati dinchha, yadyapi dheraijaso mitochondrial proteinharu aanwik DNA dwara code gariyeka chhan ra angma aayat gariyeka chhan.
  Expected: यो अद्वितीय आनुवंशिक सामग्रीले माइटोकोन्ड्रियालाई आफ्नै केही प्रोटीनहरू संश्लेषण गर्न अनुमति दिन्छ, यद्यपि धेरैजसो माइटोकोन्ड्रियाल प्रोटीनहरू आणविक डीएनएद्वारा कोड गरिएका छन् र अंगमा आयात गरिएका छन्।
  Got:      यो अनुथो आनुवंशिक सामग्रीले माइटोकोन्ड्रियालाई आफ्नै केही प्रोटीनहरू संश्लेषण गर्न अनुमति दिन्छ, यद्यपि धेरैजसो माइटोकोन्ड्रियाल प्रोटीनहरू आणविक डीएनए महत्त्वद्वारा कोड गरिएका छन् र अङम आयत गरिएका छन्।
----------------------------------------
[596] Roman: adenosine triphosphate, wa ATP, koshikako prathamik urja mudra ho.
  Expected: एडिनोसिन ट्राइफोस्फेट, वा एटीपी, कोशिकाको प्राथमिक ऊर्जा मुद्रा हो।
  Got:      एडिनोसिन ट्राइफोस्फेट, वा ATP, कोशिकाको प्राथमिक ऊर्जा मुद्रा हो।
----------------------------------------
[597] Roman: yo ek jatil anu ho jun adenosine base (ribose chini ma jodieko adenine) ra phosphoanhydride bandhan dwara eksath jodieko tin phosphate samuhaharu milera baneko hunchha.
  Expected: यो एक जटिल अणु हो जुन एडिनोसिन बेस (राइबोज चिनीमा जोडिएको एडेनिन) र फस्फोएनहाइड्राइड बन्धनद्वारा एकसाथ जोडिएको तीन फस्फेट समूहहरू मिलेर बनेको हुन्छ।
  Got:      यो एक जटिल अणु हो जुन एडिनोसिन बेस (राइबोज चिनीमा जोडिएको एडेनिन) र फोस्फोअन्ह्य्दृदे बन्धन महत्त्वद्वारा एकसाथ जोडिएको तीन फस्फेट समूहहरू मिलेर बनेको हुन्छ।
----------------------------------------
[601] Roman: yas ko biparit, ATP punah utpanna garna ADP ma phosphate samuh thapnako lagi urja aawashyak chha: ADP + Pi + urja → ATP.
  Expected: यसको विपरित, एटीपी पुन: उत्पन्न गर्न ADP मा फस्फेट समूह थप्नको लागि ऊर्जा आवश्यक छ: ADP + Pi + ऊर्जा → ATP।
  Got:      यसको विपरित, ATP पुन उत्पन्न गर्न ADP फस्फेट समूह थप्नको लागि ऊर्जा आवश्यक छ: ADP + Pi + ऊर्जा → ATP।
----------------------------------------
[602] Roman: ATP hydrolysis ra punarutpadanko yo nirantar chakra le cellular urja sthanantaranko aadhar banaunchha.
  Expected: एटीपी हाइड्रोलाइसिस र पुनरुत्पादनको यो निरन्तर चक्रले सेलुलर ऊर्जा स्थानान्तरणको आधार बनाउँछ।
  Got:      ATP हाइड्रोलाइसिस र पुनरुत्पादनको यो निरन्तर चक्रले सेलुलर ऊर्जा स्थानान्तरणको आधार बनाउँछ।
----------------------------------------
[603] Roman: ATP lai rechargeable batteryko roopma sochnuhos; yasle "charge" hudaa (ATP ko roopma) urja bhandaran gardachha ra "discharge" hunda (ADP ko roopma) urja chhodchha. koshikale sajilai uplabdha urja aapurti kayam rakhnako lagi ADP lai lagatar ATP ma recharge garchha.
  Expected: एटीपीलाई रिचार्जेबल ब्याट्रीको रूपमा सोच्नुहोस्; यसले "चार्ज" हुँदा (एटीपीको रूपमा) ऊर्जा भण्डारण गर्दछ र "डिस्चार्ज" हुँदा (ADP को रूपमा) ऊर्जा छोड्छ। कोशिकाले सजिलै उपलब्ध ऊर्जा आपूर्ति कायम राख्नको लागि ADP लाई लगातार ATP मा रिचार्ज गर्छ।
  Got:      एटीपीलाई रेचर्गेअबले बत्तेर्यको रूपमा सोच्नुहोस्; यसले "चार्ज" हुदा (एटीपीको रूपमा) ऊर्जा भण्डारण गर्दछ र "दिस्चर्गे" हुँदा (ADPको रूपमा) ऊर्जा छोड्छ। कोशिकाले सजिलै उपलब्ध ऊर्जा आपुर्ती कायम राख्नको लागि ADPलाई लगातार एटीपीमा रेचर्गे गर्छ।
----------------------------------------
[604] Roman: ATP synthase bhitri mitochondriyal jhillima sammilit ek ullekhniya aanwik mesin ho.
  Expected: एटीपी सिन्थेज भित्री माइटोकोन्ड्रियाल झिल्लीमा सम्मिलित एक उल्लेखनीय आणविक मेसिन हो।
  Got:      ATP सिन्थेज भित्री माइटोकोन्ड्रियाल झिल्लीमा सम्मिलित एक उल्लेखनीय आणविक मेसिन हो।
----------------------------------------
[605] Roman: yo ek jatil protein complex ho jasle jaibik rotary motorko roopma karya gardachha, ATP sansleshan garna proton (H+) gradientko urjako upyog gardachha.
  Expected: यो एक जटिल प्रोटिन कम्प्लेक्स हो जसले जैविक रोटरी मोटरको रूपमा कार्य गर्दछ, एटीपी संश्लेषण गर्न प्रोटोन (H+) ग्रेडियन्टको ऊर्जाको उपयोग गर्दछ।
  Got:      यो एक जटिल प्रोटिन कम्प्लेक्स हो जसले जैविक रोटरी मोटरको रूपमा कार्य गर्दछ, ATP संश्लेषण गर्न प्रोटोन (H+) ग्रेडियन्टको ऊर्जाको उपयोग गर्दछ।
----------------------------------------
[607] Roman: ATP synthase ma duiwota mukhya componentharu hunchhan: Fo ra F1.
  Expected: एटीपी सिन्थेजमा दुईवटा मुख्य कम्पोनेन्टहरू हुन्छन्: Fo र F1।
  Got:      ATP सिन्थेजमा दुईवटा मुख्य कम्पोनेन्टहरू हुन्छन्: Fo र F1।
----------------------------------------
[608] Roman: Fo component bhitri jhillibhitra sammilit chha ra ek channel banaunchha jasako madhyambata protonharu pravah huna sakchhan.
  Expected: Fo कम्पोनेन्ट भित्री झिल्ली भित्र सम्मिलित छ र एक च्यानल बनाउँछ जसको माध्यमबाट प्रोटोनहरू प्रवाह हुन सक्छन्।
  Got:      Fo कम्पोनेन्ट भित्री भित्र सम्मिलित छ र एक च्यानल बनाउँछ जसको माध्यमबाट प्रोटोनहरू प्रवाह हुन सक्छन्।
----------------------------------------
[609] Roman: F1 component mitochondrial matrixma phailaeko chha ra yasama ATP sansleshan ko lagi utprerak siteharu chhan.
  Expected: F1 कम्पोनेन्ट माइटोकोन्ड्रियाल म्याट्रिक्समा फैलिएको छ र यसमा एटीपी संश्लेषणको लागि उत्प्रेरक साइटहरू छन्।
  Got:      F1 कम्पोनेन्ट माइटोकोन्ड्रियाल म्याट्रिक्समा फैलिएको छ र यसमा ATP संश्लेषणको लागि उत्प्रेरक साइटहरू छन्।
----------------------------------------
[611] Roman: yo ghumaaule ADP ra ajaibik phosphate lai eksath bandhna aawashyak parne mechanical urja pradan gardachha, ATP banaunchha.
  Expected: यो घुमाउले ADP र अजैविक फस्फेटलाई एकसाथ बाँध्न आवश्यक पर्ने मेकानिकल ऊर्जा प्रदान गर्दछ, ATP बनाउँछ।
  Got:      यो घुमाउले ADP र अजैविक फस्फेटलाई एकसाथ बाँध्न आवश्यक पार्ने मेकानिकल ऊर्जा प्रदान गर्दछ, ATP बनाउँछ।
----------------------------------------
[612] Roman: yo prakriyalaai chemiosmosis bhanninchha, jhillima aayanharu (proton) ko prasar ma rasayanik bandhan gathan (ATP sansleshan) ko yugman.
  Expected: यो प्रक्रियालाई केमिओस्मोसिस भनिन्छ, झिल्लीमा आयनहरू (प्रोटोन) को प्रसारमा रासायनिक बन्धन गठन (एटीपी संश्लेषण) को युग्मन।
  Got:      यो प्रक्रियालाई केमियोस्मोसिस भनिन्छ, झिल्लीमा आयनहरू (प्रोटोन) को प्रसारमा रासायनिक बन्धन गठन (ATP संश्लेषण) को युग्मन।
----------------------------------------
[614] Roman: 1. Glycolysis: yo prarambhik charan cytoplasm ma hunchha ra yasama glucose lai pyruvate ko dui anuharuma bibhajan samavesh chha. glycolysis le ATP ko sano shuddha labh (2 anuharu) ra NADH (nicotinamide adenine dinucleotide), ek uchcha-urja electron carrier utpadan gardachha.
  Expected: १. ग्लाइकोलाइसिस: यो प्रारम्भिक चरण साइटोप्लाज्ममा हुन्छ र यसमा ग्लुकोजलाई पाइरूभेटको दुई अणुहरूमा विभाजन समावेश छ। ग्लाइकोलाइसिसले ATP को सानो शुद्ध लाभ (२ अणुहरू) र NADH (निकोटिनामाइड एडेनिन डाइन्युक्लियोटाइड), एक उच्च-ऊर्जा इलेक्ट्रोन क्यारियर उत्पादन गर्दछ।
  Got:      १.। ग्लाइकोलाइसिस: यो प्रारम्भिक चरण साइटोप्लाज्ममा हुन्छ र यसमा ग्लुकोजलाई पाइरूभेटको दुई अणुहरुमा विभाजन समावेश छ। ग्लाइकोलाइसिसले एटीपीको सानो शुद्ध लाभ (२ अणुहरू) र NADH (निचोतिनमिदे एडेनिन डाइन्युक्लियोटाइड), एक उच्च-ऊर्जा इलेक्ट्रोन क्यारियर उत्पादन गर्दछ।
----------------------------------------
[615] Roman: 2. Krebs Chakra (Citric Acid Chakra): mitochondrial matrixma, pyruvatelai acetyl-CoAma roopantaran garinchha, jun krebs chakram pravesh gardachha. pratikriyaharuko yo chakriya shrinkhalale thap NADH ra FADH2 (flavin adenine dinucleotide), arko electron carrier, saathai kehi ATP ra carbon dioxide lai upa-utpad ko roopma utpadan gardachha.
  Expected: २. क्रेब्स चक्र (साइट्रिक एसिड चक्र): माइटोकोन्ड्रियाल म्याट्रिक्समा, पाइरूभेटलाई एसिटाइल-कोएमा रूपान्तरण गरिन्छ, जुन क्रेब्स चक्रमा प्रवेश गर्दछ। प्रतिक्रियाहरूको यो चक्रीय शृङ्खलाले थप NADH र FADH2 (फ्लेभिन एडेनिन डाइन्युक्लियोटाइड), अर्को इलेक्ट्रोन क्यारियर, साथै केही ATP र कार्बन डाइअक्साइडलाई उप-उत्पादको रूपमा उत्पादन गर्दछ।
  Got:      २। क्रेब्स चक्र (साइट्रिक एसिड चक्र): माइटोकोन्ड्रियाल म्याट्रिक्समा, पाइरूभेटलाई अचेत्य्ल-चोअम रूपान्तरण गरिन्छ, जुन क्रेब्स चक्रमा प्रवेश गर्दछ। प्रतिक्रियाहरूको यो चक्रीय शृङ्खलाले थप NADH र FADH2 (फ्लेभिन एडेनिन डाइन्युक्लियोटाइड), अर्को इलेक्ट्रोन क्यारियर, साथै केही ATP र कार्बन डाइअक्साइडलाई उप-उत्पदको रूपमा उत्पादन गर्दछ।
----------------------------------------
[616] Roman: 3. Electron Transport Chain ra Oxidative Phosphorylation: glycolysis ra krebs chakrma utpanna NADH ra FADH2 le aphno uchcha-urja electronharu bhitri mitochondrial jhillima sammilit protein complexharuko shrinkhalamadan garchha, jaslai samuhik roopma electron transport chain bhannichha. jab electronharu yi complexharubata janchhan, protonharu mitochondria matrix bata intermembrane spacema pump garinchha, jasle proton gradient srijana gardachha. yo gradientle bhandaran gariyeko sambhavit urjako pratinidhitwa gardachha. ATP synthaseko madhyambata matrixma protonko pravahle ATP sansleshanlai chalaunchha, yo prakriyalai oxidative phosphorylation bhannichha. yo koshikama ATP utpadanko pramukh strot ho.
  Expected: ३. इलेक्ट्रोन ट्रान्सपोर्ट चेन र अक्सिडेटिभ फस्फोरिलेसन: ग्लाइकोलाइसिस र क्रेब्स चक्रमा उत्पन्न NADH र FADH2 ले आफ्नो उच्च-ऊर्जा इलेक्ट्रोनहरू भित्री माइटोकोन्ड्रियाल झिल्लीमा सम्मिलित प्रोटीन कम्प्लेक्सहरूको श्रृंखलामा दान गर्दछ, जसलाई सामूहिक रूपमा इलेक्ट्रोन ट्रान्सपोर्ट चेन भनिन्छ। जब इलेक्ट्रोनहरू यी कम्प्लेक्सहरूबाट जान्छन्, प्रोटोनहरू माइटोकोन्ड्रियाल म्याट्रिक्सबाट इन्टरमेम्ब्रेन स्पेसमा पम्प गरिन्छ, जसले प्रोटोन ग्रेडियन्ट सिर्जना गर्दछ। यो ग्रेडियन्टले भण्डारण गरिएको सम्भावित ऊर्जाको प्रतिनिधित्व गर्दछ। ATP सिन्थेजको माध्यमबाट म्याट्रिक्समा प्रोटोनको प्रवाहले ATP संश्लेषणलाई चलाउँछ, यो प्रक्रियालाई अक्सिडेटिभ फस्फोरिलेसन भनिन्छ। यो कोशिकामा ATP उत्पादनको प्रमुख स्रोत हो।
  Got:      ३.। इलेक्ट्रोन ट्रान्सपोर्ट चेन र अक्सिडेटिभ फस्फोरिलेसन: ग्लाइकोलाइसिस र क्रेब्स चक्रमा उत्पन्न NADH र FADH2ले आफ्नो उच्च-ऊर्जा इलेक्ट्रोनहरू भित्री माइटोकोन्ड्रियाल झिल्लीमा सम्मिलित प्रोटिन कम्प्लेक्सहरूको श्रृंखलामा गर्छ, जसलाई सामूहिक रूपमा इलेक्ट्रोन ट्रान्सपोर्ट चेन भनिन्छ। जब इलेक्ट्रोनहरू यी यी जान्छन्, प्रोटोनहरू माइटोकोन्ड्रिया मैट्रिक्सबाट इन्टरमेम्ब्रेन स्पेसमा पम्प गरिन्छ, जसले प्रोटोन ग्रेडियन्ट सिर्जना गर्दछ। यो ग्रेडियन्टले भण्डारण गरिएको सम्भावित ऊर्जाको प्रतिनिधित्व गर्दछ। ATP सिन्थेजको माध्यमबाट म्याट्रिक्समा प्रोटोनको प्रवाहले ATP संश्लेषणलाई चलाउँछ, यो प्रक्रियालाई अक्सिडेटिभ फस्फोरिलेसन भनिन्छ। यो कोशिकामा ATP उत्पादनको प्रमुख स्रोत हो।
----------------------------------------
[618] Roman: 1. Mansapeshi Sankochan: mansapeshi koshikaharuma actin ra myosin filamentharuko antarkriyalai mansapeshi sankochan ra bishramko lagi ATP hydrolysis aawashyak hunchha.
  Expected: १. मांसपेशी संकुचन: मांसपेशी कोशिकाहरूमा एक्टिन र मायोसिन फिलामेन्टहरूको अन्तरक्रियालाई मांसपेशी संकुचन र विश्रामको लागि एटीपी हाइड्रोलाइसिस आवश्यक हुन्छ।
  Got:      १.। मांसपेशी संकुचन: मांसपेशी कोशिकाहरूमा एक्टिन र मायोसिन फिलामेन्टहरूको अन्तरक्रियालाई मांसपेशी संकुचन र विश्रामको लागि ATP हाइड्रोलाइसिस आवश्यक हुन्छ।
----------------------------------------
[619] Roman: 2. Sakriya Yatayat: koshika jhilliharuma tinharko sandrata gradientharu biruddha anuharu sarna ATP dwara pradan gariyeko urja aawashyak hunchha.
  Expected: २. सक्रिय यातायात: कोशिका झिल्लीहरूमा तिनीहरूको सांद्रता ग्रेडियन्टहरू विरुद्ध अणुहरू सार्न एटीपीद्वारा प्रदान गरिएको ऊर्जा आवश्यक हुन्छ।
  Got:      २। सक्रिय यतयत: कोशिका झिल्लीहरुमा तिनीहरूको सांद्रता ग्रेडियन्टहरू विरुद्ध अणुहरू सार्न ATP महत्त्वद्वारा प्रदान गरिएको ऊर्जा आवश्यक हुन्छ।
----------------------------------------
[620] Roman: 3. Biosynthesis: protein, DNA ra RNA jasta jatil biomoleculeharuko sansleshanako lagi ATP aawashyak hunchha.
  Expected: ३. बायोसिंथेसिस: प्रोटिन, डीएनए र आरएनए जस्ता जटिल बायोमोलिक्युलहरूको संश्लेषणको लागि एटीपी आवश्यक हुन्छ।
  Got:      ३.। बायोसिंथेसिस: प्रोटिन, डीएनए र आरएनए जस्ता जटिल बायोमोलिक्युलहरूको संश्लेषणको लागि ATP आवश्यक हुन्छ।
----------------------------------------
[621] Roman: 4. Cell Sanketan: dherai sanketan margaharule protein gatibidhiko niyamam garne phosphorylation ghatnaharuko lagi ATP ma nirbhar gardachha.
  Expected: ४. सेल सङ्केतन: धेरै सङ्केतन मार्गहरूले प्रोटिन गतिविधिको नियमन गर्ने फस्फोरिलेसन घटनाहरूको लागि एटीपीमा निर्भर गर्दछ।
  Got:      ४.। सेल सङ्केतन: धेरै सङ्केतन मार्गहरूले प्रोटिन गतिविधिको नियमन गर्ने फस्फोरिलेसन घटनाहरूको लागि एटीपीमा निर्भर गर्दछ।
----------------------------------------
[622] Roman: 5. Cellular Sanrachana Kayam Rakhne: ATP koshika ra yaska angaharuko sanrachanatmaka akhandata kayam rakhna aawashyak chha.
  Expected: ५. सेलुलर संरचना कायम राख्ने: एटीपी कोशिका र यसका अंगहरूको संरचनात्मक अखण्डता कायम राख्न आवश्यक छ।
  Got:      ५.। सेलुलर संरचना कायम राख्ने: ATP कोशिका र यसका अंगहरूको संरचनात्मक अखण्डता कायम राख्न आवश्यक छ।
----------------------------------------
[623] Roman: sankshepma, mitochondria cellular urja metabolismko kendriya hubharu hun, ATP utpanna garne jatil prakriyaharuko vyawasthapan gardachha, apariharya urja mudra jasle jiwanka prakriyaharulai indhan dinchha.
  Expected: संक्षेपमा, माइटोकोन्ड्रिया सेलुलर ऊर्जा मेटाबोलिज्मको केन्द्रीय हबहरू हुन्, एटीपी उत्पन्न गर्ने जटिल प्रक्रियाहरूको व्यवस्थापन गर्दछ, अपरिहार्य ऊर्जा मुद्रा जसले जीवनका प्रक्रियाहरूलाई इन्धन दिन्छ।
  Got:      संक्षेपमा, माइटोकोन्ड्रिया सेलुलर ऊर्जा मेटाबोलिज्मको केन्द्रीय हबहरू हुन्, ATP उत्पन्न गर्ने जटिल प्रक्रियाहरूको व्यवस्थापन गर्दछ, अपरिहार्य ऊर्जा मुद्रा जसले जीवनका प्रक्रियाहरूलाई इन्धन दिन्छ।
----------------------------------------
[629] Roman: yi ullekhniya sanrachanharu, ek gatishil dohoro jhillidwara bandhieka, kebal sthir urja karkhanaharu matra hoenan. tiniharu atyadhik anukulaney ra bahumukhi angaharu hun, bibhinna cellular prakriyaharuma bhag linchhan jun urja utpadanbhanda bahira bistaar hunchha, jasama calcium sanketan, koshika mrityu (apoptosis) ko sabadhanipurvak niyatrit prakriya, ra cellular metabolismka vividh paksha haru samavesh chhan.
  Expected: यी उल्लेखनीय संरचनाहरू, एक गतिशील दोहोरो झिल्लीद्वारा बाँधिएका, केवल स्थिर ऊर्जा कारखानाहरू मात्र होइनन्। तिनीहरू अत्यधिक अनुकूलनीय र बहुमुखी अंगहरू हुन्, विभिन्न सेलुलर प्रक्रियाहरूमा भाग लिन्छन् जुन ऊर्जा उत्पादनभन्दा बाहिर विस्तार हुन्छ, जसमा क्याल्सियम सङ्केतन, कोशिका मृत्यु (एपोप्टोसिस) को सावधानीपूर्वक नियन्त्रित प्रक्रिया, र सेलुलर मेटाबोलिज्मका विविध पक्षहरू समावेश छन्।
  Got:      यी उल्लेखनीय संरचनाहरू, एक गतिशील दोहोरो झिल्लीद्वारा बँधिएका, केवल स्थिर ऊर्जा कारखानाहरू मात्र होइनन्। तिनीहरू अत्यधिक अनुकूलनीय र बहुमुखी अंगहरू हुन्, विभिन्न सेलुलर प्रक्रियाहरूमा भाग लिन्छन् जुन ऊर्जा उत्पादनभन्दा बाहिर विस्तार हुन्छ, जसमा क्याल्सियम सङ्केतन, कोशिका मृत्यु (एपोप्टोसिस) को सावधानीपूर्वक नियतृत प्रक्रिया, र सेलुलर मेटाबोलिज्मका विविध पक्षहरू समावेश छन्।
----------------------------------------
[630] Roman: yi sanrachanharu koshika bhitra kendriya hubko roopma karya gardachhan, anginti karyaharu ra prakriyaharuma prabhav pardachhan jun vishesh roopma urjasanga sambandhit chhainan.
  Expected: यी संरचनाहरू कोशिका भित्र केन्द्रीय हबको रूपमा कार्य गर्दछन्, असंख्य कार्यहरू र प्रक्रियाहरूमा प्रभाव पार्छन् जुन विशेष रूपमा ऊर्जासँग सम्बन्धित छैनन्।
  Got:      यी संरचनाहरू कोशिका भित्र केन्द्रीय हबको रूपमा कार्य गर्दछन्, अनगिन्ती कार्यहरू र प्रक्रियाहरूमा प्रभाव पार्छन् जुन विशेष रूपमा ऊर्जासँग सम्बन्धित छैनन्।
----------------------------------------
[634] Roman: yo bibhajan ATPko kushal utpadanko lagi ekdamai aawashyak chha, bibhinna prakriyaharulai ek-arkama hastakshep nagarikan huna anumati dinchha.
  Expected: यो विभाजन एटीपीको कुशल उत्पादनको लागि एकदमै आवश्यक छ, विभिन्न प्रक्रियाहरूलाई एक-अर्कामा हस्तक्षेप नगरीकन हुन अनुमति दिन्छ।
  Got:      यो विभाजन एटीपीको कुशल उत्पादनको लागि एकदमै आवश्यक छ, विभिन्न प्रक्रियाहरूलाई एक-अरकाम हस्तक्षेप नगरीकन हुन अनुमति दिन्छ।
----------------------------------------
[635] Roman: yasbhaek, tinharko aaphnai vishishta golakar DNA (mtDNA) ra ribosomes, protein sansleshan garne cellular sanrachanaharuko upasthiti, mitochondria ko lagi endosymbiotic utpatiko baliyo sujhab dinchha. yas siddhantale prastav gareko chha ki mitochondria haru arbau barsha pahile prarambhik eukaryotic koshikaharudwara nillieka prachin bacteria ka santan hun, jasle ek sajeevee sambandha sthapana garyo jun yati labhadayak thiyo ki yo aajasamma jari chha.
  Expected: यसबाहेक, तिनीहरूको आफ्नै विशिष्ट गोलाकार डीएनए (mtDNA) र राइबोसोम, प्रोटिन संश्लेषण गर्ने सेलुलर संरचनाहरूको उपस्थिति, माइटोकोन्ड्रियाको लागि एन्डोसिम्बायोटिक उत्पत्तिको बलियो सुझाव दिन्छ। यस सिद्धान्तले प्रस्ताव गरेको छ कि माइटोकोन्ड्रियाहरू अर्बौं वर्ष पहिले प्रारम्भिक युकेरियोटिक कोशिकाहरूद्वारा निल्लिएका प्राचीन ब्याक्टेरियाका सन्तान हुन्, जसले एक सहजीवी सम्बन्ध स्थापना गर्‍यो जुन यति लाभदायक थियो कि यो आजसम्म जारी छ।
  Got:      यस्भएक, तिनीहरूको आफ्नै विशिष्ट गोलाकार डीएनए (mtDNA) र रिबोसोमेस, प्रोटिन संश्लेषण गर्ने सेलुलर संरचनाहरूको उपस्थिति, माइटोकोन्ड्रियाको लागि एन्डोसिम्बायोटिक उत्पत्तिको बलियो सुझाव दिन्छ। यस सिद्धान्तले प्रस्ताव गरेको छ कि माइटोकोन्ड्रियाहरू अर्बौं वर्ष पहिले प्रारम्भिक युकेरियोटिक कोशिकाहरूद्वारा निल्लिएका प्राचीन ब्याक्टेरियाका सँतन हुन्, जसले एक सजीवी सम्बन्ध स्थापना गर्‍यो जुन यति लाभदायक थियो कि यो आजसममा जारी छ।
----------------------------------------
[636] Roman: yo anutho aanuwanshik samagrile mitochondria lai aaphnai simit sankhyama proteinharu sansleshan garna anumati dinchha, yadyapi dheraijaso mitochondrial proteinharu aanwik DNA bhitra awasthit jinhru dwara code gariyeka chhan ra pachhi angma dhubani gariinchhan.
  Expected: यो अद्वितीय आनुवंशिक सामग्रीले माइटोकोन्ड्रियालाई आफ्नै सीमित संख्यामा प्रोटीनहरू संश्लेषण गर्न अनुमति दिन्छ, यद्यपि धेरैजसो माइटोकोन्ड्रियाल प्रोटीनहरू आणविक डीएनए भित्र अवस्थित जीनहरूद्वारा कोड गरिएका छन् र पछि अंगमा ढुवानी गरिन्छन्।
  Got:      यो अनुथो आनुवंशिक सामग्रीले माइटोकोन्ड्रियालाई आफ्नै सीमित संख्यामा प्रोटीनहरू संश्लेषण गर्न अनुमति दिन्छ, यद्यपि धेरैजसो माइटोकोन्ड्रियाल प्रोटीनहरू आणविक डीएनए भित्र अवस्थित जिन्ह्रु महत्त्वद्वारा कोड गरिएका छन् र पछि अङम ढुवानी गरीन्छन।
----------------------------------------
[637] Roman: adenosine triphosphate, jaslai samanyataya ATP bhannichha, koshikako vishwavyaapi ra prathamik urja mudra ho.
  Expected: एडिनोसिन ट्राइफोस्फेट, जसलाई सामान्यतया एटीपी भनिन्छ, कोशिकाको विश्वव्यापी र प्राथमिक ऊर्जा मुद्रा हो।
  Got:      एडिनोसिन ट्राइफोस्फेट, जसलाई सामान्यतया ATP भनिन्छ, कोशिकाको विश्वव्यापी र प्राथमिक ऊर्जा मुद्रा हो।
----------------------------------------
[639] Roman: yi phosphate samuhaharu uchcha-urja phosphoanhydride bandhan dwara eksath jodieka hunchhan. yi bandhanharulai "uchcha-urja" bhannichha kinabhane yi bandhanharu hydrolysis bhanine rasayanik pratikriya marphat todda thulo matrama urja niskanchha, jun paniko thap ho.
  Expected: यी फस्फेट समूहहरू उच्च-ऊर्जा फस्फोएनहाइड्राइड बन्धनद्वारा एकसाथ जोडिएका हुन्छन्। यी बन्धनहरूलाई "उच्च-ऊर्जा" भनिन्छ किनभने यी बन्धनहरू हाइड्रोलाइसिस भनिने रासायनिक प्रतिक्रिया मार्फत तोड्दा ठूलो मात्रामा ऊर्जा निस्कन्छ, जुन पानीको थप हो।
  Got:      यी फस्फेट समूहहरू उच्च-ऊर्जा फोस्फोअन्ह्य्दृदे बन्धन महत्त्वद्वारा एकसाथ जोडिएका हुन्छन्। यी बन्धनहरुलाई "उच्च-ऊर्जा" भनिन्छ किनभने यी बन्धनहरू हाइड्रोलाइसिस भनिने रासायनिक प्रतिक्रिया मार्फत तोद्द ठूलो मात्रामा ऊर्जा निस्कन्छ, जुन पानीको थप हो।
----------------------------------------
[640] Roman: jab hydrolysis marphat ATP anubata ek phosphate samuh alag hunchha, yasle adenosine diphosphate (ADP) ra ajaibik phosphate (Pi) banaunchha, eksaath prayog garna milne urjako bisphot chhodchha jun koshikale manspeshi sankochan dekhi biosynthesis samma bibhinna prakaraka karya garna prayog garna sakchha.
  Expected: जब हाइड्रोलाइसिस मार्फत एटीपी अणुबाट एक फस्फेट समूह अलग हुन्छ, यसले एडिनोसिन डाइफोस्फेट (ADP) र अजैविक फस्फेट (Pi) बनाउँछ, एकै साथ प्रयोग गर्न मिल्ने ऊर्जाको विस्फोट छोड्छ जुन कोशिकाले मांसपेशी संकुचनदेखि बायोसिंथेसिससम्म विभिन्न प्रकारका कार्यहरू गर्न प्रयोग गर्न सक्छ।
  Got:      जब हाइड्रोलाइसिस मार्फत ATP अणुबाट एक फस्फेट समूह अलग हुन्छ, यसले एडिनोसिन डाइफोस्फेट (ADP) र अजैविक फस्फेट (Pi) बनाउँछ, एकै प्रयोग गर्न गर्न ऊर्जाको विस्फोट छोड्छ जुन कोशिकाले मांसपेशी मांसपेशी बायोसिंथेसिस समयसम्म विभिन्न प्रकारका कार्य गर्न प्रयोग गर्न सक्छ।
----------------------------------------
[642] Roman: yas ko biparit, ekdamai aawashyak prakriyama, ADP ma phosphate samuhlai firta thapnako lagi urja aawashyak chha, ADP ra Pi bata ATP lai prabhavkari roopma punah utpanna gardai, jasle garda koshikako urja aapurti punahapurti hunchha. yo prakriyalaai yasari varnan gariyeko chha: ADP + Pi + urja → ATP.
  Expected: यसको विपरित, एकदमै आवश्यक प्रक्रियामा, ADP मा फस्फेट समूहलाई फिर्ता थप्नको लागि ऊर्जा आवश्यक छ, ADP र Pi बाट ATP लाई प्रभावकारी रूपमा पुन: उत्पन्न गर्दै, जसले गर्दा कोशिकाको ऊर्जा आपूर्ति पुनःपूर्ति हुन्छ। यो प्रक्रियालाई यसरी वर्णन गरिएको छ: ADP + Pi + ऊर्जा → ATP।
  Got:      यसको विपरित, एकदमै आवश्यक प्रक्रियामा, ADP मा फस्फेट समूहलाई फिर्ता थप्नको लागि ऊर्जा आवश्यक छ, ADP र Piबाट एटीपीलाई प्रभावकारी रूपमा पुन उत्पन्न गर्दै, जसले गर्दा कोशिकाको ऊर्जा आपुर्ती पुनहपुर्ती हुन्छ। यो प्रक्रियालाई यसरी वर्णन गरिएको छ: ADP + Pi + ऊर्जा → ATP।
----------------------------------------
[643] Roman: ATP hydrolysis ra punarutpadanko yo nirantar ra kadai ka sath viniyamit chakra le cellular urja sthanantaranko aadhar banaunchha.
  Expected: एटीपी हाइड्रोलाइसिस र पुनरुत्पादनको यो निरन्तर र कडाइका साथ विनियमित चक्रले सेलुलर ऊर्जा स्थानान्तरणको आधार बनाउँछ।
  Got:      ATP हाइड्रोलाइसिस र पुनरुत्पादनको यो निरन्तर र कडाइका साथ विनियमित चक्रले सेलुलर ऊर्जा स्थानान्तरणको आधार बनाउँछ।
----------------------------------------
[644] Roman: ATP lai ek rechargeable batteryko roopma sochnuhos jun vidyutiy upakaranma prayog bhairheko chha. yasle "charge" hunda (ATPko roopma) urja bhandaran gardachha ra "discharge" hunda (ADP ko roopma) urja chhodchha, ra, battery jastai, koshikale cellular karyaharulai indhan dine sajilai uplabdha urja aapurti kayam rakhnako lagi ADP lai lagatar ATP ma recharge gardachha.
  Expected: एटीपीलाई एक रिचार्जेबल ब्याट्रीको रूपमा सोच्नुहोस् जुन विद्युतीय उपकरणमा प्रयोग भइरहेको छ। यसले "चार्ज" हुँदा (एटीपीको रूपमा) ऊर्जा भण्डारण गर्दछ र "डिस्चार्ज" हुँदा (ADP को रूपमा) ऊर्जा छोड्छ, र, ब्याट्री जस्तै, कोशिकाले सेलुलर कार्यहरूलाई इन्धन दिने सजिलै उपलब्ध ऊर्जा आपूर्ति कायम राख्नको लागि ADP लाई लगातार ATP मा रिचार्ज गर्दछ।
  Got:      एटीपीलाई एक रेचर्गेअबले बत्तेर्यको रूपमा सोच्नुहोस् जुन विद्युतीय उपकरणमा प्रयोग भइरहेको छ। यसले "चार्ज" हुँदा (एटीपीको रूपमा) ऊर्जा भण्डारण गर्दछ र "दिस्चर्गे" हुँदा (ADPको रूपमा) ऊर्जा छोड्छ, र, बत्तेर्य जस्तै, कोशिकाले सेलुलर कार्यहरुलाई इन्धन दिने सजिलै उपलब्ध ऊर्जा आपुर्ती कायम राख्नको लागि ADPलाई लगातार एटीपीमा रेचर्गे गर्दछ।
----------------------------------------
[645] Roman: ATP synthase bhitri mitochondrial jhillima sabadhanipurvak sammilit gariyeko ek sanchhai ullekhniya aanwik mesin ho, ra ATP utpadanko lagi mahatwapurna chha.
  Expected: एटीपी सिन्थेज भित्री माइटोकोन्ड्रियाल झिल्लीमा सावधानीपूर्वक सम्मिलित गरिएको एक साँच्चै उल्लेखनीय आणविक मेसिन हो, र एटीपी उत्पादनको लागि महत्त्वपूर्ण छ।
  Got:      ATP सिन्थेज भित्री माइटोकोन्ड्रियाल झिल्लीमा सावधानीपूर्वक सम्मिलित गरिएको एक साँच्चै उल्लेखनीय आणविक मेसिन हो, र ATP उत्पादनको लागि महत्त्वपूर्ण छ।
----------------------------------------
[646] Roman: yo jatil protein complexle jaibik rotary motorko roopma karya gardachha, electron transport chainko samayama bhitri mitochondrial jhillima sthapit proton (H+) gradientko shaktilai prayog garera ADP ra Pi bata ATP ko sansleshanlai chalaunchha.
  Expected: यो जटिल प्रोटिन कम्प्लेक्सले जैविक रोटरी मोटरको रूपमा कार्य गर्दछ, इलेक्ट्रोन ट्रान्सपोर्ट चेनको समयमा भित्री माइटोकोन्ड्रियाल झिल्लीमा स्थापित प्रोटोन (H+) ग्रेडियन्टको शक्तिलाई प्रयोग गरेर ADP र Pi बाट ATP को संश्लेषणलाई चलाउँछ।
  Got:      यो जटिल प्रोटिन कम्प्लेक्सले जैविक रोटरी मोटरको रूपमा कार्य गर्दछ, इलेक्ट्रोन ट्रान्सपोर्ट चेनको समयमा भित्री माइटोकोन्ड्रियाल झिल्लीमा स्थापित प्रोटोन (H+) ग्रेडियन्टको शक्तिलाई प्रयोग गरेर ADP र Piबाट एटीपीको संश्लेषणलाई चलाउँछ।
----------------------------------------
[647] Roman: ATP synthase ma duiwota prathamik componentharu hunchhan: Fo ra F1. Fo component sharirik roopma mitochondriako bhitri jhillibhitra sammilit gariyeko chha ra euta channel, ek prakarko aanwik surung banaunchha jasako madhyambata protonharu chhninda roopma pravah huna sakchhan.
  Expected: एटीपी सिन्थेजमा दुईवटा प्राथमिक कम्पोनेन्टहरू हुन्छन्: Fo र F1। Fo कम्पोनेन्ट शारीरिक रूपमा माइटोकोन्ड्रियाको भित्री झिल्ली भित्र सम्मिलित गरिएको छ र एउटा च्यानल, एक प्रकारको आणविक सुरुङ बनाउँछ जसको माध्यमबाट प्रोटोनहरू चुनिंदा रूपमा प्रवाह हुन सक्छन्।
  Got:      ATP सिन्थेजमा दुईवटा प्राथमिक कम्पोनेन्टहरू हुन्छन्: Fo र F1। Fo कम्पोनेन्ट शारीरिक रूपमा माइटोकोन्ड्रियाको भित्री भित्र सम्मिलित गरिएको छ र एउटा च्यानल, एक प्रकारको आणविक सुरुङ बनाउँछ जसको माध्यमबाट प्रोटोनहरू चुनिंदा रूपमा प्रवाह हुन सक्छन्।
----------------------------------------
[649] Roman: jab protonharu Fo channelbata pravah hunchhan, yi charge bhayeka kanaharuko pravahle Fo component lai ghumaunchha, ra yo ghumaaule, phal swaroop, F1 component lai pani ghumaunchha. proton gradientdwara sanchalit yo mechanical ghumaaule ATP ko ek anu banaudai ADP ra ajaibik phosphatelai eksath bandhna aawashyak urja pradan gardachha.
  Expected: जब प्रोटोनहरू Fo च्यानलबाट प्रवाह हुन्छन्, यी चार्ज भएका कणहरूको प्रवाहले Fo कम्पोनेन्टलाई घुमाउँछ, र यो घुमाउले, फलस्वरूप, F1 कम्पोनेन्टलाई पनि घुमाउँछ। प्रोटोन ग्रेडियन्टद्वारा सञ्चालित यो मेकानिकल घुमाउले ATP को एक अणु बनाउँदै ADP र अजैविक फस्फेटलाई एकसाथ बाँध्न आवश्यक ऊर्जा प्रदान गर्दछ।
  Got:      जब प्रोटोनहरू Fo च्यानलबाट प्रवाह हुन्छन्, यी चार्ज भएका कणहरूको प्रवाहले Fo कम्पोनेन्टलाई घुमाउँछ, र यो घुमाउले, फलस्वरूप F1, F1 कम्पोनेन्टलाई पनि घुमाउँछ। प्रोटोन सञ्चालित सञ्चालित यो मेकानिकल घुमाउले एटीपीको एक अणु बनाउँदै ADP र अजैविक फस्फेटलाई एकसाथ बाँध्न आवश्यक ऊर्जा प्रदान गर्दछ।
----------------------------------------
[650] Roman: samagra prakriya, jahan rasayanik bandhan gathan (ATP sansleshan) jhillima aayanharu (proton) ko prasarsanga jodieko hunchha, chemiosmosisko udaharan ho, cellular jeevanko lagi ek utkrishta ra aawashyak prakriya ho.
  Expected: समग्र प्रक्रिया, जहाँ रासायनिक बन्धन गठन (एटीपी संश्लेषण) झिल्लीमा आयनहरू (प्रोटोन) को प्रसारसँग जोडिएको हुन्छ, केमिओस्मोसिसको उदाहरण हो, सेलुलर जीवनको लागि एक उत्कृष्ट र आवश्यक प्रक्रिया हो।
  Got:      समग्र प्रक्रिया, जहाँ रासायनिक बन्धन गठन (ATP संश्लेषण) झिल्लीमा आयनहरू (प्रोटोन) को प्रसारसँग जोडिएको हुन्छ, केमिओस्मोसिसको उदाहरण हो, सेलुलर जीवनको लागि एक उत्कृष्ट र आवश्यक प्रक्रिया हो।
----------------------------------------
[651] Roman: koshika bhitra ATPko utpadan antarsambandhit metabolic margaharuko sabadhanipurvak vyavasthit shrinkhala marphat hunchha, jahan adhikanishth mahatwapurna pratikriyaharu mitochondria bhitra hunchhan:
  Expected: कोशिका भित्र ATP को उत्पादन अन्तरसम्बन्धित मेटाबोलिक मार्गहरूको सावधानीपूर्वक व्यवस्थित शृङ्खला मार्फत हुन्छ, जहाँ अधिकांश महत्त्वपूर्ण प्रतिक्रियाहरू माइटोकोन्ड्रिया भित्र हुन्छन्:
  Got:      कोशिका भित्र एटीपीको उत्पादन अन्तरसम्बन्धित मेटाबोलिक मार्गहरूको सावधानीपूर्वक व्यवस्थित श्रृंखला मार्फत हुन्छ, जहाँ अधिकनिश्थ महत्त्वपूर्ण प्रतिक्रियाहरू माइटोकोन्ड्रिया भित्र हुन्छन्:
----------------------------------------
[652] Roman: 1. Glycolysis: glucose metabolism ko yo prarambhik charan cytoplasm bhitra hunchha, jun koshikako kendrak bahirko taral padarthale bhariyeko chhetra ho. glycolysis tyo prakriya ho jahan glucoseko ek matra anu, ek aadharbhut chini, tin-carbon anu pyruvate ma bibhajit hunchha. glycolysis ek mahatwapurna shuruwat bindu ho, ra yasle ATP ko sano shuddha labh (2 anuharu) utpadan gardachha, jun koshikadwara turuntai prayog garna sakincha, ra NADH (nicotinamide adenine dinucleotide), ek uchcha-urja electron carrier anu utpadan gardachha jun ATP utpadan ko pachhila charanharuko lagi mahatwapurna chha.
  Expected: १. ग्लाइकोलाइसिस: ग्लुकोज मेटाबोलिज्मको यो प्रारम्भिक चरण साइटोप्लाज्म भित्र हुन्छ, जुन कोशिकाको केन्द्रक बाहिरको तरल पदार्थले भरिएको क्षेत्र हो। ग्लाइकोलाइसिस त्यो प्रक्रिया हो जहाँ ग्लुकोजको एक मात्र अणु, एक आधारभूत चिनी, तीन-कार्बन अणु पाइरूभेटमा विभाजित हुन्छ। ग्लाइकोलाइसिस एक महत्त्वपूर्ण सुरुवात बिन्दु हो, र यसले ATP को सानो शुद्ध लाभ (२ अणुहरू) उत्पादन गर्दछ, जुन कोशिकाद्वारा तुरुन्तै प्रयोग गर्न सकिन्छ, र NADH (निकोटिनामाइड एडेनिन डाइन्युक्लियोटाइड), एक उच्च-ऊर्जा इलेक्ट्रोन क्यारियर अणु उत्पादन गर्दछ जुन ATP उत्पादनको पछिल्ला चरणहरूको लागि महत्वपूर्ण छ।
  Got:      १.। ग्लाइकोलाइसिस: ग्लुकोज मेटाबोलिज्मको यो प्रारम्भिक चरण साइटोप्लाज्म भित्र हुन्छ, जुन कोशिकाको केन्द्रक बहिरको तरल पदार्थले भरिएको क्षेत्र हो। ग्लाइकोलाइसिस त्यो प्रक्रिया हो जहाँ ग्लुकोजको एक मात्र अणु, एक आधारभूत चिनी, तीन-कार्बन अणु पाइरूभेटमा बिभजित हुन्छ। ग्लाइकोलाइसिस एक महत्त्वपूर्ण सुरुवात बिन्दु हो, र यसले एटीपीको सानो शुद्ध लाभ (२ अणुहरू) उत्पादन गर्दछ, जुन कोशिकद्वर तुरुन्तै प्रयोग गर्न सकिन्छ, र NADH (निचोतिनमिदे एडेनिन डाइन्युक्लियोटाइड), एक उच्च-ऊर्जा इलेक्ट्रोन क्यारियर अणु उत्पादन गर्दछ जुन ATP उत्पादनको पछिल चरणहरुको लागि महत्त्वपूर्ण छ।
----------------------------------------
[653] Roman: 2. Krebs Chakra (Citric Acid Chakra): mitochondriako sabaibhanda bhittri bhagma, mitochondrial matrixma, pyruvatelai pahile acetyl-CoA namak anum roopantaran garinchha. yo anu tyaspachhi pratikriyaharuko chakriya shrinkhalama pravesh gardachha, jaslai krebs chakra, wa citric acid chakra bhannichha. rasayanik pratikriyaharuko yas shrinkhalako kramma, thap uchcha-urja electron carrierharu NADH ra FADH2 (flavin adenine dinucleotide) ko roopma utpadan hunchhan, saathai kehi ATP, ra prakriyako upa-utpad ko roopma carbon dioxide pani utpadan hunchha. krebs chakra ATP ko thulo utpadak hoina tara mahatwapurna electron carrierharu utpanna garne bhayeka le aawashyak chha.
  Expected: २. क्रेब्स चक्र (साइट्रिक एसिड चक्र): माइटोकोन्ड्रियाको सबैभन्दा भित्री भागमा, माइटोकोन्ड्रियाल म्याट्रिक्समा, पाइरूभेटलाई पहिले एसिटाइल-कोए नामक अणुमा रूपान्तरण गरिन्छ। यो अणु त्यसपछि प्रतिक्रियाहरूको चक्रीय शृङ्खलामा प्रवेश गर्दछ, जसलाई क्रेब्स चक्र, वा साइट्रिक एसिड चक्र भनिन्छ। रासायनिक प्रतिक्रियाहरूको यस शृङ्खलाको क्रममा, थप उच्च-ऊर्जा इलेक्ट्रोन क्यारियरहरू NADH र FADH2 (फ्लेभिन एडेनिन डाइन्युक्लियोटाइड) को रूपमा उत्पादन हुन्छन्, साथै केही ATP, र प्रक्रियाको उप-उत्पादको रूपमा कार्बन डाइअक्साइड पनि उत्पादन हुन्छ। क्रेब्स चक्र ATP को ठूलो उत्पादक होइन तर महत्त्वपूर्ण इलेक्ट्रोन क्यारियरहरू उत्पन्न गर्ने भएकाले आवश्यक छ।
  Got:      २। क्रेब्स चक्र (साइट्रिक एसिड चक्र): माइटोकोन्ड्रियाको सबैभन्दा भित्री भागमा, माइटोकोन्ड्रियाल म्याट्रिक्समा, पाइरूभेटलाई पहिले अचेत्य्ल-चोअ नमक अनुम रूपान्तरण गरिन्छ। यो अणु त्यसपछि प्रतिक्रियाहरूको चक्रीय श्रृंखलामा प्रवेश गर्दछ, जसलाई क्रेब्स चक्र, वा साइट्रिक एसिड चक्र भनिन्छ। रासायनिक प्रतिक्रियाहरूको यस श्रृंखलाको क्रममा, थप उच्च-ऊर्जा इलेक्ट्रोन क्यारियरहरू NADH र FADH2 (फ्लेभिन एडेनिन डाइन्युक्लियोटाइड) को रूपमा उत्पादन हुन्छन्, साथै केही ATP, र प्रक्रियाको उप-उत्पदको रूपमा कार्बन डाइअक्साइड पनि उत्पादन हुन्छ। क्रेब्स चक्र एटीपीको ठूलो उत्पदक होइन तर महत्त्वपूर्ण इलेक्ट्रोन क्यारियरहरू उत्पन्न गर्ने भएकाले आवश्यक छ।
----------------------------------------
[654] Roman: 3. Electron Transport Chain ra Oxidative Phosphorylation: glycolysis ra krebs chakrma utpanna NADH ra FADH2 anuharule tyaspachhi aphno uchcha-urja electronharu bhitri mitochondrial jhillibhitra sammilit protein complexharuko shrinkhalama dan gardachhan. yi complexharule electron transport chain banaunchhan. jab electronharu yi complexharubata janchhan, protonharu (H+) mitochondriyal matrixbata intermembrane spacema pump garinchha, jasle proton gradient srijana gardachha. bhitri mitochondrial jhillipariko yo gradient bhandaran gariyeko sambhavit urjako roop ho, kinaki protonharu prakritik roopma matrixma farkinechhan, jun sandrata gradient baneko karan ho. enzyme ATP synthase ko madhyambata mitochondrial matrixma protonko sabadhanipurvak niyantrit pravahle ATP sansleshan garna aawashyak urja pradan gardachha. yo antima prakriya, jaslai oxidative phosphorylation bhannichha, koshika bhitra ATP utpadanko pramukh strot ho.
  Expected: ३. इलेक्ट्रोन ट्रान्सपोर्ट चेन र अक्सिडेटिभ फस्फोरिलेसन: ग्लाइकोलाइसिस र क्रेब्स चक्रमा उत्पन्न NADH र FADH2 अणुहरूले त्यसपछि आफ्नो उच्च-ऊर्जा इलेक्ट्रोनहरू भित्री माइटोकोन्ड्रियाल झिल्ली भित्र सम्मिलित प्रोटीन कम्प्लेक्सहरूको श्रृंखलामा दान गर्दछन्। यी कम्प्लेक्सहरूले इलेक्ट्रोन ट्रान्सपोर्ट चेन बनाउँछन्। जब इलेक्ट्रोनहरू यी कम्प्लेक्सहरूबाट जान्छन्, प्रोटोनहरू (H+) माइटोकोन्ड्रियाल म्याट्रिक्सबाट इन्टरमेम्ब्रेन स्पेसमा पम्प गरिन्छ, जसले प्रोटोन ग्रेडियन्ट सिर्जना गर्दछ। भित्री माइटोकोन्ड्रियाल झिल्ली पारिको यो ग्रेडियन्ट भण्डारण गरिएको सम्भावित ऊर्जाको रूप हो, किनकि प्रोटोनहरू प्राकृतिक रूपमा म्याट्रिक्समा फर्किनेछन्, जुन सांद्रता ग्रेडियन्ट बनेको कारण हो। इन्जाइम ATP सिन्थेजको माध्यमबाट माइटोकोन्ड्रियाल म्याट्रिक्समा प्रोटोनको सावधानीपूर्वक नियन्त्रित प्रवाहले ATP संश्लेषण गर्न आवश्यक ऊर्जा प्रदान गर्दछ। यो अन्तिम प्रक्रिया, जसलाई अक्सिडेटिभ फस्फोरिलेसन भनिन्छ, कोशिका भित्र ATP उत्पादनको प्रमुख स्रोत हो।
  Got:      ३.। इलेक्ट्रोन ट्रान्सपोर्ट चेन र अक्सिडेटिभ फस्फोरिलेसन: ग्लाइकोलाइसिस र क्रेब्स चक्रमा उत्पन्न NADH र FADH2 अणुहरूले त्यसपछि आफ्नो उच्च-ऊर्जा इलेक्ट्रोनहरू भित्री माइटोकोन्ड्रियाल भित्र सम्मिलित प्रोटिन कम्प्लेक्सहरूको श्रृंखलामा दन गर्दछन्। यी कम्प्लेक्सहरुले इलेक्ट्रोन ट्रान्सपोर्ट चेन बनाउँछन्। जब इलेक्ट्रोनहरू यी यी जान्छन्, प्रोटोनहरू (H+) माइटोकोन्ड्रियाल मैट्रिक्सबाट इन्टरमेम्ब्रेन स्पेसमा पम्प गरिन्छ, जसले प्रोटोन ग्रेडियन्ट सिर्जना गर्दछ। भित्री माइटोकोन्ड्रियाल झिल्लिपरीको यो ग्रेडियन्ट भण्डारण गरिएको सम्भावित ऊर्जाको रूप हो, किनकि प्रोटोनहरू प्राकृतिक रूपमा म्याट्रिक्समा फर्किनेछन, जुन सांद्रता ग्रेडियन्ट बनेको कारण हो। इन्जाइम ATP सिन्थेजको माध्यमबाट माइटोकोन्ड्रियाल म्याट्रिक्समा प्रोटोनको सावधानीपूर्वक नियन्त्रित प्रवाहले ATP संश्लेषण गर्न आवश्यक ऊर्जा प्रदान गर्दछ। यो अन्तिम प्रक्रिया, जसलाई अक्सिडेटिभ फस्फोरिलेसन भनिन्छ, कोशिका भित्र ATP उत्पादनको प्रमुख स्रोत हो।
----------------------------------------
[656] Roman: 1. Manspeshi Sankochan: actin ra myosin filamentharu bichko antarkriya, mansapeshi koshikaharuko lagi mahatwapurna protein fiberharu, manspeshi sankochan ra bishram dubaiko lagi ATP hydrolysis aawashyak hunchha. ATP bina, manspeshi karya asambhav chha.
  Expected: १. मांसपेशी संकुचन: एक्टिन र मायोसिन फिलामेन्टहरू बीचको अन्तरक्रिया, मांसपेशी कोशिकाहरूको लागि महत्त्वपूर्ण प्रोटीन फाइबरहरू, मांसपेशी संकुचन र विश्राम दुवैको लागि ATP हाइड्रोलाइसिस आवश्यक हुन्छ। एटीपी बिना, मांसपेशी कार्य असम्भव छ।
  Got:      १.। मांसपेशी संकुचन: एक्टिन र मायोसिन फिलामेन्टहरू बीचको अन्तरक्रिया, मांसपेशी कोशिकाहरूको लागि महत्त्वपूर्ण प्रोटिन फाइबरहरू, मांसपेशी संकुचन र विश्राम दुवैको लागि ATP हाइड्रोलाइसिस आवश्यक हुन्छ। ATP बिना, मांसपेशी कार्य असम्भव छ।
----------------------------------------
[657] Roman: 2. Sakriya Yatayat: cellular jhilliharuma tinharko sandrata gradientharu biruddha anuharu ra aayanharu sarnako lagi, dherai jaibik prakriyaharuko lagi ekdam aawashyak prakriya, ATPko hydrolysisdwara pradan gariyeko urjako nirantar aapurti aawashyak hunchha.
  Expected: २. सक्रिय यातायात: सेलुलर झिल्लीहरूमा तिनीहरूको सांद्रता ग्रेडियन्टहरू विरुद्ध अणुहरू र आयनहरू सार्नको लागि, धेरै जैविक प्रक्रियाहरूको लागि एकदम आवश्यक प्रक्रिया, ATP को हाइड्रोलाइसिसद्वारा प्रदान गरिएको ऊर्जाको निरन्तर आपूर्ति आवश्यक हुन्छ।
  Got:      २। सक्रिय यतयत: सेलुलर झिल्लीहरुमा तिनीहरूको सांद्रता ग्रेडियन्टहरू विरुद्ध अणुहरू र आयनहरू सार्नको लागि, धेरै जैविक प्रक्रियाहरूको लागि एकदम आवश्यक प्रक्रिया, एटीपीको ह्य्द्रोल्य्सिस्द्वर प्रदान गरिएको ऊर्जाको निरन्तर आपुर्ती आवश्यक हुन्छ।
----------------------------------------
[658] Roman: 3. Biosynthesis: koshikako jiwanko lagi ekdam aawashyak jatil biomoleculeharu jasta protein, DNA ra RNAko sansleshanako lagi pani ATP aawashyak hunchha, yasle dekhaudachha ki yo sabai koshikaharuko bikas ra karyako lagi aadharbhut anu ho.
  Expected: ३. बायोसिंथेसिस: कोशिकाको जीवनको लागि एकदम आवश्यक जटिल बायोमोलिक्युलहरू जस्तै प्रोटीन, डीएनए र आरएनएको संश्लेषणको लागि पनि एटीपी आवश्यक हुन्छ, यसले देखाउँदछ कि यो सबै कोशिकाहरूको विकास र कार्यको लागि आधारभूत अणु हो।
  Got:      ३.। बायोसिंथेसिस: कोशिकाको जीवनको लागि एकदम आवश्यक जटिल बायोमोलिक्युलहरू जस्ता प्रोटिन, डीएनए र आरएनएको संश्लेषणको लागि पनि ATP आवश्यक हुन्छ, यसले देखाउँदछ कि यो सबै कोशिकाहरूको विकास र कार्यको लागि आधारभूत अणु हो।
----------------------------------------
[659] Roman: 4. Cell Sanketan: dherai sanketan margaharu, jasle koshikakai aphno vatavaran sanga sanchar garna ra cellular prakriyaharu samanvaya garna anumati dinchha, phosphorylation ghatnaharuko lagi ATPma dherai nirbhar hunchhan, jun protein gatibidhi ra cellular pratikriyaharulai niyamam garna mahatwapurna chhan.
  Expected: ४. सेल सङ्केतन: धेरै सङ्केतन मार्गहरू, जसले कोशिकालाई आफ्नो वातावरणसँग सञ्चार गर्न र सेलुलर प्रक्रियाहरू समन्वय गर्न अनुमति दिन्छ, फस्फोरिलेसन घटनाहरूको लागि एटीपीमा धेरै निर्भर हुन्छन्, जुन प्रोटिन गतिविधि र सेलुलर प्रतिक्रियाहरूलाई नियमन गर्न महत्त्वपूर्ण छन्।
  Got:      ४.। सेल सङ्केतन: धेरै सङ्केतन मार्गहरू, जसले कोशिकालाई आफ्नो वातावरणसँग सञ्चार गर्न र सेलुलर प्रक्रियाहरू समन्वय गर्न अनुमति दिन्छ, फस्फोरिलेसन घटनाहरूको लागि एटीपीमा धेरै निर्भर हुन्छन्, जुन प्रोटिन गतिविधि र सेलुलर प्रतिक्रियाहरूलाई नियमन गर्न महत्त्वपूर्ण छन्।
----------------------------------------
[660] Roman: 5. Cellular Sanrachana Kayam Rakhne: antama, ATP koshikako sanrachanatmaka akhandata, yasako cytoskeleton ra yaska angaharuko jatil sanjal kayam rakhna aawashyak chha, yasle koshikama sangathan ko pratek stharma urjako mahattwalaai jod dinchha.
  Expected: ५. सेलुलर संरचना कायम राख्ने: अन्तमा, एटीपी कोशिकाको संरचनात्मक अखण्डता, यसको साइटोस्केलेटन र यसका अंगहरूको जटिल सञ्जाल कायम राख्न आवश्यक छ, यसले कोशिकामा संगठनको प्रत्येक स्तरमा ऊर्जाको महत्त्वलाई जोड दिन्छ।
  Got:      ५.। सेलुलर संरचना कायम राख्ने: अन्तमा, ATP कोशिकाको संरचनात्मक अखण्डता, यसको साइटोस्केलेटन र यसका अंगहरूको जटिल सञ्जाल कायम राख्न आवश्यक छ, यसले कोशिकामा संगठनको प्रत्येक स्तरमा ऊर्जाको महत्त्वलाई जोड दिन्छ।
----------------------------------------
[661] Roman: sankshepma, mitochondria haru kebal cellular power plantaharu matra hoenan; tiniharu cellular urja metabolism ko kendriya ra sabadhanipurvak niyantrit hubharu hun, jatil prakriyaharu vyawasthit gardachhan jasle ATP utpanna gardachha, apariharya urja mudra jasle koshika bibhajan dekhi manspeshi sankochansamma jiwanka sabai prakriyaharulai indhan dinchha. tiniharule sabaibhanda aadharbhut jaibik karyaharuko eka pradarshan garchhan.
  Expected: संक्षेपमा, माइटोकोन्ड्रियाहरू केवल सेलुलर पावर प्लान्टहरू मात्र होइनन्; तिनीहरू सेलुलर ऊर्जा मेटाबोलिज्मको केन्द्रीय र सावधानीपूर्वक नियन्त्रित हबहरू हुन्, जटिल प्रक्रियाहरू व्यवस्थित गर्दछन् जसले ATP उत्पन्न गर्दछ, अपरिहार्य ऊर्जा मुद्रा जसले कोशिका विभाजनदेखि मांसपेशी संकुचनसम्म जीवनका सबै प्रक्रियाहरूलाई इन्धन दिन्छ। तिनीहरूले सबैभन्दा आधारभूत जैविक कार्यहरू मध्ये एक प्रदर्शन गर्छन्।
  Got:      संक्षेपमा, माइटोकोन्ड्रियाहरू केवल सेलुलर पोवेर प्लँतहरु मात्र होइनन्; तिनीहरू सेलुलर ऊर्जा मेटाबोलिज्मको केन्द्रीय र सावधानीपूर्वक नियन्त्रित हबहरू हुन्, जटिल प्रक्रियाहरू व्यवस्थित गर्दछन् जसले ATP उत्पन्न गर्दछ, अपरिहार्य ऊर्जा मुद्रा जसले कोशिका विभाजनदेखि मांसपेशी सन्कोचँसममा जीवनका सबै प्रक्रियाहरूलाई इन्धन दिन्छ। तिनीहरूले सबैभन्दा आधारभूत जैविक कार्यहरूको एकल प्रदर्शन गर्छन्।
----------------------------------------
[664] Roman: yo anutho aanuwanshik samagrile mitochondrialaai aaphnai simit sankhyama proteinharu sansleshan garna anumati dinchha, yadyapi dheraijaso mitochondrial proteinharu aanwik DNA bhitra awasthit jinhru dwara code gariyeka chhan ra pachhi angma dhubani gariinchhan.
  Expected: यो अद्वितीय आनुवंशिक सामग्रीले माइटोकोन्ड्रियालाई आफ्नै सीमित संख्यामा प्रोटीनहरू संश्लेषण गर्न अनुमति दिन्छ, यद्यपि धेरैजसो माइटोकोन्ड्रियाल प्रोटीनहरू आणविक डीएनए भित्र अवस्थित जीनहरूद्वारा कोड गरिएका छन् र पछि अंगमा ढुवानी गरिन्छन्।
  Got:      यो अनुथो आनुवंशिक सामग्रीले माइटोकोन्ड्रियालाई आफ्नै सीमित संख्यामा प्रोटीनहरू संश्लेषण गर्न अनुमति दिन्छ, यद्यपि धेरैजसो माइटोकोन्ड्रियाल प्रोटीनहरू आणविक डीएनए भित्र अवस्थित जिन्ह्रु महत्त्वद्वारा कोड गरिएका छन् र पछि अङम ढुवानी गरीन्छन।
----------------------------------------
[665] Roman: samagra prakriya, jahan rasayanik bandhan gathan (ATP sansleshan) jhillima aayanharu (proton) ko prasarsanga jodieko hunchha, chemiosmosisko udaharan ho, cellular jiwanko lagi ek utkrishta ra aawashyak prakriya ho.
  Expected: समग्र प्रक्रिया, जहाँ रासायनिक बन्धन गठन (एटीपी संश्लेषण) झिल्लीमा आयनहरू (प्रोटोन) को प्रसारसँग जोडिएको हुन्छ, केमिओस्मोसिसको उदाहरण हो, सेलुलर जीवनको लागि एक उत्कृष्ट र आवश्यक प्रक्रिया हो।
  Got:      समग्र प्रक्रिया, जहाँ रासायनिक बन्धन गठन (ATP संश्लेषण) झिल्लीमा आयनहरू (प्रोटोन) को प्रसारसँग जोडिएको हुन्छ, केमिओस्मोसिसको उदाहरण हो, सेलुलर जीवनको लागि एक उत्कृष्ट र आवश्यक प्रक्रिया हो।
----------------------------------------
[666] Roman: aaunuhos, hami glycolysis ko jatil bibaranharuma gahiriyera jaau, aadharbhut metabolic marga jasle glucose bata urja nikalnako lagi shuruwat binduko roopma kam gardachha.
  Expected: आउनुहोस्, हामी ग्लाइकोलाइसिसको जटिल विवरणहरूमा गहिरिएर जाऔं, आधारभूत मेटाबोलिक मार्ग जसले ग्लुकोजबाट ऊर्जा निकाल्नको लागि सुरूवात बिन्दुको रूपमा काम गर्दछ।
  Got:      आउनुहोस्, हामी ग्लाइकोलाइसिसको जटिल विवरणहरूमा गहिरिएर जाऔं, आधारभूत मेटाबोलिक मार्ग जसले ग्लुकोजबाट ऊर्जा निकाल्नको लागि सुरुवात बिन्दुको रूपमा काम गर्दछ।
----------------------------------------
[670] Roman: yo sarvavyapi margama glucoseko chhaota carbon anuko sabadhanipurvak niyatrit bibhajan samavesh hunchha, jun koshikaharu dwara prayog garine sababhanda samanya sadharan chini ho, dui tin-carbon anuharu pyruvatema bibhajit hunchha.
  Expected: यो सर्वव्यापी मार्गमा ग्लुकोजको छवटा कार्बन अणुको सावधानीपूर्वक नियन्त्रित विभाजन समावेश हुन्छ, जुन कोशिकाहरूद्वारा प्रयोग गरिने सबैभन्दा सामान्य साधारण चिनी हो, दुई तीन-कार्बन अणुहरू पाइरूभेटमा विभाजित हुन्छ।
  Got:      यो सर्वव्यापी मार्गमा ग्लुकोजको छवटा कार्बन अणुको सावधानीपूर्वक नियतृत विभाजन समावेश हुन्छ, जुन कोशिकाहरू महत्त्वद्वारा प्रयोग गरिने सबैभन्दा सामान्य साधारण चिनी हो, दुई तीन-कार्बन अणुहरू पाइरूभेटमा बिभजित हुन्छ।
----------------------------------------
[673] Roman: yi das pratikriyaharulaai vyapak roopma dui pramukh charanharuma bargikrit garna sakincha: prarambhik urja lagani charan, jahan ATP lai bibhajanko lagi glucose tayar garna prayog garinchha, ra tyaspachhiko urja payoff charan, jahan ATP ra NADH utpanna hunchhan.
  Expected: यी दस प्रतिक्रियाहरूलाई व्यापक रूपमा दुई प्रमुख चरणहरूमा वर्गीकृत गर्न सकिन्छ: प्रारम्भिक ऊर्जा लगानी चरण, जहाँ ATP लाई विभाजनको लागि ग्लुकोज तयार गर्न प्रयोग गरिन्छ, र त्यसपछिको ऊर्जा पेअफ चरण, जहाँ ATP र NADH उत्पन्न हुन्छन्।
  Got:      यी दस प्रतिक्रियाहरूलाई व्यापक रूपमा दुई प्रमुख चरणहरूमा वर्गीकृत गर्न सकिन्छ: प्रारम्भिक ऊर्जा लगानी चरण, जहाँ एटीपीलाई विभाजनको लागि ग्लुकोज तयार गर्न प्रयोग गरिन्छ, र त्यसपछिको ऊर्जा पेअफ चरण, जहाँ ATP र NADH उत्पन्न हुन्छन्।
----------------------------------------
[674] Roman: glycolysisko prarambhik charan, jaslai urja lagani wa tayari charanko roopma chininchha, ATP ko khapat dwara visheshta hunchha. yi ATP ka anuharu glucose anulai pachhiko bibhajanko lagi tayar garna aawashyak hunchhan.
  Expected: ग्लाइकोलाइसिसको प्रारम्भिक चरण, जसलाई ऊर्जा लगानी वा तयारी चरणको रूपमा चिनिन्छ, ATP को खपतद्वारा विशेषता हुन्छ। यी ATP का अणुहरू ग्लुकोज अणुलाई पछिको विभाजनको लागि तयार गर्न आवश्यक हुन्छन्।
  Got:      ग्लाइकोलाइसिसको प्रारम्भिक चरण, जसलाई ऊर्जा लगानी वा तयारी चरणको रूपमा चिनिन्छ, एटीपीको खपत महत्त्वद्वारा विशेषता हुन्छ। यी ATPका अणुहरू ग्लुकोज अणुलाई पछिको विभाजनको लागि तयार गर्न आवश्यक हुन्छन्।
----------------------------------------
[676] Roman: 1. Glucose ko Phosphorylation: pahilo charanma hexokinase enzyme dwara glucoseko phosphorylation samavesh hunchha, jasle ATP bata glucosema phosphate samuh sthanantaran gardachha, jasako parinamswaroop glucose-6-phosphateko gathan hunchha.
  Expected: १. ग्लुकोजको फस्फोरिलेसन: पहिलो चरणमा हेक्जोकाइनेज इन्जाइमद्वारा ग्लुकोजको फस्फोरिलेसन समावेश हुन्छ, जसले ATP बाट ग्लुकोजमा फस्फेट समूह स्थानान्तरण गर्दछ, जसको परिणामस्वरूप ग्लुकोज-६-फस्फेटको गठन हुन्छ।
  Got:      १.। ग्लुकोजको फस्फोरिलेसन: पहिलो चरणमा हेक्जोकाइनेज इन्जाइम महत्त्वद्वारा ग्लुकोजको फस्फोरिलेसन समावेश हुन्छ, जसले एटीपीबाट ग्लुकोजमा फस्फेट समूह स्थानान्तरण गर्दछ, जसको परिणामस्वरूप ग्लुकोज-६-फस्फेटको गठन हुन्छ।
----------------------------------------
[677] Roman: yo phosphorylation pratikriya kebal rasayanik roopantaran matra hoina; yasle dui aawashyak uddeshyaharu pura gardachha. pahilo, yasle glucose anulai prabhavkari roopma koshika bhitrai banda gardachha kinabhane phosphorylated anu koshika jhillipaar garera pheri farkanako lagi dherai thulo hunchha, ra dosro, yasle glucose anulai asthir banaunchha, yaslai rasayanik roopma adhik pratikriyashil ra glycolysisko pachhika charanharuko lagi tayar banaunchha.
  Expected: यो फस्फोरिलेशन प्रतिक्रिया केवल रासायनिक रूपान्तरण मात्र होइन; यसले दुई आवश्यक उद्देश्यहरू पूरा गर्दछ। पहिलो, यसले ग्लुकोज अणुलाई प्रभावकारी रूपमा कोशिका भित्रै बन्द गर्दछ किनभने फस्फोरिलेटेड अणु कोशिका झिल्ली पार गरेर फेरि फर्कनको लागि धेरै ठूलो हुन्छ, र दोस्रो, यसले ग्लुकोज अणुलाई अस्थिर बनाउँछ, यसलाई रासायनिक रूपमा अधिक प्रतिक्रियाशील र ग्लाइकोलाइसिसको पछिका चरणहरूको लागि तयार बनाउँछ।
  Got:      यो फस्फोरिलेसन प्रतिक्रिया केवल रासायनिक रूपान्तरण मात्र होइन; यसले दुई आवश्यक उद्देश्यहरू पूरा गर्दछ। पहिलो, यसले ग्लुकोज अणुलाई प्रभावकारी रूपमा कोशिका भित्रै बन्द गर्दछ किनभने फोस्फोर्य्लतेद अणु कोशिका झिल्लिपार गरेर फेरि फर्कनको लागि धेरै ठूलो हुन्छ, र दोस्रो, यसले ग्लुकोज अणुलाई अस्थिर बनाउँछ, यसलाई रासायनिक रूपमा अधिक प्रतिकृयशिल र ग्लाइकोलाइसिसको पुस्ताहरूमा चरणहरुको लागि तयार बनाउँछ।
----------------------------------------
[678] Roman: 2. Glucose-6-phosphatedo Isomerization: arko charanma phosphoglucose isomerase enzyme samavesh chha jasle glucose-6-phosphatelai fructose-6-phosphatema isomerize gardachha. yo isomerization, ek prakarko rasayanik pratikriya jasle ek anulaai eutai rasayanik sutra bhayeko pharak anuma roopantaran gardachha, arko phosphorylation pratikriyako lagi anu tayar garna aawashyak chha.
  Expected: २. ग्लुकोज-६-फस्फेटको आइसोमेराइजेसन: अर्को चरणमा फस्फोग्लुकोज आइसोमरेज इन्जाइम समावेश छ जसले ग्लुकोज-६-फस्फेटलाई फ्रक्टोज-६-फस्फेटमा आइसोमेराइज गर्दछ। यो आइसोमेराइजेसन, एक प्रकारको रासायनिक प्रतिक्रिया जसले एक अणुलाई एउटै रासायनिक सूत्र भएको फरक अणुमा रूपान्तरण गर्दछ, अर्को फस्फोरिलेसन प्रतिक्रियाको लागि अणु तयार गर्न आवश्यक छ।
  Got:      २। ग्लुकोज-६-फोस्फतेदो आइसोमेराइजेसन: अर्को चरणमा फस्फोग्लुकोज आइसोमरेज इन्जाइम समावेश छ जसले ग्लुकोज-६-फस्फेटलाई फ्रुच्तोसे-६-फस्फेटमा आइसोमेराइज गर्दछ। यो आइसोमेराइजेसन, एक प्रकारको रासायनिक प्रतिक्रिया जसले एक अणुलाई एउटै रासायनिक सूत्र भएको फरक अणुमा रूपान्तरण गर्दछ, अर्को फस्फोरिलेसन प्रतिक्रियाको लागि अणु तयार गर्न आवश्यक छ।
----------------------------------------
[679] Roman: 3. Fructose-6-phosphateko Phosphorylation: tesro charanma, fructose-6-phosphatelai tyaspachhi enzyme phosphofructokinase-1 (PFK-1) dwara phosphorylated gariinchha, jasle fructose-1,6-bisphosphate banaunako lagi ATP bata arko phosphate samuh sthanantaran gardachha. yaslai glycolysisma ek mahatwapurna niyamak charan maninchha. yaslai pratibaddha charan ko roopma pani chinninchha, jun ek patak bhayepachhi, anulai glycolysis marphat todnako lagi pratibaddh gardachha, ra yo pratikriyalaai pani sabadhanipurvak niyantran garinchha. PFK-1 lai ATP, ADP, ra AMP (adenosine monophosphate) sahit bibhinna karakaharudwara allosteric roopma niyaman garinchha, jasle koshikalaai koshikako tatkal urja aawashyaktaharuma adharit glycolysisko darlai dherai ramrosanga niyantran garna anumati dinchha.
  Expected: ३. फ्रक्टोज-६-फस्फेटको फस्फोरिलेसन: तेस्रो चरणमा, फ्रक्टोज-६-फस्फेटलाई त्यसपछि इन्जाइम फस्फोफ्रक्टोकाइनेज-१ (PFK-1) द्वारा फस्फोरिलेट गरिन्छ, जसले फ्रक्टोज-१,६-बिसफस्फेट बनाउनको लागि ATP बाट अर्को फस्फेट समूह स्थानान्तरण गर्दछ। यसलाई ग्लाइकोलाइसिसमा एक महत्वपूर्ण नियामक चरण मानिन्छ। यसलाई प्रतिबद्ध चरणको रूपमा पनि चिनिन्छ, जुन एकपटक भएपछि, अणुलाई ग्लाइकोलाइसिस मार्फत तोड्नको लागि प्रतिबद्ध गर्दछ, र यो प्रतिक्रियालाई पनि सावधानीपूर्वक नियन्त्रण गरिन्छ। PFK-1 लाई ATP, ADP, र AMP (एडेनोसिन मोनोफस्फेट) सहित विभिन्न कारकहरूद्वारा एलोस्टेरिक रूपमा नियमन गरिन्छ, जसले कोशिकालाई कोशिकाको तत्काल ऊर्जा आवश्यकताहरूमा आधारित ग्लाइकोलाइसिसको दरलाई धेरै राम्रोसँग नियन्त्रण गर्न अनुमति दिन्छ।
  Got:      ३.। फ्रुच्तोसे-६-फस्फेटको फस्फोरिलेसन: तेस्रो चरणमा, फ्रुच्तोसे-६-फस्फेटलाई त्यसपछि इन्जाइम फोस्फोफ्रुच्तोकिनसे-१. (प्फ्क-१.) महत्त्वद्वारा फोस्फोर्य्लतेद गरिन्छ, जसले फ्रुच्तोसे-१.,६-बिस्फोस्फते बनाउनको लागि एटीपीबाट अर्को फस्फेट समूह स्थानान्तरण गर्दछ। यसलाई ग्लाइकोलाइसिसमा एक महत्त्वपूर्ण नियामक चरण मानिन्छ। यसलाई प्रतिबद्द्ह चरणको रूपमा पनि चिनिन्छ, जुन एक पटक भएपछि, अणुलाई ग्लाइकोलाइसिस मार्फत तोद्नको लागि प्रतिबद्द्ह गर्दछ, र यो प्रतिकृयलाइ पनि सावधानीपूर्वक नियन्त्रण गरिन्छ। प्फ्क-१.लाई ATP, ADP, र अम्प (एडिनोसिन मोनोफोस्फते) सहित विभिन्न करकहरुद्वर अल्लोस्तेरिच रूपमा नियमन गरिन्छ, जसले कोशिकालाई कोशिकाको तत्काल ऊर्जा आवश्यकताहरुमा आधारित ग्लाइकोलाइसिसको दरलाई धेरै राम्रोसँग नियन्त्रण गर्न अनुमति दिन्छ।
----------------------------------------
[680] Roman: 4. Fructose-1,6-bisphosphateko Bibhajan: fructose-1,6-bisphosphatelai aldolase dwara dui tin-carbon anuharuma bibhajan garinchha: glyceraldehyde-3-phosphate (G3P) ra dihydroxyacetone phosphate (DHAP).
  Expected: ४. फ्रक्टोज-१,६-बिसफस्फेटको विभाजन: फ्रक्टोज-१,६-बिसफस्फेटलाई एल्डोलेजद्वारा दुई तीन-कार्बन अणुहरूमा विभाजन गरिन्छ: ग्लिसराल्डिहाइड-३-फस्फेट (G3P) र डाइहाइड्रोक्सियासिटोन फस्फेट (DHAP)।
  Got:      ४.। फ्रुच्तोसे-१.,६-बिस्फोस्फतेको विभाजन: फ्रुच्तोसे-१.,६-बिस्फोस्फतेलाई अल्दोलसे महत्त्वद्वारा दुई तीन-कार्बन अणुहरुमा विभाजन गरिन्छ: ग्ल्य्चेरल्देह्य्दे-३.-फस्फेट (ग3प) र दिह्य्द्रोछ्यचेतोने फस्फेट (धप)।
----------------------------------------
[681] Roman: 5. Dihydroxyacetone Phosphateko Isomerization: DHAP lai triose phosphate isomerase dwara G3P ma isomerize garinchha. yo pratikriya aawashyak chha kinabhane kebal G3P matra glycolysis ko arko charanma jana sakchha. yas charanko antyama, glucose ko euta anulai duiwota G3P anuharuma roopantaran gariyeko chha, prakriyama dui ATP anuharu khapat gardai.
  Expected: ५. डाइहाइड्रोक्सियासिटोन फस्फेटको आइसोमेराइजेशन: DHAP लाई ट्रिओज फस्फेट आइसोमरेजद्वारा G3P मा आइसोमेराइज गरिन्छ। यो प्रतिक्रिया आवश्यक छ किनभने केवल G3P मात्र ग्लाइकोलाइसिसको अर्को चरणमा जान सक्छ। यस चरणको अन्त्यमा, ग्लुकोजको एउटा अणुलाई दुईवटा G3P अणुहरूमा रूपान्तरण गरिएको छ, प्रक्रियामा दुई ATP अणुहरू खपत गर्दै।
  Got:      ५.। दिह्य्द्रोछ्यचेतोने फस्फेटको आइसोमेराइजेसन: धपलाई तृओसे फस्फेट आइसोमरेज महत्त्वद्वारा ग3पमा आइसोमेराइज गरिन्छ। यो प्रतिक्रिया आवश्यक छ किनभने केवल ग3प मात्र ग्लाइकोलाइसिसको अर्को चरणमा जान सक्छ। यस चरणको अन्त्यमा, ग्लुकोजको एउटा अणुलाई दुईवटा ग3प अणुहरुमा रूपान्तरण गरिएको छ, प्रक्रियामा दुई ATP अणुहरू खपत गर्दै।
----------------------------------------
[682] Roman: glycolysisko dosro charan, jaslai urja payoff charanko roopma chininchha, ATP ra NADH ko utpadandwara visheshta hunchha. yas charanma sabadhanipurvak vyawasthit rasayanik pratikriyaharuko ek shrinkhala samavesh hunchha, jas madhye pratek prarambhik glucoseko anuko lagi dui patak hunchha (charan 1 ma utpadit pratek G3P anuko lagi ek patak):
  Expected: ग्लाइकोलाइसिसको दोस्रो चरण, जसलाई ऊर्जा पेअफ चरणको रूपमा चिनिन्छ, ATP र NADH को उत्पादनद्वारा विशेषता हुन्छ। यस चरणमा सावधानीपूर्वक व्यवस्थित रासायनिक प्रतिक्रियाहरूको एक श्रृंखला समावेश हुन्छ, जसमध्ये प्रत्येक प्रारम्भिक ग्लुकोजको अणुको लागि दुई पटक हुन्छ (चरण १ मा उत्पादित प्रत्येक G3P अणुको लागि एक पटक):
  Got:      ग्लाइकोलाइसिसको दोस्रो चरण, जसलाई ऊर्जा पेअफ चरणको रूपमा चिनिन्छ, ATP र को उत्पदँद्वर विशेषता हुन्छ। यस चरणमा सावधानीपूर्वक व्यवस्थित रासायनिक प्रतिक्रियाहरूको एक श्रृंखला समावेश हुन्छ, जस मध्ये प्रत्येक प्रारम्भिक ग्लुकोजको अणुको लागि दुई पटक हुन्छ (चरण १.मा उत्पादित प्रत्येक ग3प अणुको लागि एक पटक):
----------------------------------------
[683] Roman: 1. Glyceraldehyde-3-phosphateko Oxidation: G3P glyceraldehyde-3-phosphate dehydrogenase dwara oxidation garinchha, NAD+ (nicotinamide adenine dinucleotide), lai oxidize agent ko roopma karya gardai. parinam 1,3-bisphosphoglycerateko gathan ho, ra uchcha-urja electron carrier NADH pani yas prakriyama bandachha. thap roopma, yas pratikriyama anuma ajaibik phosphateko thap pani samavesh chha. yo mahatwapurna charanma utpanna NADH le uchcha-urja electronharu bokchha, jun pachi metabolismko charanharuma prayog garinechha.
  Expected: १. ग्लिसराल्डिहाइड-३-फस्फेटको अक्सीकरण: G3P ग्लिसराल्डिहाइड-3-फस्फेट डिहाइड्रोजेनेसद्वारा अक्सीकरण गरिन्छ, NAD+ (निकोटिनामाइड एडेनिन डाइन्युक्लियोटाइड) लाई अक्सिडाइजिंग एजेन्टको रूपमा कार्य गर्दै। परिणाम 1,3-बिसफस्फोग्लिसरेटको गठन हो, र उच्च-ऊर्जा इलेक्ट्रोन क्यारियर NADH पनि यस प्रक्रियामा बन्दछ। थप रूपमा, यस प्रतिक्रियामा अणुमा अजैविक फस्फेटको थप पनि समावेश छ। यो महत्वपूर्ण चरणमा उत्पन्न NADH ले उच्च-ऊर्जा इलेक्ट्रोनहरू बोक्छ, जुन पछि मेटाबोलिज्मको चरणहरूमा प्रयोग गरिनेछ।
  Got:      १.। ग्ल्य्चेरल्देह्य्दे-३.-फस्फेटको अक्सीकरण: ग3प ग्ल्य्चेरल्देह्य्दे-३.-फस्फेट डिहाइड्रोजनेज महत्त्वद्वारा अक्सीकरण गरिन्छ, NAD+ (निचोतिनमिदे एडेनिन डाइन्युक्लियोटाइड), लाई अक्सिडाइज अगेँतको रूपमा कार्य गर्दै। परिणाम १.,३.-बिस्फोस्फोग्ल्य्चेरतेको गठन हो, र उच्च-ऊर्जा इलेक्ट्रोन क्यारियर NADH पनि यस प्रक्रियामा बन्दछ। थप रूपमा, यस प्रतिक्रियामा अणुमा अजैविक फस्फेटको थप पनि समावेश छ। यो महत्त्वपूर्ण चरणमा उत्पन्न NADHले उच्च-ऊर्जा इलेक्ट्रोनहरू बोक्छ, जुन पछि मेटाबोलिज्मको चरणहरूमा प्रयोग गरिनेछ।
----------------------------------------
[684] Roman: 2. 1,3-bisphosphoglycerate bata phosphate sthanantaran: 1,3-bisphosphoglyceratele tyaspachhi aphno phosphate samuhharu madhye euta lai ADP ma sthanantaran gardachha, jasako parinam swaroop ATP ra 3-phosphoglycerate bhanine tin-carbon anu bandachha. enzyme phosphoglycerate kinasele yo phosphate sthanantaran garchha, ra yasle substrate-star phosphorylation ko udaharan ko roopma kam gardachha, jahan electron transport chainko aawashyakta bina uchcha-urja madhyabarti anubata pratyaksh roopma ATP gathan hunchha.
  Expected: २. १,३-बिसफस्फोग्लिसरेटबाट फस्फेट स्थानान्तरण: १,३-बिसफस्फोग्लिसरेटले त्यसपछि आफ्नो फस्फेट समूहहरू मध्ये एउटालाई ADP मा स्थानान्तरण गर्छ, जसको परिणामस्वरूप ATP र 3-फस्फोग्लिसरेट भनिने तीन-कार्बन अणु बन्दछ। इन्जाइम फस्फोग्लिसरेट किनेजले यो फस्फेट स्थानान्तरण गर्छ, र यसले सब्सट्रेट-स्तर फस्फोरिलेसनको उदाहरणको रूपमा काम गर्छ, जहाँ इलेक्ट्रोन ट्रान्सपोर्ट चेनको आवश्यकता बिना उच्च-ऊर्जा मध्यवर्ती अणुबाट प्रत्यक्ष रूपमा ATP गठन हुन्छ।
  Got:      २। १.,३.-बिस्फोस्फोग्ल्य्चेरतेबाट फस्फेट स्थानान्तरण: १.,३.-बिस्फोस्फोग्ल्य्चेरतेले त्यसपछि आफ्नो फस्फेट समूहहरू मध्ये एउटालाई ADP स्थानान्तरण गर्दछ, जसको परिणाम F1 ATP र ३.-फस्फोग्लिसरेट भनिने तीन-कार्बन अणु बन्दछ। इन्जाइम फस्फोग्लिसरेट किनेजले यो फस्फेट स्थानान्तरण गर्छ, र यसले सुब्स्त्र्ते-स्तर फोस्फोरिलेसनको उदाहरणको रूपमा काम गर्दछ, जहाँ इलेक्ट्रोन ट्रान्सपोर्ट चेनको आवश्यकता बिना उच्च-ऊर्जा मध्यवर्ती अणुबाट प्रत्यक्ष रूपमा ATP गठन हुन्छ।
----------------------------------------
[685] Roman: 3. 3-phosphoglycerate ko Isomerization: 3-phosphoglycerate lai tyaspachhi enzyme phosphoglycerate mutase dwara 2-phosphoglycerate ma isomerize garinchha. yo ek mahatwapurna charan ho jasle anuma phosphate samuhko sthitilai pariwartan garchha, jun margma arko pratikriyako lagi aawashyak chha.
  Expected: ३. ३-फस्फोग्लिसरेटको आइसोमेराइजेशन: ३-फस्फोग्लिसरेटलाई त्यसपछि इन्जाइम फस्फोग्लिसरेट म्युटेजद्वारा २-फस्फोग्लिसरेटमा आइसोमेराइज गरिन्छ। यो एक महत्वपूर्ण चरण हो जसले अणुमा फस्फेट समूहको स्थितिलाई परिवर्तन गर्छ, जुन मार्गमा अर्को प्रतिक्रियाको लागि आवश्यक छ।
  Got:      ३.। ३.-फस्फोग्लिसरेटको आइसोमेराइजेसन: ३.-फस्फोग्लिसरेटलाई त्यसपछि इन्जाइम फस्फोग्लिसरेट मुतसे महत्त्वद्वारा २-फस्फोग्लिसरेटमा आइसोमेराइज गरिन्छ। यो एक महत्त्वपूर्ण चरण हो जसले अणुमा फस्फेट समूहको स्थितिलाई परिवर्तन गर्छ, जुन पहिलेको अर्को प्रतिक्रियाको लागि आवश्यक छ।
----------------------------------------
[686] Roman: 4. 2-phosphoglycerate ko Nirjalikaran: arko, 2-phosphoglyceratelai enzyme enolase dwara nirjalit garinchha, jasle phosphoenolpyruvate (PEP) ko anuko gathan gardachha. yo ek sabadhanipurvak niyantrit nirjalikaran pratikriya ho jasle PEP anu bhitra ek uchcha-urja phosphate bandhanko gathan gardachha.
  Expected: ४. २-फस्फोग्लिसरेटको निर्जलीकरण: अर्को, २-फस्फोग्लिसरेटलाई एन्जाइम एनोलेजद्वारा निर्जलित गरिन्छ, जसले फस्फोएनोलपाइरूभेट (PEP) को अणुको गठन गर्दछ। यो एक सावधानीपूर्वक नियन्त्रित निर्जलीकरण प्रतिक्रिया हो जसले PEP अणु भित्र एक उच्च-ऊर्जा फस्फेट बन्धनको गठन गर्दछ।
  Got:      ४.। २-फस्फोग्लिसरेटको निर्जलीकरण: अर्को, २-फस्फोग्लिसरेटलाई इन्जाइम एनोलेजद्वारा महत्त्वद्वारा गरिन्छ गरिन्छ, जसले PEP (PEP) को अणुको गठन गर्दछ। यो एक सावधानीपूर्वक नियन्त्रित निर्जलीकरण प्रतिक्रिया हो जसले PEP अणु भित्र एक उच्च-ऊर्जा फस्फेट बन्धनको गठन गर्दछ।
----------------------------------------
[687] Roman: 5. Phosphoenolpyruvate bata Phosphate Sthanantaran: glycolysisko antima charanma PEP bata ADP ma phosphate samuhko sthanantaran samavesh chha, jasle ATP ra pyruvate ko gathan gardachha. yo mahatwapurna pratikriya enzyme pyruvate kinase dwara utprerit garinchha ra, charan 7 jastai, yo pani substrate-star phosphorylation ko ek mahatwapurna udaharan ho, jahan ATP pratyaksh roopma utpanna hunchha. yo glycolysisma ek mahatwapurna niyamak charan pani ho, jasako artha ho ki pyruvate ko utpadanalaai koshika dwara sabadhanipurvak niyantran gariinchha, ra koshikale aphno urja aawashyaktaharuma aadharit prakriyalai parimarjan garna sakchha.
  Expected: ५. फस्फोएनोलपाइरूभेटबाट फस्फेट स्थानान्तरण: ग्लाइकोलाइसिसको अन्तिम चरणमा PEP बाट ADP मा फस्फेट समूहको स्थानान्तरण समावेश छ, जसले ATP र पाइरूभेटको गठन गर्दछ। यो महत्वपूर्ण प्रतिक्रिया इन्जाइम पाइरूभेट किनेजद्वारा उत्प्रेरित गरिन्छ र, चरण ७ जस्तै, यो पनि सब्सट्रेट-स्तर फस्फोरिलेसनको एक महत्वपूर्ण उदाहरण हो, जहाँ ATP प्रत्यक्ष रूपमा उत्पन्न हुन्छ। यो ग्लाइकोलाइसिसमा एक महत्त्वपूर्ण नियामक चरण पनि हो, जसको अर्थ हो कि पाइरूभेटको उत्पादनलाई कोशिकाद्वारा सावधानीपूर्वक नियन्त्रण गरिन्छ, र कोशिकाले आफ्नो ऊर्जा आवश्यकताहरूमा आधारित प्रक्रियालाई परिमार्जन गर्न सक्छ।
  Got:      ५.। PEPबाट फस्फेट स्थानान्तरण: ग्लाइकोलाइसिसको अन्तिम चरणमा PEPबाट ADP फस्फेट समूहको स्थानान्तरण समावेश छ, जसले ATP र पाइरूभेटको गठन गर्दछ। यो महत्त्वपूर्ण प्रतिक्रिया इन्जाइम पाइरूभेट किनेज महत्त्वद्वारा उत्प्रेरित गरिन्छ र, चरण ७ जस्तै, यो पनि सुब्स्त्र्ते-स्तर फोस्फोरिलेसनको एक महत्त्वपूर्ण उदाहरण हो, जहाँ ATP प्रत्यक्ष रूपमा उत्पन्न हुन्छ। यो ग्लाइकोलाइसिसमा एक महत्त्वपूर्ण नियामक चरण पनि हो, जसको अर्थ हो कि पाइरूभेटको उत्पदनलाइ कोशिका महत्त्वद्वारा सावधानीपूर्वक नियन्त्रण गरिन्छ, र कोशिकाले आफ्नो ऊर्जा आवश्यकताहरुमा आधारित प्रक्रियालाई परिमार्जन गर्न सक्छ।
----------------------------------------
[689] Roman: * 2 ATP anuharu (2 ko shuddha roopma 4 ATP utpanna hunchha, tara 2 charan 1 ma khapat hunchha)
  Expected: * २ ATP अणुहरू (२ को शुद्ध रूपमा ४ ATP उत्पन्न हुन्छ, तर २ चरण १ मा खपत हुन्छ)
  Got:      * २ ATP अणुहरू (२को शुद्ध रूपमा ४. ATP उत्पन्न हुन्छ, तर २ चरण १.मा खपत हुन्छ)
----------------------------------------
[690] Roman: * 2 NADH anuharu, jun uchcha urja electron carrier hun.
  Expected: * २ NADH अणुहरू, जुन उच्च ऊर्जा इलेक्ट्रोन क्यारियर हुन्
  Got:      * २ NADH अणुहरू, जुन उच्च ऊर्जा इलेक्ट्रोन क्यारियर हुन्।
----------------------------------------
[691] Roman: * 2 pyruvate anuharu, tin-carbon anu.
  Expected: * २ पाइरूभेट अणुहरू, तीन-कार्बन अणु
  Got:      * २ पाइरूभेट अणुहरू, तीन-कार्बन अणु।
----------------------------------------
[693] Roman: * Aerobic Awasthaharu (Oxygen ko Upasthiti): jab oxygen sajilai uplabdha hunchha, jun dheraijaso koshikaharuma vishisht hunchha, pyruvate anuharu sakriya roopma mitochondria ma dhubani garinchha, jahan tiniharulaai pahile acetyl-CoA ma roopantaran garinchha, ek dui-carbon anu. acetyl-CoA tyaspachhi krebs chakra wa citric acid chakrama pravesh gardachha glucose ko purna ra purna oxidation ra electron transport chainma oxidative phosphorylation marphat adhiktam ATP utpadan ko lagi, jahan utpadit NADH pani thap ATP utpadan garna prayog garinchha.
  Expected: * एरोबिक अवस्थाहरू (अक्सिजनको उपस्थिति): जब अक्सिजन सजिलै उपलब्ध हुन्छ, जुन धेरैजसो कोशिकाहरूमा विशिष्ट हुन्छ, पाइरूभेट अणुहरू सक्रिय रूपमा माइटोकोन्ड्रियामा ढुवानी गरिन्छ, जहाँ तिनीहरूलाई पहिले एसिटाइल-कोएमा रूपान्तरण गरिन्छ, एक दुई-कार्बन अणु। एसिटाइल-कोए त्यसपछि क्रेब्स चक्र वा साइट्रिक एसिड चक्रमा प्रवेश गर्दछ ग्लुकोजको पूर्ण र पूर्ण अक्सीकरण र इलेक्ट्रोन ट्रान्सपोर्ट चेनमा अक्सिडेटिभ फस्फोरिलेसन मार्फत अधिकतम ATP उत्पादनको लागि, जहाँ उत्पादित NADH पनि थप ATP उत्पादन गर्न प्रयोग गरिन्छ।
  Got:      * एरोबिक अवस्थाहरू (अक्सिजनको उपस्थिति): जब अक्सिजन सजिलै उपलब्ध हुन्छ, जुन धेरैजसो कोशिकाहरूमा विशिष्ट हुन्छ, पाइरूभेट अणुहरू सक्रिय रूपमा माइटोकोन्ड्रियामा ढुवानी गरिन्छ, जहाँ तिनीहरूलाई पहिले अचेत्य्ल-चोअमा रूपान्तरण गरिन्छ, एक दुई-कार्बन अणु। अचेत्य्ल-चोअ त्यसपछि क्रेब्स चक्र वा साइट्रिक एसिड चक्रमा प्रवेश गर्दछ ग्लुकोजको पूर्ण र पूर्ण अक्सीकरण र इलेक्ट्रोन ट्रान्सपोर्ट चेनमा अक्सिडेटिभ फस्फोरिलेसन मार्फत अधिकतम ATP उत्पादनको लागि, जहाँ उत्पादित NADH पनि थप ATP उत्पादन गर्न प्रयोग गरिन्छ।
----------------------------------------
[694] Roman: * Anaerobic Awasthaharu (Oxygen ko Anupasthiti): jab oxygen uplabdha hundaina, pyruvate anuharu kinwan gardachhan. pyruvate lai lactate (janawarka koshikaharu ra kehi bacteria haruma) wa ethanol (kheermma) vishishta kinwan margaharumarphat roopantaran garinchha. yo prakriyale NAD+ lai punah utpanna garchha, jun glycolysislai jari rakhna aawashyak chha, yadyapi yasle thap ATP utpadan gardaina. yo anaerobic margale oxygenko anupasthitima glycolysis agaadi badhna anumati dinchha, ra oxygen uplabdha nabhayeko awasthama koshikaharulai simit matrama urja pradan gardachha.
  Expected: * एनारोबिक अवस्थाहरू (अक्सिजनको अनुपस्थिति): जब अक्सिजन उपलब्ध हुँदैन, पाइरूभेट अणुहरू किण्वन गर्दछन्। पाइरूभेटलाई ल्याक्टेट (जनावरका कोशिकाहरू र केही ब्याक्टेरियाहरूमा) वा इथानोल (खमीरमा) विशिष्ट किण्वन मार्गहरू मार्फत रूपान्तरण गरिन्छ। यो प्रक्रियाले NAD+ लाई पुन: उत्पन्न गर्छ, जुन ग्लाइकोलाइसिसलाई जारी राख्न आवश्यक छ, यद्यपि यसले थप ATP उत्पादन गर्दैन। यो एनारोबिक मार्गले अक्सिजनको अनुपस्थितिमा ग्लाइकोलाइसिस अगाडि बढ्न अनुमति दिन्छ, र अक्सिजन उपलब्ध नभएको अवस्थामा कोशिकाहरूलाई सीमित मात्रामा ऊर्जा प्रदान गर्दछ।
  Got:      * एनारोबिक अवस्थाहरू (अक्सिजनको अनुपस्थिती): जब अक्सिजन उपलब्ध हुँदैन, पाइरूभेट अणुहरू किँवन गर्दछन्। पाइरूभेटलाई लच्तते (जनावरका कोशिकाहरू र केही ब्याक्टेरियाहरूमा) वा एथनोल (खीर्ममा) विशिष्ट किँवन मर्गहरुमर्फत रूपान्तरण गरिन्छ। यो प्रक्रियाले NAD+लाई पुन उत्पन्न गर्छ, जुन ग्लाइकोलाइसिसलाई जारी राख्न आवश्यक छ, यद्यपि यसले थप ATP उत्पादन गर्दैन। यो एनारोबिक मार्गले अक्सिजनको अनुपस्थितीमा ग्लाइकोलाइसिस अगाडि बध्न अनुमति दिन्छ, र अक्सिजन उपलब्ध नभएको अवस्थामा कोशिकाहरूलाई सीमित मात्रामा ऊर्जा प्रदान गर्दछ।
----------------------------------------
[695] Roman: glycolysis lai dherai binduharuma kada roopma viniyamit ra sabadhanipurvak niyantran garinchha taki ATP utpadanko dar koshikako tatkal urja aawashyaktaharusanga mel khanchha. yi jatil niyamak sayantraharule koshikaharule aawashyak cellular urja badhi utpadan gardainan, wa kam utpadan gardainan bhanne sunischit gardachha. yasama sanglagna mukhya niyamak enzymeharu hun:
  Expected: ग्लाइकोलाइसिसलाई धेरै बिन्दुहरूमा कडा रूपमा विनियमित र सावधानीपूर्वक नियन्त्रण गरिन्छ ताकि ATP उत्पादनको दर कोशिकाको तत्काल ऊर्जा आवश्यकताहरूसँग मेल खान्छ। यी जटिल नियामक संयन्त्रहरूले कोशिकाहरूले आवश्यक सेलुलर ऊर्जा बढी उत्पादन गर्दैनन्, वा कम उत्पादन गर्दैनन् भन्ने सुनिश्चित गर्दछ। यसमा संलग्न मुख्य नियामक इन्जाइमहरू हुन्:
  Got:      ग्लाइकोलाइसिसलाई धेरै बिन्दुहरूमा कडा रूपमा विनियमित र सावधानीपूर्वक नियन्त्रण गरिन्छ ताकि ATP उत्पादनको दर कोशिकाको तत्काल ऊर्जा आवश्यकताहरूसँग मेल खान्छ। यी जटिल नियामक संयन्त्रहरूले कोशिकाहरूले आवश्यक सेलुलर ऊर्जा बढी उत्पादन गर्दैनन्, वा काम उत्पादन गर्दैनन् भन्ने सुनिश्चित गर्दछ। यसमा संलग्न मुख्य नियामक इन्जाइमहरू हुन्:
----------------------------------------
[696] Roman: * Hexokinase: yo enzyme, jasle glycolysis ko prarambhik charanlai utprerit garchha, yasko aphnai utpadan, glucose-6-phosphate dwara badhit hunchha. yaslai feedback nishedh ko roopma chinninchha, jahan pratikriyako utpadanle tyo vishishta pratikriyako darlai kam garchha, jasle garda koshikalaai yasako utpadanlai niyamam garna anumati dinchha.
  Expected: * हेक्जोकाइनेज: यो इन्जाइम, जसले ग्लाइकोलाइसिसको प्रारम्भिक चरणलाई उत्प्रेरित गर्छ, यसको आफ्नै उत्पादन, ग्लुकोज-६-फस्फेटद्वारा बाधित हुन्छ। यसलाई फिडब्याक निषेधको रूपमा चिनिन्छ, जहाँ प्रतिक्रियाको उत्पादनले त्यो विशिष्ट प्रतिक्रियाको दरलाई कम गर्छ, जसले गर्दा कोशिकालाई यसको उत्पादनलाई नियमन गर्न अनुमति दिन्छ।
  Got:      * हेक्जोकाइनेज: यो इन्जाइम, जसले ग्लाइकोलाइसिसको प्रारम्भिक चरणलाई उत्प्रेरित गर्छ, यसको आफ्नै उत्पादन, ग्लुकोज-६-फस्फेट महत्त्वद्वारा बाधित हुन्छ। यसलाई फिडब्याक निशेधको रूपमा चिनिन्छ, जहाँ प्रतिक्रियाको उत्पादनले त्यो विशिष्ट प्रतिक्रियाको दरलाई काम गर्छ, जसले गर्दा कोशिकालाई यसको उत्पादनलाई नियमन गर्न अनुमति दिन्छ।
----------------------------------------
[697] Roman: * Phosphofructokinase-1 (PFK-1): yo enzyme lai glycolysis ko sabaibhanda mahatwapurna niyamak enzyme maninchha, kinaki yasle pratibaddha charanlai utprerit gardachha. PFK-1 lai allosteric roopma niyamam garinchha, yasako artha ho ki yasako gatibidhi yasako pratyaksh substrate ra utpadanharu bahek anya karakaharu dwara prabhavit hunchha. PFK-1 lai AMP (adenosine monophosphate) ra ADP (adenosine diphosphate) jasta anuharudwara sakriya garinchha, jasle koshikama kam urja chargeko suchakko roopma kam gardachha. yas ko biparit, yo ATP ra citratedwara badhit hunchha, jun koshikama uchcha urjako suchak ho, jasle prakriyalaai susta banauna pani maddat garchha.
  Expected: * फस्फोफ्रक्टोकाइनेज-१ (PFK-1): यो इन्जाइमलाई ग्लाइकोलाइसिसको सबैभन्दा महत्त्वपूर्ण नियामक इन्जाइम मानिन्छ, किनकि यसले प्रतिबद्ध चरणलाई उत्प्रेरित गर्दछ। PFK-1 लाई एलोस्टेरिक रूपमा नियमन गरिन्छ, यसको अर्थ हो कि यसको गतिविधि यसको प्रत्यक्ष सब्सट्रेट र उत्पादनहरू बाहेक अन्य कारकहरूद्वारा प्रभावित हुन्छ। PFK-1 लाई AMP (एडेनोसिन मोनोफस्फेट) र ADP (एडेनोसिन डाइफोस्फेट) जस्ता अणुहरूद्वारा सक्रिय गरिन्छ, जसले कोशिकामा कम ऊर्जा चार्जको सूचकको रूपमा काम गर्दछ। यसको विपरीत, यो ATP र साइट्रेटद्वारा बाधित हुन्छ, जुन कोशिकामा उच्च ऊर्जाको सूचक हो, जसले प्रक्रियालाई सुस्त बनाउन पनि मद्दत गर्छ।
  Got:      * फोस्फोफ्रुच्तोकिनसे-१. (प्फ्क-१.): यो इन्जाइमलाई ग्लाइकोलाइसिसको सबैभन्दा महत्त्वपूर्ण नियामक इन्जाइम मानिन्छ, किनकि यसले प्रतिबद्द्ह चरणलाई उत्प्रेरित गर्दछ। प्फ्क-१.लाई अल्लोस्तेरिच रूपमा नियमन गरिन्छ, यसको अर्थ हो कि यसको गतिविधि यसको प्रत्यक्ष सुब्स्त्र्ते र उत्पादनहरू बाहेक अन्य करकाहरु महत्त्वद्वारा प्रभावित हुन्छ। प्फ्क-१.लाई अम्प (एडिनोसिन मोनोफोस्फते) र ADP (एडिनोसिन डाइफोस्फेट) जस्ता पनि सक्रिय गरिन्छ, जसले कोशिकामा काम ऊर्जा चार्जको सुचकको रूपमा काम गर्दछ। यसको विपरित, यो ATP र चित्र्तेद्वर बाधित हुन्छ, जुन कोशिकामा उच्च ऊर्जाको सुचक हो, जसले प्रक्रियालाई सुस्त बनाउन पनि मद्दत गर्छ।
----------------------------------------
[698] Roman: * Pyruvate Kinase: glycolysisko antima niyamak enzyme, pyruvate kinase, fructose-1,6-bisphosphate dwara sakriya hunchha, feed-forward sakriyatako ek udaharan, jahan margma pahileko anule arko charanlai uttejit gardachha. yo ATP ra alanine jasta anuharudwara pani badhit hunchha, jasle yo sanket dinchha ki koshikalaai thap ATP utpadanko aawashyakta chhaina.
  Expected: * पाइरूभेट किनेज: ग्लाइकोलाइसिसको अन्तिम नियामक इन्जाइम, पाइरूभेट किनेज, फ्रक्टोज-१,६-बिसफस्फेटद्वारा सक्रिय हुन्छ, फिड-फर्वार्ड सक्रियताको एक उदाहरण, जहाँ मार्गमा पहिलेको अणुले अर्को चरणलाई उत्तेजित गर्दछ। यो ATP र एलानिन जस्ता अणुहरूद्वारा पनि बाधित हुन्छ, जसले यो सङ्केत दिन्छ कि कोशिकालाई थप ATP उत्पादनको आवश्यकता छैन।
  Got:      * पाइरूभेट किनेज: ग्लाइकोलाइसिसको अन्तिम नियामक इन्जाइम, पाइरूभेट किनेज, फ्रुच्तोसे-१.,६-बिस्फोस्फते महत्त्वद्वारा सक्रिय हुन्छ, फीद-फोर्वर्द एक एक उदाहरण, जहाँ पहिलेको पहिलेको अणुले अर्को चरणलाई गर्दछ गर्दछ। यो ATP र जस्ता जस्ता पनि पनि बाधित हुन्छ, जसले यो सङ्केत दिन्छ कि कोशिकालाई थप ATP उत्पादनको आवश्यकता छैन।
----------------------------------------
[699] Roman: sankshepma, glycolysis ek aawashyak ra aadharbhut metabolic marga ho jasle sabai jivit koshikaharuko lagi urjako druta strot pradan gardachha. yasako pratikriyaharuko jatil shrinkhala, feedback ra feed-forward sayantraharu marphat yasako kada niyamam, ra oxidative phosphorylation sahit anya pramukh metabolic margaharusangako yasako jodan, yi sabai le cellular jiwanko lagi yo katiko mahatwapurna chha bhanera dekhaudachha. yasle yo aphaima abiswasniya roopma kushal nabhae pani, yo ek mahatwapurna shuruwat bindu ho, ra sabai pachhika urja utpadan margaharuko lagi aadhar ho bhanera highlight gardachha.
  Expected: संक्षेपमा, ग्लाइकोलाइसिस एक आवश्यक र आधारभूत मेटाबोलिक मार्ग हो जसले सबै जीवित कोशिकाहरूको लागि ऊर्जाको द्रुत स्रोत प्रदान गर्दछ। यसको प्रतिक्रियाहरूको जटिल शृङ्खला, फिडब्याक र फिड-फर्वार्ड संयन्त्रहरू मार्फत यसको कडा नियमन, र अक्सिडेटिभ फस्फोरिलेसन सहित अन्य प्रमुख मेटाबोलिक मार्गहरूसँगको यसको जडान, यी सबैले सेलुलर जीवनको लागि यो कत्तिको महत्त्वपूर्ण छ भनेर देखाउँदछ। यसले यो आफैँमा अविश्वसनीय रूपमा कुशल नभए पनि, यो एक महत्वपूर्ण सुरूवात बिन्दु हो, र सबै पछिका ऊर्जा उत्पादन मार्गहरूको लागि आधार हो भनेर हाइलाइट गर्दछ।
  Got:      संक्षेपमा, ग्लाइकोलाइसिस एक आवश्यक र आधारभूत मेटाबोलिक मार्ग हो जसले सबै जीवित कोशिकाहरूको लागि ऊर्जाको द्रुत स्रोत प्रदान गर्दछ। यसको प्रतिक्रियाहरूको जटिल श्रृंखला, फिडब्याक र फीद-फोर्वर्द संयन्त्रहरू मार्फत यसको कडा नियमन, र अक्सिडेटिभ फस्फोरिलेसन सहित अन्य प्रमुख मेटाबोलिक मार्गहरूसँगको यसको जडान, यी सबैले सेलुलर जीवनको लागि यो कत्तिको महत्त्वपूर्ण छ भनेर देखाउँदछ। यसले यो आफैंमा अविश्वसनीय रूपमा कुशल नभए पनि, यो एक महत्त्वपूर्ण सुरुवात बिन्दु हो, र सबै पुस्ताहरूमा ऊर्जा उत्पादन मार्गहरूको लागि आधार हो भनेर हाइलाइट गर्दछ।
----------------------------------------
[701] Roman: aaunuhos, hami krebs chakrakko jatiltaharulai ajha gahiro roopma anweshan garau, jaslai citric acid chakra wa tricarboxylic acid (TCA) chakra pani bhannichha. yo metabolic marga cellular shwashaprashwashko ek purna roopma kendriya ghatak ho, ek mahatwapurna hubko roopma karya gardai jasle acetyl-CoA bata urja nikalchha, ek dui-carbon anu jun pyruvate oxidation ko pramukh utpadan ho.
  Expected: आउनुहोस्, हामी क्रेब्स चक्रको जटिलताहरूलाई अझ गहिरो रूपमा अन्वेषण गरौं, जसलाई साइट्रिक एसिड चक्र वा ट्राइकारबॉक्सिलिक एसिड (TCA) चक्र पनि भनिन्छ। यो मेटाबोलिक मार्ग सेलुलर श्वासप्रश्वासको एक पूर्ण रूपमा केन्द्रीय घटक हो, एक महत्वपूर्ण हबको रूपमा कार्य गर्दै जसले एसिटाइल-कोएबाट ऊर्जा निकाल्छ, एक दुई-कार्बन अणु जुन पाइरूभेट अक्सीकरणको प्रमुख उत्पादन हो।
  Got:      आउनुहोस्, हामी क्रेब्स चक्रको जटिलताहरूलाई अझ गहिरो रूपमा अन्वेषण गरौं, जसलाई साइट्रिक एसिड चक्र वा ट्राइकारबॉक्सिलिक एसिड (TCA) चक्र पनि भनिन्छ। यो मेटाबोलिक मार्ग सेलुलर श्वासप्रश्वासको एक पूर्ण रूपमा केन्द्रीय घातक हो, एक महत्त्वपूर्ण हबको रूपमा कार्य गर्दै जसले अचेत्य्ल-चोअबाट ऊर्जा निकाल्छ, एक दुई-कार्बन अणु जुन पाइरूभेट अक्सीकरणको प्रमुख उत्पादन हो।
----------------------------------------
[702] Roman: rasayanik pratikriyaharuko yo sabadhanipurvak vyawasthit chakra eukaryotic koshikaharuko mitochondrial matrix bhitra hunchha, ra glycolysisko utpadanharulaai thap oxidiz garne matra nabhaera uchcha-urja electron wahakharu pani utpanna gardachha, jasle pachi prakriyama thulo matrama ATP ko sansleshanlai chalaunechha.
  Expected: रासायनिक प्रतिक्रियाहरूको यो सावधानीपूर्वक व्यवस्थित चक्र युकेरियोटिक कोशिकाहरूको माइटोकोन्ड्रियाल म्याट्रिक्स भित्र हुन्छ, र ग्लाइकोलाइसिसको उत्पादनहरूलाई थप अक्सिडाइज गर्ने मात्र नभएर उच्च-ऊर्जा इलेक्ट्रोन वाहकहरू पनि उत्पन्न गर्दछ, जसले पछि प्रक्रियामा ठूलो मात्रामा ATP को संश्लेषणलाई चलाउनेछ।
  Got:      रासायनिक प्रतिक्रियाहरूको यो सावधानीपूर्वक व्यवस्थित चक्र युकेरियोटिक कोशिकाहरूको माइटोकोन्ड्रियाल म्याट्रिक्स भित्र हुन्छ, र ग्लाइकोलाइसिसको उत्पादनहरूलाई थप अक्सिडाइज गर्ने मात्र नभएर उच्च-ऊर्जा इलेक्ट्रोन वाहकहरू पनि उत्पन्न गर्दछ, जसले पछि प्रक्रियामा ठूलो मात्रामा एटीपीको संश्लेषणलाई चलाउनेछ।
----------------------------------------
[705] Roman: krebs chakra, jaslai citric acid chakra, wa tricarboxylic acid (TCA) chakra pani bhanninchha, aath vishishta enzymatic pratikriyaharuko sabadhanipurvak vyawasthit shrinkhala ho jasle banda loop marga banaunchha.
  Expected: क्रेब्स चक्र, जसलाई साइट्रिक एसिड चक्र, वा ट्राइकारबॉक्सिलिक एसिड (TCA) चक्र पनि भनिन्छ, आठ विशिष्ट इन्जाइमेटिक प्रतिक्रियाहरूको सावधानीपूर्वक व्यवस्थित शृङ्खला हो जसले बन्द लुप मार्ग बनाउँछ।
  Got:      क्रेब्स चक्र, जसलाई साइट्रिक एसिड चक्र, वा ट्राइकारबॉक्सिलिक एसिड (TCA) चक्र पनि भनिन्छ, आठ विशिष्ट इन्जाइमेटिक प्रतिक्रियाहरूको सावधानीपूर्वक व्यवस्थित श्रृंखला हो जसले बन्द लुप मार्ग बनाउँछ।
----------------------------------------
[706] Roman: yo chakriya prakriti prakriyako lagi mahatwapurna chha, jasle yo sunishchit gardachha ki chakra nirantar roopma dohorayauna ra karya garna sakdachha jabasamma acetyl-CoA sajilai uplabdha hunchha.
  Expected: यो चक्रीय प्रकृति प्रक्रियाको लागि महत्वपूर्ण छ, जसले यो सुनिश्चित गर्दछ कि चक्र निरन्तर रूपमा दोहोर्याउन र कार्य गर्न सक्दछ जबसम्म एसिटाइल-कोए सजिलै उपलब्ध हुन्छ।
  Got:      यो चक्रीय प्रकृति प्रक्रियाको लागि महत्त्वपूर्ण छ, जसले यो सुनिश्चित गर्दछ कि चक्र निरन्तर रूपमा दोहोर्याउन र कार्य गर्न सक्दछ जबसम्म अचेत्य्ल-चोअ सजिलै उपलब्ध हुन्छ।
----------------------------------------
[707] Roman: chakra acetyl-CoA, dui-carbon anu jun pyruvate oxidationko antima utpadan ho, ko praveshbata shuru hunchha.
  Expected: चक्र एसिटाइल-कोए, दुई-कार्बन अणु जुन पाइरूभेट अक्सीकरणको अन्तिम उत्पादन हो, को प्रवेशबाट सुरु हुन्छ।
  Got:      चक्र अचेत्य्ल-चोअ, दुई-कार्बन अणु जुन पाइरूभेट अक्सीकरणको अन्तिम उत्पादन हो, को प्रवेशबाट सुरु हुन्छ।
----------------------------------------
[708] Roman: yo acetyl-CoA tyaspachhi oxaloacetate sanga milchha, ek char-carbon anu jun pahile nai mitochondrial matrix bhitra chha. chakrako antima parinam yo ho ki oxaloacetate punah utpanna hunchha, jasle garda arko acetyl-CoA anusanga chakra pheri shuru huna sakchha.
  Expected: यो एसिटाइल-कोए त्यसपछि अक्सालोएसीटेटसँग मिल्छ, एक चार-कार्बन अणु जुन पहिले नै माइटोकोन्ड्रियाल म्याट्रिक्स भित्र छ। चक्रको अन्तिम परिणाम यो हो कि अक्सालोएसीटेट पुन: उत्पन्न हुन्छ, जसले गर्दा अर्को एसिटाइल-कोए अणुसँग चक्र फेरि सुरु हुन सक्छ।
  Got:      यो अचेत्य्ल-चोअ त्यसपछि ओछ्लोअचेततेसँग मिल्छ, एक चार-कार्बन अणु जुन पहिले नै माइटोकोन्ड्रियाल म्याट्रिक्स भित्र छ। चक्रको अन्तिम परिणाम यो हो कि ओछ्लोअचेतते पुन उत्पन्न हुन्छ, जसले गर्दा अर्को अचेत्य्ल-चोअ अणुसँग चक्र फेरि सुरु हुन सक्छ।
----------------------------------------
[709] Roman: yo chakriya prakriya mahatwapurna chha kinabhane yasle yo sunischit gardachha ki margale karya jari rakhna sakchha ra jabasamma cellular urjako aawashyakta chha tabasamma acetyl-CoA lai oxidise garna sakchha.
  Expected: यो चक्रीय प्रक्रिया महत्वपूर्ण छ किनभने यसले यो सुनिश्चित गर्दछ कि मार्गले कार्य जारी राख्न सक्छ र जबसम्म सेलुलर ऊर्जाको आवश्यकता छ तबसम्म एसिटाइल-कोएलाई अक्सिडाइज गर्न सक्छ।
  Got:      यो चक्रीय प्रक्रिया महत्त्वपूर्ण छ किनभने यसले यो सुनिश्चित गर्दछ कि मार्गले कार्य जारी राख्न सक्छ र जबसम्म सेलुलर ऊर्जाको आवश्यकता छ तबसममा अचेत्य्ल-चोअलाई अक्सिडाइज गर्न सक्छ।
----------------------------------------
[710] Roman: krebs chakrakko prathamik karya pratyaksh roopma thulo matrama ATP utpadan garnu hoina. baru, yasako prathamik karya acetyl-CoA lai purna roopma oxidise garnu ho, ra tyaso garda, uchcha-urja electron wahakharu (NADH ra FADH2), thore matrama ATP (substrate-star phosphorylation marphat), ra carbon dioxide lai phohor utpadanko roopma utpadan garnu ho.
  Expected: क्रेब्स चक्रको प्राथमिक कार्य प्रत्यक्ष रूपमा ठूलो मात्रामा ATP उत्पादन गर्नु होइन। बरु, यसको प्राथमिक कार्य एसिटाइल-कोएलाई पूर्ण रूपमा अक्सिडाइज गर्नु हो, र त्यसो गर्दा, उच्च-ऊर्जा इलेक्ट्रोन वाहकहरू (NADH र FADH2), थोरै मात्रामा ATP (सब्सट्रेट-स्तर फस्फोरिलेसन मार्फत), र कार्बन डाइअक्साइडलाई फोहोर उत्पादनको रूपमा उत्पादन गर्नु हो।
  Got:      क्रेब्स चक्रको प्राथमिक कार्य प्रत्यक्ष रूपमा ठूलो मात्रामा ATP उत्पादन गर्नु होइन। बरु, यसको प्राथमिक कार्य अचेत्य्ल-चोअलाई पूर्ण रूपमा अक्सिडाइज गर्नु हो, र त्यसो गर्दा, उच्च-ऊर्जा इलेक्ट्रोन वाहकहरू (NADH र FADH2), थोरै मात्रामा ATP (सुब्स्त्र्ते-स्तर फस्फोरिलेसन मार्फत), र कार्बन डाइअक्साइडलाई फोहोर उत्पादनको रूपमा उत्पादन गर्नु हो।
----------------------------------------
[711] Roman: krebs chakrama utpadit uchcha-urja electron wahakaharulaai tyaspachhi electron transport chainma oxidative phosphorylation marphat koshikako ATP ko thulo matra utpanna garna prayog garinchha.
  Expected: क्रेब्स चक्रमा उत्पादित उच्च-ऊर्जा इलेक्ट्रोन वाहकहरूलाई त्यसपछि इलेक्ट्रोन ट्रान्सपोर्ट चेनमा अक्सिडेटिभ फस्फोरिलेसन मार्फत कोशिकाको ATP को ठूलो मात्रा उत्पन्न गर्न प्रयोग गरिन्छ।
  Got:      क्रेब्स चक्रमा उत्पादित उच्च-ऊर्जा इलेक्ट्रोन वाहकहरूलाई त्यसपछि इलेक्ट्रोन ट्रान्सपोर्ट चेनमा अक्सिडेटिभ फस्फोरिलेसन मार्फत कोशिकाको एटीपीको ठूलो मात्र उत्पन्न गर्न प्रयोग गरिन्छ।
----------------------------------------
[712] Roman: Tayari Charan: Acetyl-CoA Bistrit Roopma Gathan
  Expected: तयारी चरण: एसिटाइल-कोए विस्तृत रूपमा गठन
  Got:      तयारी चरण: अचेत्य्ल-चोअ विस्तृत रूपमा गठन
----------------------------------------
[713] Roman: krebs chakra shuru hunubhanda pahile, pyruvate, tin-carbon anu jun glycolysisko antima utpadan ho, lai pahile acetyl-CoAma roopantaran garnuparchha, jun ek dui-carbon anu ho.
  Expected: क्रेब्स चक्र सुरु हुनुभन्दा पहिले, पाइरूभेट, तीन-कार्बन अणु जुन ग्लाइकोलाइसिसको अन्तिम उत्पादन हो, लाई पहिले एसिटाइल-कोएमा रूपान्तरण गर्नुपर्छ, जुन एक दुई-कार्बन अणु हो।
  Got:      क्रेब्स चक्र सुरु हुनुभन्दा पहिले, पाइरूभेट, तीन-कार्बन अणु जुन ग्लाइकोलाइसिसको अन्तिम उत्पादन हो, लाई पहिले अचेत्य्ल-चोअम रूपान्तरण गर्नुपर्छ, जुन एक दुई-कार्बन अणु हो।
----------------------------------------
[714] Roman: yo tayari charan mitochondriyal matrix bhitra pyruvate oxidation bhanine sabadhanipurvak viniyamit ra jatil prakriya ko madhyam bata hunchha. pyruvate oxidation ek jatil, bahu-charan prakriya ho jun pyruvate dehydrogenase complex (PDC) dwara utprerit hunchha, jun aphaimaa dherai pharak protein enzymeharu bhayeko dherai thulo, bahu-enzyme complex ho.
  Expected: यो तयारी चरण माइटोकोन्ड्रियाल म्याट्रिक्स भित्र पाइरूभेट अक्सीकरण भनिने सावधानीपूर्वक विनियमित र जटिल प्रक्रियाको माध्यमबाट हुन्छ। पाइरूभेट अक्सीकरण एक जटिल, बहु-चरण प्रक्रिया हो जुन पाइरूभेट डिहाइड्रोजेनेस कम्प्लेक्स (PDC) द्वारा उत्प्रेरित हुन्छ, जुन आफैंमा धेरै फरक प्रोटीन इन्जाइमहरू भएको धेरै ठूलो, बहु-इन्जाइम कम्प्लेक्स हो।
  Got:      यो तयारी चरण माइटोकोन्ड्रियाल म्याट्रिक्स भित्र पाइरूभेट अक्सीकरण भनिने सावधानीपूर्वक विनियमित र जटिल प्रक्रियाको माध्यमबाट हुन्छ। पाइरूभेट अक्सीकरण एक जटिल, बहु-चरण प्रक्रिया हो जुन पाइरूभेट डिहाइड्रोजनेज कम्प्लेक्स (PDC) महत्त्वद्वारा उत्प्रेरित हुन्छ, जुन आफैंमा धेरै फरक प्रोटिन इन्जाइमहरू भएको धेरै ठूलो, बहु-इन्जाइम कम्प्लेक्स हो।
----------------------------------------
[716] Roman: 1. Decarboxylation: pahilo pratikriyama, pyruvatale carbon dioxide (CO2) ko roopma carbon atom gumauchha, jaslai decarboxylation bhannichha. yo ek mahatwapurna kadam ho jahan tin-carbon pyruvate anulaai dui-carbon anuma roopantaran garinchha.
  Expected: १. डिकार्बोक्सिलेसन: पहिलो प्रतिक्रियामा, पाइरूभेटले कार्बन डाइअक्साइड (CO2) को रूपमा कार्बन एटम गुमाउँछ, जसलाई डिकार्बोक्सिलेसन भनिन्छ। यो एक महत्वपूर्ण कदम हो जहाँ तीन-कार्बन पाइरूभेट अणुलाई दुई-कार्बन अणुमा रूपान्तरण गरिन्छ।
  Got:      १.। डिकार्बोक्सिलेसन: पहिलो प्रतिक्रियामा, पाइरूभेटले कार्बन डाइअक्साइड (CO2) को रूपमा कार्बन एटम गुमाउँछ, जसलाई डिकार्बोक्सिलेसन भनिन्छ। यो एक महत्त्वपूर्ण कदम हो जहाँ तीन-कार्बन पाइरूभेट अणुलाई दुई-कार्बन अणुमा रूपान्तरण गरिन्छ।
----------------------------------------
[717] Roman: 2. Oxidation: baki raheko dui-carbon khandalaai tyaspachhi oxidise garinchha, ra electronharu yas anubata electron carrier NAD+ ma sthanantaran garinchha, NADH banaunchha. yo electron sankalanma ek mahatwapurna kadam ho.
  Expected: २. अक्सीकरण: बाँकी रहेको दुई-कार्बन खण्डलाई त्यसपछि अक्सिडाइज गरिन्छ, र इलेक्ट्रोनहरू यस अणुबाट इलेक्ट्रोन क्यारियर NAD+ मा स्थानान्तरण गरिन्छ, NADH बनाउँछ। यो इलेक्ट्रोन सङ्कलनमा एक महत्वपूर्ण कदम हो।
  Got:      २। अक्सीकरण: बाँकी रहेको दुई-कार्बन खण्डलाई त्यसपछि अक्सिडाइज गरिन्छ, र इलेक्ट्रोनहरू यस अणुबाट इलेक्ट्रोन क्यारियर NAD+मा स्थानान्तरण गरिन्छ, NADH बनाउँछ। यो इलेक्ट्रोन सङ्कलनमा एक महत्त्वपूर्ण कदम हो।
----------------------------------------
[718] Roman: 3. Coenzyme A Attachment: oxidized dui-carbon khanda (acetyl samuh) lai tyaspachhi coenzyme A (CoA) ma jodieko hunchha, ek coenzyme jun yo marga karya garnako lagi aawashyak chha, jasako parinam swaroop acetyl-CoA gathan hunchha. yo dui-carbon anu aba krebs chakrama pravesh garna tayar chha.
  Expected: ३. कोइन्जाइम ए एट्याचमेन्ट: अक्सिडाइज्ड दुई-कार्बन खण्ड (एसिटाइल समूह) लाई त्यसपछि कोइन्जाइम ए (CoA) मा जोडिएको हुन्छ, एक कोइन्जाइम जुन यो मार्ग कार्य गर्नको लागि आवश्यक छ, जसको परिणामस्वरूप एसिटाइल-कोए गठन हुन्छ। यो दुई-कार्बन अणु अब क्रेब्स चक्रमा प्रवेश गर्न तयार छ।
  Got:      ३.। कोइन्जाइम अ अत्तच्मेँत: ओछिदिजेद दुई-कार्बन खँद (अचेत्य्ल समूह) लाई त्यसपछि कोइन्जाइम अ (चोअ) मा जोडिएको हुन्छ, एक कोइन्जाइम जुन यो मार्ग कार्य गर्नको लागि आवश्यक छ, जसको परिणाम F1 अचेत्य्ल-चोअ गठन हुन्छ। यो दुई-कार्बन अणु अब क्रेब्स चक्रमा प्रवेश गर्न तयार छ।
----------------------------------------
[719] Roman: pyruvate lai acetyl-CoAma roopantaran garne yo pratikriya mahatwapurna chha kinabhane yasle glycolysis, jun koshikako cytoplasmma hunchha, ra krebs chakra, jun mitochondriyal matrix bhitra hunchha, bichko mahatwapurna sambandha banaunchha, glycolysiska utpadanharulaai thap prashodhan ko lagi mitochondria ma lyaunchha. pyruvate oxidation pratikriya, tyaskaran, cellular shwashaprashwaska dui pramukh bhagharu bichko pulko roopma karya gardachha.
  Expected: पाइरूभेटलाई एसिटाइल-कोएमा रूपान्तरण गर्ने यो प्रतिक्रिया महत्त्वपूर्ण छ किनभने यसले ग्लाइकोलाइसिस, जुन कोशिकाको साइटोप्लाज्ममा हुन्छ, र क्रेब्स चक्र, जुन माइटोकोन्ड्रियाल म्याट्रिक्स भित्र हुन्छ, बीचको महत्वपूर्ण सम्बन्ध बनाउँछ, ग्लाइकोलाइसिसका उत्पादनहरूलाई थप प्रशोधनको लागि माइटोकोन्ड्रियामा ल्याउँछ। पाइरूभेट अक्सीकरण प्रतिक्रिया, त्यसकारण, सेलुलर श्वासप्रश्वासका दुई प्रमुख भागहरू बीचको पुलको रूपमा कार्य गर्दछ।
  Got:      पाइरूभेटलाई अचेत्य्ल-चोअम रूपान्तरण गर्ने यो प्रतिक्रिया महत्त्वपूर्ण छ किनभने यसले ग्लाइकोलाइसिस, जुन कोशिकाको साइटोप्लाज्ममा हुन्छ, र क्रेब्स चक्र, जुन माइटोकोन्ड्रियाल म्याट्रिक्स भित्र हुन्छ, बीचको महत्त्वपूर्ण सम्बन्ध बनाउँछ, ग्लाइकोलाइसिसका उत्पादनहरूलाई थप प्रशोधनको लागि माइटोकोन्ड्रियामा ल्याउँछ। पाइरूभेट अक्सीकरण प्रतिक्रिया, त्यसकारण, सेलुलर श्वासप्रश्वासका दुई प्रमुख भागहरू बीचको पुलको रूपमा कार्य गर्दछ।
----------------------------------------
[721] Roman: krebs chakra aath vishishta rasayanik pratikriyaharuko sabadhanipurvak vyawasthit shrinkhala ho jasle ek banda loop marga banaunchha. yahan aath charanharu pratekko bistrit bibaran diieko chha:
  Expected: क्रेब्स चक्र आठ विशिष्ट रासायनिक प्रतिक्रियाहरूको सावधानीपूर्वक व्यवस्थित शृङ्खला हो जसले एक बन्द लुप मार्ग बनाउँछ। यहाँ आठ चरणहरू प्रत्येकको विस्तृत विवरण दिइएको छ:
  Got:      क्रेब्स चक्र आठ विशिष्ट रासायनिक प्रतिक्रियाहरूको सावधानीपूर्वक व्यवस्थित श्रृंखला हो जसले एक बन्द लुप मार्ग बनाउँछ। यहाँ आठ चरणहरू प्रत्येकको विस्तृत विवरण दिइएको छ:
----------------------------------------
[722] Roman: 1. Sanghanan: krebs chakra dui-carbon acetyl-CoA lai char-carbon anu, oxaloacetate sanga sanghanan garera shuru hunchha. dui anuharu milera citrate banaunchhan, ek chha-carbon anu. yo prarambhik pratikriya enzyme citrate synthase dwara utprerit hunchha.
  Expected: १. संघनन: क्रेब्स चक्र दुई-कार्बन एसिटाइल-कोएलाई चार-कार्बन अणु, अक्सालोएसीटेटसँग संघनन गरेर सुरु हुन्छ। दुई अणुहरू मिलेर सिट्रेट बनाउँछन्, एक छ-कार्बन अणु। यो प्रारम्भिक प्रतिक्रिया इन्जाइम सिट्रेट सिन्थेजद्वारा उत्प्रेरित हुन्छ।
  Got:      १.। सङ्हनन: क्रेब्स चक्र दुई-कार्बन अचेत्य्ल-चोअलाई चार-कार्बन अणु, ओछ्लोअचेततेसँग सङ्हनन गरेर सुरु हुन्छ। दुई अणुहरू मिलेर चित्र्ते बनाउँछन्, एक छ-कार्बन अणु। यो प्रारम्भिक प्रतिक्रिया इन्जाइम चित्र्ते सिन्थेज महत्त्वद्वारा उत्प्रेरित हुन्छ।
----------------------------------------
[723] Roman: 2. Isomerization: citratelai yasako isomer, isocitratema isomerize garinchha, jun enzyme aconitase dwara utprerit hunchha. yas charanma dui pharak rasayanik pratikriyaharu samavesh chhan: ek nirjalikaran charan, jahan pani hataeenchha, tyaspachhi turuntai hydration charan, jahan pani thapiinchha, ra yasle anulai pachhiko oxidative decarboxylation charanko lagi pani tayar gardachha.
  Expected: २. आइसोमेराइजेशन: सिट्रेटलाई यसको आइसोमर, आइसोसाइट्रेटमा आइसोमेराइज गरिन्छ, जुन इन्जाइम एकोनिटेजद्वारा उत्प्रेरित हुन्छ। यस चरणमा दुई फरक रासायनिक प्रतिक्रियाहरू समावेश छन्: एक निर्जलीकरण चरण, जहाँ पानी हटाइन्छ, त्यसपछि तुरुन्तै हाइड्रेशन चरण, जहाँ पानी थपिन्छ, र यसले अणुलाई पछिको अक्सिडेटिभ डिकार्बोक्सिलेसन चरणको लागि पनि तयार गर्दछ।
  Got:      २। आइसोमेराइजेसन: चित्र्तेलाई यसको इसोमेर, आइसोसाइट्रेटमा आइसोमेराइज गरिन्छ, जुन इन्जाइम अचोनितसे महत्त्वद्वारा उत्प्रेरित हुन्छ। यस चरणमा दुई फरक रासायनिक प्रतिक्रियाहरू समावेश छन्: एक निर्जलीकरण चरण, जहाँ पनि हतईन्छ, त्यसपछि तुरुन्तै ह्य्द्रतिओन चरण, जहाँ पनि थपीन्छ, र यसले अणुलाई पछिको अक्सिडेटिभ डिकार्बोक्सिलेसन चरणको लागि पनि तयार गर्दछ।
----------------------------------------
[724] Roman: 3. Oxidative Decarboxylation: isocitrate ko anulai tyaspachhi enzyme isocitrate dehydrogenase dwara oxidize ra decarboxylate garinchha. oxidative decarboxylation ma anubata electronharu hataune ra carbon dioxide (CO2) ko roopma carbon atomko hani dubai samavesh hunchha, jasako parinam swaroop α-ketoglutarate banchha, ek panch-carbon anu. yo pratikriyale NADH ko anu pani utpanna gardachha, ek pramukh uchcha-urja electron wahak. yo charan chakrakka dui oxidative decarboxylation pratikriyaharu madhye pahilo ho.
  Expected: ३. अक्सिडेटिभ डिकार्बोक्सिलेसन: आइसोसाइट्रेटको अणुलाई त्यसपछि इन्जाइम आइसोसाइट्रेट डिहाइड्रोजेनेसद्वारा अक्सिडाइज र डिकार्बोक्सिलेट गरिन्छ। अक्सिडेटिभ डिकार्बोक्सिलेसनमा अणुबाट इलेक्ट्रोनहरू हटाउने र कार्बन डाइअक्साइड (CO2) को रूपमा कार्बन एटमको हानि दुवै समावेश हुन्छ, जसको परिणामस्वरूप α-केटोग्लुटारेट बन्छ, एक पाँच-कार्बन अणु। यो प्रतिक्रियाले NADH को अणु पनि उत्पन्न गर्दछ, एक प्रमुख उच्च-ऊर्जा इलेक्ट्रोन वाहक। यो चरण चक्रको दुई अक्सिडेटिभ डिकार्बोक्सिलेसन प्रतिक्रियाहरू मध्ये पहिलो हो।
  Got:      ३.। अक्सिडेटिभ डिकार्बोक्सिलेसन: आइसोसाइट्रेटको अणुलाई त्यसपछि इन्जाइम आइसोसाइट्रेट डिहाइड्रोजनेज महत्त्वद्वारा अक्सिडाइज र गरिन्छ गरिन्छ। अक्सिडेटिभ अणुबाट अणुबाट इलेक्ट्रोनहरू हटाउने र कार्बन डाइअक्साइड (CO2) को रूपमा कार्बन एटमको हानी दुवै समावेश हुन्छ, जसको परिणाम F1 α-केतोग्लुतरते एक, एक पँच-कार्बन अणु। यो प्रतिक्रियाले को अणु पनि उत्पन्न गर्दछ, एक प्रमुख उच्च-ऊर्जा इलेक्ट्रोन वाहक। यो चरण चक्रका दुई अक्सिडेटिभ डिकार्बोक्सिलेसन प्रतिक्रियाहरू मध्ये पहिलो हो।
----------------------------------------
[725] Roman: 4. Oxidative Decarboxylation: arko charanma dosro oxidative decarboxylation samavesh chha, jahan α-ketoglutarate lai α-ketoglutarate dehydrogenase complex dwara oxidise ra decarboxylate garinchha, ek bahu-enzyme complex jun pyruvate dehydrogenase complex sanga sanrachana ra karya dubaima ullekhniya roopma saman chha. yo pratikriyale succinyl-CoA, ek char-carbon anu utpadan gardachha, ra NADH ko anu pani utpadan gardachha ra CO2 ko anu chhodchha.
  Expected: ४. अक्सिडेटिभ डिकार्बोक्सिलेसन: अर्को चरणमा दोस्रो अक्सिडेटिभ डिकार्बोक्सिलेसन समावेश छ, जहाँ α-केटोग्लुटारेटलाई α-केटोग्लुटारेट डिहाइड्रोजेनेस कम्प्लेक्सद्वारा अक्सिडाइज र डिकार्बोक्सिलेट गरिन्छ, एक बहु-इन्जाइम कम्प्लेक्स जुन पाइरूभेट डिहाइड्रोजेनेस कम्प्लेक्ससँग संरचना र कार्य दुवैमा उल्लेखनीय रूपमा समान छ। यो प्रतिक्रियाले succinyl-CoA, एक चार-कार्बन अणु उत्पादन गर्दछ, र NADH को अणु पनि उत्पादन गर्दछ र CO2 को अणु छोड्छ।
  Got:      ४.। अक्सिडेटिभ डिकार्बोक्सिलेसन: अर्को चरणमा दोस्रो अक्सिडेटिभ डिकार्बोक्सिलेसन समावेश छ, जहाँ α-केतोग्लुतरतेलाई α-केतोग्लुतरते डिहाइड्रोजनेज कम्प्लेक्स महत्त्वद्वारा अक्सिडाइज र गरिन्छ गरिन्छ, एक बहु-इन्जाइम कम्प्लेक्स जुन पाइरूभेट डिहाइड्रोजनेज कम्प्लेक्ससँग संरचना र कार्य दुवैमा उल्लेखनीय रूपमा समान छ। यो प्रतिक्रियाले सुच्चिञ्ल-चोअ, एक चार-कार्बन अणु उत्पादन गर्दछ, र को अणु पनि उत्पादन गर्दछ र को अणु छोड्छ।
----------------------------------------
[726] Roman: 5. Substrate-star Phosphorylation: tyaspachhi succinyl-CoA lai enzyme succinyl-CoA synthetase dwara succinate ma roopantaran garinchha, arko char-carbon anu. yo ek dherai anutho pratikriya ho kinaki yasle substrate-star phosphorylation samavesh gardachha, jahan GTP (guanosine triphosphate) ko anu utpanna hunchha. GTP ek uchcha-urja anu ho jun ATP jastai chha, ra koshikaharma sajilai ATP ma roopantaran hunchha, ra yasle chakrak ek matra charan banaunchha jasle pratyaksh roopma uchcha-urja phosphate yaugik utpadan gardachha.
  Expected: ५. सब्सट्रेट-स्तर फस्फोरिलेसन: त्यसपछि सुसिनिल-कोएलाई इन्जाइम सुसिनिल-कोए सिन्थेसद्वारा सुसिनेटमा रूपान्तरण गरिन्छ, अर्को चार-कार्बन अणु। यो एक धेरै अद्वितीय प्रतिक्रिया हो किनकि यसले सब्सट्रेट-स्तर फस्फोरिलेसन समावेश गर्दछ, जहाँ GTP (गुआनोसिन ट्राइफोस्फेट) को अणु उत्पन्न हुन्छ। GTP एक उच्च-ऊर्जा अणु हो जुन ATP जस्तै छ, र कोशिकाहरूमा सजिलै ATP मा रूपान्तरण हुन्छ, र यसले चक्रको एक मात्र चरण बनाउँछ जसले प्रत्यक्ष रूपमा उच्च-ऊर्जा फस्फेट यौगिक उत्पादन गर्दछ।
  Got:      ५.। सुब्स्त्र्ते-स्तर फस्फोरिलेसन: त्यसपछि सुच्चिञ्ल-चोअलाई इन्जाइम सुच्चिञ्ल-चोअ स्य्न्थेतसे महत्त्वद्वारा सक्सिनेटमा रूपान्तरण गरिन्छ, अर्को चार-कार्बन अणु। यो एक धेरै अनुथो प्रतिक्रिया हो किनकि यसले सुब्स्त्र्ते-स्तर फस्फोरिलेसन समावेश गर्दछ, जहाँ ग्त्प (गुअनोसिने ट्राइफोस्फेट) को अणु उत्पन्न हुन्छ। ग्त्प एक उच्च-ऊर्जा अणु हो जुन ATP जस्तै छ, र कोशिकहरम सजिलै एटीपीमा रूपान्तरण हुन्छ, र यसले चक्रक एक मात्र चरण बनाउँछ जसले प्रत्यक्ष रूपमा उच्च-ऊर्जा फस्फेट यौगिक उत्पादन गर्दछ।
----------------------------------------
[727] Roman: Aunus, hami electron transport chain (ETC) ra oxidative phosphorylationko barema gahiraiera bujhou, jun cellular respirationko antim charan ho, ek ullekhniya prakriya jahan ATP (adenosine triphosphate), koshikako urja mudrako rupma dherai matrama utpadan hunchha.
  Expected: आउनुहोस्, हामी इलेक्ट्रोन ट्रान्सपोर्ट चेन (ETC) र अक्सिडेटिभ फोस्फोरिलेसनको बारेमा गहिरिएर बुझौं, जुन सेलुलर रेस्पिरेशनको अन्तिम चरण हो, एक उल्लेखनीय प्रक्रिया जहाँ ATP (एडेनोसिन ट्राइफोस्फेट), कोशिकाको ऊर्जा मुद्राको रूपमा अधिकांश मात्रामा उत्पादन हुन्छ।
  Got:      आउनुहोस्, हामी इलेक्ट्रोन ट्रान्सपोर्ट चेन (ETC) र अक्सिडेटिभ फोस्फोरिलेसनको बारेमा गहिरिएर बुझौं, जुन सेलुलर रेस्पिरेशनको अन्तिम चरण हो, एक उल्लेखनीय प्रक्रिया जहाँ ATP (एडिनोसिन ट्राइफोस्फेट), कोशिकाको ऊर्जा मुद्राको रूपमा धेरै मात्रामा उत्पादन हुन्छ।
----------------------------------------
[729] Roman: ETC ra oxidative phosphorylationle sangai cellular respirationko aghillo charanharu (glycolysis, pyruvate oxidation, ra Krebs chakra) ko samayama glucoseka anuharubata nikaliekah uchch-urja electronharubata urja prapta gardachha.
  Expected: ETC र अक्सिडेटिभ फोस्फोरिलेसनले सँगै सेलुलर रेस्पिरेशनको अघिल्लो चरणहरू (ग्लाइकोलिसिस, पाइरुभेट अक्सिडेसन, र क्रेब्स चक्र) को समयमा ग्लुकोजका अणुहरूबाट निकालिएका उच्च-ऊर्जा इलेक्ट्रोनहरूबाट ऊर्जा प्राप्त गर्दछ।
  Got:      ETC र अक्सिडेटिभ फोस्फोरिलेसनलेसँगै सेलुलर रेस्पिरेशनको अघिल्लो चरणहरू (ग्लाइकोलाइसिस, पाइरूभेट अक्सीकरण, र क्रेब्स चक्र) को समयमा ग्लुकोजका अणुहरूबाट निकालिएका उच्च-ऊर्जा इलेक्ट्रोनहरूबाट ऊर्जा प्राप्त गर्दछ।
----------------------------------------
[734] Roman: Electron transport chain kewal sthir shrinkhala hoina, baru, bhitri mitochondrial jhillibhitra embedded gariyeko protein complexharuko uchch sangathit shrinkhala ho.
  Expected: इलेक्ट्रोन ट्रान्सपोर्ट चेन केवल स्थिर श्रृंखला होइन, बरु, भित्री माइटोकोन्ड्रियाल झिल्लीभित्र इम्बेड गरिएको प्रोटिन कम्प्लेक्सहरूको उच्च संगठित श्रृंखला हो।
  Got:      इलेक्ट्रोन ट्रान्सपोर्ट चेन केवल स्थिर श्रृंखला होइन, बरु, भित्री माइटोकोन्ड्रियाल भित्र इम्बेड गरिएको प्रोटिन कम्प्लेक्सहरूको उच्च संगठित श्रृंखला हो।
----------------------------------------
[736] Roman: Cellular respirationko kramma pahilai utpanna bhayeka dui mahatvapurna anuharu, NADH ra FADH2 jasta urja vahakharubata uchch-urja electronharu swikar garepachhi chain suru hunchha.
  Expected: सेलुलर रेस्पिरेशनको क्रममा पहिले नै उत्पन्न भएका दुई महत्त्वपूर्ण अणुहरू, NADH र FADH2 जस्ता ऊर्जा वाहकहरूबाट उच्च-ऊर्जा इलेक्ट्रोनहरू स्वीकार गरेपछि चेन सुरु हुन्छ।
  Got:      सेलुलर रेस्पिरेशनको क्रममा पहीलाई उत्पन्न भएका दुई महत्त्वपूर्ण अणुहरू, NADH र FADH2 जस्ता ऊर्जा वाहकहरूबाट उच्च-ऊर्जा इलेक्ट्रोनहरू स्वीकार गरेपछी चेन सुरु हुन्छ।
----------------------------------------
[739] Roman: Jaba electronharu ETC hundai ek complexbata arkom janchhan, tiniharu redox pratikriyaharuko (oxidation-reduction pratikriyaharu) shrinkhalabata gujranchhan.
  Expected: जब इलेक्ट्रोनहरू ETC हुँदै एक कम्प्लेक्सबाट अर्कोमा जान्छन्, तिनीहरू रेडक्स प्रतिक्रियाहरूको (अक्सिडेसन-रिडक्सन प्रतिक्रियाहरू) श्रृंखलाबाट गुज्रन्छन्।
  Got:      जब इलेक्ट्रोनहरू ETC हुँदै एक कम्प्लेक्सबाट अर्कोमा जान्छन्, तिनीहरू रेडक्स प्रतिक्रियाहरूको (अक्सीकरण-रिडक्सन प्रतिक्रियाहरू) श्रृंखलाबाट गुज्रन्छन्।
----------------------------------------
[740] Roman: Pratyek pratikriyama, euta anule electron gumauchha (oxidation) jaba ki arko anule electron prapta gardachha (reduction).
  Expected: प्रत्येक प्रतिक्रियामा, एउटा अणुले इलेक्ट्रोन गुमाउँछ (अक्सिडेसन) जबकि अर्को अणुले इलेक्ट्रोन प्राप्त गर्दछ (रिडक्सन)।
  Got:      प्रत्येक प्रतिक्रियामा, एउटा अणुले इलेक्ट्रोन गुमाउँछ (अक्सीकरण) जब कि अर्को अणुले इलेक्ट्रोन प्राप्त गर्दछ (रिडक्सन)।
----------------------------------------
[742] Roman: Pratyek charanma, urja nischhanchha, ra yo tyahi urja ho jun sakriya rupma protonharu (H+) lai mitochondrial matrix (mitochondriako bhitri bhag) bata antarjhillispas (bhitri ra bahiri mitochondrial jhilliharuko bichko thau) ma pump garna prayog gariinchha.
  Expected: प्रत्येक चरणमा, ऊर्जा निस्कन्छ, र यो त्यही ऊर्जा हो जुन सक्रिय रूपमा प्रोटोनहरू (H<sup>+</sup>) लाई माइटोकोन्ड्रियाल म्याट्रिक्स (माइटोकोन्ड्रियाको भित्री भाग) बाट अन्तरझिल्ली स्पेस (भित्री र बाहिरी माइटोकोन्ड्रियाल झिल्लीहरू बीचको ठाउँ) मा पम्प गर्न प्रयोग गरिन्छ।
  Got:      प्रत्येक चरणमा, ऊर्जा निस्छन्छ, र यो त्यही ऊर्जा हो जुन सक्रिय रूपमा प्रोटोनहरू (H+) लाई माइटोकोन्ड्रियाल म्याट्रिक्स (माइटोकोन्ड्रियाको भित्री भाग) बाट अन्तरझिल्ली (भित्री र बाहिरी माइटोकोन्ड्रियाल झिल्लीहरुको बीचको ठाउँ) मा पम्प गर्न प्रयोग गरिन्छ।
----------------------------------------
[743] Roman: Protonharu pump garne yo karyale antarjhillispasma protonharuko uchch sandrata srijana gardachha ra, hamile pachhi dekhnechhau, ek electrochemical gradient sthapana gardachha.
  Expected: प्रोटोनहरू पम्प गर्ने यो कार्यले अन्तरझिल्ली स्पेसमा प्रोटोनहरूको उच्च सांद्रता सिर्जना गर्दछ र, हामीले पछि देख्नेछौं, एक इलेक्ट्रोकेमिकल ग्रेडियन्ट स्थापना गर्दछ।
  Got:      प्रोटोनहरू पम्प गर्ने यो कार्यले अन्तरझिल्ली प्रोटोनहरुको उच्च सांद्रता सिर्जना गर्दछ र, हामीले पछि देख्नेछौं, एक इलेक्ट्रोकेमिकल ग्रेडियन्ट स्थापना गर्दछ।
----------------------------------------
[744] Roman: Electron sthanantaran chainko antim charanma electronharulai oxygenma sthanantaran garnu samavesh chha, jun pachhi protonharusanga milera pani (H2O) banaunchha, ghatnaharuko yo sampurna shrinkhalama antim electron prapak.
  Expected: इलेक्ट्रोन स्थानान्तरण चेनको अन्तिम चरणमा इलेक्ट्रोनहरूलाई अक्सिजनमा स्थानान्तरण गर्नु समावेश छ, जुन पछि प्रोटोनहरूसँग मिलेर पानी (H2O) बनाउँछ, घटनाहरूको यो सम्पूर्ण श्रृंखलामा अन्तिम इलेक्ट्रोन प्राप्तकर्ता।
  Got:      इलेक्ट्रोन स्थानान्तरण चेनको अन्तिम चरणमा इलेक्ट्रोनहरूलाई अक्सिजनमा स्थानान्तरण गर्नु समावेश छ, जुन पछि प्रोटोनहरूसँग मिलेर पनि (H2O) बनाउँछ, घटनाहरूको यो सम्पूर्ण श्रृंखलामा अन्तिम इलेक्ट्रोन प्राप्तकर्ता।
----------------------------------------
[745] Roman: ETC ma char mukhya protein complexharu chhan, pratyek urja utpadan prakriyama ek mahatvapurna kheladi ho.
  Expected: ETC मा चार मुख्य प्रोटिन कम्प्लेक्सहरू छन्, प्रत्येक ऊर्जा उत्पादन प्रक्रियामा एक महत्वपूर्ण खेलाडी हो।
  Got:      ETCमा चार मुख्य प्रोटिन कम्प्लेक्सहरू छन्, प्रत्येक ऊर्जा उत्पादन प्रक्रियामा एक महत्त्वपूर्ण खेलाडी हो।
----------------------------------------
[746] Roman: 1. Complex I (NADH-CoQ Reductase wa NADH Dehydrogenase): Yo ETC ma electronharuko lagi prarambhik pravesh bindu ho.
  Expected: 1. कम्प्लेक्स I (NADH-CoQ रिडक्टेज वा NADH डिहाइड्रोजनेज): यो ETC मा इलेक्ट्रोनहरूको लागि प्रारम्भिक प्रवेश बिन्दु हो।
  Got:      १.। कम्प्लेक्स I (NADH-CoQ रिडक्टेज वा NADH डिहाइड्रोजनेज): यो ETCमा इलेक्ट्रोनहरूको लागि प्रारम्भिक प्रवेश बिन्दु हो।
----------------------------------------
[748] Roman: Tyaspachhi electronharu ubiquinon (CoQ) ma pathaainchha, ek sano, mobile electron vahak jun bhitri jhillibhitra swatantra rupma chalna sakchha.
  Expected: त्यसपछि इलेक्ट्रोनहरू युबिक्विनोन (CoQ) मा पठाइन्छ, एक सानो, मोबाइल इलेक्ट्रोन वाहक जुन भित्री झिल्ली भित्र स्वतन्त्र रूपमा चल्न सक्छ।
  Got:      त्यसपछि इलेक्ट्रोनहरू युबिक्विनोन (CoQ) मा पठाइन्छ, एक सानो, मोबाइल इलेक्ट्रोन वहक जुन भित्री भित्र स्वतन्त्र रूपमा चल्न सक्छ।
----------------------------------------
[749] Roman: Mahatvapurna rupma, CoQ ma electronharuko sthanantaran matrixbata char protonharu (H+) antarjhillispesma pumping sanga jodieko chha.
  Expected: महत्त्वपूर्ण रूपमा, CoQ मा इलेक्ट्रोनहरूको स्थानान्तरण मैट्रिक्सबाट चार प्रोटोनहरू (H<sup>+</sup>) अन्तरझिल्ली स्पेसमा पम्पिंगसँग जोडिएको छ।
  Got:      महत्त्वपूर्ण रूपमा, CoQ मा इलेक्ट्रोनहरूको स्थानान्तरण मैट्रिक्सबाट चार प्रोटोनहरू (H+) अन्तरझिल्ली स्पेसमासँग जोडिएको छ।
----------------------------------------
[751] Roman: 2. Complex II (Succinate-CoQ Reductase wa Succinate Dehydrogenase): Yo complex Complex I bhanda fark chha kinaki yasle NADH bata nabhi FADH2 bata electronharu swikar gardachha, yaslai FAD ma oxidize gardachha.
  Expected: 2. कम्प्लेक्स II (सक्सिनेट-CoQ रिडक्टेज वा सक्सिनेट डिहाइड्रोजनेज): यो कम्प्लेक्स कम्प्लेक्स I भन्दा फरक छ किनकि यसले NADH बाट नभई FADH2 बाट इलेक्ट्रोनहरू स्वीकार गर्दछ, यसलाई FAD मा अक्सिडाइज गर्दछ।
  Got:      २। कम्प्लेक्स II (सक्सिनेट-CoQ रिडक्टेज वा सक्सिनेट डिहाइड्रोजनेज): यो कम्प्लेक्स कम्प्लेक्स Iभन्दा फरक छ किनकि यसले NADHबाट नभई FADH2बाट इलेक्ट्रोनहरू स्वीकार गर्दछ, यसलाई FADमा अक्सिडाइज गर्दछ।
----------------------------------------
[752] Roman: Complex I ko biparit, Complex II le jhillibhari protonharu pratyaksh rupma pump gardaina; yesko mukhya bhumika ETC ma electronharu deliver garnu ho.
  Expected: कम्प्लेक्स I को विपरीत, कम्प्लेक्स II ले झिल्लीभरि प्रोटोनहरू प्रत्यक्ष रूपमा पम्प गर्दैन; यसको मुख्य भूमिका ETC मा इलेक्ट्रोनहरू डेलिभर गर्नु हो।
  Got:      कम्प्लेक्स Iको विपरित, कम्प्लेक्स IIले झिल्लीभरि प्रोटोनहरू प्रत्यक्ष रूपमा पम्प गर्दैन; यसको मुख्य भूमिका ETCमा इलेक्ट्रोनहरू डेलिभर गर्नु हो।
----------------------------------------
[754] Roman: 3. Complex III (CoQ-Cytochrome c Reductase wa Cytochrome bc1 complex): Chainma raheko tesro complexle ubiquinol (CoQH2, CoQ ko kam rup) bata electronharu swikar gardachha, ra tiniharu lai cytochrome c ma pathaunchha, arko mahatvapurna mobile electron vahak.
  Expected: 3. कम्प्लेक्स III (CoQ-साइटोक्रोम c रिडक्टेज वा साइटोक्रोम bc1 कम्प्लेक्स): चेनमा रहेको तेस्रो कम्प्लेक्सले युबिक्विनोल (CoQH2, CoQ को कम रूप) बाट इलेक्ट्रोनहरू स्वीकार गर्दछ, र तिनीहरूलाई साइटोक्रोम c मा पठाउँछ, अर्को महत्त्वपूर्ण मोबाइल इलेक्ट्रोन वाहक।
  Got:      ३.। कम्प्लेक्स III (CoQ-साइटोक्रोम c रिडक्टेज वा साइटोक्रोम ब्च1 कम्प्लेक्स): चेनमा रहेको तेस्रो कम्प्लेक्सले उबिकुइनोल (चोक्ह2, CoQको काम रूप) बाट इलेक्ट्रोनहरू स्वीकार गर्दछ, र तिनीहरूलाई साइटोक्रोम cमा पठाउँछ, अर्को महत्त्वपूर्ण मोबाइल इलेक्ट्रोन वहक।
----------------------------------------
[755] Roman: Mahatvapurna rupma, Complex I jastai, electronharuko yo sthanantaran matrixbata antarjhillispesma char protonharu (H+) pumping sanga jodieko chha.
  Expected: महत्त्वपूर्ण रूपमा, कम्प्लेक्स I जस्तै, इलेक्ट्रोनहरूको यो स्थानान्तरण मैट्रिक्सबाट अन्तरझिल्ली स्पेसमा चार प्रोटोनहरू (H<sup>+</sup>) पम्पिंगसँग जोडिएको छ।
  Got:      महत्त्वपूर्ण रूपमा, कम्प्लेक्स I जस्तै, इलेक्ट्रोनहरूको यो स्थानान्तरण मैट्रिक्सबाट अन्तरझिल्ली चार प्रोटोनहरू (H+) स्पेसमासँग जोडिएको छ।
----------------------------------------
[757] Roman: 4. Complex IV (Cytochrome c Oxidase): ETC ko yo antim complexle cytochrome c bata electronharu swikar gardachha, ra tyaspachhi tiniharulai aanvik oxygen (O2) ma pathaunchha.
  Expected: 4. कम्प्लेक्स IV (साइटोक्रोम c अक्सिडेज): ETC को यो अन्तिम कम्प्लेक्सले साइटोक्रोम c बाट इलेक्ट्रोनहरू स्वीकार गर्दछ, र त्यसपछि तिनीहरूलाई आणविक अक्सिजन (O2) मा पठाउँछ।
  Got:      ४.। कम्प्लेक्स IV (साइटोक्रोम c अक्सिडेज): ETCको यो अन्तिम कम्प्लेक्सले साइटोक्रोम cबाट इलेक्ट्रोनहरू स्वीकार गर्दछ, र त्यसपछि तिनीहरूलाई आणविक अक्सिजन (O2) मा पठाउँछ।
----------------------------------------
[759] Roman: Electron ra protonharudwara oxygenko kami ek dherai mahatvapurna charan ho kinaki yasle pani (H2O) banaunchha, kram pura gardachha.
  Expected: इलेक्ट्रोन र प्रोटोनहरूद्वारा अक्सिजनको कमी एक धेरै महत्त्वपूर्ण चरण हो किनकि यसले पानी (H2O) बनाउँछ, क्रम पूरा गर्दछ।
  Got:      इलेक्ट्रोन र प्रोटोनहरूद्वारा अक्सिजनको कमी एक धेरै महत्त्वपूर्ण चरण हो किनकि यसले पनि (H2O) बनाउँछ, क्रम पूरा गर्दछ।
----------------------------------------
[760] Roman: Electronharuko yo sthanantaran dui protonharu (H+) lai matrixbata antarjhillispasma pumping sanga jodieko chha, jasle garda samagra proton gradientma thapinchha.
  Expected: इलेक्ट्रोनहरूको यो स्थानान्तरण दुई प्रोटोनहरू (H<sup>+</sup>) लाई मैट्रिक्सबाट अन्तरझिल्ली स्पेसमा पम्पिंगसँग जोडिएको छ, जसले गर्दा समग्र प्रोटोन ग्रेडियन्टमा थपिन्छ।
  Got:      इलेक्ट्रोनहरूको यो स्थानान्तरण दुई प्रोटोनहरू (H+) लाई मैट्रिक्सबाट अन्तरझिल्ली स्पेसमासँग जोडिएको छ, जसले गर्दा समग्र प्रोटोन ग्रेडियन्टमा थपिन्छ।
----------------------------------------
[764] Roman: Ubiquinon (CoQ) ek lipid-ghulanshil anu ho jun bhitri mitochondrial jhillibhitra swatantra rupma chalna sakchha.
  Expected: युबिक्विनोन (CoQ) एक लिपिड-घुलनशील अणु हो जुन भित्री माइटोकोन्ड्रियाल झिल्ली भित्र स्वतन्त्र रूपमा चल्न सक्छ।
  Got:      युबिक्विनोन (CoQ) एक लिपिद-घुलँशिल अणु हो जुन भित्री माइटोकोन्ड्रियाल भित्र स्वतन्त्र रूपमा चल्न सक्छ।
----------------------------------------
[766] Roman: Arkotarpha, cytochrome c antarjhillispasma awasthit panima ghulanshil protein ho.
  Expected: अर्कोतर्फ, साइटोक्रोम c अन्तरझिल्ली स्पेसमा अवस्थित पानीमा घुलनशील प्रोटीन हो।
  Got:      अर्कोतर्फ, साइटोक्रोम c अन्तरझिल्ली अवस्थित पनिमा घुलँशिल प्रोटिन हो।
----------------------------------------
[768] Roman: Yi mobile vahakharuko astitwa ETC ko karyako lagi mahatvapurna chha, kinaki tinile electronharule aavashyak sabai protein complexharuma sahi kramma pugna sakchhan bhanne sunischit gardachha.
  Expected: यी मोबाइल वाहकहरूको अस्तित्व ETC को कार्यको लागि महत्वपूर्ण छ, किनकि तिनीहरूले इलेक्ट्रोनहरूले आवश्यक सबै प्रोटिन कम्प्लेक्सहरूमा सही क्रममा पुग्न सक्छन् भन्ने सुनिश्चित गर्दछ।
  Got:      यी मोबाइल वाहकहरूको अस्तित्व ETCको कार्यको लागि महत्त्वपूर्ण छ, किनकि तिनीहरूले इलेक्ट्रोनहरूले आवश्यक सबै प्रोटिन कम्प्लेक्सहरूमा सही क्रममा पुग्न सक्छन् भन्ने सुनिश्चित गर्दछ।
----------------------------------------
[770] Roman: Electron sthanantaranko kramma niskeko urjale prerit bhayera bhitri mitochondrial jhillima protonharu (H+) ko sakriya pumpingle ek shaktishali electrochemical gradient srijana gardachha, jaslai proton-motive bal pani bhanchincha.
  Expected: इलेक्ट्रोन स्थानान्तरणको क्रममा निस्केको ऊर्जाले प्रेरित भएर भित्री माइटोकोन्ड्रियाल झिल्लीमा प्रोटोनहरू (H<sup>+</sup>) को सक्रिय पम्पिंगले एक शक्तिशाली इलेक्ट्रोकेमिकल ग्रेडियन्ट सिर्जना गर्दछ, जसलाई प्रोटोन-मोटिभ बल पनि भनिन्छ।
  Got:      इलेक्ट्रोन स्थानान्तरणको क्रममा निस्केको ऊर्जाले प्रेरित भएर भित्री माइटोकोन्ड्रियाल झिल्लीमा प्रोटोनहरू (H+) को सक्रिय पम्पिंगले एक शक्तिशाली इलेक्ट्रोकेमिकल ग्रेडियन्ट सिर्जना गर्दछ, जसलाई प्रोटोन-मोतिवे बल पनि भनिन्छ।
----------------------------------------
[772] Roman: * Rasayanik Gradient: Yasle jhillipaar proton (H+) ko sandratama bhinnatalai janaunchha.
  Expected: * रासायनिक ग्रेडियन्ट: यसले झिल्ली पार प्रोटोन (H<sup>+</sup>) को सांद्रतामा भिन्नतालाई जनाउँछ।
  Got:      * रासायनिक ग्रेडियन्ट: यसले झिल्लिपार प्रोटोन (H+) को सांद्रतामा भिन्नतालाई जनौन्छ।
----------------------------------------
[773] Roman: Antarjhillispasma mitochondrial matrix bhanda protonharuko sandrata dherai uchcha hunchha, jasle rasayanik sambhavit bhinnata srijana gardachha.
  Expected: अन्तरझिल्ली स्पेसमा माइटोकोन्ड्रियाल म्याट्रिक्स भन्दा प्रोटोनहरूको सांद्रता धेरै उच्च हुन्छ, जसले रासायनिक सम्भावित भिन्नता सिर्जना गर्दछ।
  Got:      अन्तरझिल्ली माइटोकोन्ड्रियाल म्याट्रिक्सभन्दा प्रोटोनहरुको सांद्रता धेरै उच्च हुन्छ, जसले रासायनिक सम्भावित भिन्नता सिर्जना गर्दछ।
----------------------------------------
[774] Roman: * Vidyutiy Gradient: Antarjhillispasma protonharuko sanchayale sakaratmak charge srijana gardachha, jasle garda nakaratmak rupma charge gariyeko matrixko tulnama antarjhillispas adhik sakaratmak rupma charge hunchha.
  Expected: * विद्युतीय ग्रेडियन्ट: अन्तरझिल्ली स्पेसमा प्रोटोनहरूको संचयले सकारात्मक चार्ज सिर्जना गर्दछ, जसले गर्दा नकारात्मक रूपमा चार्ज गरिएको म्याट्रिक्सको तुलनामा अन्तरझिल्ली स्पेस अधिक सकारात्मक रूपमा चार्ज हुन्छ।
  Got:      * विद्युतीय ग्रेडियन्ट: अन्तरझिल्ली प्रोटोनहरुको सँचयले सकारात्मक चार्ज सिर्जना गर्दछ, जसले गर्दा नकारात्मक रूपमा चार्ज गरिएको म्याट्रिक्सको तुलनामा अन्तरझिल्ली अधिक सकारात्मक रूपमा चार्ज हुन्छ।
----------------------------------------
[777] Roman: Yo gradient ho jasle pratyaksh rupma ATP ko sansleshanlai prerit gardachha.
  Expected: यो ग्रेडियन्ट हो जसले प्रत्यक्ष रूपमा ATP को संश्लेषणलाई प्रेरित गर्दछ।
  Got:      यो ग्रेडियन्ट हो जसले प्रत्यक्ष रूपमा एटीपीको संश्लेषणलाई प्रेरित गर्दछ।
----------------------------------------
[778] Roman: Oxidative Phosphorylation: ATP banauna proton gradientko upayog
  Expected: अक्सिडेटिभ फोस्फोरिलेसन: ATP बनाउन प्रोटोन ग्रेडियन्टको उपयोग
  Got:      अक्सिडेटिभ फस्फोरिलेसन: ATP बनाउन प्रोटोन ग्रेडियन्टको उपयोग
----------------------------------------
[779] Roman: Oxidative phosphorylation tyo prakriya ho jahan proton gradientma bhandaran gariyeko urja prayog garera ATP (adenosine triphosphate) vastavma utpanna hunchha.
  Expected: अक्सिडेटिभ फोस्फोरिलेसन त्यो प्रक्रिया हो जहाँ प्रोटोन ग्रेडियन्टमा भण्डारण गरिएको ऊर्जा प्रयोग गरेर ATP (एडेनोसिन ट्राइफोस्फेट) वास्तवमा उत्पन्न हुन्छ।
  Got:      अक्सिडेटिभ फस्फोरिलेसन त्यो प्रक्रिया हो जहाँ प्रोटोन ग्रेडियन्टमा भण्डारण गरिएको ऊर्जा प्रयोग गरेर ATP (एडिनोसिन ट्राइफोस्फेट) वास्तवमै उत्पन्न हुन्छ।
----------------------------------------
[780] Roman: Yas prakriyama mukhya kheladi ATP synthase bhanine ek jatil protein complex ho, jun bhitri mitochondrial jhillima embedded gariyeko aanvik machine ho.
  Expected: यस प्रक्रियामा मुख्य खेलाडी एटीपी सिन्थेस भनिने एक जटिल प्रोटिन कम्प्लेक्स हो, जुन भित्री माइटोकोन्ड्रियाल झिल्लीमा इम्बेड गरिएको आणविक मेसिन हो।
  Got:      यस प्रक्रियामा मुख्य खेलाडी ATP सिन्थेज भनिने एक जटिल प्रोटिन कम्प्लेक्स हो, जुन भित्री माइटोकोन्ड्रियाल झिल्लीमा इम्बेड गरिएको आणविक मेसिन हो।
----------------------------------------
[781] Roman: ATP synthase kewal ek sadharan protein matra hoina; yo ek jatil motor ho, jasama dui mukhya ghatakharu hunchhan:
  Expected: ATP सिन्थेस केवल एक साधारण प्रोटीन मात्र होइन; यो एक जटिल मोटर हो, जसमा दुई मुख्य घटकहरू हुन्छन्:
  Got:      ATP सिन्थेज केवल एक साधारण प्रोटिन मात्र होइन; यो एक जटिल मोटर हो, जसमा दुई मुख्य घटकहरू हुन्छन्:
----------------------------------------
[782] Roman: * Fo subunit: Protein ko yo bhag bhitri mitochondrial jhillima embedded gariyeko hunchha ra yo mahatvapurna chha kinaki yasle euta channel wa chhidra srijana gardachha jasako madhyam bata protonharu mitochondrial matrixma firta pravah garna sakchhan.
  Expected: * Fo सब्युनिट: प्रोटिनको यो भाग भित्री माइटोकोन्ड्रियाल झिल्लीमा इम्बेड गरिएको हुन्छ र यो महत्वपूर्ण छ किनकि यसले एउटा च्यानल वा छिद्र सिर्जना गर्दछ जसको माध्यमबाट प्रोटोनहरू माइटोकोन्ड्रियाल म्याट्रिक्समा फिर्ता प्रवाह गर्न सक्छन्।
  Got:      * Fo सब्युनिट: प्रोटिनको यो भाग भित्री माइटोकोन्ड्रियाल झिल्लीमा इम्बेड गरिएको हुन्छ र यो महत्त्वपूर्ण छ किनकि यसले एउटा च्यानल वा छिद्र सिर्जना गर्दछ जसको माध्यमबाट प्रोटोनहरू माइटोकोन्ड्रियाल म्याट्रिक्समा फिर्ता प्रवाह गर्न सक्छन्।
----------------------------------------
[785] Roman: Jaba protonharu tiharuko electrochemical gradient tala pravah hunchhan, antarjhillispas bata Fo channel hundai mitochondrial matrixma farkinchhan, yasle ek torque srijana gardachha, Fo subunitlai ghumna badhya parchha.
  Expected: जब प्रोटोनहरू तिनीहरूको इलेक्ट्रोकेमिकल ग्रेडियन्ट तल प्रवाह हुन्छन्, अन्तरझिल्ली स्पेसबाट Fo च्यानल हुँदै माइटोकोन्ड्रियाल म्याट्रिक्समा फर्किन्छन्, यसले एक टोर्क सिर्जना गर्दछ, Fo सब्युनिटलाई घुम्न बाध्य पार्छ।
  Got:      जब प्रोटोनहरू तिनीहरूको इलेक्ट्रोकेमिकल ग्रेडियन्ट तल प्रवाह हुन्छन्, अन्तरझिल्लीबाट Fo च्यानल हुँदै माइटोकोन्ड्रियाल म्याट्रिक्समा फर्किन्छन्, यसले एक टोर्क सिर्जना गर्दछ, Fo सब्युनिटलाई घुम्न बाध्य पार्छ।
----------------------------------------
[787] Roman: F1 subunitko parikrama ADP ra akarbani phosphate lai ATP ma rupantaran garna jimmevar chha.
  Expected: F1 सब्युनिटको परिक्रमा ADP र अकार्बनिक फस्फेटलाई ATP मा रूपान्तरण गर्न जिम्मेवार छ।
  Got:      F1 सब्युनिटको परिक्रमा ADP र अकार्बनिक फस्फेटलाई एटीपीमा रूपान्तरण गर्न जिम्मेवार छ।
----------------------------------------
[788] Roman: Yasari, sampurna prakriyale proton gradientko sambhavit urjalai parikramako gatik urjama, ra antma ATP ko rasayanik bandhan urjama rupantaran gardachha.
  Expected: यसरी, सम्पूर्ण प्रक्रियाले प्रोटोन ग्रेडियन्टको सम्भावित ऊर्जालाई परिक्रमाको गतिज ऊर्जामा, र अन्तमा ATP को रासायनिक बन्धन ऊर्जामा रूपान्तरण गर्दछ।
  Got:      यसरी, सम्पूर्ण प्रक्रियाले प्रोटोन ग्रेडियन्टको सम्भावित ऊर्जालाई परिक्रमाको गतिज ऊर्जामा, र अन्तमा एटीपीको रासायनिक बन्धन ऊर्जामा रूपान्तरण गर्दछ।
----------------------------------------
[790] Roman: Electron transport (jasle proton gradient sthapana gardachha) lai ATP sansleshan (jasle ATP utpanna garna proton gradient prayog gardachha) sanga jodne sampurna prakriyalai chemiosmosis bhanchha.
  Expected: इलेक्ट्रोन ट्रान्सपोर्ट (जसले प्रोटोन ग्रेडियन्ट स्थापना गर्दछ) लाई ATP संश्लेषण (जसले ATP उत्पन्न गर्न प्रोटोन ग्रेडियन्ट प्रयोग गर्दछ) सँग जोड्ने सम्पूर्ण प्रक्रियालाई केमियोस्मोसिस भनिन्छ।
  Got:      इलेक्ट्रोन ट्रान्सपोर्ट (जसले प्रोटोन ग्रेडियन्ट स्थापना गर्दछ) लाई ATP संश्लेषण (जसले ATP उत्पन्न गर्न प्रोटोन ग्रेडियन्ट प्रयोग गर्दछ) सँग जोड्ने सम्पूर्ण प्रक्रियालाई केमियोस्मोसिस भन्छ।
----------------------------------------
[791] Roman: Peter Mitchell dwara prastavit yo mahatvapurna sayantra le proton gradientma bhandaran gariyeko urja kasari upyogi cellular karya garna prayog gariinchha bhanera barnan gardachha.
  Expected: पिटर मिचेलद्वारा प्रस्तावित यो महत्त्वपूर्ण संयन्त्रले प्रोटोन ग्रेडियन्टमा भण्डारण गरिएको ऊर्जा कसरी उपयोगी सेलुलर कार्य गर्न प्रयोग गरिन्छ भनेर वर्णन गर्दछ।
  Got:      पेतेर मित्चेल्ल महत्त्वद्वारा प्रस्तवित यो महत्त्वपूर्ण संयन्त्रले प्रोटोन ग्रेडियन्टमा भण्डारण गरिएको ऊर्जा कसरी उप्योगी सेलुलर कार्य गर्न प्रयोग गरिन्छ भनेर बर्नन गर्दछ।
----------------------------------------
[794] Roman: Oxidative phosphorylation bata ATP ko saiddhantik adhiktam utpadan glucoseko pratyek anuko lagi lagbhag 32-34 ATP anuharu hunchha.
  Expected: अक्सिडेटिभ फोस्फोरिलेसनबाट ATP को सैद्धान्तिक अधिकतम उत्पादन ग्लुकोजको प्रत्येक अणुको लागि लगभग 32-34 ATP अणुहरू हुन्छ।
  Got:      अक्सिडेटिभ फस्फोरिलेसनबाट एटीपीको सैद्धान्तिक अधिकतम उत्पादन ग्लुकोजको प्रत्येक अणुको लागि लगभग 32-34 ATP अणुहरू हुन्छ।
----------------------------------------
[795] Roman: Yadyapi, vastavik utpadan prayah kam huna sakchha, 29-30 ATP samma, dherai karakharuma nirbhar gardai, jastai bhitri mitochondrial jhillima proton chuhawat ra mitochondria bata ATP bahira nikalne urja lagat.
  Expected: यद्यपि, वास्तविक उत्पादन प्रायः कम हुन सक्छ, 29-30 ATP सम्म, धेरै कारकहरूमा निर्भर गर्दै, जस्तै भित्री माइटोकोन्ड्रियाल झिल्लीमा प्रोटोन चुहावट र माइटोकोन्ड्रियाबाट ATP बाहिर निकाल्ने ऊर्जा लागत।
  Got:      यद्यपि, वास्तविक उत्पादन प्रायः काम हुन सक्छ, 29-30 ATP समयसम्म, धेरै कारकहरूमा निर्भर गर्दै, जस्तै भित्री माइटोकोन्ड्रियाल झिल्लीमा प्रोटोन चुहावट र माइटोकोन्ड्रियाबाट ATP बाहिर निकाल्ने ऊर्जा लागत।
----------------------------------------
[797] Roman: Yo pani ullekhniya chha ki cytoplasm bata mitochondriama NADH ko yatayat lai urja input chahincha jasle samagra ATP utpadanma pani asar parchha.
  Expected: यो पनि उल्लेखनीय छ कि साइटोप्लाज्मबाट माइटोकोन्ड्रियामा NADH को यातायातलाई ऊर्जा इनपुट चाहिन्छ जसले समग्र ATP उत्पादनमा पनि असर पार्छ।
  Got:      यो पनि उल्लेखनीय छ कि साइटोप्लाज्मबाट माइटोकोन्ड्रियामा को यतयतलाई ऊर्जा इँपुत चहिँच जसले समग्र ATP उत्पादनमा पनि असर पार्छ।
----------------------------------------
[799] Roman: Oxidative phosphorylation sabai ka lagi khula prakriya hoina; yo koshikako tatkal urja aavashyaktaharusanga mel khane gari kada rupma viniyamit chha.
  Expected: अक्सिडेटिभ फोस्फोरिलेसन सबैका लागि खुला प्रक्रिया होइन; यो कोशिकाको तत्काल ऊर्जा आवश्यकताहरूसँग मेल खाने गरी कडा रूपमा विनियमित छ।
  Got:      अक्सिडेटिभ फस्फोरिलेसन सबैका लागि खुला प्रक्रिया होइन; यो कोशिकाको तत्काल ऊर्जा आवश्यक्तहरुसँग मेल खने गरी कडा रूपमा विनियमित छ।
----------------------------------------
[800] Roman: Prathamik niyamak karak ADP (adenosine diphosphate), ATP ko purvaavartiko uplabdhata ho.
  Expected: प्राथमिक नियामक कारक ADP (एडेनोसिन डाइफोस्फेट), ATP को पूर्ववर्तीको उपलब्धता हो।
  Got:      प्राथमिक नियामक कारक ADP (एडिनोसिन डाइफोस्फेट), एटीपीको पूर्ववर्तीको उपलब्धता हो।
----------------------------------------
[801] Roman: Jaba koshika bhitra ATP star kam hunchha, ADP star swabhavik rupma badhchha.
  Expected: जब कोशिका भित्र ATP स्तर कम हुन्छ, ADP स्तर स्वाभाविक रूपमा बढ्छ।
  Got:      जब कोशिका भित्र ATP स्तर काम हुन्छ, ADP स्तर स्वाभाविक रूपमा बढ्छ।
----------------------------------------
[802] Roman: ADP ma bhayeko yo vriddhile tyaspachhi oxidative phosphorylationko darma vriddhi hunchha, jasle garda thap ATP utpadan hunchha.
  Expected: ADP मा भएको यो वृद्धिले त्यसपछि अक्सिडेटिभ फोस्फोरिलेसनको दरमा वृद्धि हुन्छ, जसले गर्दा थप ATP उत्पादन हुन्छ।
  Got:      ADP भएको यो वृद्धिले त्यसपछि अक्सिडेटिभ फोस्फोरिलेसनको दरमा वृद्धि हुन्छ, जसले गर्दा थप ATP उत्पादन हुन्छ।
----------------------------------------
[803] Roman: Yasako biparit, jaba ATP star uchcha hunchha ra ADP star kam hunchha, oxidative phosphorylationko dar ghatchha, yasari anavashyak urjako bekar utpadan rokinchha.
  Expected: यसको विपरित, जब ATP स्तर उच्च हुन्छ र ADP स्तर कम हुन्छ, अक्सिडेटिभ फोस्फोरिलेसनको दर घट्छ, यसरी अनावश्यक ऊर्जाको बेकार उत्पादन रोकिन्छ।
  Got:      यसको विपरित, जब ATP स्तर उच्च हुन्छ र ADP स्तर काम हुन्छ, अक्सिडेटिभ फोस्फोरिलेसनको दर घट्छ, यसरी अनावश्यक ऊर्जाको बेकार उत्पादन रोकिन्छ।
----------------------------------------
[809] Roman: Udaharanaka lagi cyanide, ek atyadhik vishakt padartha jasle visheshgari Complex IV lai rokhchha, ra rotenone, ek kitanashak jasle Complex I lai rokhchha.
  Expected: उदाहरणका लागि साइनाइड, एक अत्यधिक विषाक्त पदार्थ जसले विशेष गरी कम्प्लेक्स IV लाई रोक्छ, र रोटेनोन, एक कीटनाशक जसले कम्प्लेक्स I लाई रोक्छ।
  Got:      उदाहरणका लागि च्यनिदे, एक अत्यधिक विशक्त पदर्थ जसले गरी कम्प्लेक्स IVलाई रोख्छ, र रोतेनोने, एक कितनशक जसले कम्प्लेक्स Iलाई रोख्छ।
----------------------------------------
[810] Roman: * Uncouplerharu: Yi padarthaharule ATP synthase lai bypass garera protonharulai bhitri mitochondrial jhillima pravah garna anumati diyera proton gradient lai badha puryaera kam garchhan.
  Expected: * अनकप्लरहरू: यी पदार्थहरूले एटीपी सिन्थेसलाई बाइपास गरेर प्रोटोनहरूलाई भित्री माइटोकोन्ड्रियाल झिल्लीमा प्रवाह गर्न अनुमति दिएर प्रोटोन ग्रेडियन्टलाई बाधा पुर्‍याएर काम गर्छन्।
  Got:      * अनकप्लरहरू: यी पदार्थहरूले ATP सिन्थेसलाई बाइपास गरेर प्रोटोनहरूलाई भित्री माइटोकोन्ड्रियाल झिल्लीमा प्रवाह गर्न अनुमति दिएर प्रोटोन ग्रेडियन्टलाई बाधा पुर्‍याएर काम गर्छन्।
----------------------------------------
[811] Roman: Yasle proton-motive ballai prabhavkari rupma hatau chha ra kehi urja tapako rupma ajhai pani kshaya huna sakchha, yasle antatah ATP utpadanlai kam gardachha wa hataunchha.
  Expected: यसले प्रोटोन-मोटिभ बललाई प्रभावकारी रूपमा हटाउँछ र केही ऊर्जा तापको रूपमा अझै पनि क्षय हुन सक्छ, यसले अन्ततः ATP उत्पादनलाई कम गर्छ वा हटाउँछ।
  Got:      यसले प्रोटोन-मोतिवे बललाई प्रभावकारी रूपमा हतौ छ र केही ऊर्जा तपको रूपमा अझै पनि क्षय हुन सक्छ, यसले अन्ततः ATP उत्पादनलाई काम गर्दछ वा हतौन्छ।
----------------------------------------
[812] Roman: Uncouplerko udaharan 2,4-dinitrophenol (DNP) ho, jun ek patak taul ghataune ausadhiko rupma prayog gariyeko thiyo tara atyanta khatarnak bhayeko paiyo.
  Expected: अनकप्लरको उदाहरण 2,4-डिनिट्रोफेनोल (DNP) हो, जुन एक पटक तौल घटाउने औषधिको रूपमा प्रयोग गरिएको थियो तर अत्यन्त खतरनाक भएको पाइयो।
  Got:      अनकप्लरको उदाहरण २,४.-दिनित्रोफेनोल (DNP) हो, जुन एक पटक तौल घटाउने औषधिको रूपमा प्रयोग गरिएको थियो तर अत्यन्त खतरनाक भएको पाइयो।
----------------------------------------
[813] Roman: Nishkarshma, electron transport chain ra oxidative phosphorylation ullekhniya ra mahatvapurna prakriyaharu hun, jun aerobic respirationma dherai jaso ATP utpanna garna jimmevar chhan.
  Expected: निष्कर्षमा, इलेक्ट्रोन ट्रान्सपोर्ट चेन र अक्सिडेटिभ फोस्फोरिलेसन उल्लेखनीय र महत्त्वपूर्ण प्रक्रियाहरू हुन्, जुन एरोबिक रेस्पिरेशनमा अधिकांश ATP उत्पन्न गर्न जिम्मेवार छन्।
  Got:      निष्कर्षमा, इलेक्ट्रोन ट्रान्सपोर्ट चेन र अक्सिडेटिभ फस्फोरिलेसन उल्लेखनीय र महत्त्वपूर्ण प्रक्रियाहरू हुन्, जुन एरोबिक रेस्पिरतिओनमा धेरै जसो ATP उत्पन्न गर्न जिम्मेवार छन्।
----------------------------------------
[814] Roman: Electronharuko charan-baddha sthanantaran, ra proton gradientko srijana ra upayogko madhyam bata, yo jatil ra uchch viniyamit pranali jiwanko lagi mahatvapurna chha kinaki hami yaslai jandachhau.
  Expected: इलेक्ट्रोनहरूको चरण-बद्ध स्थानान्तरण, र प्रोटोन ग्रेडियन्टको सिर्जना र उपयोगको माध्यमबाट, यो जटिल र उच्च विनियमित प्रणाली जीवनको लागि महत्त्वपूर्ण छ किनकि हामी यसलाई जान्दछौं।
  Got:      इलेक्ट्रोनहरूको चरण-बद्द्ह स्थानान्तरण, र प्रोटोन ग्रेडियन्टको सिर्जना र उपयोगको माध्यमबाट, यो जटिल र उच्च विनियमित प्रणाली जीवनको लागि महत्त्वपूर्ण छ किनकि हामी यसलाई जान्दछौं।
----------------------------------------
[815] Roman: Yi prakriyaharuma upayog gariyeko urjale mashpeshi sankochandekhi snayu aaveg prasaran samma lagbhag pratyek cellular gatividhiko lagi samarthan gardachha, jivvigyanma yi pratikriyaharuko aadharbhut mahatwalai jod dinchha.
  Expected: यी प्रक्रियाहरूमा उपयोग गरिएको ऊर्जाले मांसपेशी संकुचनदेखि स्नायु आवेग प्रसारणसम्म लगभग प्रत्येक सेलुलर गतिविधिको लागि समर्थन गर्दछ, जीवविज्ञानमा यी प्रतिक्रियाहरूको आधारभूत महत्त्वलाई जोड दिन्छ।
  Got:      यी प्रक्रियाहरूमा उपयोग गरिएको ऊर्जाले मश्पेशी मांसपेशी स्नयु आवेग प्रसारण समयसम्म लगभग प्रत्येक सेलुलर गतिविधिको लागि समर्थन गर्दछ, जिव्विज्ञ्नम यी प्रतिक्रियाहरूको आधारभूत महत्त्वलाई जोड दिन्छ।
----------------------------------------
[820] Roman: Design jatil chha, yasako jatil, bahu-ghatak sanrachanalai highlight gardai.
  Expected: डिजाइन जटिल छ, यसको जटिल, बहु-घटक संरचनालाई हाइलाइट गर्दै।
  Got:      डिजाइन जटिल छ, यसको जटिल, बहु-घातक संरचनालाई हाइलाइट गर्दै।
----------------------------------------
[823] Roman: Yo cell aavaranma embedded gariyeko ek jatil rotary engine ho ra eukaryotic flagella bhanda maulik rupma fark chha, jasle whip-jasto gati prayog gardachha.
  Expected: यो सेल आवरणमा इम्बेड गरिएको एक जटिल रोटरी इन्जिन हो र युकेरियोटिक फ्ल्यागेला भन्दा मौलिक रूपमा फरक छ, जसले ह्विप-जस्तो गति प्रयोग गर्दछ।
  Got:      यो सेल आवरणमा इम्बेड गरिएको एक जटिल रोटरी इन्जिन हो र युकेरियोटिक फ्ल्यागेलाभन्दा मौलिक रूपमा फरक छ, जसले व्हिप-जस्तो गति प्रयोग गर्दछ।
----------------------------------------
[826] Roman: * Basal Body: Yo motor ko core ho ra cell jhillibhitra avasthit chha.
  Expected: * बेसल बडी: यो मोटरको कोर हो र सेल झिल्ली भित्र अवस्थित छ।
  Got:      * बेसल बडी: यो मोटरको कोर हो र सेल भित्र अवस्थित छ।
----------------------------------------
[827] Roman: Yo protein ka dherai ringharu milera baneko hunchha, jastai L-ring, P-ring, MS-ring, ra C-ring, jun cell aavaran ra wariparko periplasmic space ma embedded gariyeka chhan.
  Expected: यो प्रोटिनका धेरै रिंगहरू मिलेर बनेको हुन्छ, जस्तै एल-रिङ, पी-रिङ, एमएस-रिङ, र सी-रिङ, जुन सेल आवरण र वरपरको पेरिप्लाज्मिक स्पेसमा इम्बेड गरिएका छन्।
  Got:      यो प्रोटिनका धेरै रिंगहरू मिलेर बनेको हुन्छ, जस्तै एल-रिंग, पी-रिंग, एमएस-रिंग, र c-रिंग, जुन सेल आवरण र वरपरको पेरिप्लाज्मिक स्पेसमा इम्बेड गरिएका छन्।
----------------------------------------
[828] Roman: Yi ringharu sanrachanatmak samarthan pradan garna ra flagellar filament ko rotation lai sahaj banaunako lagi mahatvapurna chhan.
  Expected: यी रिंगहरू संरचनात्मक समर्थन प्रदान गर्न र फ्ल्यागेलर फिलामेन्टको रोटेशनलाई सहज बनाउनको लागि महत्वपूर्ण छन्।
  Got:      यी रिंगहरू संरचनात्मक समर्थन प्रदान गर्न र फ्ल्यागेलर फिलामेन्टको रोटेशनलाई सहज बनाउनको लागि महत्त्वपूर्ण छन्।
----------------------------------------
[830] Roman: Gram sakaratmak bacteria ma bahiri jhillihundaina tasaile tiniharuma yi dui ringharu hundainan.
  Expected: ग्राम सकारात्मक ब्याक्टेरियामा बाहिरी झिल्ली हुँदैन त्यसैले तिनीहरूमा यी दुई रिंगहरू हुँदैनन्।
  Got:      ग्राम सकारात्मक ब्याक्टेरियामा बाहिरी हुँदैन त्यसैले तिनीहरूमा यी दुई रिंगहरू हुँदैनन्।
----------------------------------------
[832] Roman: C ring cytoplasmic chheuma baschha ra motor rotation lai viniyamit garna anya proteinharusanga antarkriya gardachha.
  Expected: C रिंग साइटोप्लाज्मिक छेउमा बस्छ र मोटर रोटेशनलाई विनियमित गर्न अन्य प्रोटीनहरूसँग अन्तरक्रिया गर्दछ।
  Got:      c रिंग साइटोप्लाज्मिक छेउमा बस्छ र मोटर रोटेशनलाई विनियमित गर्न अन्य प्रोटीनहरूसँग अन्तरक्रिया गर्दछ।
----------------------------------------
[833] Roman: * Rotor: Yasama MS ring, hook, ra flagellar filament samavesh chha, jun sabai ekal ikai ko rupma ghunchhan.
  Expected: * रोटर: यसमा MS रिंग, हुक, र फ्ल्यागेलर फिलामेन्ट समावेश छ, जुन सबै एकल एकाइको रूपमा घुम्छन्।
  Got:      * रोटर: यसमा एमएस रिंग, हुक, र फ्ल्यागेलर फिलामेन्ट समावेश छ, जुन सबै एकल एकाइको रूपमा घुम्छन्।
----------------------------------------
[834] Roman: MS-ring le ghumne anchor ko rupma karya gardachha.
  Expected: MS-रिङले घुम्ने एंकरको रूपमा कार्य गर्दछ।
  Got:      एमएस-रिंगले घुम्ने एंकरको रूपमा कार्य गर्दछ।
----------------------------------------
[835] Roman: * Stator: Yo bhag sthir chha ra MotA ra MotB protein complexharu milera baneko hunchha.
  Expected: * स्टेटर: यो भाग स्थिर छ र MotA र MotB प्रोटीन कम्प्लेक्सहरू मिलेर बनेको हुन्छ।
  Got:      * स्टेटर: यो भाग स्थिर छ र MotA र MotB प्रोटिन कम्प्लेक्सहरू मिलेर बनेको हुन्छ।
----------------------------------------
[841] Roman: 1. Rotation: Motor ekdishama dherai uchcha gatima ghunchha, jun bibhinna bacteriaharuma fark hunchha, tara prati minute 100,000 krantisamma pugna sakchha.
  Expected: 1. रोटेशन: मोटर एकदिशामा धेरै उच्च गतिमा घुम्छ, जुन विभिन्न ब्याक्टेरियाहरूमा फरक हुन्छ, तर प्रति मिनेट 100,000 क्रान्तिसम्म पुग्न सक्छ।
  Got:      १.। रोटेशन: मोटर एकदिशामा धेरै उच्च गतिमा घुम्छ, जुन विभिन्न ब्याक्टेरियाहरूमा फरक हुन्छ, तर प्रति मिनेट 100,000 क्रान्तिसम्म पुग्न सक्छ।
----------------------------------------
[842] Roman: 2. Proton-Driven: Motor stator complex (MotA/MotB) marfat cell jhillipar garne proton (H+) ko pravahbata sanchalit hunchha.
  Expected: 2. प्रोटोन-ड्रिभन: मोटर स्टेटर कम्प्लेक्स (MotA/MotB) मार्फत सेल झिल्ली पार गर्ने प्रोटोन (H+) को प्रवाहबाट संचालित हुन्छ।
  Got:      २। प्रोटोन-दृवेन: मोटर स्टेटर कम्प्लेक्स (मोत/मोत्ब) मार्फत सेल झिल्लिपर गर्ने प्रोटोन (H+) को प्रवाहबाट सञ्चालित हुन्छ।
----------------------------------------
[843] Roman: Protonharuko gati tiharuko electrochemical gradient tala jharepachhi stator complexle rotorma bal prayog gardachha, jasle yasako rotation lai prerit gardachha.
  Expected: प्रोटोनहरूको गति तिनीहरूको इलेक्ट्रोकेमिकल ग्रेडियन्ट तल झरेपछि स्टेटर कम्प्लेक्सले रोटरमा बल प्रयोग गर्छ, जसले यसको रोटेशनलाई प्रेरित गर्छ।
  Got:      प्रोटोनहरुको गति तिनीहरूको इलेक्ट्रोकेमिकल ग्रेडियन्ट तल झरेपछी स्टेटर कम्प्लेक्सले रोटरमा बल प्रयोग गर्दछ, जसले यसको रोटेशनलाई प्रेरित गर्दछ।
----------------------------------------
[844] Roman: 3. Chemotaxis: Flagellar motor ko rotational disha bacteria ko chal ko dishalai viniyamit garne sanketharudwara switch garna sakincha.
  Expected: 3. केमोटैक्सिस: फ्ल्यागेलर मोटरको रोटेशनल दिशा ब्याक्टेरियाको चालको दिशालाई विनियमित गर्ने सङ्केतहरूद्वारा स्विच गर्न सकिन्छ।
  Got:      ३.। केमोटैक्सिस: फ्ल्यागेलर मोटरको रोटेशनल दिशा ब्याक्टेरियाको चालको दिशालाई विनियमित गर्ने सङ्केतहरूद्वारा स्विच गर्न सकिन्छ।
----------------------------------------
[845] Roman: Ghadi ko disha ma ghumaunale "tumbling" hunchha, jaba ki ghadi ko biparit disha ma ghumaunale "running" hunchha.
  Expected: घडीको दिशामा घुमाउनाले "टुम्ब्लिङ" हुन्छ, जबकि घडीको विपरीत दिशामा घुमाउनाले "रनिङ" हुन्छ।
  Got:      घडीको दिशामा घुमाउनाले "टुम्ब्लिङ" हुन्छ, जब कि घडीको विपरित दिशामा घुमाउनाले "रनिङ" हुन्छ।
----------------------------------------
[846] Roman: Yi baikalpik daud ra tumbleharule bacterialaai aakarshanko uchcha sandrata wa vikarshakharuko kam sandrata (chemotaxis) tarpha paudi khelna anumati dinchha.
  Expected: यी वैकल्पिक दौड र टम्बलहरूले ब्याक्टेरियालाई आकर्षणको उच्च सांद्रता वा विकर्षकहरूको कम सांद्रता (केमोटैक्सिस) तर्फ पौडी खेल्न अनुमति दिन्छ।
  Got:      यी वैकल्पिक दौड र टम्बलहरूले ब्याक्टेरियालाई आकर्षणको उच्च सांद्रता वा विकर्षकहरूको काम सांद्रता (केमोटैक्सिस) तर्फ पौडी खेल्न अनुमति दिन्छ।
----------------------------------------
[847] Roman: 4. Disha Niyantran: Bacterial cell le paudi khelne vyaktile chalaune tarikale aphno flagella prayog garera chalauna sakdaina.
  Expected: 4. दिशा नियन्त्रण: ब्याक्टेरियल सेलले पौडी खेल्ने व्यक्तिले चलाउने तरिकाले आफ्नो फ्ल्यागेला प्रयोग गरेर चलाउन सक्दैन।
  Got:      ४.। दिशा नियन्त्रण: ब्याक्टेरियल सेलले पौडी खेल्ने व्यक्तिले चलाउने तरिकाले आफ्नो फ्ल्यागेला प्रयोग गरेर चलाउन सक्दैन।
----------------------------------------
[849] Roman: Ghadi ko disha ra ghadi ko biparit disha ma ghumaune bichma parivartan garera motor le bacteria ko disha parivartan garchha.
  Expected: घडीको दिशा र घडीको विपरीत दिशामा घुमाउने बीचमा परिवर्तन गरेर मोटरले ब्याक्टेरियाको दिशा परिवर्तन गर्छ।
  Got:      घडीको दिशा र घडीको विपरित दिशामा घुमाउने बीचमा परिवर्तन गरेर मोटरले ब्याक्टेरियाको दिशा परिवर्तन गर्छ।
----------------------------------------
[850] Roman: 5. Anukulanata: Motorle parivartanshil vatavaraniy paristhitiharuko pratikriyama rotational disha chhito parivartan garna sakchha, jasle bacteria lai poshak tatwaharu fela parna ra hanikarak padarthaharubata bachna saksham banaunchha.
  Expected: 5. अनुकूलनता: मोटरले परिवर्तनशील वातावरणीय परिस्थितिहरूको प्रतिक्रियामा रोटेशनल दिशा छिटो परिवर्तन गर्न सक्छ, जसले ब्याक्टेरियालाई पोषक तत्वहरू फेला पार्न र हानिकारक पदार्थहरूबाट बच्न सक्षम बनाउँछ।
  Got:      ५.। अनुकूलनता: मोटरले परिवर्तनशील वातावरणीय परिस्थितिहरूको प्रतिक्रियामा रोटेशनल दिशा छिटो परिवर्तन गर्न सक्छ, जसले ब्याक्टेरियालाई पोषक तत्वहरू फेला पार्न र हानिकारक पदार्थहरूबाट बाँच्न सक्षम बनाउँछ।
----------------------------------------
[851] Roman: 6. Urja Rupantaran: Motorle ek urja transducerko rupma karya gardachha, proton gradientko urjalai yantrik karyama rupantaran gardachha.
  Expected: 6. ऊर्जा रूपान्तरण: मोटरले एक ऊर्जा ट्रान्सड्यूसरको रूपमा कार्य गर्दछ, प्रोटोन ग्रेडियन्टको ऊर्जालाई यान्त्रिक कार्यमा रूपान्तरण गर्दछ।
  Got:      ६। ऊर्जा रूपान्तरण: मोटरले एक ऊर्जा ट्रान्सड्यूसरको रूपमा कार्य गर्दछ, प्रोटोन ग्रेडियन्टको ऊर्जालाई यान्त्रिक कार्यमा रूपान्तरण गर्दछ।
----------------------------------------
[854] Roman: Sanrachanatmak ghatakaharu jhillipaar gari vishishta kramma nirdeshit gariinchha, flagellum sahi rupma baneko sunishchit gardai.
  Expected: संरचनात्मक घटकहरू झिल्ली पार गरी विशिष्ट क्रममा निर्यात गरिन्छ, फ्ल्यागेलम सही रूपमा बनेको सुनिश्चित गर्दै।
  Got:      संरचनात्मक घटेकाहरु झिल्लिपार गरी विशिष्ट क्रममा निर्देशित गरिन्छ, फ्लगेल्लुम सही रूपमा बनेको सुनिश्चित गर्दै।
----------------------------------------
[855] Roman: * Niyaman: Flagellar sansleshan ra karya kada aanuwanik niyantranma hunchha.
  Expected: * विनियमन: फ्ल्यागेलर संश्लेषण र कार्य कडा आनुवंशिक नियन्त्रणमा हुन्छ।
  Got:      * नियमन: फ्ल्यागेलर संश्लेषण र कार्य कडा आनुवंशिक नियन्त्रणमा हुन्छ।
----------------------------------------
[856] Roman: Flagella ko utpadan prayah vriddhi avastha ra vatavaraniy sanketharudwara kada rupma viniyamit hunchha.
  Expected: फ्ल्यागेलाको उत्पादन प्रायः वृद्धि अवस्था र वातावरणीय संकेतहरूद्वारा कडा रूपमा विनियमित हुन्छ।
  Got:      फ्ल्यागेलाको उत्पादन प्रायः वृद्धि अवस्थ र वातावरणीय सङ्केतहरूद्वारा कडा रूपमा विनियमित हुन्छ।
----------------------------------------
[862] Roman: Black hole lai ghumne, chhamkilo suntala ra pahelo padarthako accretion disk ko sath chitran gariyeko chha, saathai accretion diskbata phaelieko rato plasma ko dhulo pani chha.
  Expected: ब्ल्याक होललाई घुम्ने, चम्किलो सुन्तला र पहेँलो पदार्थको एक्रेशन डिस्कको साथ चित्रण गरिएको छ, साथै एक्रेशन डिस्कबाट फैलिएको रातो प्लाज्माको धूलो पनि छ।
  Got:      ब्ल्याक होललाई घुम्ने, चम्किलो सुन्तला र पहेंलो पदार्थको एक्रेशन डिस्कको साथ चित्रण गरिएको छ, साथै एक्रेशन डिस्कबाट फैलिएको रातो प्लाज्माको धुलो पनि छ।
----------------------------------------
[863] Roman: Euta patalo kalo britta, black hole ko ghatana kshitij, accretion disk bhitra spashta rupma dekhinchha.
  Expected: एउटा पातलो कालो वृत्त, ब्ल्याक होलको घटना क्षितिज, एक्रेशन डिस्क भित्र स्पष्ट रूपमा देखिन्छ।
  Got:      एउटा पतलो कालो बृत्त, ब्ल्याक होलको घटना क्षितिज, एक्रेशन डिस्क भित्र स्पष्ट रूपमा देखिन्छ।
----------------------------------------
[864] Roman: Ghatana kshitijko tallo bayan kinara ma euta sano lens flare dekha parchha ra ghatana kshitij ko biparit kinara ma baigani rangako flare dekhinchha.
  Expected: घटना क्षितिजको तल्लो बायाँ किनारमा एउटा सानो लेन्स फ्लेयर देखा पर्दछ र घटना क्षितिजको विपरीत किनारमा बैजनी रंगको फ्लेयर देखिन्छ।
  Got:      घटना क्षितिजको तल्लो बायाँ किनारा मा एउटा सानो लेन्स फ्लेयर देखा पार्छ र घटना क्षितिजको विपरित किनारा मा बैजनी रंगको फ्लेयर देखिन्छ।
----------------------------------------
[872] Roman: Yo bhautik sataha hoina, tara baru space-time ko kshetra ho jahanbata bhagne gati prakashko gatibhanda badhi hunchha.
  Expected: यो भौतिक सतह होइन, तर बरु स्पेस-टाइमको क्षेत्र हो जहाँबाट भाग्ने गति प्रकाशको गतिभन्दा बढी हुन्छ।
  Got:      यो भौतिक सतह होइन, तर बरु १-तिमेको क्षेत्र हो जहाँबाट भाग्ने गति प्रकाशको गतिभन्दा बढी हुन्छ।
----------------------------------------
[878] Roman: Ghumne black hole harulai Kerr black hole pani bhanchhincha, Schwarzschild black hole ko biparit jasama ghumai hundaina.
  Expected: घुम्ने ब्ल्याक होलहरूलाई केर ब्ल्याक होल पनि भनिन्छ, श्वार्जस्चिल्ड ब्ल्याक होलको विपरीत जसमा घुमाई हुँदैन।
  Got:      घुम्ने ब्ल्याक होलहरूलाई केर ब्ल्याक होल पनि भनिन्छ, श्वार्जस्चिल्ड ब्ल्याक होलको विपरित जसमा घुमाई हुँदैन।
----------------------------------------
[882] Roman: Accretion diskma bhayeko padartha black hole tarfa jharchha ra atyanta uchcha tapakramma taatinchha, jasle garda yo chamkilo hunchha.
  Expected: एक्रेशन डिस्कमा भएको पदार्थ ब्ल्याक होलतर्फ झर्छ र अत्यन्त उच्च तापक्रममा तातिन्छ, जसले गर्दा यो चम्किलो हुन्छ।
  Got:      एक्रेशन डिस्कमा भएको पदर्थ ब्ल्याक होल तर्फ झर्छ र अत्यन्त उच्च तपक्रममा तातिन्छ, जसले गर्दा यो चम्किलो हुन्छ।
----------------------------------------
[883] Roman: Accretion diskma raheko padarthale ghatana kshitijko waripari atyadhik uchcha gatima ghunchha jasle garda yasle vidyut chumbakiy vikiran utpadan gardachha.
  Expected: एक्रेशन डिस्कमा रहेको पदार्थले घटना क्षितिजको वरिपरि अत्यधिक उच्च गतिमा घुम्छ जसले गर्दा यसले विद्युत चुम्बकीय विकिरण उत्पादन गर्छ।
  Got:      एक्रेशन डिस्कमा रहेको पदार्थले घटना क्षितिजको वरिपरि अत्यधिक उच्च गतिमा घुम्छ जसले गर्दा यसले विद्युत चुम्बकीय विकिरण उत्पादन गर्दछ।
----------------------------------------
[884] Roman: * Jets: Kehi black holeharule aphno dhruvabata prakashko najikko gatima kanharu ra vikiran ko shaktishali jet haru prakshapan garchhan, prayah lakhau prakash-varshasam phailiekahunchhan.
  Expected: * जेट्स: केही ब्ल्याक होलहरूले आफ्नो ध्रुवबाट प्रकाशको नजिकको गतिमा कणहरू र विकिरणको शक्तिशाली जेटहरू प्रक्षेपण गर्छन्, प्रायः लाखौं प्रकाश-वर्षसम्म फैलिएका हुन्छन्।
  Got:      * जेत्स: केही ब्ल्याक होलहरूले आफ्नो ध्रुवबाट प्रकाशको नजिकको गतिमा कणहरू र विकिरणको शक्तिशाली जेटहरूकाहरू प्रक्षपन गर्छन्, प्रायः लाखौं प्रकाश-वर्शसम फैलिएकहुन्छन।
----------------------------------------
[886] Roman: 1. Tarkiy Black Holeharu: Yi taba banchhan jaba vishal taraharu (samanyataya suryako dravyamanko 20 guna bhanda badhi) tiharuko jiwan chakrakho antyama dhallchhan.
  Expected: 1. तारकीय ब्ल्याक होलहरू: यी तब बन्छन् जब विशाल ताराहरू (सामान्यतया सूर्यको द्रव्यमानको 20 गुणा भन्दा बढी) तिनीहरूको जीवन चक्रको अन्त्यमा ढल्छन्।
  Got:      १.। तारकीय ब्ल्याक होलहरू: यी तब बन्छन् जब विशाल ताराहरू (सामान्यतया सूर्यको द्रव्यमानको 20 गुणाभन्दा बढी) तिनीहरूको जीवन चक्रको अन्त्यमा ढल्छन्।
----------------------------------------
[888] Roman: 2. Supermassive Black Holeharu: Yi dherai jaso aakashgangaharuko kendrama awasthit chhan ra suryako dravyamanko karodau wa arbau guna dravyama bhayeka hunchhan.
  Expected: 2. सुपरमासिभ ब्ल्याक होलहरू: यी धेरैजसो आकाशगंगाहरूको केन्द्रमा अवस्थित छन् र सूर्यको द्रव्यमानको करोडौं वा अरबौं गुणा द्रव्यमान भएका हुन्छन्।
  Got:      २। सुपरमासिभ ब्ल्याक होलहरू: यी धेरै जसो आकाशगंगाहरूको केन्द्रमा अवस्थित छन् र सूर्यको द्रव्यमानको करोदौ वा अर्बौं गुणा द्रव्यमान भएका हुन्छन्।
----------------------------------------
[891] Roman: 3. Primordial Black Holeharu: Yi charma ghanatwako utaar chadhaavko karanle garda big bang pachhi, dherai prarambhik brahmandma baneko siddhanta gariyeko chha.
  Expected: 3. प्राइमोर्डियल ब्ल्याक होलहरू: यी चरम घनत्वको उतार चढावको कारणले गर्दा बिग ब्याङ पछि, धेरै प्रारम्भिक ब्रह्माण्डमा बनेको सिद्धान्त गरिएको छ।
  Got:      ३.। प्राइमोर्डियल ब्ल्याक होलहरू: यी चरम घनत्वको उतार चढावको कारणले गर्दा बिग ब्याङ्ग पछि, धेरै प्रारम्भिक ब्रह्माण्डमा बनेको सिद्धान्त गरिएको छ।
----------------------------------------
[894] Roman: * Charma Gurutwakarshan: Black holeharule avishvasniya rupma balio gurutwakarshan khichaw prayog garchhan, jasle tiharuko wariparko spacetime lai vikrit garchha.
  Expected: * चरम गुरुत्वाकर्षण: ब्ल्याक होलहरूले अविश्वसनीय रूपमा बलियो गुरुत्वाकर्षण खिंचाव प्रयोग गर्छन्, जसले तिनीहरूको वरिपरिको स्पेसटाइमलाई विकृत गर्छ।
  Got:      * चरम गुरुत्वाकर्षण: ब्ल्याक होलहरूले अविश्वस्निय रूपमा बलियो गुरुत्वाकर्षण खिंचाव प्रयोग गर्छन्, जसले तिनीहरूको वरपरको स्पेसटाइमलाई विकृत गर्छ।
----------------------------------------
[898] Roman: * Aakashganga Vikasma Bhumika: Aakashgangaharuko kendrama raheka supermassive black holeharule aakashgangaharuko sanrachana ra vikaslai aakar din mahatvapurna bhumika khelchhan bhanne sochdachan.
  Expected: * आकाशगंगा विकासमा भूमिका: आकाशगंगाहरूको केन्द्रमा रहेका सुपरमासिभ ब्ल्याक होलहरूले आकाशगंगाहरूको संरचना र विकासलाई आकार दिन महत्वपूर्ण भूमिका खेल्छन् भन्ने सोच्दछन्।
  Got:      * आकाशगंगा विकासमा भूमिका: आकाशगंगाहरूको केन्द्रमा रहेका सुपरमासिभ ब्ल्याक होलहरूले आकाशगंगाहरूको संरचना र विकासलाई आकार दिन महत्त्वपूर्ण भूमिका खेल्छन् भन्ने सोच्दछन्।
----------------------------------------
[899] Roman: Tiniharule tara gathanlai viniyamit garna, aakashganga vilayalai asar garna ra aakashgangako samagra vriddhima prabhav parna sakchhan.
  Expected: तिनीहरूले तारा गठनलाई विनियमित गर्न, आकाशगंगा विलयलाई असर गर्न र आकाशगंगाको समग्र वृद्धिमा प्रभाव पार्न सक्छन्।
  Got:      तिनीहरूले तर गठनलाई विनियमित गर्न, आकाशगंगा विलयलाई असर गर्न र आकाशगंगाको समग्र वृद्धिमा प्रभाव पार्न सक्छन्।
----------------------------------------
[902] Roman: * Brahmandiy Engineharu: Black holeharu, tiharuka accretion diskharu ra jet haruka sath, shaktishali brahmandiy engineko rupma karya garna sakchhan, brahmandma thulo matrama urja jari gardachha.
  Expected: * ब्रह्माण्डीय इन्जिनहरू: ब्ल्याक होलहरू, तिनीहरूका एक्रेशन डिस्कहरू र जेटहरूका साथ, शक्तिशाली ब्रह्माण्डीय इन्जिनको रूपमा कार्य गर्न सक्छन्, ब्रह्माण्डमा ठूलो मात्रामा ऊर्जा जारी गर्दछ।
  Got:      * ब्रह्माण्डीय इन्जिनहरू: ब्ल्याक होलहरू, तिनीहरूका एक्रेशन डिस्कहरू र जेटहरूका साथ साथ, शक्तिशाली ब्रह्माण्डीय इन्जिनको रूपमा कार्य गर्न सक्छन्, ब्रह्माण्डमा ठूलो मात्रामा ऊर्जा जारी गर्दछ।
----------------------------------------
[904] Roman: Video kalo prusthbhumi ma seto pathabata suru hunchha, jasama bhanieko chha: "14 February 1990 ma Voyager 1 le aphno camera ghumaera prithviko 6 arba kilometer tadhabata photo khichheko thiyo. Carl Saganle yasako barema 'Pale Blue Dot' (1994) ma lekheka thie".
  Expected: भिडियो कालो पृष्ठभूमिमा सेतो पाठबाट सुरु हुन्छ, जसमा भनिएको छ: "१४ फेब्रुअरी १९९० मा भोयाजर १ ले आफ्नो क्यामेरा घुमाएर पृथ्वीको ६ अर्ब किलोमिटर टाढाबाट फोटो खिचेको थियो। कार्ल सागनले यसको बारेमा ‘पेल ब्लू डट’ (१९९४) मा लेखेका थिए।”
  Got:      भिडियो कालो पृष्ठभूमिमा सेतो पथबाट सुरु हुन्छ, जसमा भनिएको छ: "१४ फेब्रुअरी १९९० मा १.ले आफ्नो क्यामेरा घुमएर पृथ्वीको ६ अर्ब किलोमिटर टाढाबाट फोटो खिछेको थियो। कार्ल सागनले यसको बारेमा 'पेल ब्लू डट' (1994) मा लेखेका थिए"।
----------------------------------------
[906] Roman: Yo chhabi camera ko opticsbata chharkieka rangin rekhaharu bhayeko ek dhurmilo, andhyaro kshetra ho, jasama prithvi afai halka neelo-seto binduko rupma dekhinchha.
  Expected: यो छवि क्यामेराको अप्टिक्सबाट छरिएका रंगीन रेखाहरू भएको एक धमिलो, अँध्यारो क्षेत्र हो, जसमा पृथ्वी आफैं हल्का नीलो-सेतो बिन्दुको रूपमा देखिन्छ।
  Got:      यो छविहरू क्यामेराको ओप्तिच्सबाट छर्किएका रङिन रेखाहरू भएको एक धुर्मिलो, अँध्यारो क्षेत्र हो, जसमा पृथ्वी आफैं हल्का नीलो-सेतो बिन्दुको रूपमा देखिन्छ।
----------------------------------------
[909] Roman: "Pale Blue Dot" prithviko photo ho jun February 14, 1990 ma Voyager 1 space probe dwara lieko thiyo.
  Expected: "पेल ब्लू डट" पृथ्वीको फोटो हो जुन फेब्रुअरी १४, १९९० मा भोयाजर १ स्पेस प्रोबद्वारा लिइएको थियो।
  Got:      "पेल ब्लू डट" पृथ्वीको फोटो हो जुन फेब्रुअरी १४, 1990 मा मा १. १ स्पेस महत्त्वद्वारा लिइएको थियो।
----------------------------------------
[911] Roman: Tyasbela prithvibata karib 6 arba kilometer (3.7 arba mile) tadha raheko probele yo ahileko prasiddha chhabi khichna aphno camera pachhadi farkaeko thiyo.
  Expected: त्यसबेला पृथ्वीबाट करिब ६ अर्ब किलोमिटर (३.७ अर्ब माइल) टाढा रहेको प्रोबले यो अहिलेको प्रसिद्ध छवि खिच्न आफ्नो क्यामेरा पछाडि फर्काएको थियो।
  Got:      त्यसबेला पृथ्वीबाट करिब ६ अर्ब किलोमिटर (३.।७ अर्ब माइल) टाढा रहेको प्रोबले यो अहिलेको प्रसिद्ध छविहरू खिच्न आफ्नो क्यामेरा पछाडि फर्काएको थियो।
----------------------------------------
[913] Roman: Unale prasiddha rupma yo chhabi ra anyalai aphno tarka banauna prayog gare ki hami sabai le, manisko rupma, yo chinnupardachha ki hamilai jane thau chhaina.
  Expected: उनले प्रसिद्ध रूपमा यो छवि र अन्यलाई आफ्नो तर्क बनाउन प्रयोग गरे कि हामी सबैले, मानिसको रूपमा, यो चिन्नुपर्दछ कि हामीलाई जाने ठाउँ छैन।
  Got:      उनले प्रसिद्ध रूपमा यो छविहरू र अन्यलाई आफ्नो तर्क बनाउन प्रयोग गरे कि हामी सबैले, मनिसको रूपमा, यो चिन्नुपर्दछ कि हामीलाई जाने ठाउँ छैन।
----------------------------------------
[914] Roman: Unko tarka thiyo ki yo chhabi yasto hunupardachha jasama hamile yo mahasus garna hernu parchha ki hamile aphno bhalaiko lagi aphno grahako kadar ra raksha garnupardachha.
  Expected: उनको तर्क थियो कि यो छवि यस्तो हुनुपर्दछ जसमा हामीले यो महसुस गर्न हेर्नुपर्छ कि हामीले आफ्नो भलाईको लागि आफ्नो ग्रहको कदर र रक्षा गर्नुपर्दछ।
  Got:      उनको तर्क थियो कि यो छविहरू यस्तो हुनुपर्दछ जसमा हामीले यो महसुस गर्न हेर्नु पार्छ कि हामीले आफ्नो भलाइको लागि आफ्नो ग्रहको यसको र रक्षा गर्नुपर्दछ।
----------------------------------------
[918] Roman: Yasle jod dinchha ki, jahansamma hamilai thaha chha, hamro graha jiwan bhayeko ek matra thau ho ra tyaskaran, yasako kadar garnu parchha.
  Expected: यसले जोड दिन्छ कि, जहाँसम्म हामीलाई थाहा छ, हाम्रो ग्रह जीवन भएको एक मात्र ठाउँ हो र त्यसकारण, यसको कदर गर्नुपर्छ।
  Got:      यसले जोड दिन्छ कि, कि हामीलाई थाहा छ, हाम्रो ग्रह जीवन भएको एक मात्र ठाउँ हो र त्यसकारण, यसको यसको गर्नु पार्छ।
----------------------------------------
[922] Roman: Unale yo chhabi le hamisanga bhayeko ek matra sansar hamro aphnai ho bhanne praman ko rupma dekhe.
  Expected: उनले यो छविले हामीसँग भएको एक मात्र संसार हाम्रो आफ्नै हो भन्ने प्रमाणको रूपमा देखे।
  Got:      उनले यो छविले हामीसँग भएको एक मात्र संसार हाम्रो आफ्नै हो भन्ने प्रमाणको रूपमा देखिए।
----------------------------------------
[925] Roman: Yo pariprekshya le aatm-mahatvako bhavnalai kam garna ra antarsambandh ra namratako bhavnalai badhauna sakchha.
  Expected: यो परिप्रेक्ष्यले आत्म-महत्वको भावनालाई कम गर्न र अन्तरसम्बन्ध र नम्रताको भावनालाई बढाउन सक्छ।
  Got:      यो परिप्रेक्ष्यले आत्म-महत्वको भावनालाई काम गर्न र अन्तरसम्बन्ध र नम्रताको भावनालाई बढाउन सक्छ।
----------------------------------------
[926] Roman: Sagan le yo bindulai pradarshan garna prayog gare ki hamile aphno grah hamilagi kattiko mahatvapurna chha bhanera bujhnu kattiko mahatvapurna chha.
  Expected: सागनले यो बिन्दुलाई प्रदर्शन गर्न प्रयोग गरे कि हामीले आफ्नो ग्रह हाम्रा लागि कत्तिको महत्त्वपूर्ण छ भनेर बुझ्नु कत्तिको महत्त्वपूर्ण छ।
  Got:      सागनले यो प्रदर्शन प्रदर्शन गर्न प्रयोग गरे कि हामीले आफ्नो हाम्रा लागि कत्तिको महत्त्वपूर्ण छ भनेर बुझ्नु कत्तिको महत्त्वपूर्ण छ।
----------------------------------------
[927] Roman: * Jimmevari: Pale Blue Dot sanga sambandhit Saganka lekhaharu ma prithvi ra ekarkako herchah garne manavatako jimmevariko barema aksar charcha gariyeko chha.
  Expected: * जिम्मेवारी: पेल ब्लू डटसँग सम्बन्धित सागनका लेखहरूमा पृथ्वी र एकअर्काको हेरचाह गर्ने मानवताको जिम्मेवारीको बारेमा अक्सर चर्चा गरिएको छ।
  Got:      * जिम्मेवारी: पेल ब्लू डटसँग सम्बन्धित सागनका लेखहरुमा पृथ्वी र एकअर्काको हेरचाह गर्ने मानवताको जिम्मेवारीको बारेमा अक्सर चर्च गरिएको छ।
----------------------------------------
[930] Roman: * Karyako Lagi Ahwan: Saganle hamro prathamikataharuko punarmulyankan garna ra jiwan prati adhik dayalu ra vicharshil drishtikon lai protsahan garna chhabiko prayog gare.
  Expected: * कार्यको लागि आह्वान: सागनले हाम्रो प्राथमिकताहरूको पुनर्मूल्यांकन गर्न र जीवनप्रति अधिक दयालु र विचारशील दृष्टिकोणलाई प्रोत्साहन गर्न छविको प्रयोग गरे।
  Got:      * कार्यको लागि अह्वन: सागनले हाम्रो प्राथमिकताहरुको पुनर्मुल्यन्कन गर्न र जीवन प्रति अधिक दयलु र विचर्शिल दृष्टिकोणलाई प्रोत्सहन गर्न छविको प्रयोग गरे।
----------------------------------------
[931] Roman: Hamro grahlai halka neelo binduko rupma herda hamilai hamro srothaharu kher falne wa ekarkasanga matabhedma samaya bitaune sambhawana kam hunuparchha.
  Expected: हाम्रो ग्रहलाई हल्का नीलो बिन्दुको रूपमा हेर्दा हामीलाई हाम्रो स्रोतहरू खेर फाल्ने वा एकअर्कासँग मतभेदमा समय बिताउने सम्भावना कम हुनुपर्छ।
  Got:      हाम्रो ग्रहलाई हल्का नीलो बिन्दुको रूपमा हेर्दा हामीलाई हाम्रो स्रोतहरू खेर फाल्ने वा एकअर्कासँग मतभेदमा समय बिताउने सम्भावना काम हुनुपर्छ।
----------------------------------------
